Running for 300 secs
Starting 4 allocating threads
Starting 1 jni critical threads
{Heap before GC invocations=0 (full 0):
 par new generation   total 3774912K, used 3355520K [0x0000000680000000, 0x0000000780000000, 0x0000000780000000)
  eden space 3355520K, 100% used [0x0000000680000000, 0x000000074cce0000, 0x000000074cce0000)
  from space 419392K,   0% used [0x000000074cce0000, 0x000000074cce0000, 0x0000000766670000)
  to   space 419392K,   0% used [0x0000000766670000, 0x0000000766670000, 0x0000000780000000)
 concurrent mark-sweep generation total 1048576K, used 0K [0x0000000780000000, 0x00000007c0000000, 0x00000007c0000000)
 Metaspace       used 2769K, capacity 4496K, committed 4864K, reserved 1056768K
  class space    used 293K, capacity 388K, committed 512K, reserved 1048576K
1.560: #0: [GC (Allocation Failure) 1.560: #0: [ParNew: 3355520K->70789K(3774912K), 0.0549734 secs] 3355520K->70789K(4823488K), 0.0550844 secs] [Times: user=0.08 sys=0.02 real=0.05 secs] 
Heap after GC invocations=1 (full 0):
 par new generation   total 3774912K, used 70789K [0x0000000680000000, 0x0000000780000000, 0x0000000780000000)
  eden space 3355520K,   0% used [0x0000000680000000, 0x0000000680000000, 0x000000074cce0000)
  from space 419392K,  16% used [0x0000000766670000, 0x000000076ab91400, 0x0000000780000000)
  to   space 419392K,   0% used [0x000000074cce0000, 0x000000074cce0000, 0x0000000766670000)
 concurrent mark-sweep generation total 1048576K, used 0K [0x0000000780000000, 0x00000007c0000000, 0x00000007c0000000)
 Metaspace       used 2769K, capacity 4496K, committed 4864K, reserved 1056768K
  class space    used 293K, capacity 388K, committed 512K, reserved 1048576K
}
{Heap before GC invocations=1 (full 0):
 par new generation   total 3774912K, used 3426315K [0x0000000680000000, 0x0000000780000000, 0x0000000780000000)
  eden space 3355520K, 100% used [0x0000000680000000, 0x000000074cce0000, 0x000000074cce0000)
  from space 419392K,  16% used [0x0000000766670000, 0x000000076ab92cc8, 0x0000000780000000)
  to   space 419392K,   0% used [0x000000074cce0000, 0x000000074cce0000, 0x0000000766670000)
 concurrent mark-sweep generation total 1048576K, used 0K [0x0000000780000000, 0x00000007c0000000, 0x00000007c0000000)
 Metaspace       used 2779K, capacity 4496K, committed 4864K, reserved 1056768K
  class space    used 293K, capacity 388K, committed 512K, reserved 1048576K
2.394: #1: [GC (Allocation Failure) 2.394: #1: [ParNew: 3426315K->44918K(3774912K), 0.0472057 secs] 3426315K->44918K(4823488K), 0.0472600 secs] [Times: user=0.06 sys=0.02 real=0.05 secs] 
Heap after GC invocations=2 (full 0):
 par new generation   total 3774912K, used 44918K [0x0000000680000000, 0x0000000780000000, 0x0000000780000000)
  eden space 3355520K,   0% used [0x0000000680000000, 0x0000000680000000, 0x000000074cce0000)
  from space 419392K,  10% used [0x000000074cce0000, 0x000000074f8bdbb8, 0x0000000766670000)
  to   space 419392K,   0% used [0x0000000766670000, 0x0000000766670000, 0x0000000780000000)
 concurrent mark-sweep generation total 1048576K, used 0K [0x0000000780000000, 0x00000007c0000000, 0x00000007c0000000)
 Metaspace       used 2779K, capacity 4496K, committed 4864K, reserved 1056768K
  class space    used 293K, capacity 388K, committed 512K, reserved 1048576K
}
{Heap before GC invocations=2 (full 0):
 par new generation   total 3774912K, used 172237K [0x0000000680000000, 0x0000000780000000, 0x0000000780000000)
  eden space 3355520K,   3% used [0x0000000680000000, 0x0000000687c55c30, 0x000000074cce0000)
  from space 419392K,  10% used [0x000000074cce0000, 0x000000074f8bdbb8, 0x0000000766670000)
  to   space 419392K,   0% used [0x0000000766670000, 0x0000000766670000, 0x0000000780000000)
 concurrent mark-sweep generation total 1048576K, used 0K [0x0000000780000000, 0x00000007c0000000, 0x00000007c0000000)
 Metaspace       used 2779K, capacity 4496K, committed 4864K, reserved 1056768K
  class space    used 293K, capacity 388K, committed 512K, reserved 1048576K
2.452: #2: [GC (GCLocker Initiated GC) 2.452: #2: [ParNew: 172237K->37990K(3774912K), 0.0178605 secs] 172238K->37990K(4823488K), 0.0179002 secs] [Times: user=0.06 sys=0.00 real=0.02 secs] 
Heap after GC invocations=3 (full 0):
 par new generation   total 3774912K, used 37990K [0x0000000680000000, 0x0000000780000000, 0x0000000780000000)
  eden space 3355520K,   0% used [0x0000000680000000, 0x0000000680000000, 0x000000074cce0000)
  from space 419392K,   9% used [0x0000000766670000, 0x0000000768b89a90, 0x0000000780000000)
  to   space 419392K,   0% used [0x000000074cce0000, 0x000000074cce0000, 0x0000000766670000)
 concurrent mark-sweep generation total 1048576K, used 0K [0x0000000780000000, 0x00000007c0000000, 0x00000007c0000000)
 Metaspace       used 2779K, capacity 4496K, committed 4864K, reserved 1056768K
  class space    used 293K, capacity 388K, committed 512K, reserved 1048576K
}
{Heap before GC invocations=3 (full 0):
 par new generation   total 3774912K, used 3393518K [0x0000000680000000, 0x0000000780000000, 0x0000000780000000)
  eden space 3355520K, 100% used [0x0000000680000000, 0x000000074cce0000, 0x000000074cce0000)
  from space 419392K,   9% used [0x0000000766670000, 0x0000000768b8baa0, 0x0000000780000000)
  to   space 419392K,   0% used [0x000000074cce0000, 0x000000074cce0000, 0x0000000766670000)
 concurrent mark-sweep generation total 1048576K, used 0K [0x0000000780000000, 0x00000007c0000000, 0x00000007c0000000)
 Metaspace       used 2779K, capacity 4496K, committed 4864K, reserved 1056768K
  class space    used 293K, capacity 388K, committed 512K, reserved 1048576K
3.065: #3: [GC (GCLocker Initiated GC) 3.065: #3: [ParNew: 3393518K->56881K(3774912K), 0.0280967 secs] 3393518K->56881K(4823488K), 0.0281353 secs] [Times: user=0.06 sys=0.01 real=0.03 secs] 
Heap after GC invocations=4 (full 0):
 par new generation   total 3774912K, used 56881K [0x0000000680000000, 0x0000000780000000, 0x0000000780000000)
  eden space 3355520K,   0% used [0x0000000680000000, 0x0000000680000000, 0x000000074cce0000)
  from space 419392K,  13% used [0x000000074cce0000, 0x000000075046c620, 0x0000000766670000)
  to   space 419392K,   0% used [0x0000000766670000, 0x0000000766670000, 0x0000000780000000)
 concurrent mark-sweep generation total 1048576K, used 0K [0x0000000780000000, 0x00000007c0000000, 0x00000007c0000000)
 Metaspace       used 2779K, capacity 4496K, committed 4864K, reserved 1056768K
  class space    used 293K, capacity 388K, committed 512K, reserved 1048576K
}
{Heap before GC invocations=4 (full 0):
 par new generation   total 3774912K, used 3412461K [0x0000000680000000, 0x0000000780000000, 0x0000000780000000)
  eden space 3355520K, 100% used [0x0000000680000000, 0x000000074cce0000, 0x000000074cce0000)
  from space 419392K,  13% used [0x000000074cce0000, 0x000000075047b6d8, 0x0000000766670000)
  to   space 419392K,   0% used [0x0000000766670000, 0x0000000766670000, 0x0000000780000000)
 concurrent mark-sweep generation total 1048576K, used 0K [0x0000000780000000, 0x00000007c0000000, 0x00000007c0000000)
 Metaspace       used 2779K, capacity 4496K, committed 4864K, reserved 1056768K
  class space    used 293K, capacity 388K, committed 512K, reserved 1048576K
3.659: #4: [GC (Allocation Failure) 3.659: #4: [ParNew: 3412461K->45769K(3774912K), 0.0201953 secs] 3412461K->45769K(4823488K), 0.0202351 secs] [Times: user=0.05 sys=0.00 real=0.02 secs] 
Heap after GC invocations=5 (full 0):
 par new generation   total 3774912K, used 45769K [0x0000000680000000, 0x0000000780000000, 0x0000000780000000)
  eden space 3355520K,   0% used [0x0000000680000000, 0x0000000680000000, 0x000000074cce0000)
  from space 419392K,  10% used [0x0000000766670000, 0x0000000769322528, 0x0000000780000000)
  to   space 419392K,   0% used [0x000000074cce0000, 0x000000074cce0000, 0x0000000766670000)
 concurrent mark-sweep generation total 1048576K, used 0K [0x0000000780000000, 0x00000007c0000000, 0x00000007c0000000)
 Metaspace       used 2779K, capacity 4496K, committed 4864K, reserved 1056768K
  class space    used 293K, capacity 388K, committed 512K, reserved 1048576K
}
{Heap before GC invocations=5 (full 0):
 par new generation   total 3774912K, used 136926K [0x0000000680000000, 0x0000000780000000, 0x0000000780000000)
  eden space 3355520K,   2% used [0x0000000680000000, 0x00000006859056a8, 0x000000074cce0000)
  from space 419392K,  10% used [0x0000000766670000, 0x0000000769322528, 0x0000000780000000)
  to   space 419392K,   0% used [0x000000074cce0000, 0x000000074cce0000, 0x0000000766670000)
 concurrent mark-sweep generation total 1048576K, used 0K [0x0000000780000000, 0x00000007c0000000, 0x00000007c0000000)
 Metaspace       used 2779K, capacity 4496K, committed 4864K, reserved 1056768K
  class space    used 293K, capacity 388K, committed 512K, reserved 1048576K
3.691: #5: [GC (GCLocker Initiated GC) 3.691: #5: [ParNew: 136926K->37685K(3774912K), 0.0177739 secs] 136926K->37685K(4823488K), 0.0178132 secs] [Times: user=0.06 sys=0.00 real=0.01 secs] 
Heap after GC invocations=6 (full 0):
 par new generation   total 3774912K, used 37685K [0x0000000680000000, 0x0000000780000000, 0x0000000780000000)
  eden space 3355520K,   0% used [0x0000000680000000, 0x0000000680000000, 0x000000074cce0000)
  from space 419392K,   8% used [0x000000074cce0000, 0x000000074f1ad7b0, 0x0000000766670000)
  to   space 419392K,   0% used [0x0000000766670000, 0x0000000766670000, 0x0000000780000000)
 concurrent mark-sweep generation total 1048576K, used 0K [0x0000000780000000, 0x00000007c0000000, 0x00000007c0000000)
 Metaspace       used 2779K, capacity 4496K, committed 4864K, reserved 1056768K
  class space    used 293K, capacity 388K, committed 512K, reserved 1048576K
}
{Heap before GC invocations=6 (full 0):
 par new generation   total 3774912K, used 3393716K [0x0000000680000000, 0x0000000780000000, 0x0000000780000000)
  eden space 3355520K, 100% used [0x0000000680000000, 0x000000074cce0000, 0x000000074cce0000)
  from space 419392K,   9% used [0x000000074cce0000, 0x000000074f22d008, 0x0000000766670000)
  to   space 419392K,   0% used [0x0000000766670000, 0x0000000766670000, 0x0000000780000000)
 concurrent mark-sweep generation total 1048576K, used 0K [0x0000000780000000, 0x00000007c0000000, 0x00000007c0000000)
 Metaspace       used 2779K, capacity 4496K, committed 4864K, reserved 1056768K
  class space    used 293K, capacity 388K, committed 512K, reserved 1048576K
4.271: #6: [GC (Allocation Failure) 4.271: #6: [ParNew: 3393716K->55764K(3774912K), 0.0697068 secs] 3393716K->66568K(4823488K), 0.0697559 secs] [Times: user=0.18 sys=0.04 real=0.07 secs] 
Heap after GC invocations=7 (full 0):
 par new generation   total 3774912K, used 55764K [0x0000000680000000, 0x0000000780000000, 0x0000000780000000)
  eden space 3355520K,   0% used [0x0000000680000000, 0x0000000680000000, 0x000000074cce0000)
  from space 419392K,  13% used [0x0000000766670000, 0x0000000769ce51e0, 0x0000000780000000)
  to   space 419392K,   0% used [0x000000074cce0000, 0x000000074cce0000, 0x0000000766670000)
 concurrent mark-sweep generation total 1048576K, used 10804K [0x0000000780000000, 0x00000007c0000000, 0x00000007c0000000)
 Metaspace       used 2779K, capacity 4496K, committed 4864K, reserved 1056768K
  class space    used 293K, capacity 388K, committed 512K, reserved 1048576K
}
{Heap before GC invocations=7 (full 0):
 par new generation   total 3774912K, used 96839K [0x0000000680000000, 0x0000000780000000, 0x0000000780000000)
  eden space 3355520K,   1% used [0x0000000680000000, 0x000000068281cdd8, 0x000000074cce0000)
  from space 419392K,  13% used [0x0000000766670000, 0x0000000769ce51e0, 0x0000000780000000)
  to   space 419392K,   0% used [0x000000074cce0000, 0x000000074cce0000, 0x0000000766670000)
 concurrent mark-sweep generation total 1048576K, used 10804K [0x0000000780000000, 0x00000007c0000000, 0x00000007c0000000)
 Metaspace       used 2779K, capacity 4496K, committed 4864K, reserved 1056768K
  class space    used 293K, capacity 388K, committed 512K, reserved 1048576K
4.342: #7: [GC (GCLocker Initiated GC) 4.342: #7: [ParNew: 96839K->34834K(3774912K), 0.0087530 secs] 107643K->45639K(4823488K), 0.0087903 secs] [Times: user=0.03 sys=0.00 real=0.01 secs] 
Heap after GC invocations=8 (full 0):
 par new generation   total 3774912K, used 34834K [0x0000000680000000, 0x0000000780000000, 0x0000000780000000)
  eden space 3355520K,   0% used [0x0000000680000000, 0x0000000680000000, 0x000000074cce0000)
  from space 419392K,   8% used [0x000000074cce0000, 0x000000074eee4b78, 0x0000000766670000)
  to   space 419392K,   0% used [0x0000000766670000, 0x0000000766670000, 0x0000000780000000)
 concurrent mark-sweep generation total 1048576K, used 10804K [0x0000000780000000, 0x00000007c0000000, 0x00000007c0000000)
 Metaspace       used 2779K, capacity 4496K, committed 4864K, reserved 1056768K
  class space    used 293K, capacity 388K, committed 512K, reserved 1048576K
}
{Heap before GC invocations=8 (full 0):
 par new generation   total 3774912K, used 3391738K [0x0000000680000000, 0x0000000780000000, 0x0000000780000000)
  eden space 3355520K, 100% used [0x0000000680000000, 0x000000074cce0000, 0x000000074cce0000)
  from space 419392K,   8% used [0x000000074cce0000, 0x000000074f03e9d8, 0x0000000766670000)
  to   space 419392K,   0% used [0x0000000766670000, 0x0000000766670000, 0x0000000780000000)
 concurrent mark-sweep generation total 1048576K, used 10804K [0x0000000780000000, 0x00000007c0000000, 0x00000007c0000000)
 Metaspace       used 2779K, capacity 4496K, committed 4864K, reserved 1056768K
  class space    used 293K, capacity 388K, committed 512K, reserved 1048576K
4.906: #8: [GC (GCLocker Initiated GC) 4.906: #8: [ParNew: 3391738K->52305K(3774912K), 0.0107649 secs] 3402542K->63110K(4823488K), 0.0108058 secs] [Times: user=0.03 sys=0.00 real=0.01 secs] 
Heap after GC invocations=9 (full 0):
 par new generation   total 3774912K, used 52305K [0x0000000680000000, 0x0000000780000000, 0x0000000780000000)
  eden space 3355520K,   0% used [0x0000000680000000, 0x0000000680000000, 0x000000074cce0000)
  from space 419392K,  12% used [0x0000000766670000, 0x00000007699846a0, 0x0000000780000000)
  to   space 419392K,   0% used [0x000000074cce0000, 0x000000074cce0000, 0x0000000766670000)
 concurrent mark-sweep generation total 1048576K, used 10804K [0x0000000780000000, 0x00000007c0000000, 0x00000007c0000000)
 Metaspace       used 2779K, capacity 4496K, committed 4864K, reserved 1056768K
  class space    used 293K, capacity 388K, committed 512K, reserved 1048576K
}
SYSTEM_GC BEFORE
{Heap before GC invocations=9 (full 0):
 par new generation   total 3774912K, used 2036747K [0x0000000680000000, 0x0000000780000000, 0x0000000780000000)
  eden space 3355520K,  59% used [0x0000000680000000, 0x00000006f91ee580, 0x000000074cce0000)
  from space 419392K,  12% used [0x0000000766670000, 0x00000007699846a0, 0x0000000780000000)
  to   space 419392K,   0% used [0x000000074cce0000, 0x000000074cce0000, 0x0000000766670000)
 concurrent mark-sweep generation total 1048576K, used 10804K [0x0000000780000000, 0x00000007c0000000, 0x00000007c0000000)
 Metaspace       used 2779K, capacity 4496K, committed 4864K, reserved 1056768K
  class space    used 293K, capacity 388K, committed 512K, reserved 1048576K
5.230: #9: [GC (System.gc()) 5.230: #9: [ParNew: 2036747K->22016K(3774912K), 0.0077730 secs] 2047551K->32820K(4823488K), 0.0078126 secs] [Times: user=0.02 sys=0.00 real=0.00 secs] 
Heap after GC invocations=10 (full 0):
 par new generation   total 3774912K, used 22016K [0x0000000680000000, 0x0000000780000000, 0x0000000780000000)
  eden space 3355520K,   0% used [0x0000000680000000, 0x0000000680000000, 0x000000074cce0000)
  from space 419392K,   5% used [0x000000074cce0000, 0x000000074e260180, 0x0000000766670000)
  to   space 419392K,   0% used [0x0000000766670000, 0x0000000766670000, 0x0000000780000000)
 concurrent mark-sweep generation total 1048576K, used 10804K [0x0000000780000000, 0x00000007c0000000, 0x00000007c0000000)
 Metaspace       used 2779K, capacity 4496K, committed 4864K, reserved 1056768K
  class space    used 293K, capacity 388K, committed 512K, reserved 1048576K
}
5.238: #10: [GC (CMS Initial Mark) [1 CMS-initial-mark: 10804K(1048576K)] 50775K(4823488K), 0.0010102 secs] [Times: user=0.00 sys=0.00 real=0.01 secs] 
5.239: #10: [CMS-concurrent-mark-start]
5.285: #10: [CMS-concurrent-mark: 0.045/0.045 secs] [Times: user=0.13 sys=0.04 real=0.04 secs] 
5.285: #10: [CMS-concurrent-preclean-start]
5.288: #10: [CMS-concurrent-preclean: 0.003/0.003 secs] [Times: user=0.01 sys=0.00 real=0.00 secs] 
5.288: #10: [CMS-concurrent-abortable-preclean-start]
5.709: #10: [CMS-concurrent-abortable-preclean: 0.116/0.421 secs] [Times: user=1.57 sys=0.10 real=0.43 secs] 
5.710: #10: [GC (CMS Final Remark) [YG occupancy: 2843038 K (3774912 K)]5.710: #10: [Rescan (parallel) , 0.7481073 secs]6.458: #10: [weak refs processing, 0.0000157 secs]6.458: #10: [class unloading, 0.0003497 secs]6.458: #10: [scrub symbol table, 0.0004264 secs]6.459: #10: [scrub string table, 0.0001826 secs][1 CMS-remark: 10804K(1048576K)] 2853843K(4823488K), 0.7492296 secs] [Times: user=2.97 sys=0.00 real=0.74 secs] 
6.459: #10: [CMS-concurrent-sweep-start]
{Heap before GC invocations=10 (full 1):
 par new generation   total 3774912K, used 2843038K [0x0000000680000000, 0x0000000780000000, 0x0000000780000000)
  eden space 3355520K,  84% used [0x0000000680000000, 0x000000072c2e7928, 0x000000074cce0000)
  from space 419392K,   5% used [0x000000074cce0000, 0x000000074e260180, 0x0000000766670000)
  to   space 419392K,   0% used [0x0000000766670000, 0x0000000766670000, 0x0000000780000000)
 concurrent mark-sweep generation total 1048576K, used 10804K [0x0000000780000000, 0x00000007c0000000, 0x00000007c0000000)
 Metaspace       used 2779K, capacity 4496K, committed 4864K, reserved 1056768K
  class space    used 293K, capacity 388K, committed 512K, reserved 1048576K
6.459: #11: [GC (GCLocker Initiated GC) 6.459: #11: [ParNew: 2843038K->26491K(3774912K), 0.0092919 secs] 2853843K->37296K(4823488K), 0.0093240 secs] [Times: user=0.03 sys=0.00 real=0.00 secs] 
Heap after GC invocations=11 (full 1):
 par new generation   total 3774912K, used 26491K [0x0000000680000000, 0x0000000780000000, 0x0000000780000000)
  eden space 3355520K,   0% used [0x0000000680000000, 0x0000000680000000, 0x000000074cce0000)
  from space 419392K,   6% used [0x0000000766670000, 0x000000076804ef50, 0x0000000780000000)
  to   space 419392K,   0% used [0x000000074cce0000, 0x000000074cce0000, 0x0000000766670000)
 concurrent mark-sweep generation total 1048576K, used 10804K [0x0000000780000000, 0x00000007c0000000, 0x00000007c0000000)
 Metaspace       used 2779K, capacity 4496K, committed 4864K, reserved 1056768K
  class space    used 293K, capacity 388K, committed 512K, reserved 1048576K
}
6.476: #10: [CMS-concurrent-sweep: 0.017/0.017 secs] [Times: user=0.04 sys=0.00 real=0.02 secs] 
6.479: #10: [CMS-concurrent-reset-start]
SYSTEM_GC AFTER
6.481: #10: [CMS-concurrent-reset: 0.002/0.002 secs] [Times: user=0.00 sys=0.00 real=0.01 secs] 
{Heap before GC invocations=11 (full 1):
 par new generation   total 3774912K, used 3382012K [0x0000000680000000, 0x0000000780000000, 0x0000000780000000)
  eden space 3355520K, 100% used [0x0000000680000000, 0x000000074cce0000, 0x000000074cce0000)
  from space 419392K,   6% used [0x0000000766670000, 0x000000076804f160, 0x0000000780000000)
  to   space 419392K,   0% used [0x000000074cce0000, 0x000000074cce0000, 0x0000000766670000)
 concurrent mark-sweep generation total 1048576K, used 10803K [0x0000000780000000, 0x00000007c0000000, 0x00000007c0000000)
 Metaspace       used 2779K, capacity 4496K, committed 4864K, reserved 1056768K
  class space    used 293K, capacity 388K, committed 512K, reserved 1048576K
6.995: #12: [GC (Allocation Failure) 6.995: #12: [ParNew: 3382012K->29999K(3774912K), 0.0098270 secs] 3392815K->40802K(4823488K), 0.0098685 secs] [Times: user=0.02 sys=0.00 real=0.01 secs] 
Heap after GC invocations=12 (full 1):
 par new generation   total 3774912K, used 29999K [0x0000000680000000, 0x0000000780000000, 0x0000000780000000)
  eden space 3355520K,   0% used [0x0000000680000000, 0x0000000680000000, 0x000000074cce0000)
  from space 419392K,   7% used [0x000000074cce0000, 0x000000074ea2bcf8, 0x0000000766670000)
  to   space 419392K,   0% used [0x0000000766670000, 0x0000000766670000, 0x0000000780000000)
 concurrent mark-sweep generation total 1048576K, used 10803K [0x0000000780000000, 0x00000007c0000000, 0x00000007c0000000)
 Metaspace       used 2779K, capacity 4496K, committed 4864K, reserved 1056768K
  class space    used 293K, capacity 388K, committed 512K, reserved 1048576K
}
{Heap before GC invocations=12 (full 1):
 par new generation   total 3774912K, used 147880K [0x0000000680000000, 0x0000000780000000, 0x0000000780000000)
  eden space 3355520K,   3% used [0x0000000680000000, 0x000000068731e4d8, 0x000000074cce0000)
  from space 419392K,   7% used [0x000000074cce0000, 0x000000074ea2bcf8, 0x0000000766670000)
  to   space 419392K,   0% used [0x0000000766670000, 0x0000000766670000, 0x0000000780000000)
 concurrent mark-sweep generation total 1048576K, used 10803K [0x0000000780000000, 0x00000007c0000000, 0x00000007c0000000)
 Metaspace       used 2779K, capacity 4496K, committed 4864K, reserved 1056768K
  class space    used 293K, capacity 388K, committed 512K, reserved 1048576K
7.015: #13: [GC (GCLocker Initiated GC) 7.015: #13: [ParNew: 147880K->23462K(3774912K), 0.0066901 secs] 158683K->34265K(4823488K), 0.0067282 secs] [Times: user=0.03 sys=0.00 real=0.01 secs] 
Heap after GC invocations=13 (full 1):
 par new generation   total 3774912K, used 23462K [0x0000000680000000, 0x0000000780000000, 0x0000000780000000)
  eden space 3355520K,   0% used [0x0000000680000000, 0x0000000680000000, 0x000000074cce0000)
  from space 419392K,   5% used [0x0000000766670000, 0x0000000767d59a00, 0x0000000780000000)
  to   space 419392K,   0% used [0x000000074cce0000, 0x000000074cce0000, 0x0000000766670000)
 concurrent mark-sweep generation total 1048576K, used 10803K [0x0000000780000000, 0x00000007c0000000, 0x00000007c0000000)
 Metaspace       used 2779K, capacity 4496K, committed 4864K, reserved 1056768K
  class space    used 293K, capacity 388K, committed 512K, reserved 1048576K
}
{Heap before GC invocations=13 (full 1):
 par new generation   total 3774912K, used 3378982K [0x0000000680000000, 0x0000000780000000, 0x0000000780000000)
  eden space 3355520K, 100% used [0x0000000680000000, 0x000000074cce0000, 0x000000074cce0000)
  from space 419392K,   5% used [0x0000000766670000, 0x0000000767d59a00, 0x0000000780000000)
  to   space 419392K,   0% used [0x000000074cce0000, 0x000000074cce0000, 0x0000000766670000)
 concurrent mark-sweep generation total 1048576K, used 10803K [0x0000000780000000, 0x00000007c0000000, 0x00000007c0000000)
 Metaspace       used 2779K, capacity 4496K, committed 4864K, reserved 1056768K
  class space    used 293K, capacity 388K, committed 512K, reserved 1048576K
7.552: #14: [GC (Allocation Failure) 7.552: #14: [ParNew: 3378982K->44074K(3774912K), 0.0103159 secs] 3389785K->54878K(4823488K), 0.0103500 secs] [Times: user=0.02 sys=0.00 real=0.01 secs] 
Heap after GC invocations=14 (full 1):
 par new generation   total 3774912K, used 44074K [0x0000000680000000, 0x0000000780000000, 0x0000000780000000)
  eden space 3355520K,   0% used [0x0000000680000000, 0x0000000680000000, 0x000000074cce0000)
  from space 419392K,  10% used [0x000000074cce0000, 0x000000074f7eab60, 0x0000000766670000)
  to   space 419392K,   0% used [0x0000000766670000, 0x0000000766670000, 0x0000000780000000)
 concurrent mark-sweep generation total 1048576K, used 10803K [0x0000000780000000, 0x00000007c0000000, 0x00000007c0000000)
 Metaspace       used 2779K, capacity 4496K, committed 4864K, reserved 1056768K
  class space    used 293K, capacity 388K, committed 512K, reserved 1048576K
}
{Heap before GC invocations=14 (full 1):
 par new generation   total 3774912K, used 3401620K [0x0000000680000000, 0x0000000780000000, 0x0000000780000000)
  eden space 3355520K, 100% used [0x0000000680000000, 0x000000074cce0000, 0x000000074cce0000)
  from space 419392K,  10% used [0x000000074cce0000, 0x000000074f9e5378, 0x0000000766670000)
  to   space 419392K,   0% used [0x0000000766670000, 0x0000000766670000, 0x0000000780000000)
 concurrent mark-sweep generation total 1048576K, used 10803K [0x0000000780000000, 0x00000007c0000000, 0x00000007c0000000)
 Metaspace       used 2779K, capacity 4496K, committed 4864K, reserved 1056768K
  class space    used 293K, capacity 388K, committed 512K, reserved 1048576K
8.091: #15: [GC (Allocation Failure) 8.091: #15: [ParNew: 3401620K->28853K(3774912K), 0.0099037 secs] 3412424K->39656K(4823488K), 0.0099390 secs] [Times: user=0.02 sys=0.00 real=0.01 secs] 
Heap after GC invocations=15 (full 1):
 par new generation   total 3774912K, used 28853K [0x0000000680000000, 0x0000000780000000, 0x0000000780000000)
  eden space 3355520K,   0% used [0x0000000680000000, 0x0000000680000000, 0x000000074cce0000)
  from space 419392K,   6% used [0x0000000766670000, 0x000000076829d520, 0x0000000780000000)
  to   space 419392K,   0% used [0x000000074cce0000, 0x000000074cce0000, 0x0000000766670000)
 concurrent mark-sweep generation total 1048576K, used 10803K [0x0000000780000000, 0x00000007c0000000, 0x00000007c0000000)
 Metaspace       used 2779K, capacity 4496K, committed 4864K, reserved 1056768K
  class space    used 293K, capacity 388K, committed 512K, reserved 1048576K
}
{Heap before GC invocations=15 (full 1):
 par new generation   total 3774912K, used 194843K [0x0000000680000000, 0x0000000780000000, 0x0000000780000000)
  eden space 3355520K,   4% used [0x0000000680000000, 0x000000068a219728, 0x000000074cce0000)
  from space 419392K,   6% used [0x0000000766670000, 0x000000076829d520, 0x0000000780000000)
  to   space 419392K,   0% used [0x000000074cce0000, 0x000000074cce0000, 0x0000000766670000)
 concurrent mark-sweep generation total 1048576K, used 10803K [0x0000000780000000, 0x00000007c0000000, 0x00000007c0000000)
 Metaspace       used 2779K, capacity 4496K, committed 4864K, reserved 1056768K
  class space    used 293K, capacity 388K, committed 512K, reserved 1048576K
8.122: #16: [GC (GCLocker Initiated GC) 8.122: #16: [ParNew: 194843K->19783K(3774912K), 0.0076524 secs] 205646K->30586K(4823488K), 0.0076945 secs] [Times: user=0.03 sys=0.00 real=0.01 secs] 
Heap after GC invocations=16 (full 1):
 par new generation   total 3774912K, used 19783K [0x0000000680000000, 0x0000000780000000, 0x0000000780000000)
  eden space 3355520K,   0% used [0x0000000680000000, 0x0000000680000000, 0x000000074cce0000)
  from space 419392K,   4% used [0x000000074cce0000, 0x000000074e031ca0, 0x0000000766670000)
  to   space 419392K,   0% used [0x0000000766670000, 0x0000000766670000, 0x0000000780000000)
 concurrent mark-sweep generation total 1048576K, used 10803K [0x0000000780000000, 0x00000007c0000000, 0x00000007c0000000)
 Metaspace       used 2779K, capacity 4496K, committed 4864K, reserved 1056768K
  class space    used 293K, capacity 388K, committed 512K, reserved 1048576K
}
{Heap before GC invocations=16 (full 1):
 par new generation   total 3774912K, used 3377057K [0x0000000680000000, 0x0000000780000000, 0x0000000780000000)
  eden space 3355520K, 100% used [0x0000000680000000, 0x000000074cce0000, 0x000000074cce0000)
  from space 419392K,   5% used [0x000000074cce0000, 0x000000074e1e86d0, 0x0000000766670000)
  to   space 419392K,   0% used [0x0000000766670000, 0x0000000766670000, 0x0000000780000000)
 concurrent mark-sweep generation total 1048576K, used 10803K [0x0000000780000000, 0x00000007c0000000, 0x00000007c0000000)
 Metaspace       used 2779K, capacity 4496K, committed 4864K, reserved 1056768K
  class space    used 293K, capacity 388K, committed 512K, reserved 1048576K
8.658: #17: [GC (GCLocker Initiated GC) 8.658: #17: [ParNew: 3377057K->40496K(3774912K), 0.0102667 secs] 3387861K->51300K(4823488K), 0.0103142 secs] [Times: user=0.02 sys=0.00 real=0.01 secs] 
Heap after GC invocations=17 (full 1):
 par new generation   total 3774912K, used 40496K [0x0000000680000000, 0x0000000780000000, 0x0000000780000000)
  eden space 3355520K,   0% used [0x0000000680000000, 0x0000000680000000, 0x000000074cce0000)
  from space 419392K,   9% used [0x0000000766670000, 0x0000000768dfc320, 0x0000000780000000)
  to   space 419392K,   0% used [0x000000074cce0000, 0x000000074cce0000, 0x0000000766670000)
 concurrent mark-sweep generation total 1048576K, used 10803K [0x0000000780000000, 0x00000007c0000000, 0x00000007c0000000)
 Metaspace       used 2779K, capacity 4496K, committed 4864K, reserved 1056768K
  class space    used 293K, capacity 388K, committed 512K, reserved 1048576K
}
{Heap before GC invocations=17 (full 1):
 par new generation   total 3774912K, used 3398150K [0x0000000680000000, 0x0000000780000000, 0x0000000780000000)
  eden space 3355520K, 100% used [0x0000000680000000, 0x000000074cce0000, 0x000000074cce0000)
  from space 419392K,  10% used [0x0000000766670000, 0x00000007690118a8, 0x0000000780000000)
  to   space 419392K,   0% used [0x000000074cce0000, 0x000000074cce0000, 0x0000000766670000)
 concurrent mark-sweep generation total 1048576K, used 10803K [0x0000000780000000, 0x00000007c0000000, 0x00000007c0000000)
 Metaspace       used 2779K, capacity 4496K, committed 4864K, reserved 1056768K
  class space    used 293K, capacity 388K, committed 512K, reserved 1048576K
9.201: #18: [GC (GCLocker Initiated GC) 9.201: #18: [ParNew: 3398150K->30008K(3774912K), 0.0102046 secs] 3408953K->40811K(4823488K), 0.0102384 secs] [Times: user=0.02 sys=0.00 real=0.01 secs] 
Heap after GC invocations=18 (full 1):
 par new generation   total 3774912K, used 30008K [0x0000000680000000, 0x0000000780000000, 0x0000000780000000)
  eden space 3355520K,   0% used [0x0000000680000000, 0x0000000680000000, 0x000000074cce0000)
  from space 419392K,   7% used [0x000000074cce0000, 0x000000074ea2e100, 0x0000000766670000)
  to   space 419392K,   0% used [0x0000000766670000, 0x0000000766670000, 0x0000000780000000)
 concurrent mark-sweep generation total 1048576K, used 10803K [0x0000000780000000, 0x00000007c0000000, 0x00000007c0000000)
 Metaspace       used 2779K, capacity 4496K, committed 4864K, reserved 1056768K
  class space    used 293K, capacity 388K, committed 512K, reserved 1048576K
}
{Heap before GC invocations=18 (full 1):
 par new generation   total 3774912K, used 3385528K [0x0000000680000000, 0x0000000780000000, 0x0000000780000000)
  eden space 3355520K, 100% used [0x0000000680000000, 0x000000074cce0000, 0x000000074cce0000)
  from space 419392K,   7% used [0x000000074cce0000, 0x000000074ea2e130, 0x0000000766670000)
  to   space 419392K,   0% used [0x0000000766670000, 0x0000000766670000, 0x0000000780000000)
 concurrent mark-sweep generation total 1048576K, used 10803K [0x0000000780000000, 0x00000007c0000000, 0x00000007c0000000)
 Metaspace       used 2779K, capacity 4496K, committed 4864K, reserved 1056768K
  class space    used 293K, capacity 388K, committed 512K, reserved 1048576K
9.748: #19: [GC (GCLocker Initiated GC) 9.748: #19: [ParNew: 3385528K->30922K(3774912K), 0.0105977 secs] 3396331K->41725K(4823488K), 0.0106375 secs] [Times: user=0.02 sys=0.00 real=0.01 secs] 
Heap after GC invocations=19 (full 1):
 par new generation   total 3774912K, used 30922K [0x0000000680000000, 0x0000000780000000, 0x0000000780000000)
  eden space 3355520K,   0% used [0x0000000680000000, 0x0000000680000000, 0x000000074cce0000)
  from space 419392K,   7% used [0x0000000766670000, 0x00000007684a2a10, 0x0000000780000000)
  to   space 419392K,   0% used [0x000000074cce0000, 0x000000074cce0000, 0x0000000766670000)
 concurrent mark-sweep generation total 1048576K, used 10803K [0x0000000780000000, 0x00000007c0000000, 0x00000007c0000000)
 Metaspace       used 2779K, capacity 4496K, committed 4864K, reserved 1056768K
  class space    used 293K, capacity 388K, committed 512K, reserved 1048576K
}
{Heap before GC invocations=19 (full 1):
 par new generation   total 3774912K, used 3386442K [0x0000000680000000, 0x0000000780000000, 0x0000000780000000)
  eden space 3355520K, 100% used [0x0000000680000000, 0x000000074cce0000, 0x000000074cce0000)
  from space 419392K,   7% used [0x0000000766670000, 0x00000007684a2a40, 0x0000000780000000)
  to   space 419392K,   0% used [0x000000074cce0000, 0x000000074cce0000, 0x0000000766670000)
 concurrent mark-sweep generation total 1048576K, used 10803K [0x0000000780000000, 0x00000007c0000000, 0x00000007c0000000)
 Metaspace       used 2779K, capacity 4496K, committed 4864K, reserved 1056768K
  class space    used 293K, capacity 388K, committed 512K, reserved 1048576K
10.300: #20: [GC (GCLocker Initiated GC) 10.300: #20: [ParNew: 3386442K->30326K(3774912K), 0.0104303 secs] 3397246K->41130K(4823488K), 0.0104800 secs] [Times: user=0.03 sys=0.00 real=0.01 secs] 
Heap after GC invocations=20 (full 1):
 par new generation   total 3774912K, used 30326K [0x0000000680000000, 0x0000000780000000, 0x0000000780000000)
  eden space 3355520K,   0% used [0x0000000680000000, 0x0000000680000000, 0x000000074cce0000)
  from space 419392K,   7% used [0x000000074cce0000, 0x000000074ea7da68, 0x0000000766670000)
  to   space 419392K,   0% used [0x0000000766670000, 0x0000000766670000, 0x0000000780000000)
 concurrent mark-sweep generation total 1048576K, used 10803K [0x0000000780000000, 0x00000007c0000000, 0x00000007c0000000)
 Metaspace       used 2779K, capacity 4496K, committed 4864K, reserved 1056768K
  class space    used 293K, capacity 388K, committed 512K, reserved 1048576K
}
{Heap before GC invocations=20 (full 1):
 par new generation   total 3774912K, used 3385846K [0x0000000680000000, 0x0000000780000000, 0x0000000780000000)
  eden space 3355520K, 100% used [0x0000000680000000, 0x000000074cce0000, 0x000000074cce0000)
  from space 419392K,   7% used [0x000000074cce0000, 0x000000074ea7da68, 0x0000000766670000)
  to   space 419392K,   0% used [0x0000000766670000, 0x0000000766670000, 0x0000000780000000)
 concurrent mark-sweep generation total 1048576K, used 10803K [0x0000000780000000, 0x00000007c0000000, 0x00000007c0000000)
 Metaspace       used 2779K, capacity 4496K, committed 4864K, reserved 1056768K
  class space    used 293K, capacity 388K, committed 512K, reserved 1048576K
10.937: #21: [GC (Allocation Failure) 10.937: #21: [ParNew: 3385846K->29361K(3774912K), 0.0107150 secs] 3396650K->40164K(4823488K), 0.0107565 secs] [Times: user=0.02 sys=0.00 real=0.01 secs] 
Heap after GC invocations=21 (full 1):
 par new generation   total 3774912K, used 29361K [0x0000000680000000, 0x0000000780000000, 0x0000000780000000)
  eden space 3355520K,   0% used [0x0000000680000000, 0x0000000680000000, 0x000000074cce0000)
  from space 419392K,   7% used [0x0000000766670000, 0x000000076831c5a0, 0x0000000780000000)
  to   space 419392K,   0% used [0x000000074cce0000, 0x000000074cce0000, 0x0000000766670000)
 concurrent mark-sweep generation total 1048576K, used 10803K [0x0000000780000000, 0x00000007c0000000, 0x00000007c0000000)
 Metaspace       used 2779K, capacity 4496K, committed 4864K, reserved 1056768K
  class space    used 293K, capacity 388K, committed 512K, reserved 1048576K
}
SYSTEM_GC BEFORE
{Heap before GC invocations=21 (full 1):
 par new generation   total 3774912K, used 2182928K [0x0000000680000000, 0x0000000780000000, 0x0000000780000000)
  eden space 3355520K,  64% used [0x0000000680000000, 0x0000000703717e28, 0x000000074cce0000)
  from space 419392K,   7% used [0x0000000766670000, 0x000000076831c5a0, 0x0000000780000000)
  to   space 419392K,   0% used [0x000000074cce0000, 0x000000074cce0000, 0x0000000766670000)
 concurrent mark-sweep generation total 1048576K, used 10803K [0x0000000780000000, 0x00000007c0000000, 0x00000007c0000000)
 Metaspace       used 2779K, capacity 4496K, committed 4864K, reserved 1056768K
  class space    used 293K, capacity 388K, committed 512K, reserved 1048576K
11.480: #22: [GC (System.gc()) 11.480: #22: [ParNew: 2182928K->20870K(3774912K), 0.0181250 secs] 2193732K->31674K(4823488K), 0.0181762 secs] [Times: user=0.02 sys=0.00 real=0.01 secs] 
Heap after GC invocations=22 (full 1):
 par new generation   total 3774912K, used 20870K [0x0000000680000000, 0x0000000780000000, 0x0000000780000000)
  eden space 3355520K,   0% used [0x0000000680000000, 0x0000000680000000, 0x000000074cce0000)
  from space 419392K,   4% used [0x000000074cce0000, 0x000000074e141bc8, 0x0000000766670000)
  to   space 419392K,   0% used [0x0000000766670000, 0x0000000766670000, 0x0000000780000000)
 concurrent mark-sweep generation total 1048576K, used 10803K [0x0000000780000000, 0x00000007c0000000, 0x00000007c0000000)
 Metaspace       used 2779K, capacity 4496K, committed 4864K, reserved 1056768K
  class space    used 293K, capacity 388K, committed 512K, reserved 1048576K
}
11.498: #23: [GC (CMS Initial Mark) [1 CMS-initial-mark: 10803K(1048576K)] 31674K(4823488K), 0.0017971 secs] [Times: user=0.01 sys=0.00 real=0.01 secs] 
11.500: #23: [CMS-concurrent-mark-start]
11.525: #23: [CMS-concurrent-mark: 0.025/0.025 secs] [Times: user=0.03 sys=0.00 real=0.02 secs] 
11.525: #23: [CMS-concurrent-preclean-start]
11.528: #23: [CMS-concurrent-preclean: 0.003/0.003 secs] [Times: user=0.00 sys=0.00 real=0.00 secs] 
11.528: #23: [CMS-concurrent-abortable-preclean-start]
12.095: #23: [CMS-concurrent-abortable-preclean: 0.159/0.567 secs] [Times: user=1.38 sys=0.09 real=0.57 secs] 
12.096: #23: [GC (CMS Final Remark) [YG occupancy: 2373447 K (3774912 K)]12.096: #23: [Rescan (parallel) , 0.7159305 secs]12.812: #23: [weak refs processing, 0.0000202 secs]12.812: #23: [class unloading, 0.0002921 secs]12.813: #23: [scrub symbol table, 0.0003917 secs]12.813: #23: [scrub string table, 0.0001504 secs][1 CMS-remark: 10803K(1048576K)] 2384251K(4823488K), 0.7168687 secs] [Times: user=2.49 sys=0.01 real=0.72 secs] 
12.813: #23: [CMS-concurrent-sweep-start]
12.820: #23: [CMS-concurrent-sweep: 0.007/0.007 secs] [Times: user=0.02 sys=0.00 real=0.01 secs] 
12.820: #23: [CMS-concurrent-reset-start]
SYSTEM_GC AFTER
12.823: #23: [CMS-concurrent-reset: 0.003/0.003 secs] [Times: user=0.00 sys=0.00 real=0.00 secs] 
{Heap before GC invocations=22 (full 2):
 par new generation   total 3774912K, used 2421963K [0x0000000680000000, 0x0000000780000000, 0x0000000780000000)
  eden space 3355520K,  71% used [0x0000000680000000, 0x00000007128d1070, 0x000000074cce0000)
  from space 419392K,   4% used [0x000000074cce0000, 0x000000074e141bc8, 0x0000000766670000)
  to   space 419392K,   0% used [0x0000000766670000, 0x0000000766670000, 0x0000000780000000)
 concurrent mark-sweep generation total 1048576K, used 10803K [0x0000000780000000, 0x00000007c0000000, 0x00000007c0000000)
 Metaspace       used 2779K, capacity 4496K, committed 4864K, reserved 1056768K
  class space    used 293K, capacity 388K, committed 512K, reserved 1048576K
12.824: #24: [GC (GCLocker Initiated GC) 12.824: #24: [ParNew: 2421963K->23399K(3774912K), 0.0087563 secs] 2432766K->34203K(4823488K), 0.0087890 secs] [Times: user=0.02 sys=0.00 real=0.01 secs] 
Heap after GC invocations=23 (full 2):
 par new generation   total 3774912K, used 23399K [0x0000000680000000, 0x0000000780000000, 0x0000000780000000)
  eden space 3355520K,   0% used [0x0000000680000000, 0x0000000680000000, 0x000000074cce0000)
  from space 419392K,   5% used [0x0000000766670000, 0x0000000767d49e70, 0x0000000780000000)
  to   space 419392K,   0% used [0x000000074cce0000, 0x000000074cce0000, 0x0000000766670000)
 concurrent mark-sweep generation total 1048576K, used 10803K [0x0000000780000000, 0x00000007c0000000, 0x00000007c0000000)
 Metaspace       used 2779K, capacity 4496K, committed 4864K, reserved 1056768K
  class space    used 293K, capacity 388K, committed 512K, reserved 1048576K
}
{Heap before GC invocations=23 (full 2):
 par new generation   total 3774912K, used 3379482K [0x0000000680000000, 0x0000000780000000, 0x0000000780000000)
  eden space 3355520K, 100% used [0x0000000680000000, 0x000000074cce0000, 0x000000074cce0000)
  from space 419392K,   5% used [0x0000000766670000, 0x0000000767dd6b88, 0x0000000780000000)
  to   space 419392K,   0% used [0x000000074cce0000, 0x000000074cce0000, 0x0000000766670000)
 concurrent mark-sweep generation total 1048576K, used 10803K [0x0000000780000000, 0x00000007c0000000, 0x00000007c0000000)
 Metaspace       used 2779K, capacity 4496K, committed 4864K, reserved 1056768K
  class space    used 293K, capacity 388K, committed 512K, reserved 1048576K
13.373: #25: [GC (GCLocker Initiated GC) 13.373: #25: [ParNew: 3379482K->29291K(3774912K), 0.0103305 secs] 3390286K->40094K(4823488K), 0.0103743 secs] [Times: user=0.02 sys=0.00 real=0.01 secs] 
Heap after GC invocations=24 (full 2):
 par new generation   total 3774912K, used 29291K [0x0000000680000000, 0x0000000780000000, 0x0000000780000000)
  eden space 3355520K,   0% used [0x0000000680000000, 0x0000000680000000, 0x000000074cce0000)
  from space 419392K,   6% used [0x000000074cce0000, 0x000000074e97ad60, 0x0000000766670000)
  to   space 419392K,   0% used [0x0000000766670000, 0x0000000766670000, 0x0000000780000000)
 concurrent mark-sweep generation total 1048576K, used 10803K [0x0000000780000000, 0x00000007c0000000, 0x00000007c0000000)
 Metaspace       used 2779K, capacity 4496K, committed 4864K, reserved 1056768K
  class space    used 293K, capacity 388K, committed 512K, reserved 1048576K
}
{Heap before GC invocations=24 (full 2):
 par new generation   total 3774912K, used 3384811K [0x0000000680000000, 0x0000000780000000, 0x0000000780000000)
  eden space 3355520K, 100% used [0x0000000680000000, 0x000000074cce0000, 0x000000074cce0000)
  from space 419392K,   6% used [0x000000074cce0000, 0x000000074e97ad60, 0x0000000766670000)
  to   space 419392K,   0% used [0x0000000766670000, 0x0000000766670000, 0x0000000780000000)
 concurrent mark-sweep generation total 1048576K, used 10803K [0x0000000780000000, 0x00000007c0000000, 0x00000007c0000000)
 Metaspace       used 2779K, capacity 4496K, committed 4864K, reserved 1056768K
  class space    used 293K, capacity 388K, committed 512K, reserved 1048576K
13.923: #26: [GC (Allocation Failure) 13.923: #26: [ParNew: 3384811K->31145K(3774912K), 0.0112825 secs] 3395614K->41949K(4823488K), 0.0113356 secs] [Times: user=0.02 sys=0.00 real=0.01 secs] 
Heap after GC invocations=25 (full 2):
 par new generation   total 3774912K, used 31145K [0x0000000680000000, 0x0000000780000000, 0x0000000780000000)
  eden space 3355520K,   0% used [0x0000000680000000, 0x0000000680000000, 0x000000074cce0000)
  from space 419392K,   7% used [0x0000000766670000, 0x00000007684da740, 0x0000000780000000)
  to   space 419392K,   0% used [0x000000074cce0000, 0x000000074cce0000, 0x0000000766670000)
 concurrent mark-sweep generation total 1048576K, used 10803K [0x0000000780000000, 0x00000007c0000000, 0x00000007c0000000)
 Metaspace       used 2779K, capacity 4496K, committed 4864K, reserved 1056768K
  class space    used 293K, capacity 388K, committed 512K, reserved 1048576K
}
{Heap before GC invocations=25 (full 2):
 par new generation   total 3774912K, used 3386666K [0x0000000680000000, 0x0000000780000000, 0x0000000780000000)
  eden space 3355520K, 100% used [0x0000000680000000, 0x000000074cce0000, 0x000000074cce0000)
  from space 419392K,   7% used [0x0000000766670000, 0x00000007684da820, 0x0000000780000000)
  to   space 419392K,   0% used [0x000000074cce0000, 0x000000074cce0000, 0x0000000766670000)
 concurrent mark-sweep generation total 1048576K, used 10803K [0x0000000780000000, 0x00000007c0000000, 0x00000007c0000000)
 Metaspace       used 2779K, capacity 4496K, committed 4864K, reserved 1056768K
  class space    used 293K, capacity 388K, committed 512K, reserved 1048576K
14.501: #27: [GC (Allocation Failure) 14.501: #27: [ParNew: 3386666K->29758K(3774912K), 0.0106717 secs] 3397469K->40562K(4823488K), 0.0107126 secs] [Times: user=0.02 sys=0.01 real=0.01 secs] 
Heap after GC invocations=26 (full 2):
 par new generation   total 3774912K, used 29758K [0x0000000680000000, 0x0000000780000000, 0x0000000780000000)
  eden space 3355520K,   0% used [0x0000000680000000, 0x0000000680000000, 0x000000074cce0000)
  from space 419392K,   7% used [0x000000074cce0000, 0x000000074e9efbd0, 0x0000000766670000)
  to   space 419392K,   0% used [0x0000000766670000, 0x0000000766670000, 0x0000000780000000)
 concurrent mark-sweep generation total 1048576K, used 10803K [0x0000000780000000, 0x00000007c0000000, 0x00000007c0000000)
 Metaspace       used 2779K, capacity 4496K, committed 4864K, reserved 1056768K
  class space    used 293K, capacity 388K, committed 512K, reserved 1048576K
}
{Heap before GC invocations=26 (full 2):
 par new generation   total 3774912K, used 143879K [0x0000000680000000, 0x0000000780000000, 0x0000000780000000)
  eden space 3355520K,   3% used [0x0000000680000000, 0x0000000686f722e8, 0x000000074cce0000)
  from space 419392K,   7% used [0x000000074cce0000, 0x000000074e9efbd0, 0x0000000766670000)
  to   space 419392K,   0% used [0x0000000766670000, 0x0000000766670000, 0x0000000780000000)
 concurrent mark-sweep generation total 1048576K, used 10803K [0x0000000780000000, 0x00000007c0000000, 0x00000007c0000000)
 Metaspace       used 2779K, capacity 4496K, committed 4864K, reserved 1056768K
  class space    used 293K, capacity 388K, committed 512K, reserved 1048576K
14.522: #28: [GC (GCLocker Initiated GC) 14.522: #28: [ParNew: 143879K->24643K(3774912K), 0.0071010 secs] 154683K->35446K(4823488K), 0.0071330 secs] [Times: user=0.03 sys=0.00 real=0.01 secs] 
Heap after GC invocations=27 (full 2):
 par new generation   total 3774912K, used 24643K [0x0000000680000000, 0x0000000780000000, 0x0000000780000000)
  eden space 3355520K,   0% used [0x0000000680000000, 0x0000000680000000, 0x000000074cce0000)
  from space 419392K,   5% used [0x0000000766670000, 0x0000000767e80db0, 0x0000000780000000)
  to   space 419392K,   0% used [0x000000074cce0000, 0x000000074cce0000, 0x0000000766670000)
 concurrent mark-sweep generation total 1048576K, used 10803K [0x0000000780000000, 0x00000007c0000000, 0x00000007c0000000)
 Metaspace       used 2779K, capacity 4496K, committed 4864K, reserved 1056768K
  class space    used 293K, capacity 388K, committed 512K, reserved 1048576K
}
{Heap before GC invocations=27 (full 2):
 par new generation   total 3774912K, used 3380163K [0x0000000680000000, 0x0000000780000000, 0x0000000780000000)
  eden space 3355520K, 100% used [0x0000000680000000, 0x000000074cce0000, 0x000000074cce0000)
  from space 419392K,   5% used [0x0000000766670000, 0x0000000767e80db0, 0x0000000780000000)
  to   space 419392K,   0% used [0x000000074cce0000, 0x000000074cce0000, 0x0000000766670000)
 concurrent mark-sweep generation total 1048576K, used 10803K [0x0000000780000000, 0x00000007c0000000, 0x00000007c0000000)
 Metaspace       used 2779K, capacity 4496K, committed 4864K, reserved 1056768K
  class space    used 293K, capacity 388K, committed 512K, reserved 1048576K
15.055: #29: [GC (Allocation Failure) 15.055: #29: [ParNew: 3380163K->44033K(3774912K), 0.0104759 secs] 3390966K->54836K(4823488K), 0.0105142 secs] [Times: user=0.02 sys=0.00 real=0.01 secs] 
Heap after GC invocations=28 (full 2):
 par new generation   total 3774912K, used 44033K [0x0000000680000000, 0x0000000780000000, 0x0000000780000000)
  eden space 3355520K,   0% used [0x0000000680000000, 0x0000000680000000, 0x000000074cce0000)
  from space 419392K,  10% used [0x000000074cce0000, 0x000000074f7e0480, 0x0000000766670000)
  to   space 419392K,   0% used [0x0000000766670000, 0x0000000766670000, 0x0000000780000000)
 concurrent mark-sweep generation total 1048576K, used 10803K [0x0000000780000000, 0x00000007c0000000, 0x00000007c0000000)
 Metaspace       used 2779K, capacity 4496K, committed 4864K, reserved 1056768K
  class space    used 293K, capacity 388K, committed 512K, reserved 1048576K
}
{Heap before GC invocations=28 (full 2):
 par new generation   total 3774912K, used 3399557K [0x0000000680000000, 0x0000000780000000, 0x0000000780000000)
  eden space 3355520K, 100% used [0x0000000680000000, 0x000000074cce0000, 0x000000074cce0000)
  from space 419392K,  10% used [0x000000074cce0000, 0x000000074f7e1560, 0x0000000766670000)
  to   space 419392K,   0% used [0x0000000766670000, 0x0000000766670000, 0x0000000780000000)
 concurrent mark-sweep generation total 1048576K, used 10803K [0x0000000780000000, 0x00000007c0000000, 0x00000007c0000000)
 Metaspace       used 2779K, capacity 4496K, committed 4864K, reserved 1056768K
  class space    used 293K, capacity 388K, committed 512K, reserved 1048576K
15.593: #30: [GC (Allocation Failure) 15.593: #30: [ParNew: 3399557K->30083K(3774912K), 0.0105012 secs] 3410360K->40887K(4823488K), 0.0105445 secs] [Times: user=0.02 sys=0.00 real=0.01 secs] 
Heap after GC invocations=29 (full 2):
 par new generation   total 3774912K, used 30083K [0x0000000680000000, 0x0000000780000000, 0x0000000780000000)
  eden space 3355520K,   0% used [0x0000000680000000, 0x0000000680000000, 0x000000074cce0000)
  from space 419392K,   7% used [0x0000000766670000, 0x00000007683d0e80, 0x0000000780000000)
  to   space 419392K,   0% used [0x000000074cce0000, 0x000000074cce0000, 0x0000000766670000)
 concurrent mark-sweep generation total 1048576K, used 10803K [0x0000000780000000, 0x00000007c0000000, 0x00000007c0000000)
 Metaspace       used 2779K, capacity 4496K, committed 4864K, reserved 1056768K
  class space    used 293K, capacity 388K, committed 512K, reserved 1048576K
}
{Heap before GC invocations=29 (full 2):
 par new generation   total 3774912K, used 144180K [0x0000000680000000, 0x0000000780000000, 0x0000000780000000)
  eden space 3355520K,   3% used [0x0000000680000000, 0x0000000686f6c548, 0x000000074cce0000)
  from space 419392K,   7% used [0x0000000766670000, 0x00000007683d0e80, 0x0000000780000000)
  to   space 419392K,   0% used [0x000000074cce0000, 0x000000074cce0000, 0x0000000766670000)
 concurrent mark-sweep generation total 1048576K, used 10803K [0x0000000780000000, 0x00000007c0000000, 0x00000007c0000000)
 Metaspace       used 2779K, capacity 4496K, committed 4864K, reserved 1056768K
  class space    used 293K, capacity 388K, committed 512K, reserved 1048576K
15.615: #31: [GC (GCLocker Initiated GC) 15.615: #31: [ParNew: 144180K->23444K(3774912K), 0.0069718 secs] 154984K->34248K(4823488K), 0.0070137 secs] [Times: user=0.02 sys=0.00 real=0.01 secs] 
Heap after GC invocations=30 (full 2):
 par new generation   total 3774912K, used 23444K [0x0000000680000000, 0x0000000780000000, 0x0000000780000000)
  eden space 3355520K,   0% used [0x0000000680000000, 0x0000000680000000, 0x000000074cce0000)
  from space 419392K,   5% used [0x000000074cce0000, 0x000000074e3c5320, 0x0000000766670000)
  to   space 419392K,   0% used [0x0000000766670000, 0x0000000766670000, 0x0000000780000000)
 concurrent mark-sweep generation total 1048576K, used 10803K [0x0000000780000000, 0x00000007c0000000, 0x00000007c0000000)
 Metaspace       used 2779K, capacity 4496K, committed 4864K, reserved 1056768K
  class space    used 293K, capacity 388K, committed 512K, reserved 1048576K
}
{Heap before GC invocations=30 (full 2):
 par new generation   total 3774912K, used 3378964K [0x0000000680000000, 0x0000000780000000, 0x0000000780000000)
  eden space 3355520K, 100% used [0x0000000680000000, 0x000000074cce0000, 0x000000074cce0000)
  from space 419392K,   5% used [0x000000074cce0000, 0x000000074e3c5330, 0x0000000766670000)
  to   space 419392K,   0% used [0x0000000766670000, 0x0000000766670000, 0x0000000780000000)
 concurrent mark-sweep generation total 1048576K, used 10803K [0x0000000780000000, 0x00000007c0000000, 0x00000007c0000000)
 Metaspace       used 2779K, capacity 4496K, committed 4864K, reserved 1056768K
  class space    used 293K, capacity 388K, committed 512K, reserved 1048576K
16.165: #32: [GC (Allocation Failure) 16.165: #32: [ParNew: 3378964K->43606K(3774912K), 0.0108895 secs] 3389768K->54409K(4823488K), 0.0109336 secs] [Times: user=0.03 sys=0.00 real=0.01 secs] 
Heap after GC invocations=31 (full 2):
 par new generation   total 3774912K, used 43606K [0x0000000680000000, 0x0000000780000000, 0x0000000780000000)
  eden space 3355520K,   0% used [0x0000000680000000, 0x0000000680000000, 0x000000074cce0000)
  from space 419392K,  10% used [0x0000000766670000, 0x00000007691059c0, 0x0000000780000000)
  to   space 419392K,   0% used [0x000000074cce0000, 0x000000074cce0000, 0x0000000766670000)
 concurrent mark-sweep generation total 1048576K, used 10803K [0x0000000780000000, 0x00000007c0000000, 0x00000007c0000000)
 Metaspace       used 2779K, capacity 4496K, committed 4864K, reserved 1056768K
  class space    used 293K, capacity 388K, committed 512K, reserved 1048576K
}
{Heap before GC invocations=31 (full 2):
 par new generation   total 3774912K, used 141617K [0x0000000680000000, 0x0000000780000000, 0x0000000780000000)
  eden space 3355520K,   2% used [0x0000000680000000, 0x0000000685fb6a98, 0x000000074cce0000)
  from space 419392K,  10% used [0x0000000766670000, 0x00000007691059c0, 0x0000000780000000)
  to   space 419392K,   0% used [0x000000074cce0000, 0x000000074cce0000, 0x0000000766670000)
 concurrent mark-sweep generation total 1048576K, used 10803K [0x0000000780000000, 0x00000007c0000000, 0x00000007c0000000)
 Metaspace       used 2779K, capacity 4496K, committed 4864K, reserved 1056768K
  class space    used 293K, capacity 388K, committed 512K, reserved 1048576K
16.188: #33: [GC (GCLocker Initiated GC) 16.188: #33: [ParNew: 141617K->25747K(3774912K), 0.0104147 secs] 152420K->36551K(4823488K), 0.0104711 secs] [Times: user=0.03 sys=0.00 real=0.01 secs] 
Heap after GC invocations=32 (full 2):
 par new generation   total 3774912K, used 25747K [0x0000000680000000, 0x0000000780000000, 0x0000000780000000)
  eden space 3355520K,   0% used [0x0000000680000000, 0x0000000680000000, 0x000000074cce0000)
  from space 419392K,   6% used [0x000000074cce0000, 0x000000074e604fa0, 0x0000000766670000)
  to   space 419392K,   0% used [0x0000000766670000, 0x0000000766670000, 0x0000000780000000)
 concurrent mark-sweep generation total 1048576K, used 10803K [0x0000000780000000, 0x00000007c0000000, 0x00000007c0000000)
 Metaspace       used 2779K, capacity 4496K, committed 4864K, reserved 1056768K
  class space    used 293K, capacity 388K, committed 512K, reserved 1048576K
}
{Heap before GC invocations=32 (full 2):
 par new generation   total 3774912K, used 3381267K [0x0000000680000000, 0x0000000780000000, 0x0000000780000000)
  eden space 3355520K, 100% used [0x0000000680000000, 0x000000074cce0000, 0x000000074cce0000)
  from space 419392K,   6% used [0x000000074cce0000, 0x000000074e604fa0, 0x0000000766670000)
  to   space 419392K,   0% used [0x0000000766670000, 0x0000000766670000, 0x0000000780000000)
 concurrent mark-sweep generation total 1048576K, used 10803K [0x0000000780000000, 0x00000007c0000000, 0x00000007c0000000)
 Metaspace       used 2779K, capacity 4496K, committed 4864K, reserved 1056768K
  class space    used 293K, capacity 388K, committed 512K, reserved 1048576K
16.733: #34: [GC (Allocation Failure) 16.733: #34: [ParNew: 3381267K->45455K(3774912K), 0.0104041 secs] 3392071K->56259K(4823488K), 0.0104430 secs] [Times: user=0.02 sys=0.00 real=0.01 secs] 
Heap after GC invocations=33 (full 2):
 par new generation   total 3774912K, used 45455K [0x0000000680000000, 0x0000000780000000, 0x0000000780000000)
  eden space 3355520K,   0% used [0x0000000680000000, 0x0000000680000000, 0x000000074cce0000)
  from space 419392K,  10% used [0x0000000766670000, 0x00000007692d3ee0, 0x0000000780000000)
  to   space 419392K,   0% used [0x000000074cce0000, 0x000000074cce0000, 0x0000000766670000)
 concurrent mark-sweep generation total 1048576K, used 10803K [0x0000000780000000, 0x00000007c0000000, 0x00000007c0000000)
 Metaspace       used 2779K, capacity 4496K, committed 4864K, reserved 1056768K
  class space    used 293K, capacity 388K, committed 512K, reserved 1048576K
}
{Heap before GC invocations=33 (full 2):
 par new generation   total 3774912K, used 3402230K [0x0000000680000000, 0x0000000780000000, 0x0000000780000000)
  eden space 3355520K, 100% used [0x0000000680000000, 0x000000074cce0000, 0x000000074cce0000)
  from space 419392K,  11% used [0x0000000766670000, 0x000000076940db18, 0x0000000780000000)
  to   space 419392K,   0% used [0x000000074cce0000, 0x000000074cce0000, 0x0000000766670000)
 concurrent mark-sweep generation total 1048576K, used 10803K [0x0000000780000000, 0x00000007c0000000, 0x00000007c0000000)
 Metaspace       used 2779K, capacity 4496K, committed 4864K, reserved 1056768K
  class space    used 293K, capacity 388K, committed 512K, reserved 1048576K
17.353: #35: [GC (Allocation Failure) 17.353: #35: [ParNew: 3402230K->30699K(3774912K), 0.0138170 secs] 3413034K->41503K(4823488K), 0.0138604 secs] [Times: user=0.03 sys=0.00 real=0.01 secs] 
Heap after GC invocations=34 (full 2):
 par new generation   total 3774912K, used 30699K [0x0000000680000000, 0x0000000780000000, 0x0000000780000000)
  eden space 3355520K,   0% used [0x0000000680000000, 0x0000000680000000, 0x000000074cce0000)
  from space 419392K,   7% used [0x000000074cce0000, 0x000000074eadaf00, 0x0000000766670000)
  to   space 419392K,   0% used [0x0000000766670000, 0x0000000766670000, 0x0000000780000000)
 concurrent mark-sweep generation total 1048576K, used 10803K [0x0000000780000000, 0x00000007c0000000, 0x00000007c0000000)
 Metaspace       used 2779K, capacity 4496K, committed 4864K, reserved 1056768K
  class space    used 293K, capacity 388K, committed 512K, reserved 1048576K
}
{Heap before GC invocations=34 (full 2):
 par new generation   total 3774912K, used 95907K [0x0000000680000000, 0x0000000780000000, 0x0000000780000000)
  eden space 3355520K,   1% used [0x0000000680000000, 0x0000000683fadd70, 0x000000074cce0000)
  from space 419392K,   7% used [0x000000074cce0000, 0x000000074eadaf00, 0x0000000766670000)
  to   space 419392K,   0% used [0x0000000766670000, 0x0000000766670000, 0x0000000780000000)
 concurrent mark-sweep generation total 1048576K, used 10803K [0x0000000780000000, 0x00000007c0000000, 0x00000007c0000000)
 Metaspace       used 2779K, capacity 4496K, committed 4864K, reserved 1056768K
  class space    used 293K, capacity 388K, committed 512K, reserved 1048576K
17.381: #36: [GC (GCLocker Initiated GC) 17.381: #36: [ParNew: 95907K->22731K(3774912K), 0.0069391 secs] 106710K->33535K(4823488K), 0.0069880 secs] [Times: user=0.03 sys=0.00 real=0.00 secs] 
Heap after GC invocations=35 (full 2):
 par new generation   total 3774912K, used 22731K [0x0000000680000000, 0x0000000780000000, 0x0000000780000000)
  eden space 3355520K,   0% used [0x0000000680000000, 0x0000000680000000, 0x000000074cce0000)
  from space 419392K,   5% used [0x0000000766670000, 0x0000000767ca2e78, 0x0000000780000000)
  to   space 419392K,   0% used [0x000000074cce0000, 0x000000074cce0000, 0x0000000766670000)
 concurrent mark-sweep generation total 1048576K, used 10803K [0x0000000780000000, 0x00000007c0000000, 0x00000007c0000000)
 Metaspace       used 2779K, capacity 4496K, committed 4864K, reserved 1056768K
  class space    used 293K, capacity 388K, committed 512K, reserved 1048576K
}
SYSTEM_GC BEFORE
{Heap before GC invocations=35 (full 2):
 par new generation   total 3774912K, used 2430013K [0x0000000680000000, 0x0000000780000000, 0x0000000780000000)
  eden space 3355520K,  71% used [0x0000000680000000, 0x0000000712edc8c0, 0x000000074cce0000)
  from space 419392K,   5% used [0x0000000766670000, 0x0000000767ca2e78, 0x0000000780000000)
  to   space 419392K,   0% used [0x000000074cce0000, 0x000000074cce0000, 0x0000000766670000)
 concurrent mark-sweep generation total 1048576K, used 10803K [0x0000000780000000, 0x00000007c0000000, 0x00000007c0000000)
 Metaspace       used 2779K, capacity 4496K, committed 4864K, reserved 1056768K
  class space    used 293K, capacity 388K, committed 512K, reserved 1048576K
17.822: #37: [GC (System.gc()) 17.822: #37: [ParNew: 2430013K->36205K(3774912K), 0.0086983 secs] 2440817K->47008K(4823488K), 0.0087390 secs] [Times: user=0.02 sys=0.00 real=0.01 secs] 
Heap after GC invocations=36 (full 2):
 par new generation   total 3774912K, used 36205K [0x0000000680000000, 0x0000000780000000, 0x0000000780000000)
  eden space 3355520K,   0% used [0x0000000680000000, 0x0000000680000000, 0x000000074cce0000)
  from space 419392K,   8% used [0x000000074cce0000, 0x000000074f03b4e0, 0x0000000766670000)
  to   space 419392K,   0% used [0x0000000766670000, 0x0000000766670000, 0x0000000780000000)
 concurrent mark-sweep generation total 1048576K, used 10803K [0x0000000780000000, 0x00000007c0000000, 0x00000007c0000000)
 Metaspace       used 2779K, capacity 4496K, committed 4864K, reserved 1056768K
  class space    used 293K, capacity 388K, committed 512K, reserved 1048576K
}
17.831: #38: [GC (CMS Initial Mark) [1 CMS-initial-mark: 10803K(1048576K)] 63166K(4823488K), 0.0015842 secs] [Times: user=0.01 sys=0.00 real=0.00 secs] 
17.832: #38: [CMS-concurrent-mark-start]
17.856: #38: [CMS-concurrent-mark: 0.024/0.024 secs] [Times: user=0.07 sys=0.01 real=0.02 secs] 
17.856: #38: [CMS-concurrent-preclean-start]
17.858: #38: [CMS-concurrent-preclean: 0.002/0.002 secs] [Times: user=0.01 sys=0.00 real=0.00 secs] 
17.859: #38: [CMS-concurrent-abortable-preclean-start]
18.282: #38: [CMS-concurrent-abortable-preclean: 0.121/0.424 secs] [Times: user=1.23 sys=0.09 real=0.43 secs] 
18.283: #38: [GC (CMS Final Remark) [YG occupancy: 2205152 K (3774912 K)]{Heap before GC invocations=36 (full 3):
 par new generation   total 3774912K, used 2205152K [0x0000000680000000, 0x0000000780000000, 0x0000000780000000)
  eden space 3355520K,  64% used [0x0000000680000000, 0x000000070461cc80, 0x000000074cce0000)
  from space 419392K,   8% used [0x000000074cce0000, 0x000000074f03b4e0, 0x0000000766670000)
  to   space 419392K,   0% used [0x0000000766670000, 0x0000000766670000, 0x0000000780000000)
 concurrent mark-sweep generation total 1048576K, used 10803K [0x0000000780000000, 0x00000007c0000000, 0x00000007c0000000)
 Metaspace       used 2779K, capacity 4496K, committed 4864K, reserved 1056768K
  class space    used 293K, capacity 388K, committed 512K, reserved 1048576K
18.283: #39: [GC (CMS Final Remark) 18.283: #39: [ParNew: 2205152K->23246K(3774912K), 0.0091952 secs] 2215955K->34050K(4823488K), 0.0092320 secs] [Times: user=0.03 sys=0.00 real=0.01 secs] 
Heap after GC invocations=37 (full 3):
 par new generation   total 3774912K, used 23246K [0x0000000680000000, 0x0000000780000000, 0x0000000780000000)
  eden space 3355520K,   0% used [0x0000000680000000, 0x0000000680000000, 0x000000074cce0000)
  from space 419392K,   5% used [0x0000000766670000, 0x0000000767d23ac0, 0x0000000780000000)
  to   space 419392K,   0% used [0x000000074cce0000, 0x000000074cce0000, 0x0000000766670000)
 concurrent mark-sweep generation total 1048576K, used 10803K [0x0000000780000000, 0x00000007c0000000, 0x00000007c0000000)
 Metaspace       used 2779K, capacity 4496K, committed 4864K, reserved 1056768K
  class space    used 293K, capacity 388K, committed 512K, reserved 1048576K
}
18.292: #38: [Rescan (parallel) , 0.0021019 secs]18.294: #38: [weak refs processing, 0.0000165 secs]18.294: #38: [class unloading, 0.0003749 secs]18.295: #38: [scrub symbol table, 0.0005812 secs]18.295: #38: [scrub string table, 0.0001804 secs][1 CMS-remark: 10803K(1048576K)] 34050K(4823488K), 0.0127242 secs] [Times: user=0.03 sys=0.00 real=0.01 secs] 
18.296: #38: [CMS-concurrent-sweep-start]
18.302: #38: [CMS-concurrent-sweep: 0.007/0.007 secs] [Times: user=0.01 sys=0.01 real=0.01 secs] 
18.302: #38: [CMS-concurrent-reset-start]
18.304: #38: [CMS-concurrent-reset: 0.001/0.001 secs] [Times: user=0.01 sys=0.00 real=0.00 secs] SYSTEM_GC AFTER

{Heap before GC invocations=37 (full 3):
 par new generation   total 3774912K, used 3378766K [0x0000000680000000, 0x0000000780000000, 0x0000000780000000)
  eden space 3355520K, 100% used [0x0000000680000000, 0x000000074cce0000, 0x000000074cce0000)
  from space 419392K,   5% used [0x0000000766670000, 0x0000000767d23ad8, 0x0000000780000000)
  to   space 419392K,   0% used [0x000000074cce0000, 0x000000074cce0000, 0x0000000766670000)
 concurrent mark-sweep generation total 1048576K, used 10803K [0x0000000780000000, 0x00000007c0000000, 0x00000007c0000000)
 Metaspace       used 2779K, capacity 4496K, committed 4864K, reserved 1056768K
  class space    used 293K, capacity 388K, committed 512K, reserved 1048576K
18.902: #40: [GC (Allocation Failure) 18.902: #40: [ParNew: 3378766K->28827K(3774912K), 0.0123589 secs] 3389570K->39631K(4823488K), 0.0124043 secs] [Times: user=0.03 sys=0.00 real=0.01 secs] 
Heap after GC invocations=38 (full 3):
 par new generation   total 3774912K, used 28827K [0x0000000680000000, 0x0000000780000000, 0x0000000780000000)
  eden space 3355520K,   0% used [0x0000000680000000, 0x0000000680000000, 0x000000074cce0000)
  from space 419392K,   6% used [0x000000074cce0000, 0x000000074e906e70, 0x0000000766670000)
  to   space 419392K,   0% used [0x0000000766670000, 0x0000000766670000, 0x0000000780000000)
 concurrent mark-sweep generation total 1048576K, used 10803K [0x0000000780000000, 0x00000007c0000000, 0x00000007c0000000)
 Metaspace       used 2779K, capacity 4496K, committed 4864K, reserved 1056768K
  class space    used 293K, capacity 388K, committed 512K, reserved 1048576K
}
{Heap before GC invocations=38 (full 3):
 par new generation   total 3774912K, used 110228K [0x0000000680000000, 0x0000000780000000, 0x0000000780000000)
  eden space 3355520K,   2% used [0x0000000680000000, 0x0000000684f7e230, 0x000000074cce0000)
  from space 419392K,   6% used [0x000000074cce0000, 0x000000074e906e70, 0x0000000766670000)
  to   space 419392K,   0% used [0x0000000766670000, 0x0000000766670000, 0x0000000780000000)
 concurrent mark-sweep generation total 1048576K, used 10803K [0x0000000780000000, 0x00000007c0000000, 0x00000007c0000000)
 Metaspace       used 2779K, capacity 4496K, committed 4864K, reserved 1056768K
  class space    used 293K, capacity 388K, committed 512K, reserved 1048576K
18.925: #41: [GC (GCLocker Initiated GC) 18.925: #41: [ParNew: 110228K->23420K(3774912K), 0.0078333 secs] 121031K->34223K(4823488K), 0.0078993 secs] [Times: user=0.02 sys=0.00 real=0.01 secs] 
Heap after GC invocations=39 (full 3):
 par new generation   total 3774912K, used 23420K [0x0000000680000000, 0x0000000780000000, 0x0000000780000000)
  eden space 3355520K,   0% used [0x0000000680000000, 0x0000000680000000, 0x000000074cce0000)
  from space 419392K,   5% used [0x0000000766670000, 0x0000000767d4f0b0, 0x0000000780000000)
  to   space 419392K,   0% used [0x000000074cce0000, 0x000000074cce0000, 0x0000000766670000)
 concurrent mark-sweep generation total 1048576K, used 10803K [0x0000000780000000, 0x00000007c0000000, 0x00000007c0000000)
 Metaspace       used 2779K, capacity 4496K, committed 4864K, reserved 1056768K
  class space    used 293K, capacity 388K, committed 512K, reserved 1048576K
}
{Heap before GC invocations=39 (full 3):
 par new generation   total 3774912K, used 3379885K [0x0000000680000000, 0x0000000780000000, 0x0000000780000000)
  eden space 3355520K, 100% used [0x0000000680000000, 0x000000074cce0000, 0x000000074cce0000)
  from space 419392K,   5% used [0x0000000766670000, 0x0000000767e3b7f0, 0x0000000780000000)
  to   space 419392K,   0% used [0x000000074cce0000, 0x000000074cce0000, 0x0000000766670000)
 concurrent mark-sweep generation total 1048576K, used 10803K [0x0000000780000000, 0x00000007c0000000, 0x00000007c0000000)
 Metaspace       used 2779K, capacity 4496K, committed 4864K, reserved 1056768K
  class space    used 293K, capacity 388K, committed 512K, reserved 1048576K
19.630: #42: [GC (GCLocker Initiated GC) 19.630: #42: [ParNew: 3379885K->43137K(3774912K), 0.0114607 secs] 3390689K->53941K(4823488K), 0.0115057 secs] [Times: user=0.03 sys=0.00 real=0.01 secs] 
Heap after GC invocations=40 (full 3):
 par new generation   total 3774912K, used 43137K [0x0000000680000000, 0x0000000780000000, 0x0000000780000000)
  eden space 3355520K,   0% used [0x0000000680000000, 0x0000000680000000, 0x000000074cce0000)
  from space 419392K,  10% used [0x000000074cce0000, 0x000000074f700760, 0x0000000766670000)
  to   space 419392K,   0% used [0x0000000766670000, 0x0000000766670000, 0x0000000780000000)
 concurrent mark-sweep generation total 1048576K, used 10803K [0x0000000780000000, 0x00000007c0000000, 0x00000007c0000000)
 Metaspace       used 2779K, capacity 4496K, committed 4864K, reserved 1056768K
  class space    used 293K, capacity 388K, committed 512K, reserved 1048576K
}
{Heap before GC invocations=40 (full 3):
 par new generation   total 3774912K, used 3398657K [0x0000000680000000, 0x0000000780000000, 0x0000000780000000)
  eden space 3355520K, 100% used [0x0000000680000000, 0x000000074cce0000, 0x000000074cce0000)
  from space 419392K,  10% used [0x000000074cce0000, 0x000000074f700760, 0x0000000766670000)
  to   space 419392K,   0% used [0x0000000766670000, 0x0000000766670000, 0x0000000780000000)
 concurrent mark-sweep generation total 1048576K, used 10803K [0x0000000780000000, 0x00000007c0000000, 0x00000007c0000000)
 Metaspace       used 2779K, capacity 4496K, committed 4864K, reserved 1056768K
  class space    used 293K, capacity 388K, committed 512K, reserved 1048576K
20.395: #43: [GC (Allocation Failure) 20.395: #43: [ParNew: 3398657K->29556K(3774912K), 0.0208214 secs] 3409461K->40359K(4823488K), 0.0208771 secs] [Times: user=0.03 sys=0.00 real=0.02 secs] 
Heap after GC invocations=41 (full 3):
 par new generation   total 3774912K, used 29556K [0x0000000680000000, 0x0000000780000000, 0x0000000780000000)
  eden space 3355520K,   0% used [0x0000000680000000, 0x0000000680000000, 0x000000074cce0000)
  from space 419392K,   7% used [0x0000000766670000, 0x000000076834d060, 0x0000000780000000)
  to   space 419392K,   0% used [0x000000074cce0000, 0x000000074cce0000, 0x0000000766670000)
 concurrent mark-sweep generation total 1048576K, used 10803K [0x0000000780000000, 0x00000007c0000000, 0x00000007c0000000)
 Metaspace       used 2779K, capacity 4496K, committed 4864K, reserved 1056768K
  class space    used 293K, capacity 388K, committed 512K, reserved 1048576K
}
{Heap before GC invocations=41 (full 3):
 par new generation   total 3774912K, used 3385319K [0x0000000680000000, 0x0000000780000000, 0x0000000780000000)
  eden space 3355520K, 100% used [0x0000000680000000, 0x000000074cce0000, 0x000000074cce0000)
  from space 419392K,   7% used [0x0000000766670000, 0x0000000768389e08, 0x0000000780000000)
  to   space 419392K,   0% used [0x000000074cce0000, 0x000000074cce0000, 0x0000000766670000)
 concurrent mark-sweep generation total 1048576K, used 10803K [0x0000000780000000, 0x00000007c0000000, 0x00000007c0000000)
 Metaspace       used 2779K, capacity 4496K, committed 4864K, reserved 1056768K
  class space    used 293K, capacity 388K, committed 512K, reserved 1048576K
21.215: #44: [GC (Allocation Failure) 21.215: #44: [ParNew: 3385319K->32062K(3774912K), 0.0149162 secs] 3396123K->42866K(4823488K), 0.0149834 secs] [Times: user=0.02 sys=0.00 real=0.02 secs] 
Heap after GC invocations=42 (full 3):
 par new generation   total 3774912K, used 32062K [0x0000000680000000, 0x0000000780000000, 0x0000000780000000)
  eden space 3355520K,   0% used [0x0000000680000000, 0x0000000680000000, 0x000000074cce0000)
  from space 419392K,   7% used [0x000000074cce0000, 0x000000074ec2fba0, 0x0000000766670000)
  to   space 419392K,   0% used [0x0000000766670000, 0x0000000766670000, 0x0000000780000000)
 concurrent mark-sweep generation total 1048576K, used 10803K [0x0000000780000000, 0x00000007c0000000, 0x00000007c0000000)
 Metaspace       used 2779K, capacity 4496K, committed 4864K, reserved 1056768K
  class space    used 293K, capacity 388K, committed 512K, reserved 1048576K
}
{Heap before GC invocations=42 (full 3):
 par new generation   total 3774912K, used 113762K [0x0000000680000000, 0x0000000780000000, 0x0000000780000000)
  eden space 3355520K,   2% used [0x0000000680000000, 0x0000000684fc8c78, 0x000000074cce0000)
  from space 419392K,   7% used [0x000000074cce0000, 0x000000074ec2fba0, 0x0000000766670000)
  to   space 419392K,   0% used [0x0000000766670000, 0x0000000766670000, 0x0000000780000000)
 concurrent mark-sweep generation total 1048576K, used 10803K [0x0000000780000000, 0x00000007c0000000, 0x00000007c0000000)
 Metaspace       used 2779K, capacity 4496K, committed 4864K, reserved 1056768K
  class space    used 293K, capacity 388K, committed 512K, reserved 1048576K
21.243: #45: [GC (GCLocker Initiated GC) 21.243: #45: [ParNew: 113762K->27345K(3774912K), 0.0135493 secs] 124565K->38148K(4823488K), 0.0136185 secs] [Times: user=0.03 sys=0.00 real=0.01 secs] 
Heap after GC invocations=43 (full 3):
 par new generation   total 3774912K, used 27345K [0x0000000680000000, 0x0000000780000000, 0x0000000780000000)
  eden space 3355520K,   0% used [0x0000000680000000, 0x0000000680000000, 0x000000074cce0000)
  from space 419392K,   6% used [0x0000000766670000, 0x0000000768124440, 0x0000000780000000)
  to   space 419392K,   0% used [0x000000074cce0000, 0x000000074cce0000, 0x0000000766670000)
 concurrent mark-sweep generation total 1048576K, used 10803K [0x0000000780000000, 0x00000007c0000000, 0x00000007c0000000)
 Metaspace       used 2779K, capacity 4496K, committed 4864K, reserved 1056768K
  class space    used 293K, capacity 388K, committed 512K, reserved 1048576K
}
{Heap before GC invocations=43 (full 3):
 par new generation   total 3774912K, used 3382865K [0x0000000680000000, 0x0000000780000000, 0x0000000780000000)
  eden space 3355520K, 100% used [0x0000000680000000, 0x000000074cce0000, 0x000000074cce0000)
  from space 419392K,   6% used [0x0000000766670000, 0x0000000768124470, 0x0000000780000000)
  to   space 419392K,   0% used [0x000000074cce0000, 0x000000074cce0000, 0x0000000766670000)
 concurrent mark-sweep generation total 1048576K, used 10803K [0x0000000780000000, 0x00000007c0000000, 0x00000007c0000000)
 Metaspace       used 2779K, capacity 4496K, committed 4864K, reserved 1056768K
  class space    used 293K, capacity 388K, committed 512K, reserved 1048576K
21.862: #46: [GC (Allocation Failure) 21.862: #46: [ParNew: 3382865K->47319K(3774912K), 0.0111777 secs] 3393668K->58122K(4823488K), 0.0112180 secs] [Times: user=0.03 sys=0.00 real=0.01 secs] 
Heap after GC invocations=44 (full 3):
 par new generation   total 3774912K, used 47319K [0x0000000680000000, 0x0000000780000000, 0x0000000780000000)
  eden space 3355520K,   0% used [0x0000000680000000, 0x0000000680000000, 0x000000074cce0000)
  from space 419392K,  11% used [0x000000074cce0000, 0x000000074fb15d20, 0x0000000766670000)
  to   space 419392K,   0% used [0x0000000766670000, 0x0000000766670000, 0x0000000780000000)
 concurrent mark-sweep generation total 1048576K, used 10803K [0x0000000780000000, 0x00000007c0000000, 0x00000007c0000000)
 Metaspace       used 2779K, capacity 4496K, committed 4864K, reserved 1056768K
  class space    used 293K, capacity 388K, committed 512K, reserved 1048576K
}
{Heap before GC invocations=44 (full 3):
 par new generation   total 3774912K, used 161397K [0x0000000680000000, 0x0000000780000000, 0x0000000780000000)
  eden space 3355520K,   3% used [0x0000000680000000, 0x0000000686f67a00, 0x000000074cce0000)
  from space 419392K,  11% used [0x000000074cce0000, 0x000000074fb15d20, 0x0000000766670000)
  to   space 419392K,   0% used [0x0000000766670000, 0x0000000766670000, 0x0000000780000000)
 concurrent mark-sweep generation total 1048576K, used 10803K [0x0000000780000000, 0x00000007c0000000, 0x00000007c0000000)
 Metaspace       used 2779K, capacity 4496K, committed 4864K, reserved 1056768K
  class space    used 293K, capacity 388K, committed 512K, reserved 1048576K
21.885: #47: [GC (GCLocker Initiated GC) 21.885: #47: [ParNew: 161397K->28086K(3774912K), 0.0075692 secs] 172201K->38889K(4823488K), 0.0076123 secs] [Times: user=0.03 sys=0.00 real=0.01 secs] 
Heap after GC invocations=45 (full 3):
 par new generation   total 3774912K, used 28086K [0x0000000680000000, 0x0000000780000000, 0x0000000780000000)
  eden space 3355520K,   0% used [0x0000000680000000, 0x0000000680000000, 0x000000074cce0000)
  from space 419392K,   6% used [0x0000000766670000, 0x00000007681dd968, 0x0000000780000000)
  to   space 419392K,   0% used [0x000000074cce0000, 0x000000074cce0000, 0x0000000766670000)
 concurrent mark-sweep generation total 1048576K, used 10803K [0x0000000780000000, 0x00000007c0000000, 0x00000007c0000000)
 Metaspace       used 2779K, capacity 4496K, committed 4864K, reserved 1056768K
  class space    used 293K, capacity 388K, committed 512K, reserved 1048576K
}
{Heap before GC invocations=45 (full 3):
 par new generation   total 3774912K, used 3383606K [0x0000000680000000, 0x0000000780000000, 0x0000000780000000)
  eden space 3355520K, 100% used [0x0000000680000000, 0x000000074cce0000, 0x000000074cce0000)
  from space 419392K,   6% used [0x0000000766670000, 0x00000007681dd968, 0x0000000780000000)
  to   space 419392K,   0% used [0x000000074cce0000, 0x000000074cce0000, 0x0000000766670000)
 concurrent mark-sweep generation total 1048576K, used 10803K [0x0000000780000000, 0x00000007c0000000, 0x00000007c0000000)
 Metaspace       used 2779K, capacity 4496K, committed 4864K, reserved 1056768K
  class space    used 293K, capacity 388K, committed 512K, reserved 1048576K
22.490: #48: [GC (Allocation Failure) 22.490: #48: [ParNew: 3383606K->46940K(3774912K), 0.0104099 secs] 3394409K->57744K(4823488K), 0.0104425 secs] [Times: user=0.03 sys=0.00 real=0.01 secs] 
Heap after GC invocations=46 (full 3):
 par new generation   total 3774912K, used 46940K [0x0000000680000000, 0x0000000780000000, 0x0000000780000000)
  eden space 3355520K,   0% used [0x0000000680000000, 0x0000000680000000, 0x000000074cce0000)
  from space 419392K,  11% used [0x000000074cce0000, 0x000000074fab72c0, 0x0000000766670000)
  to   space 419392K,   0% used [0x0000000766670000, 0x0000000766670000, 0x0000000780000000)
 concurrent mark-sweep generation total 1048576K, used 10803K [0x0000000780000000, 0x00000007c0000000, 0x00000007c0000000)
 Metaspace       used 2779K, capacity 4496K, committed 4864K, reserved 1056768K
  class space    used 293K, capacity 388K, committed 512K, reserved 1048576K
}
{Heap before GC invocations=46 (full 3):
 par new generation   total 3774912K, used 3402460K [0x0000000680000000, 0x0000000780000000, 0x0000000780000000)
  eden space 3355520K, 100% used [0x0000000680000000, 0x000000074cce0000, 0x000000074cce0000)
  from space 419392K,  11% used [0x000000074cce0000, 0x000000074fab72c0, 0x0000000766670000)
  to   space 419392K,   0% used [0x0000000766670000, 0x0000000766670000, 0x0000000780000000)
 concurrent mark-sweep generation total 1048576K, used 10803K [0x0000000780000000, 0x00000007c0000000, 0x00000007c0000000)
 Metaspace       used 2779K, capacity 4496K, committed 4864K, reserved 1056768K
  class space    used 293K, capacity 388K, committed 512K, reserved 1048576K
23.033: #49: [GC (Allocation Failure) 23.033: #49: [ParNew: 3402460K->32293K(3774912K), 0.0102999 secs] 3413264K->43097K(4823488K), 0.0103391 secs] [Times: user=0.03 sys=0.00 real=0.01 secs] 
Heap after GC invocations=47 (full 3):
 par new generation   total 3774912K, used 32293K [0x0000000680000000, 0x0000000780000000, 0x0000000780000000)
  eden space 3355520K,   0% used [0x0000000680000000, 0x0000000680000000, 0x000000074cce0000)
  from space 419392K,   7% used [0x0000000766670000, 0x00000007685f9760, 0x0000000780000000)
  to   space 419392K,   0% used [0x000000074cce0000, 0x000000074cce0000, 0x0000000766670000)
 concurrent mark-sweep generation total 1048576K, used 10803K [0x0000000780000000, 0x00000007c0000000, 0x00000007c0000000)
 Metaspace       used 2779K, capacity 4496K, committed 4864K, reserved 1056768K
  class space    used 293K, capacity 388K, committed 512K, reserved 1048576K
}
SYSTEM_GC BEFORE
{Heap before GC invocations=47 (full 3):
 par new generation   total 3774912K, used 1579796K [0x0000000680000000, 0x0000000780000000, 0x0000000780000000)
  eden space 3355520K,  46% used [0x0000000680000000, 0x00000006de73b960, 0x000000074cce0000)
  from space 419392K,   7% used [0x0000000766670000, 0x00000007685f9760, 0x0000000780000000)
  to   space 419392K,   0% used [0x000000074cce0000, 0x000000074cce0000, 0x0000000766670000)
 concurrent mark-sweep generation total 1048576K, used 10803K [0x0000000780000000, 0x00000007c0000000, 0x00000007c0000000)
 Metaspace       used 2779K, capacity 4496K, committed 4864K, reserved 1056768K
  class space    used 293K, capacity 388K, committed 512K, reserved 1048576K
23.305: #50: [GC (GCLocker Initiated GC) 23.305: #50: [ParNew: 1579796K->17540K(3774912K), 0.0074458 secs] 1590599K->28343K(4823488K), 0.0074806 secs] [Times: user=0.02 sys=0.00 real=0.01 secs] 
Heap after GC invocations=48 (full 3):
 par new generation   total 3774912K, used 17540K [0x0000000680000000, 0x0000000780000000, 0x0000000780000000)
  eden space 3355520K,   0% used [0x0000000680000000, 0x0000000680000000, 0x000000074cce0000)
  from space 419392K,   4% used [0x000000074cce0000, 0x000000074de01038, 0x0000000766670000)
  to   space 419392K,   0% used [0x0000000766670000, 0x0000000766670000, 0x0000000780000000)
 concurrent mark-sweep generation total 1048576K, used 10803K [0x0000000780000000, 0x00000007c0000000, 0x00000007c0000000)
 Metaspace       used 2779K, capacity 4496K, committed 4864K, reserved 1056768K
  class space    used 293K, capacity 388K, committed 512K, reserved 1048576K
}
23.313: #51: [GC (CMS Initial Mark) [1 CMS-initial-mark: 10803K(1048576K)] 45979K(4823488K), 0.0016442 secs] [Times: user=0.00 sys=0.00 real=0.00 secs] 
23.315: #51: [CMS-concurrent-mark-start]
23.346: #51: [CMS-concurrent-mark: 0.031/0.031 secs] [Times: user=0.11 sys=0.02 real=0.03 secs] 
23.346: #51: [CMS-concurrent-preclean-start]
23.349: #51: [CMS-concurrent-preclean: 0.002/0.002 secs] [Times: user=0.00 sys=0.00 real=0.00 secs] 
23.349: #51: [CMS-concurrent-abortable-preclean-start]
23.763: #51: [CMS-concurrent-abortable-preclean: 0.111/0.414 secs] [Times: user=1.51 sys=0.08 real=0.42 secs] 
23.763: #51: [GC (CMS Final Remark) [YG occupancy: 2723051 K (3774912 K)]23.763: #51: [Rescan (parallel) , 0.9616241 secs]24.725: #51: [weak refs processing, 0.0000162 secs]24.725: #51: [class unloading, 0.0004619 secs]24.725: #51: [scrub symbol table, 0.0005227 secs]24.726: #51: [scrub string table, 0.0001883 secs][1 CMS-remark: 10803K(1048576K)] 2733854K(4823488K), 0.9629415 secs] [Times: user=2.82 sys=0.01 real=0.96 secs] 
24.726: #51: [CMS-concurrent-sweep-start]
24.732: #51: [CMS-concurrent-sweep: 0.006/0.006 secs] [Times: user=0.01 sys=0.00 real=0.01 secs] 
24.732: #51: [CMS-concurrent-reset-start]
24.734: #51: [CMS-concurrent-reset: 0.002/0.002 secs] [Times: user=0.00 sys=0.00 real=0.00 secs] 
SYSTEM_GC AFTER
{Heap before GC invocations=48 (full 4):
 par new generation   total 3774912K, used 2771629K [0x0000000680000000, 0x0000000780000000, 0x0000000780000000)
  eden space 3355520K,  82% used [0x0000000680000000, 0x000000072818a6e0, 0x000000074cce0000)
  from space 419392K,   4% used [0x000000074cce0000, 0x000000074de01038, 0x0000000766670000)
  to   space 419392K,   0% used [0x0000000766670000, 0x0000000766670000, 0x0000000780000000)
 concurrent mark-sweep generation total 1048576K, used 10803K [0x0000000780000000, 0x00000007c0000000, 0x00000007c0000000)
 Metaspace       used 2779K, capacity 4496K, committed 4864K, reserved 1056768K
  class space    used 293K, capacity 388K, committed 512K, reserved 1048576K
24.740: #52: [GC (GCLocker Initiated GC) 24.740: #52: [ParNew: 2771629K->25023K(3774912K), 0.0129709 secs] 2782433K->35827K(4823488K), 0.0130111 secs] [Times: user=0.02 sys=0.00 real=0.01 secs] 
Heap after GC invocations=49 (full 4):
 par new generation   total 3774912K, used 25023K [0x0000000680000000, 0x0000000780000000, 0x0000000780000000)
  eden space 3355520K,   0% used [0x0000000680000000, 0x0000000680000000, 0x000000074cce0000)
  from space 419392K,   5% used [0x0000000766670000, 0x0000000767edff30, 0x0000000780000000)
  to   space 419392K,   0% used [0x000000074cce0000, 0x000000074cce0000, 0x0000000766670000)
 concurrent mark-sweep generation total 1048576K, used 10803K [0x0000000780000000, 0x00000007c0000000, 0x00000007c0000000)
 Metaspace       used 2779K, capacity 4496K, committed 4864K, reserved 1056768K
  class space    used 293K, capacity 388K, committed 512K, reserved 1048576K
}
{Heap before GC invocations=49 (full 4):
 par new generation   total 3774912K, used 3380543K [0x0000000680000000, 0x0000000780000000, 0x0000000780000000)
  eden space 3355520K, 100% used [0x0000000680000000, 0x000000074cce0000, 0x000000074cce0000)
  from space 419392K,   5% used [0x0000000766670000, 0x0000000767edff50, 0x0000000780000000)
  to   space 419392K,   0% used [0x000000074cce0000, 0x000000074cce0000, 0x0000000766670000)
 concurrent mark-sweep generation total 1048576K, used 10803K [0x0000000780000000, 0x00000007c0000000, 0x00000007c0000000)
 Metaspace       used 2779K, capacity 4496K, committed 4864K, reserved 1056768K
  class space    used 293K, capacity 388K, committed 512K, reserved 1048576K
25.319: #53: [GC (Allocation Failure) 25.320: #53: [ParNew: 3380543K->30345K(3774912K), 0.0110821 secs] 3391347K->41148K(4823488K), 0.0111312 secs] [Times: user=0.03 sys=0.00 real=0.02 secs] 
Heap after GC invocations=50 (full 4):
 par new generation   total 3774912K, used 30345K [0x0000000680000000, 0x0000000780000000, 0x0000000780000000)
  eden space 3355520K,   0% used [0x0000000680000000, 0x0000000680000000, 0x000000074cce0000)
  from space 419392K,   7% used [0x000000074cce0000, 0x000000074ea82550, 0x0000000766670000)
  to   space 419392K,   0% used [0x0000000766670000, 0x0000000766670000, 0x0000000780000000)
 concurrent mark-sweep generation total 1048576K, used 10803K [0x0000000780000000, 0x00000007c0000000, 0x00000007c0000000)
 Metaspace       used 2779K, capacity 4496K, committed 4864K, reserved 1056768K
  class space    used 293K, capacity 388K, committed 512K, reserved 1048576K
}
{Heap before GC invocations=50 (full 4):
 par new generation   total 3774912K, used 127610K [0x0000000680000000, 0x0000000780000000, 0x0000000780000000)
  eden space 3355520K,   2% used [0x0000000680000000, 0x0000000685efc3b0, 0x000000074cce0000)
  from space 419392K,   7% used [0x000000074cce0000, 0x000000074ea82550, 0x0000000766670000)
  to   space 419392K,   0% used [0x0000000766670000, 0x0000000766670000, 0x0000000780000000)
 concurrent mark-sweep generation total 1048576K, used 10803K [0x0000000780000000, 0x00000007c0000000, 0x00000007c0000000)
 Metaspace       used 2782K, capacity 4496K, committed 4864K, reserved 1056768K
  class space    used 293K, capacity 388K, committed 512K, reserved 1048576K
25.341: #54: [GC (GCLocker Initiated GC) 25.341: #54: [ParNew: 127610K->24480K(3774912K), 0.0086698 secs] 138413K->35283K(4823488K), 0.0087183 secs] [Times: user=0.02 sys=0.00 real=0.01 secs] 
Heap after GC invocations=51 (full 4):
 par new generation   total 3774912K, used 24480K [0x0000000680000000, 0x0000000780000000, 0x0000000780000000)
  eden space 3355520K,   0% used [0x0000000680000000, 0x0000000680000000, 0x000000074cce0000)
  from space 419392K,   5% used [0x0000000766670000, 0x0000000767e58060, 0x0000000780000000)
  to   space 419392K,   0% used [0x000000074cce0000, 0x000000074cce0000, 0x0000000766670000)
 concurrent mark-sweep generation total 1048576K, used 10803K [0x0000000780000000, 0x00000007c0000000, 0x00000007c0000000)
 Metaspace       used 2782K, capacity 4496K, committed 4864K, reserved 1056768K
  class space    used 293K, capacity 388K, committed 512K, reserved 1048576K
}
{Heap before GC invocations=51 (full 4):
 par new generation   total 3774912K, used 3380000K [0x0000000680000000, 0x0000000780000000, 0x0000000780000000)
  eden space 3355520K, 100% used [0x0000000680000000, 0x000000074cce0000, 0x000000074cce0000)
  from space 419392K,   5% used [0x0000000766670000, 0x0000000767e58060, 0x0000000780000000)
  to   space 419392K,   0% used [0x000000074cce0000, 0x000000074cce0000, 0x0000000766670000)
 concurrent mark-sweep generation total 1048576K, used 10803K [0x0000000780000000, 0x00000007c0000000, 0x00000007c0000000)
 Metaspace       used 2783K, capacity 4496K, committed 4864K, reserved 1056768K
  class space    used 293K, capacity 388K, committed 512K, reserved 1048576K
25.890: #55: [GC (Allocation Failure) 25.890: #55: [ParNew: 3380000K->44316K(3774912K), 0.0102560 secs] 3390803K->55120K(4823488K), 0.0102900 secs] [Times: user=0.02 sys=0.00 real=0.01 secs] 
Heap after GC invocations=52 (full 4):
 par new generation   total 3774912K, used 44316K [0x0000000680000000, 0x0000000780000000, 0x0000000780000000)
  eden space 3355520K,   0% used [0x0000000680000000, 0x0000000680000000, 0x000000074cce0000)
  from space 419392K,  10% used [0x000000074cce0000, 0x000000074f827240, 0x0000000766670000)
  to   space 419392K,   0% used [0x0000000766670000, 0x0000000766670000, 0x0000000780000000)
 concurrent mark-sweep generation total 1048576K, used 10803K [0x0000000780000000, 0x00000007c0000000, 0x00000007c0000000)
 Metaspace       used 2783K, capacity 4496K, committed 4864K, reserved 1056768K
  class space    used 293K, capacity 388K, committed 512K, reserved 1048576K
}
{Heap before GC invocations=52 (full 4):
 par new generation   total 3774912K, used 3399836K [0x0000000680000000, 0x0000000780000000, 0x0000000780000000)
  eden space 3355520K, 100% used [0x0000000680000000, 0x000000074cce0000, 0x000000074cce0000)
  from space 419392K,  10% used [0x000000074cce0000, 0x000000074f827258, 0x0000000766670000)
  to   space 419392K,   0% used [0x0000000766670000, 0x0000000766670000, 0x0000000780000000)
 concurrent mark-sweep generation total 1048576K, used 10803K [0x0000000780000000, 0x00000007c0000000, 0x00000007c0000000)
 Metaspace       used 2783K, capacity 4496K, committed 4864K, reserved 1056768K
  class space    used 293K, capacity 388K, committed 512K, reserved 1048576K
26.444: #56: [GC (Allocation Failure) 26.444: #56: [ParNew: 3399836K->31138K(3774912K), 0.0117045 secs] 3410640K->41942K(4823488K), 0.0117608 secs] [Times: user=0.02 sys=0.00 real=0.01 secs] 
Heap after GC invocations=53 (full 4):
 par new generation   total 3774912K, used 31138K [0x0000000680000000, 0x0000000780000000, 0x0000000780000000)
  eden space 3355520K,   0% used [0x0000000680000000, 0x0000000680000000, 0x000000074cce0000)
  from space 419392K,   7% used [0x0000000766670000, 0x00000007684d8ae0, 0x0000000780000000)
  to   space 419392K,   0% used [0x000000074cce0000, 0x000000074cce0000, 0x0000000766670000)
 concurrent mark-sweep generation total 1048576K, used 10803K [0x0000000780000000, 0x00000007c0000000, 0x00000007c0000000)
 Metaspace       used 2783K, capacity 4496K, committed 4864K, reserved 1056768K
  class space    used 293K, capacity 388K, committed 512K, reserved 1048576K
}
{Heap before GC invocations=53 (full 4):
 par new generation   total 3774912K, used 112120K [0x0000000680000000, 0x0000000780000000, 0x0000000780000000)
  eden space 3355520K,   2% used [0x0000000680000000, 0x0000000684f15640, 0x000000074cce0000)
  from space 419392K,   7% used [0x0000000766670000, 0x00000007684d8ae0, 0x0000000780000000)
  to   space 419392K,   0% used [0x000000074cce0000, 0x000000074cce0000, 0x0000000766670000)
 concurrent mark-sweep generation total 1048576K, used 10803K [0x0000000780000000, 0x00000007c0000000, 0x00000007c0000000)
 Metaspace       used 2783K, capacity 4496K, committed 4864K, reserved 1056768K
  class space    used 293K, capacity 388K, committed 512K, reserved 1048576K
26.467: #57: [GC (GCLocker Initiated GC) 26.467: #57: [ParNew: 112120K->22620K(3774912K), 0.0126175 secs] 122923K->33423K(4823488K), 0.0126658 secs] [Times: user=0.03 sys=0.00 real=0.02 secs] 
Heap after GC invocations=54 (full 4):
 par new generation   total 3774912K, used 22620K [0x0000000680000000, 0x0000000780000000, 0x0000000780000000)
  eden space 3355520K,   0% used [0x0000000680000000, 0x0000000680000000, 0x000000074cce0000)
  from space 419392K,   5% used [0x000000074cce0000, 0x000000074e2f7120, 0x0000000766670000)
  to   space 419392K,   0% used [0x0000000766670000, 0x0000000766670000, 0x0000000780000000)
 concurrent mark-sweep generation total 1048576K, used 10803K [0x0000000780000000, 0x00000007c0000000, 0x00000007c0000000)
 Metaspace       used 2783K, capacity 4496K, committed 4864K, reserved 1056768K
  class space    used 293K, capacity 388K, committed 512K, reserved 1048576K
}
{Heap before GC invocations=54 (full 4):
 par new generation   total 3774912K, used 3380105K [0x0000000680000000, 0x0000000780000000, 0x0000000780000000)
  eden space 3355520K, 100% used [0x0000000680000000, 0x000000074cce0000, 0x000000074cce0000)
  from space 419392K,   5% used [0x000000074cce0000, 0x000000074e4e2580, 0x0000000766670000)
  to   space 419392K,   0% used [0x0000000766670000, 0x0000000766670000, 0x0000000780000000)
 concurrent mark-sweep generation total 1048576K, used 10803K [0x0000000780000000, 0x00000007c0000000, 0x00000007c0000000)
 Metaspace       used 2783K, capacity 4496K, committed 4864K, reserved 1056768K
  class space    used 293K, capacity 388K, committed 512K, reserved 1048576K
27.035: #58: [GC (GCLocker Initiated GC) 27.035: #58: [ParNew: 3380105K->42758K(3774912K), 0.0105685 secs] 3390908K->53562K(4823488K), 0.0106067 secs] [Times: user=0.02 sys=0.00 real=0.01 secs] 
Heap after GC invocations=55 (full 4):
 par new generation   total 3774912K, used 42758K [0x0000000680000000, 0x0000000780000000, 0x0000000780000000)
  eden space 3355520K,   0% used [0x0000000680000000, 0x0000000680000000, 0x000000074cce0000)
  from space 419392K,  10% used [0x0000000766670000, 0x0000000769031ae0, 0x0000000780000000)
  to   space 419392K,   0% used [0x000000074cce0000, 0x000000074cce0000, 0x0000000766670000)
 concurrent mark-sweep generation total 1048576K, used 10803K [0x0000000780000000, 0x00000007c0000000, 0x00000007c0000000)
 Metaspace       used 2783K, capacity 4496K, committed 4864K, reserved 1056768K
  class space    used 293K, capacity 388K, committed 512K, reserved 1048576K
}
{Heap before GC invocations=55 (full 4):
 par new generation   total 3774912K, used 3398278K [0x0000000680000000, 0x0000000780000000, 0x0000000780000000)
  eden space 3355520K, 100% used [0x0000000680000000, 0x000000074cce0000, 0x000000074cce0000)
  from space 419392K,  10% used [0x0000000766670000, 0x0000000769031b10, 0x0000000780000000)
  to   space 419392K,   0% used [0x000000074cce0000, 0x000000074cce0000, 0x0000000766670000)
 concurrent mark-sweep generation total 1048576K, used 10803K [0x0000000780000000, 0x00000007c0000000, 0x00000007c0000000)
 Metaspace       used 2783K, capacity 4496K, committed 4864K, reserved 1056768K
  class space    used 293K, capacity 388K, committed 512K, reserved 1048576K
27.578: #59: [GC (GCLocker Initiated GC) 27.578: #59: [ParNew: 3398278K->32037K(3774912K), 0.0102173 secs] 3409082K->42840K(4823488K), 0.0102576 secs] [Times: user=0.02 sys=0.00 real=0.01 secs] 
Heap after GC invocations=56 (full 4):
 par new generation   total 3774912K, used 32037K [0x0000000680000000, 0x0000000780000000, 0x0000000780000000)
  eden space 3355520K,   0% used [0x0000000680000000, 0x0000000680000000, 0x000000074cce0000)
  from space 419392K,   7% used [0x000000074cce0000, 0x000000074ec29620, 0x0000000766670000)
  to   space 419392K,   0% used [0x0000000766670000, 0x0000000766670000, 0x0000000780000000)
 concurrent mark-sweep generation total 1048576K, used 10803K [0x0000000780000000, 0x00000007c0000000, 0x00000007c0000000)
 Metaspace       used 2783K, capacity 4496K, committed 4864K, reserved 1056768K
  class space    used 293K, capacity 388K, committed 512K, reserved 1048576K
}
{Heap before GC invocations=56 (full 4):
 par new generation   total 3774912K, used 3390012K [0x0000000680000000, 0x0000000780000000, 0x0000000780000000)
  eden space 3355520K, 100% used [0x0000000680000000, 0x000000074cce0000, 0x000000074cce0000)
  from space 419392K,   8% used [0x000000074cce0000, 0x000000074ee8f2b8, 0x0000000766670000)
  to   space 419392K,   0% used [0x0000000766670000, 0x0000000766670000, 0x0000000780000000)
 concurrent mark-sweep generation total 1048576K, used 10803K [0x0000000780000000, 0x00000007c0000000, 0x00000007c0000000)
 Metaspace       used 2783K, capacity 4496K, committed 4864K, reserved 1056768K
  class space    used 293K, capacity 388K, committed 512K, reserved 1048576K
28.136: #60: [GC (Allocation Failure) 28.136: #60: [ParNew: 3390012K->30670K(3774912K), 0.0101997 secs] 3400816K->41474K(4823488K), 0.0102405 secs] [Times: user=0.03 sys=0.00 real=0.01 secs] 
Heap after GC invocations=57 (full 4):
 par new generation   total 3774912K, used 30670K [0x0000000680000000, 0x0000000780000000, 0x0000000780000000)
  eden space 3355520K,   0% used [0x0000000680000000, 0x0000000680000000, 0x000000074cce0000)
  from space 419392K,   7% used [0x0000000766670000, 0x0000000768463bc0, 0x0000000780000000)
  to   space 419392K,   0% used [0x000000074cce0000, 0x000000074cce0000, 0x0000000766670000)
 concurrent mark-sweep generation total 1048576K, used 10803K [0x0000000780000000, 0x00000007c0000000, 0x00000007c0000000)
 Metaspace       used 2783K, capacity 4496K, committed 4864K, reserved 1056768K
  class space    used 293K, capacity 388K, committed 512K, reserved 1048576K
}
{Heap before GC invocations=57 (full 4):
 par new generation   total 3774912K, used 63268K [0x0000000680000000, 0x0000000780000000, 0x0000000780000000)
  eden space 3355520K,   0% used [0x0000000680000000, 0x0000000681fd5538, 0x000000074cce0000)
  from space 419392K,   7% used [0x0000000766670000, 0x0000000768463bc0, 0x0000000780000000)
  to   space 419392K,   0% used [0x000000074cce0000, 0x000000074cce0000, 0x0000000766670000)
 concurrent mark-sweep generation total 1048576K, used 10803K [0x0000000780000000, 0x00000007c0000000, 0x00000007c0000000)
 Metaspace       used 2783K, capacity 4496K, committed 4864K, reserved 1056768K
  class space    used 293K, capacity 388K, committed 512K, reserved 1048576K
28.147: #61: [GC (GCLocker Initiated GC) 28.147: #61: [ParNew: 63268K->31180K(3774912K), 0.0075134 secs] 74071K->41983K(4823488K), 0.0075536 secs] [Times: user=0.03 sys=0.00 real=0.01 secs] 
Heap after GC invocations=58 (full 4):
 par new generation   total 3774912K, used 31180K [0x0000000680000000, 0x0000000780000000, 0x0000000780000000)
  eden space 3355520K,   0% used [0x0000000680000000, 0x0000000680000000, 0x000000074cce0000)
  from space 419392K,   7% used [0x000000074cce0000, 0x000000074eb530c0, 0x0000000766670000)
  to   space 419392K,   0% used [0x0000000766670000, 0x0000000766670000, 0x0000000780000000)
 concurrent mark-sweep generation total 1048576K, used 10803K [0x0000000780000000, 0x00000007c0000000, 0x00000007c0000000)
 Metaspace       used 2783K, capacity 4496K, committed 4864K, reserved 1056768K
  class space    used 293K, capacity 388K, committed 512K, reserved 1048576K
}
{Heap before GC invocations=58 (full 4):
 par new generation   total 3774912K, used 3386700K [0x0000000680000000, 0x0000000780000000, 0x0000000780000000)
  eden space 3355520K, 100% used [0x0000000680000000, 0x000000074cce0000, 0x000000074cce0000)
  from space 419392K,   7% used [0x000000074cce0000, 0x000000074eb530c0, 0x0000000766670000)
  to   space 419392K,   0% used [0x0000000766670000, 0x0000000766670000, 0x0000000780000000)
 concurrent mark-sweep generation total 1048576K, used 10803K [0x0000000780000000, 0x00000007c0000000, 0x00000007c0000000)
 Metaspace       used 2783K, capacity 4496K, committed 4864K, reserved 1056768K
  class space    used 293K, capacity 388K, committed 512K, reserved 1048576K
28.681: #62: [GC (Allocation Failure) 28.681: #62: [ParNew: 3386700K->50092K(3774912K), 0.0105702 secs] 3397503K->60896K(4823488K), 0.0106047 secs] [Times: user=0.02 sys=0.01 real=0.01 secs] 
Heap after GC invocations=59 (full 4):
 par new generation   total 3774912K, used 50092K [0x0000000680000000, 0x0000000780000000, 0x0000000780000000)
  eden space 3355520K,   0% used [0x0000000680000000, 0x0000000680000000, 0x000000074cce0000)
  from space 419392K,  11% used [0x0000000766670000, 0x000000076975b2a0, 0x0000000780000000)
  to   space 419392K,   0% used [0x000000074cce0000, 0x000000074cce0000, 0x0000000766670000)
 concurrent mark-sweep generation total 1048576K, used 10803K [0x0000000780000000, 0x00000007c0000000, 0x00000007c0000000)
 Metaspace       used 2783K, capacity 4496K, committed 4864K, reserved 1056768K
  class space    used 293K, capacity 388K, committed 512K, reserved 1048576K
}
{Heap before GC invocations=59 (full 4):
 par new generation   total 3774912K, used 3406401K [0x0000000680000000, 0x0000000780000000, 0x0000000780000000)
  eden space 3355520K, 100% used [0x0000000680000000, 0x000000074cce0000, 0x000000074cce0000)
  from space 419392K,  12% used [0x0000000766670000, 0x00000007698206d0, 0x0000000780000000)
  to   space 419392K,   0% used [0x000000074cce0000, 0x000000074cce0000, 0x0000000766670000)
 concurrent mark-sweep generation total 1048576K, used 10803K [0x0000000780000000, 0x00000007c0000000, 0x00000007c0000000)
 Metaspace       used 2783K, capacity 4496K, committed 4864K, reserved 1056768K
  class space    used 293K, capacity 388K, committed 512K, reserved 1048576K
29.233: #63: [GC (GCLocker Initiated GC) 29.233: #63: [ParNew: 3406401K->33274K(3774912K), 0.0108576 secs] 3417205K->44078K(4823488K), 0.0109036 secs] [Times: user=0.03 sys=0.00 real=0.01 secs] 
Heap after GC invocations=60 (full 4):
 par new generation   total 3774912K, used 33274K [0x0000000680000000, 0x0000000780000000, 0x0000000780000000)
  eden space 3355520K,   0% used [0x0000000680000000, 0x0000000680000000, 0x000000074cce0000)
  from space 419392K,   7% used [0x000000074cce0000, 0x000000074ed5ea60, 0x0000000766670000)
  to   space 419392K,   0% used [0x0000000766670000, 0x0000000766670000, 0x0000000780000000)
 concurrent mark-sweep generation total 1048576K, used 10803K [0x0000000780000000, 0x00000007c0000000, 0x00000007c0000000)
 Metaspace       used 2783K, capacity 4496K, committed 4864K, reserved 1056768K
  class space    used 293K, capacity 388K, committed 512K, reserved 1048576K
}
SYSTEM_GC BEFORE
29.736: #64: [GC (CMS Initial Mark) [1 CMS-initial-mark: 10803K(1048576K)] 2924472K(4823488K), 0.7218754 secs] [Times: user=2.82 sys=0.01 real=0.72 secs] 
30.458: #64: [CMS-concurrent-mark-start]
{Heap before GC invocations=60 (full 5):
 par new generation   total 3774912K, used 2913668K [0x0000000680000000, 0x0000000780000000, 0x0000000780000000)
  eden space 3355520K,  85% used [0x0000000680000000, 0x000000072fce2880, 0x000000074cce0000)
  from space 419392K,   7% used [0x000000074cce0000, 0x000000074ed5ea60, 0x0000000766670000)
  to   space 419392K,   0% used [0x0000000766670000, 0x0000000766670000, 0x0000000780000000)
 concurrent mark-sweep generation total 1048576K, used 10803K [0x0000000780000000, 0x00000007c0000000, 0x00000007c0000000)
 Metaspace       used 2783K, capacity 4496K, committed 4864K, reserved 1056768K
  class space    used 293K, capacity 388K, committed 512K, reserved 1048576K
30.458: #65: [GC (GCLocker Initiated GC) 30.458: #65: [ParNew: 2913668K->28711K(3774912K), 0.0098505 secs] 2924472K->39514K(4823488K), 0.0098920 secs] [Times: user=0.02 sys=0.00 real=0.01 secs] 
Heap after GC invocations=61 (full 5):
 par new generation   total 3774912K, used 28711K [0x0000000680000000, 0x0000000780000000, 0x0000000780000000)
  eden space 3355520K,   0% used [0x0000000680000000, 0x0000000680000000, 0x000000074cce0000)
  from space 419392K,   6% used [0x0000000766670000, 0x0000000768279c70, 0x0000000780000000)
  to   space 419392K,   0% used [0x000000074cce0000, 0x000000074cce0000, 0x0000000766670000)
 concurrent mark-sweep generation total 1048576K, used 10803K [0x0000000780000000, 0x00000007c0000000, 0x00000007c0000000)
 Metaspace       used 2783K, capacity 4496K, committed 4864K, reserved 1056768K
  class space    used 293K, capacity 388K, committed 512K, reserved 1048576K
}
30.500: #64: [CMS-concurrent-mark: 0.032/0.042 secs] [Times: user=0.11 sys=0.03 real=0.05 secs] 
30.502: #64: [CMS-concurrent-preclean-start]
30.504: #64: [CMS-concurrent-preclean: 0.002/0.002 secs] [Times: user=0.01 sys=0.00 real=0.00 secs] 
30.504: #64: [CMS-concurrent-abortable-preclean-start]
30.961: #64: [CMS-concurrent-abortable-preclean: 0.151/0.458 secs] [Times: user=1.68 sys=0.09 real=0.46 secs] 
30.962: #64: [GC (CMS Final Remark) [YG occupancy: 2972131 K (3774912 K)]{Heap before GC invocations=61 (full 5):
 par new generation   total 3774912K, used 2972131K [0x0000000680000000, 0x0000000780000000, 0x0000000780000000)
  eden space 3355520K,  87% used [0x0000000680000000, 0x0000000733a6f260, 0x000000074cce0000)
  from space 419392K,   6% used [0x0000000766670000, 0x0000000768279c70, 0x0000000780000000)
  to   space 419392K,   0% used [0x000000074cce0000, 0x000000074cce0000, 0x0000000766670000)
 concurrent mark-sweep generation total 1048576K, used 10803K [0x0000000780000000, 0x00000007c0000000, 0x00000007c0000000)
 Metaspace       used 2783K, capacity 4496K, committed 4864K, reserved 1056768K
  class space    used 293K, capacity 388K, committed 512K, reserved 1048576K
30.962: #66: [GC (CMS Final Remark) 30.962: #66: [ParNew: 2972131K->28514K(3774912K), 0.0096084 secs] 2982935K->39317K(4823488K), 0.0096664 secs] [Times: user=0.02 sys=0.00 real=0.01 secs] 
Heap after GC invocations=62 (full 5):
 par new generation   total 3774912K, used 28514K [0x0000000680000000, 0x0000000780000000, 0x0000000780000000)
  eden space 3355520K,   0% used [0x0000000680000000, 0x0000000680000000, 0x000000074cce0000)
  from space 419392K,   6% used [0x000000074cce0000, 0x000000074e8b8998, 0x0000000766670000)
  to   space 419392K,   0% used [0x0000000766670000, 0x0000000766670000, 0x0000000780000000)
 concurrent mark-sweep generation total 1048576K, used 10803K [0x0000000780000000, 0x00000007c0000000, 0x00000007c0000000)
 Metaspace       used 2783K, capacity 4496K, committed 4864K, reserved 1056768K
  class space    used 293K, capacity 388K, committed 512K, reserved 1048576K
}
30.972: #64: [Rescan (parallel) , 0.0017998 secs]30.974: #64: [weak refs processing, 0.0000130 secs]30.974: #64: [class unloading, 0.0003219 secs]30.974: #64: [scrub symbol table, 0.0004375 secs]30.974: #64: [scrub string table, 0.0001807 secs][1 CMS-remark: 10803K(1048576K)] 39317K(4823488K), 0.0126681 secs] [Times: user=0.03 sys=0.00 real=0.01 secs] 
30.975: #64: [CMS-concurrent-sweep-start]
30.982: #64: [CMS-concurrent-sweep: 0.006/0.006 secs] [Times: user=0.02 sys=0.01 real=0.01 secs] 
SYSTEM_GC AFTER
30.982: #64: [CMS-concurrent-reset-start]
30.984: #64: [CMS-concurrent-reset: 0.002/0.002 secs] [Times: user=0.00 sys=0.00 real=0.00 secs] 
{Heap before GC invocations=62 (full 5):
 par new generation   total 3774912K, used 3384034K [0x0000000680000000, 0x0000000780000000, 0x0000000780000000)
  eden space 3355520K, 100% used [0x0000000680000000, 0x000000074cce0000, 0x000000074cce0000)
  from space 419392K,   6% used [0x000000074cce0000, 0x000000074e8b89b8, 0x0000000766670000)
  to   space 419392K,   0% used [0x0000000766670000, 0x0000000766670000, 0x0000000780000000)
 concurrent mark-sweep generation total 1048576K, used 10803K [0x0000000780000000, 0x00000007c0000000, 0x00000007c0000000)
 Metaspace       used 2783K, capacity 4496K, committed 4864K, reserved 1056768K
  class space    used 293K, capacity 388K, committed 512K, reserved 1048576K
31.514: #67: [GC (Allocation Failure) 31.514: #67: [ParNew: 3384034K->30136K(3774912K), 0.0118852 secs] 3394837K->40939K(4823488K), 0.0119269 secs] [Times: user=0.03 sys=0.00 real=0.01 secs] 
Heap after GC invocations=63 (full 5):
 par new generation   total 3774912K, used 30136K [0x0000000680000000, 0x0000000780000000, 0x0000000780000000)
  eden space 3355520K,   0% used [0x0000000680000000, 0x0000000680000000, 0x000000074cce0000)
  from space 419392K,   7% used [0x0000000766670000, 0x00000007683de100, 0x0000000780000000)
  to   space 419392K,   0% used [0x000000074cce0000, 0x000000074cce0000, 0x0000000766670000)
 concurrent mark-sweep generation total 1048576K, used 10803K [0x0000000780000000, 0x00000007c0000000, 0x00000007c0000000)
 Metaspace       used 2783K, capacity 4496K, committed 4864K, reserved 1056768K
  class space    used 293K, capacity 388K, committed 512K, reserved 1048576K
}
{Heap before GC invocations=63 (full 5):
 par new generation   total 3774912K, used 192524K [0x0000000680000000, 0x0000000780000000, 0x0000000780000000)
  eden space 3355520K,   4% used [0x0000000680000000, 0x0000000689e95068, 0x000000074cce0000)
  from space 419392K,   7% used [0x0000000766670000, 0x00000007683de100, 0x0000000780000000)
  to   space 419392K,   0% used [0x000000074cce0000, 0x000000074cce0000, 0x0000000766670000)
 concurrent mark-sweep generation total 1048576K, used 10803K [0x0000000780000000, 0x00000007c0000000, 0x00000007c0000000)
 Metaspace       used 2783K, capacity 4496K, committed 4864K, reserved 1056768K
  class space    used 293K, capacity 388K, committed 512K, reserved 1048576K
31.559: #68: [GC (GCLocker Initiated GC) 31.559: #68: [ParNew: 192524K->19032K(3774912K), 0.0072291 secs] 203327K->29835K(4823488K), 0.0072804 secs] [Times: user=0.03 sys=0.00 real=0.01 secs] 
Heap after GC invocations=64 (full 5):
 par new generation   total 3774912K, used 19032K [0x0000000680000000, 0x0000000780000000, 0x0000000780000000)
  eden space 3355520K,   0% used [0x0000000680000000, 0x0000000680000000, 0x000000074cce0000)
  from space 419392K,   4% used [0x000000074cce0000, 0x000000074df76130, 0x0000000766670000)
  to   space 419392K,   0% used [0x0000000766670000, 0x0000000766670000, 0x0000000780000000)
 concurrent mark-sweep generation total 1048576K, used 10803K [0x0000000780000000, 0x00000007c0000000, 0x00000007c0000000)
 Metaspace       used 2783K, capacity 4496K, committed 4864K, reserved 1056768K
  class space    used 293K, capacity 388K, committed 512K, reserved 1048576K
}
{Heap before GC invocations=64 (full 5):
 par new generation   total 3774912K, used 3374552K [0x0000000680000000, 0x0000000780000000, 0x0000000780000000)
  eden space 3355520K, 100% used [0x0000000680000000, 0x000000074cce0000, 0x000000074cce0000)
  from space 419392K,   4% used [0x000000074cce0000, 0x000000074df76130, 0x0000000766670000)
  to   space 419392K,   0% used [0x0000000766670000, 0x0000000766670000, 0x0000000780000000)
 concurrent mark-sweep generation total 1048576K, used 10803K [0x0000000780000000, 0x00000007c0000000, 0x00000007c0000000)
 Metaspace       used 2783K, capacity 4496K, committed 4864K, reserved 1056768K
  class space    used 293K, capacity 388K, committed 512K, reserved 1048576K
32.165: #69: [GC (Allocation Failure) 32.165: #69: [ParNew: 3374552K->41895K(3774912K), 0.0115340 secs] 3385355K->52698K(4823488K), 0.0115720 secs] [Times: user=0.02 sys=0.00 real=0.01 secs] 
Heap after GC invocations=65 (full 5):
 par new generation   total 3774912K, used 41895K [0x0000000680000000, 0x0000000780000000, 0x0000000780000000)
  eden space 3355520K,   0% used [0x0000000680000000, 0x0000000680000000, 0x000000074cce0000)
  from space 419392K,   9% used [0x0000000766670000, 0x0000000768f59d40, 0x0000000780000000)
  to   space 419392K,   0% used [0x000000074cce0000, 0x000000074cce0000, 0x0000000766670000)
 concurrent mark-sweep generation total 1048576K, used 10803K [0x0000000780000000, 0x00000007c0000000, 0x00000007c0000000)
 Metaspace       used 2783K, capacity 4496K, committed 4864K, reserved 1056768K
  class space    used 293K, capacity 388K, committed 512K, reserved 1048576K
}
{Heap before GC invocations=65 (full 5):
 par new generation   total 3774912K, used 3399275K [0x0000000680000000, 0x0000000780000000, 0x0000000780000000)
  eden space 3355520K, 100% used [0x0000000680000000, 0x000000074cce0000, 0x000000074cce0000)
  from space 419392K,  10% used [0x0000000766670000, 0x000000076912ae58, 0x0000000780000000)
  to   space 419392K,   0% used [0x000000074cce0000, 0x000000074cce0000, 0x0000000766670000)
 concurrent mark-sweep generation total 1048576K, used 10803K [0x0000000780000000, 0x00000007c0000000, 0x00000007c0000000)
 Metaspace       used 2783K, capacity 4496K, committed 4864K, reserved 1056768K
  class space    used 293K, capacity 388K, committed 512K, reserved 1048576K
32.720: #70: [GC (Allocation Failure) 32.720: #70: [ParNew: 3399275K->31152K(3774912K), 0.0105068 secs] 3410079K->41955K(4823488K), 0.0105397 secs] [Times: user=0.03 sys=0.00 real=0.02 secs] 
Heap after GC invocations=66 (full 5):
 par new generation   total 3774912K, used 31152K [0x0000000680000000, 0x0000000780000000, 0x0000000780000000)
  eden space 3355520K,   0% used [0x0000000680000000, 0x0000000680000000, 0x000000074cce0000)
  from space 419392K,   7% used [0x000000074cce0000, 0x000000074eb4c0c0, 0x0000000766670000)
  to   space 419392K,   0% used [0x0000000766670000, 0x0000000766670000, 0x0000000780000000)
 concurrent mark-sweep generation total 1048576K, used 10803K [0x0000000780000000, 0x00000007c0000000, 0x00000007c0000000)
 Metaspace       used 2783K, capacity 4496K, committed 4864K, reserved 1056768K
  class space    used 293K, capacity 388K, committed 512K, reserved 1048576K
}
{Heap before GC invocations=66 (full 5):
 par new generation   total 3774912K, used 129291K [0x0000000680000000, 0x0000000780000000, 0x0000000780000000)
  eden space 3355520K,   2% used [0x0000000680000000, 0x0000000685fd6ed0, 0x000000074cce0000)
  from space 419392K,   7% used [0x000000074cce0000, 0x000000074eb4c0c0, 0x0000000766670000)
  to   space 419392K,   0% used [0x0000000766670000, 0x0000000766670000, 0x0000000780000000)
 concurrent mark-sweep generation total 1048576K, used 10803K [0x0000000780000000, 0x00000007c0000000, 0x00000007c0000000)
 Metaspace       used 2783K, capacity 4496K, committed 4864K, reserved 1056768K
  class space    used 293K, capacity 388K, committed 512K, reserved 1048576K
32.742: #71: [GC (GCLocker Initiated GC) 32.742: #71: [ParNew: 129291K->23435K(3774912K), 0.0067087 secs] 140095K->34238K(4823488K), 0.0067484 secs] [Times: user=0.03 sys=0.00 real=0.00 secs] 
Heap after GC invocations=67 (full 5):
 par new generation   total 3774912K, used 23435K [0x0000000680000000, 0x0000000780000000, 0x0000000780000000)
  eden space 3355520K,   0% used [0x0000000680000000, 0x0000000680000000, 0x000000074cce0000)
  from space 419392K,   5% used [0x0000000766670000, 0x0000000767d52d30, 0x0000000780000000)
  to   space 419392K,   0% used [0x000000074cce0000, 0x000000074cce0000, 0x0000000766670000)
 concurrent mark-sweep generation total 1048576K, used 10803K [0x0000000780000000, 0x00000007c0000000, 0x00000007c0000000)
 Metaspace       used 2783K, capacity 4496K, committed 4864K, reserved 1056768K
  class space    used 293K, capacity 388K, committed 512K, reserved 1048576K
}
{Heap before GC invocations=67 (full 5):
 par new generation   total 3774912K, used 3381017K [0x0000000680000000, 0x0000000780000000, 0x0000000780000000)
  eden space 3355520K, 100% used [0x0000000680000000, 0x000000074cce0000, 0x000000074cce0000)
  from space 419392K,   6% used [0x0000000766670000, 0x0000000767f56738, 0x0000000780000000)
  to   space 419392K,   0% used [0x000000074cce0000, 0x000000074cce0000, 0x0000000766670000)
 concurrent mark-sweep generation total 1048576K, used 10803K [0x0000000780000000, 0x00000007c0000000, 0x00000007c0000000)
 Metaspace       used 2783K, capacity 4496K, committed 4864K, reserved 1056768K
  class space    used 293K, capacity 388K, committed 512K, reserved 1048576K
33.289: #72: [GC (Allocation Failure) 33.289: #72: [ParNew: 3381017K->44092K(3774912K), 0.0105437 secs] 3391821K->54896K(4823488K), 0.0105847 secs] [Times: user=0.03 sys=0.00 real=0.02 secs] 
Heap after GC invocations=68 (full 5):
 par new generation   total 3774912K, used 44092K [0x0000000680000000, 0x0000000780000000, 0x0000000780000000)
  eden space 3355520K,   0% used [0x0000000680000000, 0x0000000680000000, 0x000000074cce0000)
  from space 419392K,  10% used [0x000000074cce0000, 0x000000074f7ef280, 0x0000000766670000)
  to   space 419392K,   0% used [0x0000000766670000, 0x0000000766670000, 0x0000000780000000)
 concurrent mark-sweep generation total 1048576K, used 10803K [0x0000000780000000, 0x00000007c0000000, 0x00000007c0000000)
 Metaspace       used 2783K, capacity 4496K, committed 4864K, reserved 1056768K
  class space    used 293K, capacity 388K, committed 512K, reserved 1048576K
}
{Heap before GC invocations=68 (full 5):
 par new generation   total 3774912K, used 142391K [0x0000000680000000, 0x0000000780000000, 0x0000000780000000)
  eden space 3355520K,   2% used [0x0000000680000000, 0x0000000685ffed18, 0x000000074cce0000)
  from space 419392K,  10% used [0x000000074cce0000, 0x000000074f7ef280, 0x0000000766670000)
  to   space 419392K,   0% used [0x0000000766670000, 0x0000000766670000, 0x0000000780000000)
 concurrent mark-sweep generation total 1048576K, used 10803K [0x0000000780000000, 0x00000007c0000000, 0x00000007c0000000)
 Metaspace       used 2783K, capacity 4496K, committed 4864K, reserved 1056768K
  class space    used 293K, capacity 388K, committed 512K, reserved 1048576K
33.311: #73: [GC (GCLocker Initiated GC) 33.312: #73: [ParNew: 142391K->24850K(3774912K), 0.0068669 secs] 153195K->35654K(4823488K), 0.0068998 secs] [Times: user=0.02 sys=0.00 real=0.00 secs] 
Heap after GC invocations=69 (full 5):
 par new generation   total 3774912K, used 24850K [0x0000000680000000, 0x0000000780000000, 0x0000000780000000)
  eden space 3355520K,   0% used [0x0000000680000000, 0x0000000680000000, 0x000000074cce0000)
  from space 419392K,   5% used [0x0000000766670000, 0x0000000767eb4ad8, 0x0000000780000000)
  to   space 419392K,   0% used [0x000000074cce0000, 0x000000074cce0000, 0x0000000766670000)
 concurrent mark-sweep generation total 1048576K, used 10803K [0x0000000780000000, 0x00000007c0000000, 0x00000007c0000000)
 Metaspace       used 2783K, capacity 4496K, committed 4864K, reserved 1056768K
  class space    used 293K, capacity 388K, committed 512K, reserved 1048576K
}
{Heap before GC invocations=69 (full 5):
 par new generation   total 3774912K, used 3380370K [0x0000000680000000, 0x0000000780000000, 0x0000000780000000)
  eden space 3355520K, 100% used [0x0000000680000000, 0x000000074cce0000, 0x000000074cce0000)
  from space 419392K,   5% used [0x0000000766670000, 0x0000000767eb4ad8, 0x0000000780000000)
  to   space 419392K,   0% used [0x000000074cce0000, 0x000000074cce0000, 0x0000000766670000)
 concurrent mark-sweep generation total 1048576K, used 10803K [0x0000000780000000, 0x00000007c0000000, 0x00000007c0000000)
 Metaspace       used 2783K, capacity 4496K, committed 4864K, reserved 1056768K
  class space    used 293K, capacity 388K, committed 512K, reserved 1048576K
33.837: #74: [GC (Allocation Failure) 33.837: #74: [ParNew: 3380370K->44799K(3774912K), 0.0102585 secs] 3391174K->55602K(4823488K), 0.0102969 secs] [Times: user=0.03 sys=0.00 real=0.01 secs] 
Heap after GC invocations=70 (full 5):
 par new generation   total 3774912K, used 44799K [0x0000000680000000, 0x0000000780000000, 0x0000000780000000)
  eden space 3355520K,   0% used [0x0000000680000000, 0x0000000680000000, 0x000000074cce0000)
  from space 419392K,  10% used [0x000000074cce0000, 0x000000074f89fd00, 0x0000000766670000)
  to   space 419392K,   0% used [0x0000000766670000, 0x0000000766670000, 0x0000000780000000)
 concurrent mark-sweep generation total 1048576K, used 10803K [0x0000000780000000, 0x00000007c0000000, 0x00000007c0000000)
 Metaspace       used 2783K, capacity 4496K, committed 4864K, reserved 1056768K
  class space    used 293K, capacity 388K, committed 512K, reserved 1048576K
}
{Heap before GC invocations=70 (full 5):
 par new generation   total 3774912K, used 3400319K [0x0000000680000000, 0x0000000780000000, 0x0000000780000000)
  eden space 3355520K, 100% used [0x0000000680000000, 0x000000074cce0000, 0x000000074cce0000)
  from space 419392K,  10% used [0x000000074cce0000, 0x000000074f89fd18, 0x0000000766670000)
  to   space 419392K,   0% used [0x0000000766670000, 0x0000000766670000, 0x0000000780000000)
 concurrent mark-sweep generation total 1048576K, used 10803K [0x0000000780000000, 0x00000007c0000000, 0x00000007c0000000)
 Metaspace       used 2783K, capacity 4496K, committed 4864K, reserved 1056768K
  class space    used 293K, capacity 388K, committed 512K, reserved 1048576K
34.384: #75: [GC (Allocation Failure) 34.384: #75: [ParNew: 3400319K->32712K(3774912K), 0.0105028 secs] 3411122K->43515K(4823488K), 0.0105379 secs] [Times: user=0.02 sys=0.00 real=0.01 secs] 
Heap after GC invocations=71 (full 5):
 par new generation   total 3774912K, used 32712K [0x0000000680000000, 0x0000000780000000, 0x0000000780000000)
  eden space 3355520K,   0% used [0x0000000680000000, 0x0000000680000000, 0x000000074cce0000)
  from space 419392K,   7% used [0x0000000766670000, 0x0000000768662160, 0x0000000780000000)
  to   space 419392K,   0% used [0x000000074cce0000, 0x000000074cce0000, 0x0000000766670000)
 concurrent mark-sweep generation total 1048576K, used 10803K [0x0000000780000000, 0x00000007c0000000, 0x00000007c0000000)
 Metaspace       used 2783K, capacity 4496K, committed 4864K, reserved 1056768K
  class space    used 293K, capacity 388K, committed 512K, reserved 1048576K
}
{Heap before GC invocations=71 (full 5):
 par new generation   total 3774912K, used 147195K [0x0000000680000000, 0x0000000780000000, 0x0000000780000000)
  eden space 3355520K,   3% used [0x0000000680000000, 0x0000000686fcce38, 0x000000074cce0000)
  from space 419392K,   7% used [0x0000000766670000, 0x0000000768662160, 0x0000000780000000)
  to   space 419392K,   0% used [0x000000074cce0000, 0x000000074cce0000, 0x0000000766670000)
 concurrent mark-sweep generation total 1048576K, used 10803K [0x0000000780000000, 0x00000007c0000000, 0x00000007c0000000)
 Metaspace       used 2783K, capacity 4496K, committed 4864K, reserved 1056768K
  class space    used 293K, capacity 388K, committed 512K, reserved 1048576K
34.405: #76: [GC (GCLocker Initiated GC) 34.405: #76: [ParNew: 147195K->24312K(3774912K), 0.0070018 secs] 157999K->35115K(4823488K), 0.0070446 secs] [Times: user=0.03 sys=0.00 real=0.01 secs] 
Heap after GC invocations=72 (full 5):
 par new generation   total 3774912K, used 24312K [0x0000000680000000, 0x0000000780000000, 0x0000000780000000)
  eden space 3355520K,   0% used [0x0000000680000000, 0x0000000680000000, 0x000000074cce0000)
  from space 419392K,   5% used [0x000000074cce0000, 0x000000074e49e1c0, 0x0000000766670000)
  to   space 419392K,   0% used [0x0000000766670000, 0x0000000766670000, 0x0000000780000000)
 concurrent mark-sweep generation total 1048576K, used 10803K [0x0000000780000000, 0x00000007c0000000, 0x00000007c0000000)
 Metaspace       used 2783K, capacity 4496K, committed 4864K, reserved 1056768K
  class space    used 293K, capacity 388K, committed 512K, reserved 1048576K
}
{Heap before GC invocations=72 (full 5):
 par new generation   total 3774912K, used 3379832K [0x0000000680000000, 0x0000000780000000, 0x0000000780000000)
  eden space 3355520K, 100% used [0x0000000680000000, 0x000000074cce0000, 0x000000074cce0000)
  from space 419392K,   5% used [0x000000074cce0000, 0x000000074e49e1c0, 0x0000000766670000)
  to   space 419392K,   0% used [0x0000000766670000, 0x0000000766670000, 0x0000000780000000)
 concurrent mark-sweep generation total 1048576K, used 10803K [0x0000000780000000, 0x00000007c0000000, 0x00000007c0000000)
 Metaspace       used 2783K, capacity 4496K, committed 4864K, reserved 1056768K
  class space    used 293K, capacity 388K, committed 512K, reserved 1048576K
34.932: #77: [GC (Allocation Failure) 34.932: #77: [ParNew: 3379832K->45294K(3774912K), 0.0105661 secs] 3390635K->56097K(4823488K), 0.0106063 secs] [Times: user=0.03 sys=0.00 real=0.01 secs] 
Heap after GC invocations=73 (full 5):
 par new generation   total 3774912K, used 45294K [0x0000000680000000, 0x0000000780000000, 0x0000000780000000)
  eden space 3355520K,   0% used [0x0000000680000000, 0x0000000680000000, 0x000000074cce0000)
  from space 419392K,  10% used [0x0000000766670000, 0x00000007692ab920, 0x0000000780000000)
  to   space 419392K,   0% used [0x000000074cce0000, 0x000000074cce0000, 0x0000000766670000)
 concurrent mark-sweep generation total 1048576K, used 10803K [0x0000000780000000, 0x00000007c0000000, 0x00000007c0000000)
 Metaspace       used 2783K, capacity 4496K, committed 4864K, reserved 1056768K
  class space    used 293K, capacity 388K, committed 512K, reserved 1048576K
}
{Heap before GC invocations=73 (full 5):
 par new generation   total 3774912K, used 3400819K [0x0000000680000000, 0x0000000780000000, 0x0000000780000000)
  eden space 3355520K, 100% used [0x0000000680000000, 0x000000074cce0000, 0x000000074cce0000)
  from space 419392K,  10% used [0x0000000766670000, 0x00000007692acd68, 0x0000000780000000)
  to   space 419392K,   0% used [0x000000074cce0000, 0x000000074cce0000, 0x0000000766670000)
 concurrent mark-sweep generation total 1048576K, used 10803K [0x0000000780000000, 0x00000007c0000000, 0x00000007c0000000)
 Metaspace       used 2783K, capacity 4496K, committed 4864K, reserved 1056768K
  class space    used 293K, capacity 388K, committed 512K, reserved 1048576K
35.476: #78: [GC (Allocation Failure) 35.476: #78: [ParNew: 3400819K->30949K(3774912K), 0.0104906 secs] 3411622K->41752K(4823488K), 0.0105279 secs] [Times: user=0.02 sys=0.00 real=0.01 secs] 
Heap after GC invocations=74 (full 5):
 par new generation   total 3774912K, used 30949K [0x0000000680000000, 0x0000000780000000, 0x0000000780000000)
  eden space 3355520K,   0% used [0x0000000680000000, 0x0000000680000000, 0x000000074cce0000)
  from space 419392K,   7% used [0x000000074cce0000, 0x000000074eb19480, 0x0000000766670000)
  to   space 419392K,   0% used [0x0000000766670000, 0x0000000766670000, 0x0000000780000000)
 concurrent mark-sweep generation total 1048576K, used 10803K [0x0000000780000000, 0x00000007c0000000, 0x00000007c0000000)
 Metaspace       used 2783K, capacity 4496K, committed 4864K, reserved 1056768K
  class space    used 293K, capacity 388K, committed 512K, reserved 1048576K
}
{Heap before GC invocations=74 (full 5):
 par new generation   total 3774912K, used 128656K [0x0000000680000000, 0x0000000780000000, 0x0000000780000000)
  eden space 3355520K,   2% used [0x0000000680000000, 0x0000000685f6acd8, 0x000000074cce0000)
  from space 419392K,   7% used [0x000000074cce0000, 0x000000074eb19480, 0x0000000766670000)
  to   space 419392K,   0% used [0x0000000766670000, 0x0000000766670000, 0x0000000780000000)
 concurrent mark-sweep generation total 1048576K, used 10803K [0x0000000780000000, 0x00000007c0000000, 0x00000007c0000000)
 Metaspace       used 2783K, capacity 4496K, committed 4864K, reserved 1056768K
  class space    used 293K, capacity 388K, committed 512K, reserved 1048576K
35.497: #79: [GC (GCLocker Initiated GC) 35.497: #79: [ParNew: 128656K->22771K(3774912K), 0.0063868 secs] 139459K->33574K(4823488K), 0.0064254 secs] [Times: user=0.02 sys=0.00 real=0.01 secs] 
Heap after GC invocations=75 (full 5):
 par new generation   total 3774912K, used 22771K [0x0000000680000000, 0x0000000780000000, 0x0000000780000000)
  eden space 3355520K,   0% used [0x0000000680000000, 0x0000000680000000, 0x000000074cce0000)
  from space 419392K,   5% used [0x0000000766670000, 0x0000000767caccc0, 0x0000000780000000)
  to   space 419392K,   0% used [0x000000074cce0000, 0x000000074cce0000, 0x0000000766670000)
 concurrent mark-sweep generation total 1048576K, used 10803K [0x0000000780000000, 0x00000007c0000000, 0x00000007c0000000)
 Metaspace       used 2783K, capacity 4496K, committed 4864K, reserved 1056768K
  class space    used 293K, capacity 388K, committed 512K, reserved 1048576K
}
SYSTEM_GC BEFORE
{Heap before GC invocations=75 (full 5):
 par new generation   total 3774912K, used 3031713K [0x0000000680000000, 0x0000000780000000, 0x0000000780000000)
  eden space 3355520K,  89% used [0x0000000680000000, 0x0000000737a6b750, 0x000000074cce0000)
  from space 419392K,   5% used [0x0000000766670000, 0x0000000767caccc0, 0x0000000780000000)
  to   space 419392K,   0% used [0x000000074cce0000, 0x000000074cce0000, 0x0000000766670000)
 concurrent mark-sweep generation total 1048576K, used 10803K [0x0000000780000000, 0x00000007c0000000, 0x00000007c0000000)
 Metaspace       used 2783K, capacity 4496K, committed 4864K, reserved 1056768K
  class space    used 293K, capacity 388K, committed 512K, reserved 1048576K
35.983: #80: [GC (System.gc()) 35.983: #80: [ParNew: 3031713K->40938K(3774912K), 0.0099302 secs] 3042516K->51742K(4823488K), 0.0099647 secs] [Times: user=0.02 sys=0.00 real=0.01 secs] 
Heap after GC invocations=76 (full 5):
 par new generation   total 3774912K, used 40938K [0x0000000680000000, 0x0000000780000000, 0x0000000780000000)
  eden space 3355520K,   0% used [0x0000000680000000, 0x0000000680000000, 0x000000074cce0000)
  from space 419392K,   9% used [0x000000074cce0000, 0x000000074f4daa40, 0x0000000766670000)
  to   space 419392K,   0% used [0x0000000766670000, 0x0000000766670000, 0x0000000780000000)
 concurrent mark-sweep generation total 1048576K, used 10803K [0x0000000780000000, 0x00000007c0000000, 0x00000007c0000000)
 Metaspace       used 2783K, capacity 4496K, committed 4864K, reserved 1056768K
  class space    used 293K, capacity 388K, committed 512K, reserved 1048576K
}
35.993: #81: [GC (CMS Initial Mark) [1 CMS-initial-mark: 10803K(1048576K)] 84196K(4823488K), 0.0012334 secs] [Times: user=0.00 sys=0.00 real=0.00 secs] 
35.994: #81: [CMS-concurrent-mark-start]
36.019: #81: [CMS-concurrent-mark: 0.024/0.024 secs] [Times: user=0.09 sys=0.01 real=0.03 secs] 
36.022: #81: [CMS-concurrent-preclean-start]
36.024: #81: [CMS-concurrent-preclean: 0.002/0.002 secs] [Times: user=0.01 sys=0.00 real=0.00 secs] 
36.024: #81: [CMS-concurrent-abortable-preclean-start]
36.452: #81: [CMS-concurrent-abortable-preclean: 0.119/0.428 secs] [Times: user=1.47 sys=0.10 real=0.43 secs] 
36.458: #81: [GC (CMS Final Remark) [YG occupancy: 2668464 K (3774912 K)]{Heap before GC invocations=76 (full 6):
 par new generation   total 3774912K, used 2668464K [0x0000000680000000, 0x0000000780000000, 0x0000000780000000)
  eden space 3355520K,  78% used [0x0000000680000000, 0x00000007205f1720, 0x000000074cce0000)
  from space 419392K,   9% used [0x000000074cce0000, 0x000000074f4daa40, 0x0000000766670000)
  to   space 419392K,   0% used [0x0000000766670000, 0x0000000766670000, 0x0000000780000000)
 concurrent mark-sweep generation total 1048576K, used 10803K [0x0000000780000000, 0x00000007c0000000, 0x00000007c0000000)
 Metaspace       used 2783K, capacity 4496K, committed 4864K, reserved 1056768K
  class space    used 293K, capacity 388K, committed 512K, reserved 1048576K
36.458: #82: [GC (CMS Final Remark) 36.458: #82: [ParNew: 2668464K->25213K(3774912K), 0.0091185 secs] 2679267K->36016K(4823488K), 0.0091560 secs] [Times: user=0.02 sys=0.01 real=0.01 secs] 
Heap after GC invocations=77 (full 6):
 par new generation   total 3774912K, used 25213K [0x0000000680000000, 0x0000000780000000, 0x0000000780000000)
  eden space 3355520K,   0% used [0x0000000680000000, 0x0000000680000000, 0x000000074cce0000)
  from space 419392K,   6% used [0x0000000766670000, 0x0000000767f0f580, 0x0000000780000000)
  to   space 419392K,   0% used [0x000000074cce0000, 0x000000074cce0000, 0x0000000766670000)
 concurrent mark-sweep generation total 1048576K, used 10803K [0x0000000780000000, 0x00000007c0000000, 0x00000007c0000000)
 Metaspace       used 2783K, capacity 4496K, committed 4864K, reserved 1056768K
  class space    used 293K, capacity 388K, committed 512K, reserved 1048576K
}
36.467: #81: [Rescan (parallel) , 0.0018069 secs]36.469: #81: [weak refs processing, 0.0000391 secs]36.469: #81: [class unloading, 0.0003251 secs]36.469: #81: [scrub symbol table, 0.0004145 secs]36.470: #81: [scrub string table, 0.0001690 secs][1 CMS-remark: 10803K(1048576K)] 36016K(4823488K), 0.0121641 secs] [Times: user=0.03 sys=0.01 real=0.02 secs] 
36.471: #81: [CMS-concurrent-sweep-start]
36.478: #81: [CMS-concurrent-sweep: 0.007/0.007 secs] [Times: user=0.02 sys=0.00 real=0.00 secs] 
36.478: #81: [CMS-concurrent-reset-start]
SYSTEM_GC AFTER
36.479: #81: [CMS-concurrent-reset: 0.002/0.002 secs] [Times: user=0.00 sys=0.00 real=0.00 secs] 
{Heap before GC invocations=77 (full 6):
 par new generation   total 3774912K, used 3380733K [0x0000000680000000, 0x0000000780000000, 0x0000000780000000)
  eden space 3355520K, 100% used [0x0000000680000000, 0x000000074cce0000, 0x000000074cce0000)
  from space 419392K,   6% used [0x0000000766670000, 0x0000000767f0f5c8, 0x0000000780000000)
  to   space 419392K,   0% used [0x000000074cce0000, 0x000000074cce0000, 0x0000000766670000)
 concurrent mark-sweep generation total 1048576K, used 10803K [0x0000000780000000, 0x00000007c0000000, 0x00000007c0000000)
 Metaspace       used 2783K, capacity 4496K, committed 4864K, reserved 1056768K
  class space    used 293K, capacity 388K, committed 512K, reserved 1048576K
37.002: #83: [GC (Allocation Failure) 37.002: #83: [ParNew: 3380733K->29328K(3774912K), 0.0100839 secs] 3391536K->40132K(4823488K), 0.0101224 secs] [Times: user=0.02 sys=0.00 real=0.01 secs] 
Heap after GC invocations=78 (full 6):
 par new generation   total 3774912K, used 29328K [0x0000000680000000, 0x0000000780000000, 0x0000000780000000)
  eden space 3355520K,   0% used [0x0000000680000000, 0x0000000680000000, 0x000000074cce0000)
  from space 419392K,   6% used [0x000000074cce0000, 0x000000074e984240, 0x0000000766670000)
  to   space 419392K,   0% used [0x0000000766670000, 0x0000000766670000, 0x0000000780000000)
 concurrent mark-sweep generation total 1048576K, used 10803K [0x0000000780000000, 0x00000007c0000000, 0x00000007c0000000)
 Metaspace       used 2783K, capacity 4496K, committed 4864K, reserved 1056768K
  class space    used 293K, capacity 388K, committed 512K, reserved 1048576K
}
{Heap before GC invocations=78 (full 6):
 par new generation   total 3774912K, used 143199K [0x0000000680000000, 0x0000000780000000, 0x0000000780000000)
  eden space 3355520K,   3% used [0x0000000680000000, 0x0000000686f33c78, 0x000000074cce0000)
  from space 419392K,   6% used [0x000000074cce0000, 0x000000074e984240, 0x0000000766670000)
  to   space 419392K,   0% used [0x0000000766670000, 0x0000000766670000, 0x0000000780000000)
 concurrent mark-sweep generation total 1048576K, used 10803K [0x0000000780000000, 0x00000007c0000000, 0x00000007c0000000)
 Metaspace       used 2783K, capacity 4496K, committed 4864K, reserved 1056768K
  class space    used 293K, capacity 388K, committed 512K, reserved 1048576K
37.023: #84: [GC (GCLocker Initiated GC) 37.023: #84: [ParNew: 143199K->23010K(3774912K), 0.0074830 secs] 154003K->33813K(4823488K), 0.0075338 secs] [Times: user=0.02 sys=0.00 real=0.01 secs] 
Heap after GC invocations=79 (full 6):
 par new generation   total 3774912K, used 23010K [0x0000000680000000, 0x0000000780000000, 0x0000000780000000)
  eden space 3355520K,   0% used [0x0000000680000000, 0x0000000680000000, 0x000000074cce0000)
  from space 419392K,   5% used [0x0000000766670000, 0x0000000767ce8800, 0x0000000780000000)
  to   space 419392K,   0% used [0x000000074cce0000, 0x000000074cce0000, 0x0000000766670000)
 concurrent mark-sweep generation total 1048576K, used 10803K [0x0000000780000000, 0x00000007c0000000, 0x00000007c0000000)
 Metaspace       used 2783K, capacity 4496K, committed 4864K, reserved 1056768K
  class space    used 293K, capacity 388K, committed 512K, reserved 1048576K
}
{Heap before GC invocations=79 (full 6):
 par new generation   total 3774912K, used 3378530K [0x0000000680000000, 0x0000000780000000, 0x0000000780000000)
  eden space 3355520K, 100% used [0x0000000680000000, 0x000000074cce0000, 0x000000074cce0000)
  from space 419392K,   5% used [0x0000000766670000, 0x0000000767ce8800, 0x0000000780000000)
  to   space 419392K,   0% used [0x000000074cce0000, 0x000000074cce0000, 0x0000000766670000)
 concurrent mark-sweep generation total 1048576K, used 10803K [0x0000000780000000, 0x00000007c0000000, 0x00000007c0000000)
 Metaspace       used 2783K, capacity 4496K, committed 4864K, reserved 1056768K
  class space    used 293K, capacity 388K, committed 512K, reserved 1048576K
37.555: #85: [GC (Allocation Failure) 37.555: #85: [ParNew: 3378530K->43079K(3774912K), 0.0104149 secs] 3389333K->53882K(4823488K), 0.0104665 secs] [Times: user=0.03 sys=0.00 real=0.01 secs] 
Heap after GC invocations=80 (full 6):
 par new generation   total 3774912K, used 43079K [0x0000000680000000, 0x0000000780000000, 0x0000000780000000)
  eden space 3355520K,   0% used [0x0000000680000000, 0x0000000680000000, 0x000000074cce0000)
  from space 419392K,  10% used [0x000000074cce0000, 0x000000074f6f1dc0, 0x0000000766670000)
  to   space 419392K,   0% used [0x0000000766670000, 0x0000000766670000, 0x0000000780000000)
 concurrent mark-sweep generation total 1048576K, used 10803K [0x0000000780000000, 0x00000007c0000000, 0x00000007c0000000)
 Metaspace       used 2783K, capacity 4496K, committed 4864K, reserved 1056768K
  class space    used 293K, capacity 388K, committed 512K, reserved 1048576K
}
{Heap before GC invocations=80 (full 6):
 par new generation   total 3774912K, used 3398599K [0x0000000680000000, 0x0000000780000000, 0x0000000780000000)
  eden space 3355520K, 100% used [0x0000000680000000, 0x000000074cce0000, 0x000000074cce0000)
  from space 419392K,  10% used [0x000000074cce0000, 0x000000074f6f1df0, 0x0000000766670000)
  to   space 419392K,   0% used [0x0000000766670000, 0x0000000766670000, 0x0000000780000000)
 concurrent mark-sweep generation total 1048576K, used 10803K [0x0000000780000000, 0x00000007c0000000, 0x00000007c0000000)
 Metaspace       used 2783K, capacity 4496K, committed 4864K, reserved 1056768K
  class space    used 293K, capacity 388K, committed 512K, reserved 1048576K
38.084: #86: [GC (Allocation Failure) 38.084: #86: [ParNew: 3398599K->30881K(3774912K), 0.0103493 secs] 3409402K->41685K(4823488K), 0.0103883 secs] [Times: user=0.02 sys=0.00 real=0.01 secs] 
Heap after GC invocations=81 (full 6):
 par new generation   total 3774912K, used 30881K [0x0000000680000000, 0x0000000780000000, 0x0000000780000000)
  eden space 3355520K,   0% used [0x0000000680000000, 0x0000000680000000, 0x000000074cce0000)
  from space 419392K,   7% used [0x0000000766670000, 0x0000000768498640, 0x0000000780000000)
  to   space 419392K,   0% used [0x000000074cce0000, 0x000000074cce0000, 0x0000000766670000)
 concurrent mark-sweep generation total 1048576K, used 10803K [0x0000000780000000, 0x00000007c0000000, 0x00000007c0000000)
 Metaspace       used 2783K, capacity 4496K, committed 4864K, reserved 1056768K
  class space    used 293K, capacity 388K, committed 512K, reserved 1048576K
}
{Heap before GC invocations=81 (full 6):
 par new generation   total 3774912K, used 144759K [0x0000000680000000, 0x0000000780000000, 0x0000000780000000)
  eden space 3355520K,   3% used [0x0000000680000000, 0x0000000686f35608, 0x000000074cce0000)
  from space 419392K,   7% used [0x0000000766670000, 0x0000000768498640, 0x0000000780000000)
  to   space 419392K,   0% used [0x000000074cce0000, 0x000000074cce0000, 0x0000000766670000)
 concurrent mark-sweep generation total 1048576K, used 10803K [0x0000000780000000, 0x00000007c0000000, 0x00000007c0000000)
 Metaspace       used 2783K, capacity 4496K, committed 4864K, reserved 1056768K
  class space    used 293K, capacity 388K, committed 512K, reserved 1048576K
38.105: #87: [GC (GCLocker Initiated GC) 38.105: #87: [ParNew: 144759K->23391K(3774912K), 0.0063638 secs] 155562K->34195K(4823488K), 0.0063973 secs] [Times: user=0.02 sys=0.00 real=0.01 secs] 
Heap after GC invocations=82 (full 6):
 par new generation   total 3774912K, used 23391K [0x0000000680000000, 0x0000000780000000, 0x0000000780000000)
  eden space 3355520K,   0% used [0x0000000680000000, 0x0000000680000000, 0x000000074cce0000)
  from space 419392K,   5% used [0x000000074cce0000, 0x000000074e3b7f60, 0x0000000766670000)
  to   space 419392K,   0% used [0x0000000766670000, 0x0000000766670000, 0x0000000780000000)
 concurrent mark-sweep generation total 1048576K, used 10803K [0x0000000780000000, 0x00000007c0000000, 0x00000007c0000000)
 Metaspace       used 2783K, capacity 4496K, committed 4864K, reserved 1056768K
  class space    used 293K, capacity 388K, committed 512K, reserved 1048576K
}
{Heap before GC invocations=82 (full 6):
 par new generation   total 3774912K, used 3381038K [0x0000000680000000, 0x0000000780000000, 0x0000000780000000)
  eden space 3355520K, 100% used [0x0000000680000000, 0x000000074cce0000, 0x000000074cce0000)
  from space 419392K,   6% used [0x000000074cce0000, 0x000000074e5cbab0, 0x0000000766670000)
  to   space 419392K,   0% used [0x0000000766670000, 0x0000000766670000, 0x0000000780000000)
 concurrent mark-sweep generation total 1048576K, used 10803K [0x0000000780000000, 0x00000007c0000000, 0x00000007c0000000)
 Metaspace       used 2783K, capacity 4496K, committed 4864K, reserved 1056768K
  class space    used 293K, capacity 388K, committed 512K, reserved 1048576K
38.642: #88: [GC (GCLocker Initiated GC) 38.642: #88: [ParNew: 3381038K->43841K(3774912K), 0.0104822 secs] 3391842K->54645K(4823488K), 0.0105205 secs] [Times: user=0.02 sys=0.00 real=0.01 secs] 
Heap after GC invocations=83 (full 6):
 par new generation   total 3774912K, used 43841K [0x0000000680000000, 0x0000000780000000, 0x0000000780000000)
  eden space 3355520K,   0% used [0x0000000680000000, 0x0000000680000000, 0x000000074cce0000)
  from space 419392K,  10% used [0x0000000766670000, 0x0000000769140740, 0x0000000780000000)
  to   space 419392K,   0% used [0x000000074cce0000, 0x000000074cce0000, 0x0000000766670000)
 concurrent mark-sweep generation total 1048576K, used 10803K [0x0000000780000000, 0x00000007c0000000, 0x00000007c0000000)
 Metaspace       used 2783K, capacity 4496K, committed 4864K, reserved 1056768K
  class space    used 293K, capacity 388K, committed 512K, reserved 1048576K
}
{Heap before GC invocations=83 (full 6):
 par new generation   total 3774912K, used 3401311K [0x0000000680000000, 0x0000000780000000, 0x0000000780000000)
  eden space 3355520K, 100% used [0x0000000680000000, 0x000000074cce0000, 0x000000074cce0000)
  from space 419392K,  10% used [0x0000000766670000, 0x0000000769327e40, 0x0000000780000000)
  to   space 419392K,   0% used [0x000000074cce0000, 0x000000074cce0000, 0x0000000766670000)
 concurrent mark-sweep generation total 1048576K, used 10803K [0x0000000780000000, 0x00000007c0000000, 0x00000007c0000000)
 Metaspace       used 2783K, capacity 4496K, committed 4864K, reserved 1056768K
  class space    used 293K, capacity 388K, committed 512K, reserved 1048576K
39.193: #89: [GC (GCLocker Initiated GC) 39.193: #89: [ParNew: 3401311K->32175K(3774912K), 0.0105855 secs] 3412115K->42978K(4823488K), 0.0106194 secs] [Times: user=0.03 sys=0.00 real=0.01 secs] 
Heap after GC invocations=84 (full 6):
 par new generation   total 3774912K, used 32175K [0x0000000680000000, 0x0000000780000000, 0x0000000780000000)
  eden space 3355520K,   0% used [0x0000000680000000, 0x0000000680000000, 0x000000074cce0000)
  from space 419392K,   7% used [0x000000074cce0000, 0x000000074ec4bcc0, 0x0000000766670000)
  to   space 419392K,   0% used [0x0000000766670000, 0x0000000766670000, 0x0000000780000000)
 concurrent mark-sweep generation total 1048576K, used 10803K [0x0000000780000000, 0x00000007c0000000, 0x00000007c0000000)
 Metaspace       used 2783K, capacity 4496K, committed 4864K, reserved 1056768K
  class space    used 293K, capacity 388K, committed 512K, reserved 1048576K
}
{Heap before GC invocations=84 (full 6):
 par new generation   total 3774912K, used 3387695K [0x0000000680000000, 0x0000000780000000, 0x0000000780000000)
  eden space 3355520K, 100% used [0x0000000680000000, 0x000000074cce0000, 0x000000074cce0000)
  from space 419392K,   7% used [0x000000074cce0000, 0x000000074ec4bce0, 0x0000000766670000)
  to   space 419392K,   0% used [0x0000000766670000, 0x0000000766670000, 0x0000000780000000)
 concurrent mark-sweep generation total 1048576K, used 10803K [0x0000000780000000, 0x00000007c0000000, 0x00000007c0000000)
 Metaspace       used 2783K, capacity 4496K, committed 4864K, reserved 1056768K
  class space    used 293K, capacity 388K, committed 512K, reserved 1048576K
39.726: #90: [GC (Allocation Failure) 39.726: #90: [ParNew: 3387695K->31426K(3774912K), 0.0103541 secs] 3398498K->42229K(4823488K), 0.0103930 secs] [Times: user=0.02 sys=0.00 real=0.01 secs] 
Heap after GC invocations=85 (full 6):
 par new generation   total 3774912K, used 31426K [0x0000000680000000, 0x0000000780000000, 0x0000000780000000)
  eden space 3355520K,   0% used [0x0000000680000000, 0x0000000680000000, 0x000000074cce0000)
  from space 419392K,   7% used [0x0000000766670000, 0x0000000768520800, 0x0000000780000000)
  to   space 419392K,   0% used [0x000000074cce0000, 0x000000074cce0000, 0x0000000766670000)
 concurrent mark-sweep generation total 1048576K, used 10803K [0x0000000780000000, 0x00000007c0000000, 0x00000007c0000000)
 Metaspace       used 2783K, capacity 4496K, committed 4864K, reserved 1056768K
  class space    used 293K, capacity 388K, committed 512K, reserved 1048576K
}
{Heap before GC invocations=85 (full 6):
 par new generation   total 3774912K, used 63941K [0x0000000680000000, 0x0000000780000000, 0x0000000780000000)
  eden space 3355520K,   0% used [0x0000000680000000, 0x0000000681fc0ce0, 0x000000074cce0000)
  from space 419392K,   7% used [0x0000000766670000, 0x0000000768520800, 0x0000000780000000)
  to   space 419392K,   0% used [0x000000074cce0000, 0x000000074cce0000, 0x0000000766670000)
 concurrent mark-sweep generation total 1048576K, used 10803K [0x0000000780000000, 0x00000007c0000000, 0x00000007c0000000)
 Metaspace       used 2783K, capacity 4496K, committed 4864K, reserved 1056768K
  class space    used 293K, capacity 388K, committed 512K, reserved 1048576K
39.737: #91: [GC (GCLocker Initiated GC) 39.737: #91: [ParNew: 63941K->32169K(3774912K), 0.0082042 secs] 74744K->42973K(4823488K), 0.0082385 secs] [Times: user=0.03 sys=0.00 real=0.01 secs] 
Heap after GC invocations=86 (full 6):
 par new generation   total 3774912K, used 32169K [0x0000000680000000, 0x0000000780000000, 0x0000000780000000)
  eden space 3355520K,   0% used [0x0000000680000000, 0x0000000680000000, 0x000000074cce0000)
  from space 419392K,   7% used [0x000000074cce0000, 0x000000074ec4a748, 0x0000000766670000)
  to   space 419392K,   0% used [0x0000000766670000, 0x0000000766670000, 0x0000000780000000)
 concurrent mark-sweep generation total 1048576K, used 10803K [0x0000000780000000, 0x00000007c0000000, 0x00000007c0000000)
 Metaspace       used 2783K, capacity 4496K, committed 4864K, reserved 1056768K
  class space    used 293K, capacity 388K, committed 512K, reserved 1048576K
}
{Heap before GC invocations=86 (full 6):
 par new generation   total 3774912K, used 3389377K [0x0000000680000000, 0x0000000780000000, 0x0000000780000000)
  eden space 3355520K, 100% used [0x0000000680000000, 0x000000074cce0000, 0x000000074cce0000)
  from space 419392K,   8% used [0x000000074cce0000, 0x000000074edf0678, 0x0000000766670000)
  to   space 419392K,   0% used [0x0000000766670000, 0x0000000766670000, 0x0000000780000000)
 concurrent mark-sweep generation total 1048576K, used 10803K [0x0000000780000000, 0x00000007c0000000, 0x00000007c0000000)
 Metaspace       used 2783K, capacity 4496K, committed 4864K, reserved 1056768K
  class space    used 293K, capacity 388K, committed 512K, reserved 1048576K
40.289: #92: [GC (GCLocker Initiated GC) 40.289: #92: [ParNew: 3389377K->50725K(3774912K), 0.0105880 secs] 3400181K->61528K(4823488K), 0.0106262 secs] [Times: user=0.02 sys=0.00 real=0.01 secs] 
Heap after GC invocations=87 (full 6):
 par new generation   total 3774912K, used 50725K [0x0000000680000000, 0x0000000780000000, 0x0000000780000000)
  eden space 3355520K,   0% used [0x0000000680000000, 0x0000000680000000, 0x000000074cce0000)
  from space 419392K,  12% used [0x0000000766670000, 0x00000007697f9460, 0x0000000780000000)
  to   space 419392K,   0% used [0x000000074cce0000, 0x000000074cce0000, 0x0000000766670000)
 concurrent mark-sweep generation total 1048576K, used 10803K [0x0000000780000000, 0x00000007c0000000, 0x00000007c0000000)
 Metaspace       used 2783K, capacity 4496K, committed 4864K, reserved 1056768K
  class space    used 293K, capacity 388K, committed 512K, reserved 1048576K
}
{Heap before GC invocations=87 (full 6):
 par new generation   total 3774912K, used 3406245K [0x0000000680000000, 0x0000000780000000, 0x0000000780000000)
  eden space 3355520K, 100% used [0x0000000680000000, 0x000000074cce0000, 0x000000074cce0000)
  from space 419392K,  12% used [0x0000000766670000, 0x00000007697f9460, 0x0000000780000000)
  to   space 419392K,   0% used [0x000000074cce0000, 0x000000074cce0000, 0x0000000766670000)
 concurrent mark-sweep generation total 1048576K, used 10803K [0x0000000780000000, 0x00000007c0000000, 0x00000007c0000000)
 Metaspace       used 2783K, capacity 4496K, committed 4864K, reserved 1056768K
  class space    used 293K, capacity 388K, committed 512K, reserved 1048576K
40.949: #93: [GC (Allocation Failure) 40.949: #93: [ParNew: 3406245K->34710K(3774912K), 0.0113185 secs] 3417048K->45514K(4823488K), 0.0113574 secs] [Times: user=0.02 sys=0.00 real=0.02 secs] 
Heap after GC invocations=88 (full 6):
 par new generation   total 3774912K, used 34710K [0x0000000680000000, 0x0000000780000000, 0x0000000780000000)
  eden space 3355520K,   0% used [0x0000000680000000, 0x0000000680000000, 0x000000074cce0000)
  from space 419392K,   8% used [0x000000074cce0000, 0x000000074eec5a60, 0x0000000766670000)
  to   space 419392K,   0% used [0x0000000766670000, 0x0000000766670000, 0x0000000780000000)
 concurrent mark-sweep generation total 1048576K, used 10803K [0x0000000780000000, 0x00000007c0000000, 0x00000007c0000000)
 Metaspace       used 2783K, capacity 4496K, committed 4864K, reserved 1056768K
  class space    used 293K, capacity 388K, committed 512K, reserved 1048576K
}
SYSTEM_GC BEFORE
{Heap before GC invocations=88 (full 6):
 par new generation   total 3774912K, used 2317337K [0x0000000680000000, 0x0000000780000000, 0x0000000780000000)
  eden space 3355520K,  68% used [0x0000000680000000, 0x000000070b520c08, 0x000000074cce0000)
  from space 419392K,   8% used [0x000000074cce0000, 0x000000074eec5a60, 0x0000000766670000)
  to   space 419392K,   0% used [0x0000000766670000, 0x0000000766670000, 0x0000000780000000)
 concurrent mark-sweep generation total 1048576K, used 10803K [0x0000000780000000, 0x00000007c0000000, 0x00000007c0000000)
 Metaspace       used 2783K, capacity 4496K, committed 4864K, reserved 1056768K
  class space    used 293K, capacity 388K, committed 512K, reserved 1048576K
41.481: #94: [GC (System.gc()) 41.481: #94: [ParNew: 2317337K->23597K(3774912K), 0.0091390 secs] 2328141K->34400K(4823488K), 0.0091814 secs] [Times: user=0.02 sys=0.00 real=0.00 secs] 
Heap after GC invocations=89 (full 6):
 par new generation   total 3774912K, used 23597K [0x0000000680000000, 0x0000000780000000, 0x0000000780000000)
  eden space 3355520K,   0% used [0x0000000680000000, 0x0000000680000000, 0x000000074cce0000)
  from space 419392K,   5% used [0x0000000766670000, 0x0000000767d7b5b8, 0x0000000780000000)
  to   space 419392K,   0% used [0x000000074cce0000, 0x000000074cce0000, 0x0000000766670000)
 concurrent mark-sweep generation total 1048576K, used 10803K [0x0000000780000000, 0x00000007c0000000, 0x00000007c0000000)
 Metaspace       used 2783K, capacity 4496K, committed 4864K, reserved 1056768K
  class space    used 293K, capacity 388K, committed 512K, reserved 1048576K
}
41.490: #95: [GC (CMS Initial Mark) [1 CMS-initial-mark: 10803K(1048576K)] 34400K(4823488K), 0.0011328 secs] [Times: user=0.01 sys=0.00 real=0.01 secs] 
41.491: #95: [CMS-concurrent-mark-start]
41.516: #95: [CMS-concurrent-mark: 0.025/0.025 secs] [Times: user=0.07 sys=0.02 real=0.03 secs] 
41.521: #95: [CMS-concurrent-preclean-start]
41.523: #95: [CMS-concurrent-preclean: 0.002/0.003 secs] [Times: user=0.00 sys=0.00 real=0.00 secs] 
41.523: #95: [CMS-concurrent-abortable-preclean-start]
42.074: #95: [CMS-concurrent-abortable-preclean: 0.145/0.551 secs] [Times: user=1.35 sys=0.08 real=0.55 secs] 
42.074: #95: [GC (CMS Final Remark) [YG occupancy: 2382957 K (3774912 K)]42.074: #95: [Rescan (parallel) , 1.0031653 secs]43.078: #95: [weak refs processing, 0.0000158 secs]43.078: #95: [class unloading, 0.0003894 secs]43.078: #95: [scrub symbol table, 0.0004583 secs]43.079: #95: [scrub string table, 0.0001785 secs][1 CMS-remark: 10803K(1048576K)] 2393761K(4823488K), 1.0043182 secs] [Times: user=2.54 sys=0.00 real=1.00 secs] 
43.089: #95: [CMS-concurrent-sweep-start]
{Heap before GC invocations=89 (full 7):
 par new generation   total 3774912K, used 2447647K [0x0000000680000000, 0x0000000780000000, 0x0000000780000000)
  eden space 3355520K,  72% used [0x0000000680000000, 0x0000000713f3c748, 0x000000074cce0000)
  from space 419392K,   5% used [0x0000000766670000, 0x0000000767d7b5b8, 0x0000000780000000)
  to   space 419392K,   0% used [0x000000074cce0000, 0x000000074cce0000, 0x0000000766670000)
 concurrent mark-sweep generation total 1048576K, used 10803K [0x0000000780000000, 0x00000007c0000000, 0x00000007c0000000)
 Metaspace       used 2783K, capacity 4496K, committed 4864K, reserved 1056768K
  class space    used 293K, capacity 388K, committed 512K, reserved 1048576K
43.089: #96: [GC (GCLocker Initiated GC) 43.089: #96: [ParNew: 2447647K->23520K(3774912K), 0.0095938 secs] 2458450K->34323K(4823488K), 0.0096561 secs] [Times: user=0.02 sys=0.00 real=0.01 secs] 
Heap after GC invocations=90 (full 7):
 par new generation   total 3774912K, used 23520K [0x0000000680000000, 0x0000000780000000, 0x0000000780000000)
  eden space 3355520K,   0% used [0x0000000680000000, 0x0000000680000000, 0x000000074cce0000)
  from space 419392K,   5% used [0x000000074cce0000, 0x000000074e3d8140, 0x0000000766670000)
  to   space 419392K,   0% used [0x0000000766670000, 0x0000000766670000, 0x0000000780000000)
 concurrent mark-sweep generation total 1048576K, used 10803K [0x0000000780000000, 0x00000007c0000000, 0x00000007c0000000)
 Metaspace       used 2783K, capacity 4496K, committed 4864K, reserved 1056768K
  class space    used 293K, capacity 388K, committed 512K, reserved 1048576K
}
43.105: #95: [CMS-concurrent-sweep: 0.016/0.016 secs] [Times: user=0.05 sys=0.01 real=0.02 secs] 
43.105: #95: [CMS-concurrent-reset-start]
SYSTEM_GC AFTER
43.107: #95: [CMS-concurrent-reset: 0.002/0.002 secs] [Times: user=0.00 sys=0.00 real=0.00 secs] 
{Heap before GC invocations=90 (full 7):
 par new generation   total 3774912K, used 3380911K [0x0000000680000000, 0x0000000780000000, 0x0000000780000000)
  eden space 3355520K, 100% used [0x0000000680000000, 0x000000074cce0000, 0x000000074cce0000)
  from space 419392K,   6% used [0x000000074cce0000, 0x000000074e5abf18, 0x0000000766670000)
  to   space 419392K,   0% used [0x0000000766670000, 0x0000000766670000, 0x0000000780000000)
 concurrent mark-sweep generation total 1048576K, used 10803K [0x0000000780000000, 0x00000007c0000000, 0x00000007c0000000)
 Metaspace       used 2783K, capacity 4496K, committed 4864K, reserved 1056768K
  class space    used 293K, capacity 388K, committed 512K, reserved 1048576K
43.724: #97: [GC (Allocation Failure) 43.724: #97: [ParNew: 3380911K->31541K(3774912K), 0.0119452 secs] 3391715K->42345K(4823488K), 0.0119960 secs] [Times: user=0.03 sys=0.00 real=0.01 secs] 
Heap after GC invocations=91 (full 7):
 par new generation   total 3774912K, used 31541K [0x0000000680000000, 0x0000000780000000, 0x0000000780000000)
  eden space 3355520K,   0% used [0x0000000680000000, 0x0000000680000000, 0x000000074cce0000)
  from space 419392K,   7% used [0x0000000766670000, 0x000000076853d7a0, 0x0000000780000000)
  to   space 419392K,   0% used [0x000000074cce0000, 0x000000074cce0000, 0x0000000766670000)
 concurrent mark-sweep generation total 1048576K, used 10803K [0x0000000780000000, 0x00000007c0000000, 0x00000007c0000000)
 Metaspace       used 2783K, capacity 4496K, committed 4864K, reserved 1056768K
  class space    used 293K, capacity 388K, committed 512K, reserved 1048576K
}
{Heap before GC invocations=91 (full 7):
 par new generation   total 3774912K, used 64176K [0x0000000680000000, 0x0000000780000000, 0x0000000780000000)
  eden space 3355520K,   0% used [0x0000000680000000, 0x0000000681fde958, 0x000000074cce0000)
  from space 419392K,   7% used [0x0000000766670000, 0x000000076853d7a0, 0x0000000780000000)
  to   space 419392K,   0% used [0x000000074cce0000, 0x000000074cce0000, 0x0000000766670000)
 concurrent mark-sweep generation total 1048576K, used 10803K [0x0000000780000000, 0x00000007c0000000, 0x00000007c0000000)
 Metaspace       used 2783K, capacity 4496K, committed 4864K, reserved 1056768K
  class space    used 293K, capacity 388K, committed 512K, reserved 1048576K
43.738: #98: [GC (GCLocker Initiated GC) 43.738: #98: [ParNew: 64176K->30393K(3774912K), 0.0081369 secs] 74979K->41196K(4823488K), 0.0081751 secs] [Times: user=0.03 sys=0.00 real=0.01 secs] 
Heap after GC invocations=92 (full 7):
 par new generation   total 3774912K, used 30393K [0x0000000680000000, 0x0000000780000000, 0x0000000780000000)
  eden space 3355520K,   0% used [0x0000000680000000, 0x0000000680000000, 0x000000074cce0000)
  from space 419392K,   7% used [0x000000074cce0000, 0x000000074ea8e598, 0x0000000766670000)
  to   space 419392K,   0% used [0x0000000766670000, 0x0000000766670000, 0x0000000780000000)
 concurrent mark-sweep generation total 1048576K, used 10803K [0x0000000780000000, 0x00000007c0000000, 0x00000007c0000000)
 Metaspace       used 2783K, capacity 4496K, committed 4864K, reserved 1056768K
  class space    used 293K, capacity 388K, committed 512K, reserved 1048576K
}
{Heap before GC invocations=92 (full 7):
 par new generation   total 3774912K, used 3385913K [0x0000000680000000, 0x0000000780000000, 0x0000000780000000)
  eden space 3355520K, 100% used [0x0000000680000000, 0x000000074cce0000, 0x000000074cce0000)
  from space 419392K,   7% used [0x000000074cce0000, 0x000000074ea8e598, 0x0000000766670000)
  to   space 419392K,   0% used [0x0000000766670000, 0x0000000766670000, 0x0000000780000000)
 concurrent mark-sweep generation total 1048576K, used 10803K [0x0000000780000000, 0x00000007c0000000, 0x00000007c0000000)
 Metaspace       used 2783K, capacity 4496K, committed 4864K, reserved 1056768K
  class space    used 293K, capacity 388K, committed 512K, reserved 1048576K
44.307: #99: [GC (Allocation Failure) 44.307: #99: [ParNew: 3385913K->49663K(3774912K), 0.0113448 secs] 3396716K->60467K(4823488K), 0.0113904 secs] [Times: user=0.02 sys=0.00 real=0.01 secs] 
Heap after GC invocations=93 (full 7):
 par new generation   total 3774912K, used 49663K [0x0000000680000000, 0x0000000780000000, 0x0000000780000000)
  eden space 3355520K,   0% used [0x0000000680000000, 0x0000000680000000, 0x000000074cce0000)
  from space 419392K,  11% used [0x0000000766670000, 0x00000007696eff80, 0x0000000780000000)
  to   space 419392K,   0% used [0x000000074cce0000, 0x000000074cce0000, 0x0000000766670000)
 concurrent mark-sweep generation total 1048576K, used 10803K [0x0000000780000000, 0x00000007c0000000, 0x00000007c0000000)
 Metaspace       used 2783K, capacity 4496K, committed 4864K, reserved 1056768K
  class space    used 293K, capacity 388K, committed 512K, reserved 1048576K
}
{Heap before GC invocations=93 (full 7):
 par new generation   total 3774912K, used 3405183K [0x0000000680000000, 0x0000000780000000, 0x0000000780000000)
  eden space 3355520K, 100% used [0x0000000680000000, 0x000000074cce0000, 0x000000074cce0000)
  from space 419392K,  11% used [0x0000000766670000, 0x00000007696effa0, 0x0000000780000000)
  to   space 419392K,   0% used [0x000000074cce0000, 0x000000074cce0000, 0x0000000766670000)
 concurrent mark-sweep generation total 1048576K, used 10803K [0x0000000780000000, 0x00000007c0000000, 0x00000007c0000000)
 Metaspace       used 2783K, capacity 4496K, committed 4864K, reserved 1056768K
  class space    used 293K, capacity 388K, committed 512K, reserved 1048576K
44.978: #100: [GC (Allocation Failure) 44.978: #100: [ParNew: 3405183K->31340K(3774912K), 0.0137188 secs] 3415987K->42144K(4823488K), 0.0137634 secs] [Times: user=0.02 sys=0.00 real=0.02 secs] 
Heap after GC invocations=94 (full 7):
 par new generation   total 3774912K, used 31340K [0x0000000680000000, 0x0000000780000000, 0x0000000780000000)
  eden space 3355520K,   0% used [0x0000000680000000, 0x0000000680000000, 0x000000074cce0000)
  from space 419392K,   7% used [0x000000074cce0000, 0x000000074eb7b238, 0x0000000766670000)
  to   space 419392K,   0% used [0x0000000766670000, 0x0000000766670000, 0x0000000780000000)
 concurrent mark-sweep generation total 1048576K, used 10803K [0x0000000780000000, 0x00000007c0000000, 0x00000007c0000000)
 Metaspace       used 2783K, capacity 4496K, committed 4864K, reserved 1056768K
  class space    used 293K, capacity 388K, committed 512K, reserved 1048576K
}
{Heap before GC invocations=94 (full 7):
 par new generation   total 3774912K, used 96583K [0x0000000680000000, 0x0000000780000000, 0x0000000780000000)
  eden space 3355520K,   1% used [0x0000000680000000, 0x0000000683fb6b88, 0x000000074cce0000)
  from space 419392K,   7% used [0x000000074cce0000, 0x000000074eb7b238, 0x0000000766670000)
  to   space 419392K,   0% used [0x0000000766670000, 0x0000000766670000, 0x0000000780000000)
 concurrent mark-sweep generation total 1048576K, used 10803K [0x0000000780000000, 0x00000007c0000000, 0x00000007c0000000)
 Metaspace       used 2783K, capacity 4496K, committed 4864K, reserved 1056768K
  class space    used 293K, capacity 388K, committed 512K, reserved 1048576K
45.003: #101: [GC (GCLocker Initiated GC) 45.003: #101: [ParNew: 96583K->23666K(3774912K), 0.0077128 secs] 107386K->34469K(4823488K), 0.0077569 secs] [Times: user=0.03 sys=0.00 real=0.01 secs] 
Heap after GC invocations=95 (full 7):
 par new generation   total 3774912K, used 23666K [0x0000000680000000, 0x0000000780000000, 0x0000000780000000)
  eden space 3355520K,   0% used [0x0000000680000000, 0x0000000680000000, 0x000000074cce0000)
  from space 419392K,   5% used [0x0000000766670000, 0x0000000767d8c900, 0x0000000780000000)
  to   space 419392K,   0% used [0x000000074cce0000, 0x000000074cce0000, 0x0000000766670000)
 concurrent mark-sweep generation total 1048576K, used 10803K [0x0000000780000000, 0x00000007c0000000, 0x00000007c0000000)
 Metaspace       used 2783K, capacity 4496K, committed 4864K, reserved 1056768K
  class space    used 293K, capacity 388K, committed 512K, reserved 1048576K
}
{Heap before GC invocations=95 (full 7):
 par new generation   total 3774912K, used 3379186K [0x0000000680000000, 0x0000000780000000, 0x0000000780000000)
  eden space 3355520K, 100% used [0x0000000680000000, 0x000000074cce0000, 0x000000074cce0000)
  from space 419392K,   5% used [0x0000000766670000, 0x0000000767d8c918, 0x0000000780000000)
  to   space 419392K,   0% used [0x000000074cce0000, 0x000000074cce0000, 0x0000000766670000)
 concurrent mark-sweep generation total 1048576K, used 10803K [0x0000000780000000, 0x00000007c0000000, 0x00000007c0000000)
 Metaspace       used 2783K, capacity 4496K, committed 4864K, reserved 1056768K
  class space    used 293K, capacity 388K, committed 512K, reserved 1048576K
45.670: #102: [GC (Allocation Failure) 45.670: #102: [ParNew: 3379186K->45700K(3774912K), 0.0123013 secs] 3389989K->56503K(4823488K), 0.0123477 secs] [Times: user=0.02 sys=0.00 real=0.02 secs] 
Heap after GC invocations=96 (full 7):
 par new generation   total 3774912K, used 45700K [0x0000000680000000, 0x0000000780000000, 0x0000000780000000)
  eden space 3355520K,   0% used [0x0000000680000000, 0x0000000680000000, 0x000000074cce0000)
  from space 419392K,  10% used [0x000000074cce0000, 0x000000074f9810e0, 0x0000000766670000)
  to   space 419392K,   0% used [0x0000000766670000, 0x0000000766670000, 0x0000000780000000)
 concurrent mark-sweep generation total 1048576K, used 10803K [0x0000000780000000, 0x00000007c0000000, 0x00000007c0000000)
 Metaspace       used 2783K, capacity 4496K, committed 4864K, reserved 1056768K
  class space    used 293K, capacity 388K, committed 512K, reserved 1048576K
}
{Heap before GC invocations=96 (full 7):
 par new generation   total 3774912K, used 126468K [0x0000000680000000, 0x0000000780000000, 0x0000000780000000)
  eden space 3355520K,   2% used [0x0000000680000000, 0x0000000684edff48, 0x000000074cce0000)
  from space 419392K,  10% used [0x000000074cce0000, 0x000000074f9810e0, 0x0000000766670000)
  to   space 419392K,   0% used [0x0000000766670000, 0x0000000766670000, 0x0000000780000000)
 concurrent mark-sweep generation total 1048576K, used 10803K [0x0000000780000000, 0x00000007c0000000, 0x00000007c0000000)
 Metaspace       used 2783K, capacity 4496K, committed 4864K, reserved 1056768K
  class space    used 293K, capacity 388K, committed 512K, reserved 1048576K
45.693: #103: [GC (GCLocker Initiated GC) 45.693: #103: [ParNew: 126468K->25478K(3774912K), 0.0087825 secs] 137271K->36281K(4823488K), 0.0088249 secs] [Times: user=0.02 sys=0.00 real=0.01 secs] 
Heap after GC invocations=97 (full 7):
 par new generation   total 3774912K, used 25478K [0x0000000680000000, 0x0000000780000000, 0x0000000780000000)
  eden space 3355520K,   0% used [0x0000000680000000, 0x0000000680000000, 0x000000074cce0000)
  from space 419392K,   6% used [0x0000000766670000, 0x0000000767f51900, 0x0000000780000000)
  to   space 419392K,   0% used [0x000000074cce0000, 0x000000074cce0000, 0x0000000766670000)
 concurrent mark-sweep generation total 1048576K, used 10803K [0x0000000780000000, 0x00000007c0000000, 0x00000007c0000000)
 Metaspace       used 2783K, capacity 4496K, committed 4864K, reserved 1056768K
  class space    used 293K, capacity 388K, committed 512K, reserved 1048576K
}
{Heap before GC invocations=97 (full 7):
 par new generation   total 3774912K, used 3380998K [0x0000000680000000, 0x0000000780000000, 0x0000000780000000)
  eden space 3355520K, 100% used [0x0000000680000000, 0x000000074cce0000, 0x000000074cce0000)
  from space 419392K,   6% used [0x0000000766670000, 0x0000000767f51920, 0x0000000780000000)
  to   space 419392K,   0% used [0x000000074cce0000, 0x000000074cce0000, 0x0000000766670000)
 concurrent mark-sweep generation total 1048576K, used 10803K [0x0000000780000000, 0x00000007c0000000, 0x00000007c0000000)
 Metaspace       used 2783K, capacity 4496K, committed 4864K, reserved 1056768K
  class space    used 293K, capacity 388K, committed 512K, reserved 1048576K
46.326: #104: [GC (Allocation Failure) 46.326: #104: [ParNew: 3380998K->47026K(3774912K), 0.0112935 secs] 3391801K->57829K(4823488K), 0.0113375 secs] [Times: user=0.03 sys=0.00 real=0.01 secs] 
Heap after GC invocations=98 (full 7):
 par new generation   total 3774912K, used 47026K [0x0000000680000000, 0x0000000780000000, 0x0000000780000000)
  eden space 3355520K,   0% used [0x0000000680000000, 0x0000000680000000, 0x000000074cce0000)
  from space 419392K,  11% used [0x000000074cce0000, 0x000000074facc860, 0x0000000766670000)
  to   space 419392K,   0% used [0x0000000766670000, 0x0000000766670000, 0x0000000780000000)
 concurrent mark-sweep generation total 1048576K, used 10803K [0x0000000780000000, 0x00000007c0000000, 0x00000007c0000000)
 Metaspace       used 2783K, capacity 4496K, committed 4864K, reserved 1056768K
  class space    used 293K, capacity 388K, committed 512K, reserved 1048576K
}
{Heap before GC invocations=98 (full 7):
 par new generation   total 3774912K, used 144542K [0x0000000680000000, 0x0000000780000000, 0x0000000780000000)
  eden space 3355520K,   2% used [0x0000000680000000, 0x0000000685f3b258, 0x000000074cce0000)
  from space 419392K,  11% used [0x000000074cce0000, 0x000000074facc860, 0x0000000766670000)
  to   space 419392K,   0% used [0x0000000766670000, 0x0000000766670000, 0x0000000780000000)
 concurrent mark-sweep generation total 1048576K, used 10803K [0x0000000780000000, 0x00000007c0000000, 0x00000007c0000000)
 Metaspace       used 2783K, capacity 4496K, committed 4864K, reserved 1056768K
  class space    used 293K, capacity 388K, committed 512K, reserved 1048576K
46.348: #105: [GC (GCLocker Initiated GC) 46.348: #105: [ParNew: 144542K->25846K(3774912K), 0.0091617 secs] 155346K->36650K(4823488K), 0.0092011 secs] [Times: user=0.02 sys=0.00 real=0.01 secs] 
Heap after GC invocations=99 (full 7):
 par new generation   total 3774912K, used 25846K [0x0000000680000000, 0x0000000780000000, 0x0000000780000000)
  eden space 3355520K,   0% used [0x0000000680000000, 0x0000000680000000, 0x000000074cce0000)
  from space 419392K,   6% used [0x0000000766670000, 0x0000000767fadae0, 0x0000000780000000)
  to   space 419392K,   0% used [0x000000074cce0000, 0x000000074cce0000, 0x0000000766670000)
 concurrent mark-sweep generation total 1048576K, used 10803K [0x0000000780000000, 0x00000007c0000000, 0x00000007c0000000)
 Metaspace       used 2783K, capacity 4496K, committed 4864K, reserved 1056768K
  class space    used 293K, capacity 388K, committed 512K, reserved 1048576K
}
{Heap before GC invocations=99 (full 7):
 par new generation   total 3774912K, used 3381366K [0x0000000680000000, 0x0000000780000000, 0x0000000780000000)
  eden space 3355520K, 100% used [0x0000000680000000, 0x000000074cce0000, 0x000000074cce0000)
  from space 419392K,   6% used [0x0000000766670000, 0x0000000767fadaf0, 0x0000000780000000)
  to   space 419392K,   0% used [0x000000074cce0000, 0x000000074cce0000, 0x0000000766670000)
 concurrent mark-sweep generation total 1048576K, used 10803K [0x0000000780000000, 0x00000007c0000000, 0x00000007c0000000)
 Metaspace       used 2783K, capacity 4496K, committed 4864K, reserved 1056768K
  class space    used 293K, capacity 388K, committed 512K, reserved 1048576K
46.975: #106: [GC (Allocation Failure) 46.976: #106: [ParNew: 3381366K->47297K(3774912K), 0.0117646 secs] 3392170K->58100K(4823488K), 0.0118101 secs] [Times: user=0.02 sys=0.00 real=0.01 secs] 
Heap after GC invocations=100 (full 7):
 par new generation   total 3774912K, used 47297K [0x0000000680000000, 0x0000000780000000, 0x0000000780000000)
  eden space 3355520K,   0% used [0x0000000680000000, 0x0000000680000000, 0x000000074cce0000)
  from space 419392K,  11% used [0x000000074cce0000, 0x000000074fb10500, 0x0000000766670000)
  to   space 419392K,   0% used [0x0000000766670000, 0x0000000766670000, 0x0000000780000000)
 concurrent mark-sweep generation total 1048576K, used 10803K [0x0000000780000000, 0x00000007c0000000, 0x00000007c0000000)
 Metaspace       used 2783K, capacity 4496K, committed 4864K, reserved 1056768K
  class space    used 293K, capacity 388K, committed 512K, reserved 1048576K
}
{Heap before GC invocations=100 (full 7):
 par new generation   total 3774912K, used 128504K [0x0000000680000000, 0x0000000780000000, 0x0000000780000000)
  eden space 3355520K,   2% used [0x0000000680000000, 0x0000000684f4ded8, 0x000000074cce0000)
  from space 419392K,  11% used [0x000000074cce0000, 0x000000074fb10500, 0x0000000766670000)
  to   space 419392K,   0% used [0x0000000766670000, 0x0000000766670000, 0x0000000780000000)
 concurrent mark-sweep generation total 1048576K, used 10803K [0x0000000780000000, 0x00000007c0000000, 0x00000007c0000000)
 Metaspace       used 2783K, capacity 4496K, committed 4864K, reserved 1056768K
  class space    used 293K, capacity 388K, committed 512K, reserved 1048576K
46.998: #107: [GC (GCLocker Initiated GC) 46.998: #107: [ParNew: 128504K->28527K(3774912K), 0.0097901 secs] 139308K->39330K(4823488K), 0.0098400 secs] [Times: user=0.03 sys=0.00 real=0.01 secs] 
Heap after GC invocations=101 (full 7):
 par new generation   total 3774912K, used 28527K [0x0000000680000000, 0x0000000780000000, 0x0000000780000000)
  eden space 3355520K,   0% used [0x0000000680000000, 0x0000000680000000, 0x000000074cce0000)
  from space 419392K,   6% used [0x0000000766670000, 0x000000076824bd30, 0x0000000780000000)
  to   space 419392K,   0% used [0x000000074cce0000, 0x000000074cce0000, 0x0000000766670000)
 concurrent mark-sweep generation total 1048576K, used 10803K [0x0000000780000000, 0x00000007c0000000, 0x00000007c0000000)
 Metaspace       used 2783K, capacity 4496K, committed 4864K, reserved 1056768K
  class space    used 293K, capacity 388K, committed 512K, reserved 1048576K
}
{Heap before GC invocations=101 (full 7):
 par new generation   total 3774912K, used 3386223K [0x0000000680000000, 0x0000000780000000, 0x0000000780000000)
  eden space 3355520K, 100% used [0x0000000680000000, 0x000000074cce0000, 0x000000074cce0000)
  from space 419392K,   7% used [0x0000000766670000, 0x000000076846bd00, 0x0000000780000000)
  to   space 419392K,   0% used [0x000000074cce0000, 0x000000074cce0000, 0x0000000766670000)
 concurrent mark-sweep generation total 1048576K, used 10803K [0x0000000780000000, 0x00000007c0000000, 0x00000007c0000000)
 Metaspace       used 2783K, capacity 4496K, committed 4864K, reserved 1056768K
  class space    used 293K, capacity 388K, committed 512K, reserved 1048576K
47.648: #108: [GC (GCLocker Initiated GC) 47.648: #108: [ParNew: 3386223K->42306K(3774912K), 0.0139006 secs] 3397026K->53110K(4823488K), 0.0139452 secs] [Times: user=0.03 sys=0.00 real=0.02 secs] 
Heap after GC invocations=102 (full 7):
 par new generation   total 3774912K, used 42306K [0x0000000680000000, 0x0000000780000000, 0x0000000780000000)
  eden space 3355520K,   0% used [0x0000000680000000, 0x0000000680000000, 0x000000074cce0000)
  from space 419392K,  10% used [0x000000074cce0000, 0x000000074f630b60, 0x0000000766670000)
  to   space 419392K,   0% used [0x0000000766670000, 0x0000000766670000, 0x0000000780000000)
 concurrent mark-sweep generation total 1048576K, used 10803K [0x0000000780000000, 0x00000007c0000000, 0x00000007c0000000)
 Metaspace       used 2783K, capacity 4496K, committed 4864K, reserved 1056768K
  class space    used 293K, capacity 388K, committed 512K, reserved 1048576K
}
SYSTEM_GC BEFORE
48.107: #109: [GC (CMS Initial Mark) [1 CMS-initial-mark: 10803K(1048576K)] 2399601K(4823488K), 0.7376036 secs] [Times: user=2.33 sys=0.00 real=0.74 secs] 
48.845: #109: [CMS-concurrent-mark-start]
{Heap before GC invocations=102 (full 8):
 par new generation   total 3774912K, used 2388798K [0x0000000680000000, 0x0000000780000000, 0x0000000780000000)
  eden space 3355520K,  69% used [0x0000000680000000, 0x000000070f37edd0, 0x000000074cce0000)
  from space 419392K,  10% used [0x000000074cce0000, 0x000000074f630b60, 0x0000000766670000)
  to   space 419392K,   0% used [0x0000000766670000, 0x0000000766670000, 0x0000000780000000)
 concurrent mark-sweep generation total 1048576K, used 10803K [0x0000000780000000, 0x00000007c0000000, 0x00000007c0000000)
 Metaspace       used 2783K, capacity 4496K, committed 4864K, reserved 1056768K
  class space    used 293K, capacity 388K, committed 512K, reserved 1048576K
48.846: #110: [GC (GCLocker Initiated GC) 48.846: #110: [ParNew: 2388798K->25673K(3774912K), 0.0118188 secs] 2399601K->36476K(4823488K), 0.0118607 secs] [Times: user=0.02 sys=0.00 real=0.01 secs] 
Heap after GC invocations=103 (full 8):
 par new generation   total 3774912K, used 25673K [0x0000000680000000, 0x0000000780000000, 0x0000000780000000)
  eden space 3355520K,   0% used [0x0000000680000000, 0x0000000680000000, 0x000000074cce0000)
  from space 419392K,   6% used [0x0000000766670000, 0x0000000767f824a0, 0x0000000780000000)
  to   space 419392K,   0% used [0x000000074cce0000, 0x000000074cce0000, 0x0000000766670000)
 concurrent mark-sweep generation total 1048576K, used 10803K [0x0000000780000000, 0x00000007c0000000, 0x00000007c0000000)
 Metaspace       used 2783K, capacity 4496K, committed 4864K, reserved 1056768K
  class space    used 293K, capacity 388K, committed 512K, reserved 1048576K
}
48.893: #109: [CMS-concurrent-mark: 0.035/0.048 secs] [Times: user=0.11 sys=0.02 real=0.05 secs] 
48.893: #109: [CMS-concurrent-preclean-start]
48.896: #109: [CMS-concurrent-preclean: 0.003/0.003 secs] [Times: user=0.01 sys=0.00 real=0.00 secs] 
48.896: #109: [CMS-concurrent-abortable-preclean-start]
49.364: #109: [CMS-concurrent-abortable-preclean: 0.165/0.468 secs] [Times: user=1.47 sys=0.08 real=0.47 secs] 
49.364: #109: [GC (CMS Final Remark) [YG occupancy: 2615088 K (3774912 K)]49.365: #109: [Rescan (parallel) , 0.7672687 secs]50.132: #109: [weak refs processing, 0.0000156 secs]50.132: #109: [class unloading, 0.0003408 secs]50.132: #109: [scrub symbol table, 0.0004052 secs]50.133: #109: [scrub string table, 0.0001622 secs][1 CMS-remark: 10803K(1048576K)] 2625891K(4823488K), 0.7683016 secs] [Times: user=2.81 sys=0.00 real=0.77 secs] 
50.133: #109: [CMS-concurrent-sweep-start]
50.139: #109: [CMS-concurrent-sweep: 0.006/0.006 secs] [Times: user=0.02 sys=0.00 real=0.00 secs] 
50.139: #109: [CMS-concurrent-reset-start]
SYSTEM_GC AFTER
50.142: #109: [CMS-concurrent-reset: 0.002/0.002 secs] [Times: user=0.01 sys=0.00 real=0.01 secs] 
{Heap before GC invocations=103 (full 8):
 par new generation   total 3774912K, used 2663820K [0x0000000680000000, 0x0000000780000000, 0x0000000780000000)
  eden space 3355520K,  78% used [0x0000000680000000, 0x0000000721050cb0, 0x000000074cce0000)
  from space 419392K,   6% used [0x0000000766670000, 0x0000000767f824a0, 0x0000000780000000)
  to   space 419392K,   0% used [0x000000074cce0000, 0x000000074cce0000, 0x0000000766670000)
 concurrent mark-sweep generation total 1048576K, used 10803K [0x0000000780000000, 0x00000007c0000000, 0x00000007c0000000)
 Metaspace       used 2783K, capacity 4496K, committed 4864K, reserved 1056768K
  class space    used 293K, capacity 388K, committed 512K, reserved 1048576K
50.142: #111: [GC (GCLocker Initiated GC) 50.142: #111: [ParNew: 2663820K->26578K(3774912K), 0.0095269 secs] 2674623K->37382K(4823488K), 0.0095588 secs] [Times: user=0.03 sys=0.00 real=0.01 secs] 
Heap after GC invocations=104 (full 8):
 par new generation   total 3774912K, used 26578K [0x0000000680000000, 0x0000000780000000, 0x0000000780000000)
  eden space 3355520K,   0% used [0x0000000680000000, 0x0000000680000000, 0x000000074cce0000)
  from space 419392K,   6% used [0x000000074cce0000, 0x000000074e6d4a30, 0x0000000766670000)
  to   space 419392K,   0% used [0x0000000766670000, 0x0000000766670000, 0x0000000780000000)
 concurrent mark-sweep generation total 1048576K, used 10803K [0x0000000780000000, 0x00000007c0000000, 0x00000007c0000000)
 Metaspace       used 2783K, capacity 4496K, committed 4864K, reserved 1056768K
  class space    used 293K, capacity 388K, committed 512K, reserved 1048576K
}
{Heap before GC invocations=104 (full 8):
 par new generation   total 3774912K, used 3383043K [0x0000000680000000, 0x0000000780000000, 0x0000000780000000)
  eden space 3355520K, 100% used [0x0000000680000000, 0x000000074cce0000, 0x000000074cce0000)
  from space 419392K,   6% used [0x000000074cce0000, 0x000000074e7c0d10, 0x0000000766670000)
  to   space 419392K,   0% used [0x0000000766670000, 0x0000000766670000, 0x0000000780000000)
 concurrent mark-sweep generation total 1048576K, used 10803K [0x0000000780000000, 0x00000007c0000000, 0x00000007c0000000)
 Metaspace       used 2783K, capacity 4496K, committed 4864K, reserved 1056768K
  class space    used 293K, capacity 388K, committed 512K, reserved 1048576K
50.697: #112: [GC (GCLocker Initiated GC) 50.697: #112: [ParNew: 3383043K->29762K(3774912K), 0.0103675 secs] 3393846K->40565K(4823488K), 0.0104089 secs] [Times: user=0.02 sys=0.00 real=0.01 secs] 
Heap after GC invocations=105 (full 8):
 par new generation   total 3774912K, used 29762K [0x0000000680000000, 0x0000000780000000, 0x0000000780000000)
  eden space 3355520K,   0% used [0x0000000680000000, 0x0000000680000000, 0x000000074cce0000)
  from space 419392K,   7% used [0x0000000766670000, 0x0000000768380820, 0x0000000780000000)
  to   space 419392K,   0% used [0x000000074cce0000, 0x000000074cce0000, 0x0000000766670000)
 concurrent mark-sweep generation total 1048576K, used 10803K [0x0000000780000000, 0x00000007c0000000, 0x00000007c0000000)
 Metaspace       used 2783K, capacity 4496K, committed 4864K, reserved 1056768K
  class space    used 293K, capacity 388K, committed 512K, reserved 1048576K
}
{Heap before GC invocations=105 (full 8):
 par new generation   total 3774912K, used 3385282K [0x0000000680000000, 0x0000000780000000, 0x0000000780000000)
  eden space 3355520K, 100% used [0x0000000680000000, 0x000000074cce0000, 0x000000074cce0000)
  from space 419392K,   7% used [0x0000000766670000, 0x0000000768380820, 0x0000000780000000)
  to   space 419392K,   0% used [0x000000074cce0000, 0x000000074cce0000, 0x0000000766670000)
 concurrent mark-sweep generation total 1048576K, used 10803K [0x0000000780000000, 0x00000007c0000000, 0x00000007c0000000)
 Metaspace       used 2783K, capacity 4496K, committed 4864K, reserved 1056768K
  class space    used 293K, capacity 388K, committed 512K, reserved 1048576K
51.239: #113: [GC (Allocation Failure) 51.239: #113: [ParNew: 3385282K->31116K(3774912K), 0.0108712 secs] 3396085K->41919K(4823488K), 0.0109139 secs] [Times: user=0.02 sys=0.00 real=0.01 secs] 
Heap after GC invocations=106 (full 8):
 par new generation   total 3774912K, used 31116K [0x0000000680000000, 0x0000000780000000, 0x0000000780000000)
  eden space 3355520K,   0% used [0x0000000680000000, 0x0000000680000000, 0x000000074cce0000)
  from space 419392K,   7% used [0x000000074cce0000, 0x000000074eb43220, 0x0000000766670000)
  to   space 419392K,   0% used [0x0000000766670000, 0x0000000766670000, 0x0000000780000000)
 concurrent mark-sweep generation total 1048576K, used 10803K [0x0000000780000000, 0x00000007c0000000, 0x00000007c0000000)
 Metaspace       used 2783K, capacity 4496K, committed 4864K, reserved 1056768K
  class space    used 293K, capacity 388K, committed 512K, reserved 1048576K
}
{Heap before GC invocations=106 (full 8):
 par new generation   total 3774912K, used 3387538K [0x0000000680000000, 0x0000000780000000, 0x0000000780000000)
  eden space 3355520K, 100% used [0x0000000680000000, 0x000000074cce0000, 0x000000074cce0000)
  from space 419392K,   7% used [0x000000074cce0000, 0x000000074ec24978, 0x0000000766670000)
  to   space 419392K,   0% used [0x0000000766670000, 0x0000000766670000, 0x0000000780000000)
 concurrent mark-sweep generation total 1048576K, used 10803K [0x0000000780000000, 0x00000007c0000000, 0x00000007c0000000)
 Metaspace       used 2783K, capacity 4496K, committed 4864K, reserved 1056768K
  class space    used 293K, capacity 388K, committed 512K, reserved 1048576K
51.779: #114: [GC (Allocation Failure) 51.779: #114: [ParNew: 3387538K->28359K(3774912K), 0.0100818 secs] 3398341K->39162K(4823488K), 0.0101223 secs] [Times: user=0.03 sys=0.00 real=0.01 secs] 
Heap after GC invocations=107 (full 8):
 par new generation   total 3774912K, used 28359K [0x0000000680000000, 0x0000000780000000, 0x0000000780000000)
  eden space 3355520K,   0% used [0x0000000680000000, 0x0000000680000000, 0x000000074cce0000)
  from space 419392K,   6% used [0x0000000766670000, 0x0000000768221da0, 0x0000000780000000)
  to   space 419392K,   0% used [0x000000074cce0000, 0x000000074cce0000, 0x0000000766670000)
 concurrent mark-sweep generation total 1048576K, used 10803K [0x0000000780000000, 0x00000007c0000000, 0x00000007c0000000)
 Metaspace       used 2783K, capacity 4496K, committed 4864K, reserved 1056768K
  class space    used 293K, capacity 388K, committed 512K, reserved 1048576K
}
{Heap before GC invocations=107 (full 8):
 par new generation   total 3774912K, used 142808K [0x0000000680000000, 0x0000000780000000, 0x0000000780000000)
  eden space 3355520K,   3% used [0x0000000680000000, 0x0000000686fc4598, 0x000000074cce0000)
  from space 419392K,   6% used [0x0000000766670000, 0x0000000768221da0, 0x0000000780000000)
  to   space 419392K,   0% used [0x000000074cce0000, 0x000000074cce0000, 0x0000000766670000)
 concurrent mark-sweep generation total 1048576K, used 10803K [0x0000000780000000, 0x00000007c0000000, 0x00000007c0000000)
 Metaspace       used 2783K, capacity 4496K, committed 4864K, reserved 1056768K
  class space    used 293K, capacity 388K, committed 512K, reserved 1048576K
51.800: #115: [GC (GCLocker Initiated GC) 51.800: #115: [ParNew: 142808K->22698K(3774912K), 0.0067275 secs] 153612K->33501K(4823488K), 0.0067795 secs] [Times: user=0.02 sys=0.00 real=0.01 secs] 
Heap after GC invocations=108 (full 8):
 par new generation   total 3774912K, used 22698K [0x0000000680000000, 0x0000000780000000, 0x0000000780000000)
  eden space 3355520K,   0% used [0x0000000680000000, 0x0000000680000000, 0x000000074cce0000)
  from space 419392K,   5% used [0x000000074cce0000, 0x000000074e30a980, 0x0000000766670000)
  to   space 419392K,   0% used [0x0000000766670000, 0x0000000766670000, 0x0000000780000000)
 concurrent mark-sweep generation total 1048576K, used 10803K [0x0000000780000000, 0x00000007c0000000, 0x00000007c0000000)
 Metaspace       used 2783K, capacity 4496K, committed 4864K, reserved 1056768K
  class space    used 293K, capacity 388K, committed 512K, reserved 1048576K
}
{Heap before GC invocations=108 (full 8):
 par new generation   total 3774912K, used 3378872K [0x0000000680000000, 0x0000000780000000, 0x0000000780000000)
  eden space 3355520K, 100% used [0x0000000680000000, 0x000000074cce0000, 0x000000074cce0000)
  from space 419392K,   5% used [0x000000074cce0000, 0x000000074e3ae320, 0x0000000766670000)
  to   space 419392K,   0% used [0x0000000766670000, 0x0000000766670000, 0x0000000780000000)
 concurrent mark-sweep generation total 1048576K, used 10803K [0x0000000780000000, 0x00000007c0000000, 0x00000007c0000000)
 Metaspace       used 2783K, capacity 4496K, committed 4864K, reserved 1056768K
  class space    used 293K, capacity 388K, committed 512K, reserved 1048576K
52.331: #116: [GC (GCLocker Initiated GC) 52.331: #116: [ParNew: 3378872K->43561K(3774912K), 0.0103021 secs] 3389676K->54365K(4823488K), 0.0103358 secs] [Times: user=0.03 sys=0.01 real=0.01 secs] 
Heap after GC invocations=109 (full 8):
 par new generation   total 3774912K, used 43561K [0x0000000680000000, 0x0000000780000000, 0x0000000780000000)
  eden space 3355520K,   0% used [0x0000000680000000, 0x0000000680000000, 0x000000074cce0000)
  from space 419392K,  10% used [0x0000000766670000, 0x00000007690fa660, 0x0000000780000000)
  to   space 419392K,   0% used [0x000000074cce0000, 0x000000074cce0000, 0x0000000766670000)
 concurrent mark-sweep generation total 1048576K, used 10803K [0x0000000780000000, 0x00000007c0000000, 0x00000007c0000000)
 Metaspace       used 2783K, capacity 4496K, committed 4864K, reserved 1056768K
  class space    used 293K, capacity 388K, committed 512K, reserved 1048576K
}
{Heap before GC invocations=109 (full 8):
 par new generation   total 3774912K, used 3399952K [0x0000000680000000, 0x0000000780000000, 0x0000000780000000)
  eden space 3355520K, 100% used [0x0000000680000000, 0x000000074cce0000, 0x000000074cce0000)
  from space 419392K,  10% used [0x0000000766670000, 0x00000007691d43b0, 0x0000000780000000)
  to   space 419392K,   0% used [0x000000074cce0000, 0x000000074cce0000, 0x0000000766670000)
 concurrent mark-sweep generation total 1048576K, used 10803K [0x0000000780000000, 0x00000007c0000000, 0x00000007c0000000)
 Metaspace       used 2783K, capacity 4496K, committed 4864K, reserved 1056768K
  class space    used 293K, capacity 388K, committed 512K, reserved 1048576K
52.866: #117: [GC (Allocation Failure) 52.866: #117: [ParNew: 3399952K->31249K(3774912K), 0.0102612 secs] 3410756K->42052K(4823488K), 0.0102979 secs] [Times: user=0.03 sys=0.00 real=0.01 secs] 
Heap after GC invocations=110 (full 8):
 par new generation   total 3774912K, used 31249K [0x0000000680000000, 0x0000000780000000, 0x0000000780000000)
  eden space 3355520K,   0% used [0x0000000680000000, 0x0000000680000000, 0x000000074cce0000)
  from space 419392K,   7% used [0x000000074cce0000, 0x000000074eb645c0, 0x0000000766670000)
  to   space 419392K,   0% used [0x0000000766670000, 0x0000000766670000, 0x0000000780000000)
 concurrent mark-sweep generation total 1048576K, used 10803K [0x0000000780000000, 0x00000007c0000000, 0x00000007c0000000)
 Metaspace       used 2783K, capacity 4496K, committed 4864K, reserved 1056768K
  class space    used 293K, capacity 388K, committed 512K, reserved 1048576K
}
{Heap before GC invocations=110 (full 8):
 par new generation   total 3774912K, used 146040K [0x0000000680000000, 0x0000000780000000, 0x0000000780000000)
  eden space 3355520K,   3% used [0x0000000680000000, 0x0000000687019b40, 0x000000074cce0000)
  from space 419392K,   7% used [0x000000074cce0000, 0x000000074eb645c0, 0x0000000766670000)
  to   space 419392K,   0% used [0x0000000766670000, 0x0000000766670000, 0x0000000780000000)
 concurrent mark-sweep generation total 1048576K, used 10803K [0x0000000780000000, 0x00000007c0000000, 0x00000007c0000000)
 Metaspace       used 2783K, capacity 4496K, committed 4864K, reserved 1056768K
  class space    used 293K, capacity 388K, committed 512K, reserved 1048576K
52.887: #118: [GC (GCLocker Initiated GC) 52.887: #118: [ParNew: 146040K->23536K(3774912K), 0.0075207 secs] 156843K->34340K(4823488K), 0.0075597 secs] [Times: user=0.03 sys=0.00 real=0.01 secs] 
Heap after GC invocations=111 (full 8):
 par new generation   total 3774912K, used 23536K [0x0000000680000000, 0x0000000780000000, 0x0000000780000000)
  eden space 3355520K,   0% used [0x0000000680000000, 0x0000000680000000, 0x000000074cce0000)
  from space 419392K,   5% used [0x0000000766670000, 0x0000000767d6c230, 0x0000000780000000)
  to   space 419392K,   0% used [0x000000074cce0000, 0x000000074cce0000, 0x0000000766670000)
 concurrent mark-sweep generation total 1048576K, used 10803K [0x0000000780000000, 0x00000007c0000000, 0x00000007c0000000)
 Metaspace       used 2783K, capacity 4496K, committed 4864K, reserved 1056768K
  class space    used 293K, capacity 388K, committed 512K, reserved 1048576K
}
{Heap before GC invocations=111 (full 8):
 par new generation   total 3774912K, used 3379056K [0x0000000680000000, 0x0000000780000000, 0x0000000780000000)
  eden space 3355520K, 100% used [0x0000000680000000, 0x000000074cce0000, 0x000000074cce0000)
  from space 419392K,   5% used [0x0000000766670000, 0x0000000767d6c230, 0x0000000780000000)
  to   space 419392K,   0% used [0x000000074cce0000, 0x000000074cce0000, 0x0000000766670000)
 concurrent mark-sweep generation total 1048576K, used 10803K [0x0000000780000000, 0x00000007c0000000, 0x00000007c0000000)
 Metaspace       used 2783K, capacity 4496K, committed 4864K, reserved 1056768K
  class space    used 293K, capacity 388K, committed 512K, reserved 1048576K
53.415: #119: [GC (Allocation Failure) 53.415: #119: [ParNew: 3379056K->44189K(3774912K), 0.0102247 secs] 3389860K->54993K(4823488K), 0.0102581 secs] [Times: user=0.03 sys=0.00 real=0.01 secs] 
Heap after GC invocations=112 (full 8):
 par new generation   total 3774912K, used 44189K [0x0000000680000000, 0x0000000780000000, 0x0000000780000000)
  eden space 3355520K,   0% used [0x0000000680000000, 0x0000000680000000, 0x000000074cce0000)
  from space 419392K,  10% used [0x000000074cce0000, 0x000000074f8076e0, 0x0000000766670000)
  to   space 419392K,   0% used [0x0000000766670000, 0x0000000766670000, 0x0000000780000000)
 concurrent mark-sweep generation total 1048576K, used 10803K [0x0000000780000000, 0x00000007c0000000, 0x00000007c0000000)
 Metaspace       used 2783K, capacity 4496K, committed 4864K, reserved 1056768K
  class space    used 293K, capacity 388K, committed 512K, reserved 1048576K
}
{Heap before GC invocations=112 (full 8):
 par new generation   total 3774912K, used 3399711K [0x0000000680000000, 0x0000000780000000, 0x0000000780000000)
  eden space 3355520K, 100% used [0x0000000680000000, 0x000000074cce0000, 0x000000074cce0000)
  from space 419392K,  10% used [0x000000074cce0000, 0x000000074f807d28, 0x0000000766670000)
  to   space 419392K,   0% used [0x0000000766670000, 0x0000000766670000, 0x0000000780000000)
 concurrent mark-sweep generation total 1048576K, used 10803K [0x0000000780000000, 0x00000007c0000000, 0x00000007c0000000)
 Metaspace       used 2783K, capacity 4496K, committed 4864K, reserved 1056768K
  class space    used 293K, capacity 388K, committed 512K, reserved 1048576K
53.952: #120: [GC (Allocation Failure) 53.952: #120: [ParNew: 3399711K->33090K(3774912K), 0.0106094 secs] 3410514K->43894K(4823488K), 0.0106468 secs] [Times: user=0.02 sys=0.00 real=0.01 secs] 
Heap after GC invocations=113 (full 8):
 par new generation   total 3774912K, used 33090K [0x0000000680000000, 0x0000000780000000, 0x0000000780000000)
  eden space 3355520K,   0% used [0x0000000680000000, 0x0000000680000000, 0x000000074cce0000)
  from space 419392K,   7% used [0x0000000766670000, 0x00000007686c0aa0, 0x0000000780000000)
  to   space 419392K,   0% used [0x000000074cce0000, 0x000000074cce0000, 0x0000000766670000)
 concurrent mark-sweep generation total 1048576K, used 10803K [0x0000000780000000, 0x00000007c0000000, 0x00000007c0000000)
 Metaspace       used 2783K, capacity 4496K, committed 4864K, reserved 1056768K
  class space    used 293K, capacity 388K, committed 512K, reserved 1048576K
}
{Heap before GC invocations=113 (full 8):
 par new generation   total 3774912K, used 147157K [0x0000000680000000, 0x0000000780000000, 0x0000000780000000)
  eden space 3355520K,   3% used [0x0000000680000000, 0x0000000686f64d50, 0x000000074cce0000)
  from space 419392K,   7% used [0x0000000766670000, 0x00000007686c0aa0, 0x0000000780000000)
  to   space 419392K,   0% used [0x000000074cce0000, 0x000000074cce0000, 0x0000000766670000)
 concurrent mark-sweep generation total 1048576K, used 10803K [0x0000000780000000, 0x00000007c0000000, 0x00000007c0000000)
 Metaspace       used 2783K, capacity 4496K, committed 4864K, reserved 1056768K
  class space    used 293K, capacity 388K, committed 512K, reserved 1048576K
53.974: #121: [GC (GCLocker Initiated GC) 53.974: #121: [ParNew: 147157K->25033K(3774912K), 0.0070748 secs] 157961K->35836K(4823488K), 0.0071192 secs] [Times: user=0.02 sys=0.00 real=0.01 secs] 
Heap after GC invocations=114 (full 8):
 par new generation   total 3774912K, used 25033K [0x0000000680000000, 0x0000000780000000, 0x0000000780000000)
  eden space 3355520K,   0% used [0x0000000680000000, 0x0000000680000000, 0x000000074cce0000)
  from space 419392K,   5% used [0x000000074cce0000, 0x000000074e552508, 0x0000000766670000)
  to   space 419392K,   0% used [0x0000000766670000, 0x0000000766670000, 0x0000000780000000)
 concurrent mark-sweep generation total 1048576K, used 10803K [0x0000000780000000, 0x00000007c0000000, 0x00000007c0000000)
 Metaspace       used 2783K, capacity 4496K, committed 4864K, reserved 1056768K
  class space    used 293K, capacity 388K, committed 512K, reserved 1048576K
}
{Heap before GC invocations=114 (full 8):
 par new generation   total 3774912K, used 3380553K [0x0000000680000000, 0x0000000780000000, 0x0000000780000000)
  eden space 3355520K, 100% used [0x0000000680000000, 0x000000074cce0000, 0x000000074cce0000)
  from space 419392K,   5% used [0x000000074cce0000, 0x000000074e552508, 0x0000000766670000)
  to   space 419392K,   0% used [0x0000000766670000, 0x0000000766670000, 0x0000000780000000)
 concurrent mark-sweep generation total 1048576K, used 10803K [0x0000000780000000, 0x00000007c0000000, 0x00000007c0000000)
 Metaspace       used 2783K, capacity 4496K, committed 4864K, reserved 1056768K
  class space    used 293K, capacity 388K, committed 512K, reserved 1048576K
54.495: #122: [GC (Allocation Failure) 54.495: #122: [ParNew: 3380553K->44195K(3774912K), 0.0102246 secs] 3391356K->54998K(4823488K), 0.0102631 secs] [Times: user=0.02 sys=0.00 real=0.01 secs] 
Heap after GC invocations=115 (full 8):
 par new generation   total 3774912K, used 44195K [0x0000000680000000, 0x0000000780000000, 0x0000000780000000)
  eden space 3355520K,   0% used [0x0000000680000000, 0x0000000680000000, 0x000000074cce0000)
  from space 419392K,  10% used [0x0000000766670000, 0x0000000769198c80, 0x0000000780000000)
  to   space 419392K,   0% used [0x000000074cce0000, 0x000000074cce0000, 0x0000000766670000)
 concurrent mark-sweep generation total 1048576K, used 10803K [0x0000000780000000, 0x00000007c0000000, 0x00000007c0000000)
 Metaspace       used 2783K, capacity 4496K, committed 4864K, reserved 1056768K
  class space    used 293K, capacity 388K, committed 512K, reserved 1048576K
}
{Heap before GC invocations=115 (full 8):
 par new generation   total 3774912K, used 3399715K [0x0000000680000000, 0x0000000780000000, 0x0000000780000000)
  eden space 3355520K, 100% used [0x0000000680000000, 0x000000074cce0000, 0x000000074cce0000)
  from space 419392K,  10% used [0x0000000766670000, 0x0000000769198c80, 0x0000000780000000)
  to   space 419392K,   0% used [0x000000074cce0000, 0x000000074cce0000, 0x0000000766670000)
 concurrent mark-sweep generation total 1048576K, used 10803K [0x0000000780000000, 0x00000007c0000000, 0x00000007c0000000)
 Metaspace       used 2783K, capacity 4496K, committed 4864K, reserved 1056768K
  class space    used 293K, capacity 388K, committed 512K, reserved 1048576K
55.030: #123: [GC (Allocation Failure) 55.030: #123: [ParNew: 3399715K->32372K(3774912K), 0.0104842 secs] 3410518K->43176K(4823488K), 0.0105185 secs] [Times: user=0.02 sys=0.00 real=0.02 secs] 
Heap after GC invocations=116 (full 8):
 par new generation   total 3774912K, used 32372K [0x0000000680000000, 0x0000000780000000, 0x0000000780000000)
  eden space 3355520K,   0% used [0x0000000680000000, 0x0000000680000000, 0x000000074cce0000)
  from space 419392K,   7% used [0x000000074cce0000, 0x000000074ec7d3a0, 0x0000000766670000)
  to   space 419392K,   0% used [0x0000000766670000, 0x0000000766670000, 0x0000000780000000)
 concurrent mark-sweep generation total 1048576K, used 10803K [0x0000000780000000, 0x00000007c0000000, 0x00000007c0000000)
 Metaspace       used 2783K, capacity 4496K, committed 4864K, reserved 1056768K
  class space    used 293K, capacity 388K, committed 512K, reserved 1048576K
}
SYSTEM_GC BEFORE
{Heap before GC invocations=116 (full 8):
 par new generation   total 3774912K, used 596027K [0x0000000680000000, 0x0000000780000000, 0x0000000780000000)
  eden space 3355520K,  16% used [0x0000000680000000, 0x00000006a2671900, 0x000000074cce0000)
  from space 419392K,   7% used [0x000000074cce0000, 0x000000074ec7d3a0, 0x0000000766670000)
  to   space 419392K,   0% used [0x0000000766670000, 0x0000000766670000, 0x0000000780000000)
 concurrent mark-sweep generation total 1048576K, used 10803K [0x0000000780000000, 0x00000007c0000000, 0x00000007c0000000)
 Metaspace       used 2783K, capacity 4496K, committed 4864K, reserved 1056768K
  class space    used 293K, capacity 388K, committed 512K, reserved 1048576K
55.141: #124: [GC (System.gc()) 55.141: #124: [ParNew: 596027K->7878K(3774912K), 0.0051283 secs] 606830K->18682K(4823488K), 0.0051659 secs] [Times: user=0.01 sys=0.00 real=0.00 secs] 
Heap after GC invocations=117 (full 8):
 par new generation   total 3774912K, used 7878K [0x0000000680000000, 0x0000000780000000, 0x0000000780000000)
  eden space 3355520K,   0% used [0x0000000680000000, 0x0000000680000000, 0x000000074cce0000)
  from space 419392K,   1% used [0x0000000766670000, 0x0000000766e21b88, 0x0000000780000000)
  to   space 419392K,   0% used [0x000000074cce0000, 0x000000074cce0000, 0x0000000766670000)
 concurrent mark-sweep generation total 1048576K, used 10803K [0x0000000780000000, 0x00000007c0000000, 0x00000007c0000000)
 Metaspace       used 2783K, capacity 4496K, committed 4864K, reserved 1056768K
  class space    used 293K, capacity 388K, committed 512K, reserved 1048576K
}
55.146: #125: [GC (CMS Initial Mark) [1 CMS-initial-mark: 10803K(1048576K)] 34811K(4823488K), 0.0007738 secs] [Times: user=0.01 sys=0.00 real=0.00 secs] 
55.147: #125: [CMS-concurrent-mark-start]
55.170: #125: [CMS-concurrent-mark: 0.023/0.023 secs] [Times: user=0.08 sys=0.01 real=0.02 secs] 
55.170: #125: [CMS-concurrent-preclean-start]
55.173: #125: [CMS-concurrent-preclean: 0.003/0.003 secs] [Times: user=0.01 sys=0.00 real=0.01 secs] 
55.173: #125: [CMS-concurrent-abortable-preclean-start]
55.582: #125: [CMS-concurrent-abortable-preclean: 0.104/0.409 secs] [Times: user=1.54 sys=0.07 real=0.41 secs] 
55.582: #125: [GC (CMS Final Remark) [YG occupancy: 2744684 K (3774912 K)]{Heap before GC invocations=117 (full 9):
 par new generation   total 3774912K, used 2744684K [0x0000000680000000, 0x0000000780000000, 0x0000000780000000)
  eden space 3355520K,  81% used [0x0000000680000000, 0x00000007270a96c8, 0x000000074cce0000)
  from space 419392K,   1% used [0x0000000766670000, 0x0000000766e21b88, 0x0000000780000000)
  to   space 419392K,   0% used [0x000000074cce0000, 0x000000074cce0000, 0x0000000766670000)
 concurrent mark-sweep generation total 1048576K, used 10803K [0x0000000780000000, 0x00000007c0000000, 0x00000007c0000000)
 Metaspace       used 2784K, capacity 4496K, committed 4864K, reserved 1056768K
  class space    used 293K, capacity 388K, committed 512K, reserved 1048576K
55.582: #126: [GC (CMS Final Remark) 55.582: #126: [ParNew: 2744684K->24277K(3774912K), 0.0091999 secs] 2755488K->35081K(4823488K), 0.0092290 secs] [Times: user=0.02 sys=0.00 real=0.01 secs] 
Heap after GC invocations=118 (full 9):
 par new generation   total 3774912K, used 24277K [0x0000000680000000, 0x0000000780000000, 0x0000000780000000)
  eden space 3355520K,   0% used [0x0000000680000000, 0x0000000680000000, 0x000000074cce0000)
  from space 419392K,   5% used [0x000000074cce0000, 0x000000074e4956e0, 0x0000000766670000)
  to   space 419392K,   0% used [0x0000000766670000, 0x0000000766670000, 0x0000000780000000)
 concurrent mark-sweep generation total 1048576K, used 10803K [0x0000000780000000, 0x00000007c0000000, 0x00000007c0000000)
 Metaspace       used 2784K, capacity 4496K, committed 4864K, reserved 1056768K
  class space    used 293K, capacity 388K, committed 512K, reserved 1048576K
}
55.592: #125: [Rescan (parallel) , 0.0018354 secs]55.594: #125: [weak refs processing, 0.0000249 secs]55.594: #125: [class unloading, 0.0003856 secs]55.594: #125: [scrub symbol table, 0.0005472 secs]55.595: #125: [scrub string table, 0.0002584 secs][1 CMS-remark: 10803K(1048576K)] 35081K(4823488K), 0.0125315 secs] [Times: user=0.03 sys=0.00 real=0.01 secs] 
55.595: #125: [CMS-concurrent-sweep-start]
55.602: #125: [CMS-concurrent-sweep: 0.006/0.006 secs] [Times: user=0.02 sys=0.00 real=0.01 secs] 
55.602: #125: [CMS-concurrent-reset-start]
SYSTEM_GC AFTER
55.604: #125: [CMS-concurrent-reset: 0.002/0.002 secs] [Times: user=0.01 sys=0.01 real=0.00 secs] 
{Heap before GC invocations=118 (full 9):
 par new generation   total 3774912K, used 3379797K [0x0000000680000000, 0x0000000780000000, 0x0000000780000000)
  eden space 3355520K, 100% used [0x0000000680000000, 0x000000074cce0000, 0x000000074cce0000)
  from space 419392K,   5% used [0x000000074cce0000, 0x000000074e495700, 0x0000000766670000)
  to   space 419392K,   0% used [0x0000000766670000, 0x0000000766670000, 0x0000000780000000)
 concurrent mark-sweep generation total 1048576K, used 10803K [0x0000000780000000, 0x00000007c0000000, 0x00000007c0000000)
 Metaspace       used 2784K, capacity 4496K, committed 4864K, reserved 1056768K
  class space    used 293K, capacity 388K, committed 512K, reserved 1048576K
56.118: #127: [GC (Allocation Failure) 56.118: #127: [ParNew: 3379797K->29330K(3774912K), 0.0102773 secs] 3390601K->40133K(4823488K), 0.0103164 secs] [Times: user=0.02 sys=0.00 real=0.01 secs] 
Heap after GC invocations=119 (full 9):
 par new generation   total 3774912K, used 29330K [0x0000000680000000, 0x0000000780000000, 0x0000000780000000)
  eden space 3355520K,   0% used [0x0000000680000000, 0x0000000680000000, 0x000000074cce0000)
  from space 419392K,   6% used [0x0000000766670000, 0x0000000768314918, 0x0000000780000000)
  to   space 419392K,   0% used [0x000000074cce0000, 0x000000074cce0000, 0x0000000766670000)
 concurrent mark-sweep generation total 1048576K, used 10803K [0x0000000780000000, 0x00000007c0000000, 0x00000007c0000000)
 Metaspace       used 2784K, capacity 4496K, committed 4864K, reserved 1056768K
  class space    used 293K, capacity 388K, committed 512K, reserved 1048576K
}
{Heap before GC invocations=119 (full 9):
 par new generation   total 3774912K, used 78157K [0x0000000680000000, 0x0000000780000000, 0x0000000780000000)
  eden space 3355520K,   1% used [0x0000000680000000, 0x0000000682faeed8, 0x000000074cce0000)
  from space 419392K,   6% used [0x0000000766670000, 0x0000000768314918, 0x0000000780000000)
  to   space 419392K,   0% used [0x000000074cce0000, 0x000000074cce0000, 0x0000000766670000)
 concurrent mark-sweep generation total 1048576K, used 10803K [0x0000000780000000, 0x00000007c0000000, 0x00000007c0000000)
 Metaspace       used 2784K, capacity 4496K, committed 4864K, reserved 1056768K
  class space    used 293K, capacity 388K, committed 512K, reserved 1048576K
56.129: #128: [GC (GCLocker Initiated GC) 56.129: #128: [ParNew: 78157K->29568K(3774912K), 0.0077347 secs] 88961K->40371K(4823488K), 0.0077629 secs] [Times: user=0.03 sys=0.00 real=0.01 secs] 
Heap after GC invocations=120 (full 9):
 par new generation   total 3774912K, used 29568K [0x0000000680000000, 0x0000000780000000, 0x0000000780000000)
  eden space 3355520K,   0% used [0x0000000680000000, 0x0000000680000000, 0x000000074cce0000)
  from space 419392K,   7% used [0x000000074cce0000, 0x000000074e9c0090, 0x0000000766670000)
  to   space 419392K,   0% used [0x0000000766670000, 0x0000000766670000, 0x0000000780000000)
 concurrent mark-sweep generation total 1048576K, used 10803K [0x0000000780000000, 0x00000007c0000000, 0x00000007c0000000)
 Metaspace       used 2784K, capacity 4496K, committed 4864K, reserved 1056768K
  class space    used 293K, capacity 388K, committed 512K, reserved 1048576K
}
{Heap before GC invocations=120 (full 9):
 par new generation   total 3774912K, used 3385088K [0x0000000680000000, 0x0000000780000000, 0x0000000780000000)
  eden space 3355520K, 100% used [0x0000000680000000, 0x000000074cce0000, 0x000000074cce0000)
  from space 419392K,   7% used [0x000000074cce0000, 0x000000074e9c0090, 0x0000000766670000)
  to   space 419392K,   0% used [0x0000000766670000, 0x0000000766670000, 0x0000000780000000)
 concurrent mark-sweep generation total 1048576K, used 10803K [0x0000000780000000, 0x00000007c0000000, 0x00000007c0000000)
 Metaspace       used 2784K, capacity 4496K, committed 4864K, reserved 1056768K
  class space    used 293K, capacity 388K, committed 512K, reserved 1048576K
56.659: #129: [GC (Allocation Failure) 56.659: #129: [ParNew: 3385088K->49052K(3774912K), 0.0104551 secs] 3395891K->59855K(4823488K), 0.0104883 secs] [Times: user=0.02 sys=0.00 real=0.01 secs] 
Heap after GC invocations=121 (full 9):
 par new generation   total 3774912K, used 49052K [0x0000000680000000, 0x0000000780000000, 0x0000000780000000)
  eden space 3355520K,   0% used [0x0000000680000000, 0x0000000680000000, 0x000000074cce0000)
  from space 419392K,  11% used [0x0000000766670000, 0x0000000769657200, 0x0000000780000000)
  to   space 419392K,   0% used [0x000000074cce0000, 0x000000074cce0000, 0x0000000766670000)
 concurrent mark-sweep generation total 1048576K, used 10803K [0x0000000780000000, 0x00000007c0000000, 0x00000007c0000000)
 Metaspace       used 2784K, capacity 4496K, committed 4864K, reserved 1056768K
  class space    used 293K, capacity 388K, committed 512K, reserved 1048576K
}
{Heap before GC invocations=121 (full 9):
 par new generation   total 3774912K, used 3404580K [0x0000000680000000, 0x0000000780000000, 0x0000000780000000)
  eden space 3355520K, 100% used [0x0000000680000000, 0x000000074cce0000, 0x000000074cce0000)
  from space 419392K,  11% used [0x0000000766670000, 0x0000000769659210, 0x0000000780000000)
  to   space 419392K,   0% used [0x000000074cce0000, 0x000000074cce0000, 0x0000000766670000)
 concurrent mark-sweep generation total 1048576K, used 10803K [0x0000000780000000, 0x00000007c0000000, 0x00000007c0000000)
 Metaspace       used 2784K, capacity 4496K, committed 4864K, reserved 1056768K
  class space    used 293K, capacity 388K, committed 512K, reserved 1048576K
57.189: #130: [GC (Allocation Failure) 57.189: #130: [ParNew: 3404580K->31526K(3774912K), 0.0101046 secs] 3415383K->42329K(4823488K), 0.0101430 secs] [Times: user=0.02 sys=0.00 real=0.01 secs] 
Heap after GC invocations=122 (full 9):
 par new generation   total 3774912K, used 31526K [0x0000000680000000, 0x0000000780000000, 0x0000000780000000)
  eden space 3355520K,   0% used [0x0000000680000000, 0x0000000680000000, 0x000000074cce0000)
  from space 419392K,   7% used [0x000000074cce0000, 0x000000074eba98e0, 0x0000000766670000)
  to   space 419392K,   0% used [0x0000000766670000, 0x0000000766670000, 0x0000000780000000)
 concurrent mark-sweep generation total 1048576K, used 10803K [0x0000000780000000, 0x00000007c0000000, 0x00000007c0000000)
 Metaspace       used 2784K, capacity 4496K, committed 4864K, reserved 1056768K
  class space    used 293K, capacity 388K, committed 512K, reserved 1048576K
}
{Heap before GC invocations=122 (full 9):
 par new generation   total 3774912K, used 145430K [0x0000000680000000, 0x0000000780000000, 0x0000000780000000)
  eden space 3355520K,   3% used [0x0000000680000000, 0x0000000686f3bf20, 0x000000074cce0000)
  from space 419392K,   7% used [0x000000074cce0000, 0x000000074eba98e0, 0x0000000766670000)
  to   space 419392K,   0% used [0x0000000766670000, 0x0000000766670000, 0x0000000780000000)
 concurrent mark-sweep generation total 1048576K, used 10803K [0x0000000780000000, 0x00000007c0000000, 0x00000007c0000000)
 Metaspace       used 2784K, capacity 4496K, committed 4864K, reserved 1056768K
  class space    used 293K, capacity 388K, committed 512K, reserved 1048576K
57.210: #131: [GC (GCLocker Initiated GC) 57.210: #131: [ParNew: 145430K->22327K(3774912K), 0.0064874 secs] 156233K->33131K(4823488K), 0.0065243 secs] [Times: user=0.03 sys=0.00 real=0.01 secs] 
Heap after GC invocations=123 (full 9):
 par new generation   total 3774912K, used 22327K [0x0000000680000000, 0x0000000780000000, 0x0000000780000000)
  eden space 3355520K,   0% used [0x0000000680000000, 0x0000000680000000, 0x000000074cce0000)
  from space 419392K,   5% used [0x0000000766670000, 0x0000000767c3df10, 0x0000000780000000)
  to   space 419392K,   0% used [0x000000074cce0000, 0x000000074cce0000, 0x0000000766670000)
 concurrent mark-sweep generation total 1048576K, used 10803K [0x0000000780000000, 0x00000007c0000000, 0x00000007c0000000)
 Metaspace       used 2784K, capacity 4496K, committed 4864K, reserved 1056768K
  class space    used 293K, capacity 388K, committed 512K, reserved 1048576K
}
{Heap before GC invocations=123 (full 9):
 par new generation   total 3774912K, used 3377847K [0x0000000680000000, 0x0000000780000000, 0x0000000780000000)
  eden space 3355520K, 100% used [0x0000000680000000, 0x000000074cce0000, 0x000000074cce0000)
  from space 419392K,   5% used [0x0000000766670000, 0x0000000767c3df10, 0x0000000780000000)
  to   space 419392K,   0% used [0x000000074cce0000, 0x000000074cce0000, 0x0000000766670000)
 concurrent mark-sweep generation total 1048576K, used 10803K [0x0000000780000000, 0x00000007c0000000, 0x00000007c0000000)
 Metaspace       used 2784K, capacity 4496K, committed 4864K, reserved 1056768K
  class space    used 293K, capacity 388K, committed 512K, reserved 1048576K
57.737: #132: [GC (Allocation Failure) 57.737: #132: [ParNew: 3377847K->44373K(3774912K), 0.0105326 secs] 3388651K->55176K(4823488K), 0.0105673 secs] [Times: user=0.03 sys=0.00 real=0.01 secs] 
Heap after GC invocations=124 (full 9):
 par new generation   total 3774912K, used 44373K [0x0000000680000000, 0x0000000780000000, 0x0000000780000000)
  eden space 3355520K,   0% used [0x0000000680000000, 0x0000000680000000, 0x000000074cce0000)
  from space 419392K,  10% used [0x000000074cce0000, 0x000000074f8355c0, 0x0000000766670000)
  to   space 419392K,   0% used [0x0000000766670000, 0x0000000766670000, 0x0000000780000000)
 concurrent mark-sweep generation total 1048576K, used 10803K [0x0000000780000000, 0x00000007c0000000, 0x00000007c0000000)
 Metaspace       used 2784K, capacity 4496K, committed 4864K, reserved 1056768K
  class space    used 293K, capacity 388K, committed 512K, reserved 1048576K
}
{Heap before GC invocations=124 (full 9):
 par new generation   total 3774912K, used 3399893K [0x0000000680000000, 0x0000000780000000, 0x0000000780000000)
  eden space 3355520K, 100% used [0x0000000680000000, 0x000000074cce0000, 0x000000074cce0000)
  from space 419392K,  10% used [0x000000074cce0000, 0x000000074f8355c0, 0x0000000766670000)
  to   space 419392K,   0% used [0x0000000766670000, 0x0000000766670000, 0x0000000780000000)
 concurrent mark-sweep generation total 1048576K, used 10803K [0x0000000780000000, 0x00000007c0000000, 0x00000007c0000000)
 Metaspace       used 2784K, capacity 4496K, committed 4864K, reserved 1056768K
  class space    used 293K, capacity 388K, committed 512K, reserved 1048576K
58.272: #133: [GC (Allocation Failure) 58.272: #133: [ParNew: 3399893K->31505K(3774912K), 0.0106147 secs] 3410696K->42308K(4823488K), 0.0106534 secs] [Times: user=0.02 sys=0.00 real=0.01 secs] 
Heap after GC invocations=125 (full 9):
 par new generation   total 3774912K, used 31505K [0x0000000680000000, 0x0000000780000000, 0x0000000780000000)
  eden space 3355520K,   0% used [0x0000000680000000, 0x0000000680000000, 0x000000074cce0000)
  from space 419392K,   7% used [0x0000000766670000, 0x0000000768534520, 0x0000000780000000)
  to   space 419392K,   0% used [0x000000074cce0000, 0x000000074cce0000, 0x0000000766670000)
 concurrent mark-sweep generation total 1048576K, used 10803K [0x0000000780000000, 0x00000007c0000000, 0x00000007c0000000)
 Metaspace       used 2784K, capacity 4496K, committed 4864K, reserved 1056768K
  class space    used 293K, capacity 388K, committed 512K, reserved 1048576K
}
{Heap before GC invocations=125 (full 9):
 par new generation   total 3774912K, used 3387025K [0x0000000680000000, 0x0000000780000000, 0x0000000780000000)
  eden space 3355520K, 100% used [0x0000000680000000, 0x000000074cce0000, 0x000000074cce0000)
  from space 419392K,   7% used [0x0000000766670000, 0x0000000768534530, 0x0000000780000000)
  to   space 419392K,   0% used [0x000000074cce0000, 0x000000074cce0000, 0x0000000766670000)
 concurrent mark-sweep generation total 1048576K, used 10803K [0x0000000780000000, 0x00000007c0000000, 0x00000007c0000000)
 Metaspace       used 2784K, capacity 4496K, committed 4864K, reserved 1056768K
  class space    used 293K, capacity 388K, committed 512K, reserved 1048576K
58.803: #134: [GC (Allocation Failure) 58.803: #134: [ParNew: 3387025K->30762K(3774912K), 0.0103326 secs] 3397828K->41565K(4823488K), 0.0103825 secs] [Times: user=0.02 sys=0.00 real=0.01 secs] 
Heap after GC invocations=126 (full 9):
 par new generation   total 3774912K, used 30762K [0x0000000680000000, 0x0000000780000000, 0x0000000780000000)
  eden space 3355520K,   0% used [0x0000000680000000, 0x0000000680000000, 0x000000074cce0000)
  from space 419392K,   7% used [0x000000074cce0000, 0x000000074eaea8c0, 0x0000000766670000)
  to   space 419392K,   0% used [0x0000000766670000, 0x0000000766670000, 0x0000000780000000)
 concurrent mark-sweep generation total 1048576K, used 10803K [0x0000000780000000, 0x00000007c0000000, 0x00000007c0000000)
 Metaspace       used 2784K, capacity 4496K, committed 4864K, reserved 1056768K
  class space    used 293K, capacity 388K, committed 512K, reserved 1048576K
}
{Heap before GC invocations=126 (full 9):
 par new generation   total 3774912K, used 128262K [0x0000000680000000, 0x0000000780000000, 0x0000000780000000)
  eden space 3355520K,   2% used [0x0000000680000000, 0x0000000685f372a0, 0x000000074cce0000)
  from space 419392K,   7% used [0x000000074cce0000, 0x000000074eaea8c0, 0x0000000766670000)
  to   space 419392K,   0% used [0x0000000766670000, 0x0000000766670000, 0x0000000780000000)
 concurrent mark-sweep generation total 1048576K, used 10803K [0x0000000780000000, 0x00000007c0000000, 0x00000007c0000000)
 Metaspace       used 2784K, capacity 4496K, committed 4864K, reserved 1056768K
  class space    used 293K, capacity 388K, committed 512K, reserved 1048576K
58.824: #135: [GC (GCLocker Initiated GC) 58.824: #135: [ParNew: 128262K->22991K(3774912K), 0.0065503 secs] 139066K->33794K(4823488K), 0.0065877 secs] [Times: user=0.03 sys=0.00 real=0.00 secs] 
Heap after GC invocations=127 (full 9):
 par new generation   total 3774912K, used 22991K [0x0000000680000000, 0x0000000780000000, 0x0000000780000000)
  eden space 3355520K,   0% used [0x0000000680000000, 0x0000000680000000, 0x000000074cce0000)
  from space 419392K,   5% used [0x0000000766670000, 0x0000000767ce3c40, 0x0000000780000000)
  to   space 419392K,   0% used [0x000000074cce0000, 0x000000074cce0000, 0x0000000766670000)
 concurrent mark-sweep generation total 1048576K, used 10803K [0x0000000780000000, 0x00000007c0000000, 0x00000007c0000000)
 Metaspace       used 2784K, capacity 4496K, committed 4864K, reserved 1056768K
  class space    used 293K, capacity 388K, committed 512K, reserved 1048576K
}
{Heap before GC invocations=127 (full 9):
 par new generation   total 3774912K, used 3378511K [0x0000000680000000, 0x0000000780000000, 0x0000000780000000)
  eden space 3355520K, 100% used [0x0000000680000000, 0x000000074cce0000, 0x000000074cce0000)
  from space 419392K,   5% used [0x0000000766670000, 0x0000000767ce3c40, 0x0000000780000000)
  to   space 419392K,   0% used [0x000000074cce0000, 0x000000074cce0000, 0x0000000766670000)
 concurrent mark-sweep generation total 1048576K, used 10803K [0x0000000780000000, 0x00000007c0000000, 0x00000007c0000000)
 Metaspace       used 2784K, capacity 4496K, committed 4864K, reserved 1056768K
  class space    used 293K, capacity 388K, committed 512K, reserved 1048576K
59.350: #136: [GC (Allocation Failure) 59.350: #136: [ParNew: 3378511K->44281K(3774912K), 0.0105857 secs] 3389314K->55084K(4823488K), 0.0106237 secs] [Times: user=0.03 sys=0.00 real=0.01 secs] 
Heap after GC invocations=128 (full 9):
 par new generation   total 3774912K, used 44281K [0x0000000680000000, 0x0000000780000000, 0x0000000780000000)
  eden space 3355520K,   0% used [0x0000000680000000, 0x0000000680000000, 0x000000074cce0000)
  from space 419392K,  10% used [0x000000074cce0000, 0x000000074f81e5e0, 0x0000000766670000)
  to   space 419392K,   0% used [0x0000000766670000, 0x0000000766670000, 0x0000000780000000)
 concurrent mark-sweep generation total 1048576K, used 10803K [0x0000000780000000, 0x00000007c0000000, 0x00000007c0000000)
 Metaspace       used 2784K, capacity 4496K, committed 4864K, reserved 1056768K
  class space    used 293K, capacity 388K, committed 512K, reserved 1048576K
}
{Heap before GC invocations=128 (full 9):
 par new generation   total 3774912K, used 3399864K [0x0000000680000000, 0x0000000780000000, 0x0000000780000000)
  eden space 3355520K, 100% used [0x0000000680000000, 0x000000074cce0000, 0x000000074cce0000)
  from space 419392K,  10% used [0x000000074cce0000, 0x000000074f82e0f8, 0x0000000766670000)
  to   space 419392K,   0% used [0x0000000766670000, 0x0000000766670000, 0x0000000780000000)
 concurrent mark-sweep generation total 1048576K, used 10803K [0x0000000780000000, 0x00000007c0000000, 0x00000007c0000000)
 Metaspace       used 2784K, capacity 4496K, committed 4864K, reserved 1056768K
  class space    used 293K, capacity 388K, committed 512K, reserved 1048576K
59.888: #137: [GC (GCLocker Initiated GC) 59.888: #137: [ParNew: 3399864K->31154K(3774912K), 0.0104474 secs] 3410667K->41958K(4823488K), 0.0104806 secs] [Times: user=0.03 sys=0.00 real=0.01 secs] 
Heap after GC invocations=129 (full 9):
 par new generation   total 3774912K, used 31154K [0x0000000680000000, 0x0000000780000000, 0x0000000780000000)
  eden space 3355520K,   0% used [0x0000000680000000, 0x0000000680000000, 0x000000074cce0000)
  from space 419392K,   7% used [0x0000000766670000, 0x00000007684dcba0, 0x0000000780000000)
  to   space 419392K,   0% used [0x000000074cce0000, 0x000000074cce0000, 0x0000000766670000)
 concurrent mark-sweep generation total 1048576K, used 10803K [0x0000000780000000, 0x00000007c0000000, 0x00000007c0000000)
 Metaspace       used 2784K, capacity 4496K, committed 4864K, reserved 1056768K
  class space    used 293K, capacity 388K, committed 512K, reserved 1048576K
}
{Heap before GC invocations=129 (full 9):
 par new generation   total 3774912K, used 3386674K [0x0000000680000000, 0x0000000780000000, 0x0000000780000000)
  eden space 3355520K, 100% used [0x0000000680000000, 0x000000074cce0000, 0x000000074cce0000)
  from space 419392K,   7% used [0x0000000766670000, 0x00000007684dcba0, 0x0000000780000000)
  to   space 419392K,   0% used [0x000000074cce0000, 0x000000074cce0000, 0x0000000766670000)
 concurrent mark-sweep generation total 1048576K, used 10803K [0x0000000780000000, 0x00000007c0000000, 0x00000007c0000000)
 Metaspace       used 2784K, capacity 4496K, committed 4864K, reserved 1056768K
  class space    used 293K, capacity 388K, committed 512K, reserved 1048576K
60.440: #138: [GC (Allocation Failure) 60.440: #138: [ParNew: 3386674K->30648K(3774912K), 0.0104853 secs] 3397478K->41451K(4823488K), 0.0105235 secs] [Times: user=0.02 sys=0.00 real=0.01 secs] 
Heap after GC invocations=130 (full 9):
 par new generation   total 3774912K, used 30648K [0x0000000680000000, 0x0000000780000000, 0x0000000780000000)
  eden space 3355520K,   0% used [0x0000000680000000, 0x0000000680000000, 0x000000074cce0000)
  from space 419392K,   7% used [0x000000074cce0000, 0x000000074eace188, 0x0000000766670000)
  to   space 419392K,   0% used [0x0000000766670000, 0x0000000766670000, 0x0000000780000000)
 concurrent mark-sweep generation total 1048576K, used 10803K [0x0000000780000000, 0x00000007c0000000, 0x00000007c0000000)
 Metaspace       used 2784K, capacity 4496K, committed 4864K, reserved 1056768K
  class space    used 293K, capacity 388K, committed 512K, reserved 1048576K
}
SYSTEM_GC BEFORE
60.604: #139: [GC (CMS Initial Mark) [1 CMS-initial-mark: 10803K(1048576K)] 923343K(4823488K), 0.2306862 secs] [Times: user=0.89 sys=0.01 real=0.23 secs] 
60.834: #139: [CMS-concurrent-mark-start]
{Heap before GC invocations=130 (full 10):
 par new generation   total 3774912K, used 912540K [0x0000000680000000, 0x0000000780000000, 0x0000000780000000)
  eden space 3355520K,  26% used [0x0000000680000000, 0x00000006b5d38ff0, 0x000000074cce0000)
  from space 419392K,   7% used [0x000000074cce0000, 0x000000074eace188, 0x0000000766670000)
  to   space 419392K,   0% used [0x0000000766670000, 0x0000000766670000, 0x0000000780000000)
 concurrent mark-sweep generation total 1048576K, used 10803K [0x0000000780000000, 0x00000007c0000000, 0x00000007c0000000)
 Metaspace       used 2784K, capacity 4496K, committed 4864K, reserved 1056768K
  class space    used 293K, capacity 388K, committed 512K, reserved 1048576K
60.835: #140: [GC (GCLocker Initiated GC) 60.835: #140: [ParNew: 912540K->10220K(3774912K), 0.0059087 secs] 923343K->21023K(4823488K), 0.0059399 secs] [Times: user=0.02 sys=0.00 real=0.00 secs] 
Heap after GC invocations=131 (full 10):
 par new generation   total 3774912K, used 10220K [0x0000000680000000, 0x0000000780000000, 0x0000000780000000)
  eden space 3355520K,   0% used [0x0000000680000000, 0x0000000680000000, 0x000000074cce0000)
  from space 419392K,   2% used [0x0000000766670000, 0x000000076706b010, 0x0000000780000000)
  to   space 419392K,   0% used [0x000000074cce0000, 0x000000074cce0000, 0x0000000766670000)
 concurrent mark-sweep generation total 1048576K, used 10803K [0x0000000780000000, 0x00000007c0000000, 0x00000007c0000000)
 Metaspace       used 2784K, capacity 4496K, committed 4864K, reserved 1056768K
  class space    used 293K, capacity 388K, committed 512K, reserved 1048576K
}
60.864: #139: [CMS-concurrent-mark: 0.023/0.030 secs] [Times: user=0.09 sys=0.01 real=0.03 secs] 
60.864: #139: [CMS-concurrent-preclean-start]
60.866: #139: [CMS-concurrent-preclean: 0.002/0.002 secs] [Times: user=0.00 sys=0.01 real=0.00 secs] 
60.866: #139: [CMS-concurrent-abortable-preclean-start]
61.274: #139: [CMS-concurrent-abortable-preclean: 0.102/0.407 secs] [Times: user=1.52 sys=0.04 real=0.41 secs] 
61.274: #139: [GC (CMS Final Remark) [YG occupancy: 2648813 K (3774912 K)]61.274: #139: [Rescan (parallel) , 0.7385820 secs]62.013: #139: [weak refs processing, 0.0000138 secs]62.013: #139: [class unloading, 0.0002713 secs]62.013: #139: [scrub symbol table, 0.0003844 secs]62.013: #139: [scrub string table, 0.0001490 secs][1 CMS-remark: 10803K(1048576K)] 2659616K(4823488K), 0.7394799 secs] [Times: user=2.89 sys=0.01 real=0.74 secs] 
62.014: #139: [CMS-concurrent-sweep-start]
62.020: #139: [CMS-concurrent-sweep: 0.007/0.007 secs] [Times: user=0.01 sys=0.00 real=0.00 secs] 
62.020: #139: [CMS-concurrent-reset-start]
SYSTEM_GC AFTER
62.023: #139: [CMS-concurrent-reset: 0.002/0.002 secs] [Times: user=0.01 sys=0.00 real=0.01 secs] 
{Heap before GC invocations=131 (full 10):
 par new generation   total 3774912K, used 2730258K [0x0000000680000000, 0x0000000780000000, 0x0000000780000000)
  eden space 3355520K,  81% used [0x0000000680000000, 0x00000007260499d8, 0x000000074cce0000)
  from space 419392K,   2% used [0x0000000766670000, 0x000000076706b010, 0x0000000780000000)
  to   space 419392K,   0% used [0x000000074cce0000, 0x000000074cce0000, 0x0000000766670000)
 concurrent mark-sweep generation total 1048576K, used 10803K [0x0000000780000000, 0x00000007c0000000, 0x00000007c0000000)
 Metaspace       used 2784K, capacity 4496K, committed 4864K, reserved 1056768K
  class space    used 293K, capacity 388K, committed 512K, reserved 1048576K
62.024: #141: [GC (GCLocker Initiated GC) 62.024: #141: [ParNew: 2730258K->24584K(3774912K), 0.0091898 secs] 2741061K->35387K(4823488K), 0.0092268 secs] [Times: user=0.02 sys=0.00 real=0.01 secs] 
Heap after GC invocations=132 (full 10):
 par new generation   total 3774912K, used 24584K [0x0000000680000000, 0x0000000780000000, 0x0000000780000000)
  eden space 3355520K,   0% used [0x0000000680000000, 0x0000000680000000, 0x000000074cce0000)
  from space 419392K,   5% used [0x000000074cce0000, 0x000000074e4e21c0, 0x0000000766670000)
  to   space 419392K,   0% used [0x0000000766670000, 0x0000000766670000, 0x0000000780000000)
 concurrent mark-sweep generation total 1048576K, used 10803K [0x0000000780000000, 0x00000007c0000000, 0x00000007c0000000)
 Metaspace       used 2784K, capacity 4496K, committed 4864K, reserved 1056768K
  class space    used 293K, capacity 388K, committed 512K, reserved 1048576K
}
{Heap before GC invocations=132 (full 10):
 par new generation   total 3774912K, used 3382049K [0x0000000680000000, 0x0000000780000000, 0x0000000780000000)
  eden space 3355520K, 100% used [0x0000000680000000, 0x000000074cce0000, 0x000000074cce0000)
  from space 419392K,   6% used [0x000000074cce0000, 0x000000074e6c8608, 0x0000000766670000)
  to   space 419392K,   0% used [0x0000000766670000, 0x0000000766670000, 0x0000000780000000)
 concurrent mark-sweep generation total 1048576K, used 10803K [0x0000000780000000, 0x00000007c0000000, 0x00000007c0000000)
 Metaspace       used 2784K, capacity 4496K, committed 4864K, reserved 1056768K
  class space    used 293K, capacity 388K, committed 512K, reserved 1048576K
62.582: #142: [GC (Allocation Failure) 62.582: #142: [ParNew: 3382049K->30868K(3774912K), 0.0115930 secs] 3392852K->41672K(4823488K), 0.0116330 secs] [Times: user=0.03 sys=0.00 real=0.01 secs] 
Heap after GC invocations=133 (full 10):
 par new generation   total 3774912K, used 30868K [0x0000000680000000, 0x0000000780000000, 0x0000000780000000)
  eden space 3355520K,   0% used [0x0000000680000000, 0x0000000680000000, 0x000000074cce0000)
  from space 419392K,   7% used [0x0000000766670000, 0x00000007684952c8, 0x0000000780000000)
  to   space 419392K,   0% used [0x000000074cce0000, 0x000000074cce0000, 0x0000000766670000)
 concurrent mark-sweep generation total 1048576K, used 10803K [0x0000000780000000, 0x00000007c0000000, 0x00000007c0000000)
 Metaspace       used 2784K, capacity 4496K, committed 4864K, reserved 1056768K
  class space    used 293K, capacity 388K, committed 512K, reserved 1048576K
}
{Heap before GC invocations=133 (full 10):
 par new generation   total 3774912K, used 128924K [0x0000000680000000, 0x0000000780000000, 0x0000000780000000)
  eden space 3355520K,   2% used [0x0000000680000000, 0x0000000685fc1fe0, 0x000000074cce0000)
  from space 419392K,   7% used [0x0000000766670000, 0x00000007684952c8, 0x0000000780000000)
  to   space 419392K,   0% used [0x000000074cce0000, 0x000000074cce0000, 0x0000000766670000)
 concurrent mark-sweep generation total 1048576K, used 10803K [0x0000000780000000, 0x00000007c0000000, 0x00000007c0000000)
 Metaspace       used 2784K, capacity 4496K, committed 4864K, reserved 1056768K
  class space    used 293K, capacity 388K, committed 512K, reserved 1048576K
62.605: #143: [GC (GCLocker Initiated GC) 62.605: #143: [ParNew: 128924K->23920K(3774912K), 0.0078731 secs] 139728K->34724K(4823488K), 0.0079072 secs] [Times: user=0.03 sys=0.00 real=0.01 secs] 
Heap after GC invocations=134 (full 10):
 par new generation   total 3774912K, used 23920K [0x0000000680000000, 0x0000000780000000, 0x0000000780000000)
  eden space 3355520K,   0% used [0x0000000680000000, 0x0000000680000000, 0x000000074cce0000)
  from space 419392K,   5% used [0x000000074cce0000, 0x000000074e43c2d8, 0x0000000766670000)
  to   space 419392K,   0% used [0x0000000766670000, 0x0000000766670000, 0x0000000780000000)
 concurrent mark-sweep generation total 1048576K, used 10803K [0x0000000780000000, 0x00000007c0000000, 0x00000007c0000000)
 Metaspace       used 2784K, capacity 4496K, committed 4864K, reserved 1056768K
  class space    used 293K, capacity 388K, committed 512K, reserved 1048576K
}
{Heap before GC invocations=134 (full 10):
 par new generation   total 3774912K, used 3380867K [0x0000000680000000, 0x0000000780000000, 0x0000000780000000)
  eden space 3355520K, 100% used [0x0000000680000000, 0x000000074cce0000, 0x000000074cce0000)
  from space 419392K,   6% used [0x000000074cce0000, 0x000000074e5a0c18, 0x0000000766670000)
  to   space 419392K,   0% used [0x0000000766670000, 0x0000000766670000, 0x0000000780000000)
 concurrent mark-sweep generation total 1048576K, used 10803K [0x0000000780000000, 0x00000007c0000000, 0x00000007c0000000)
 Metaspace       used 2784K, capacity 4496K, committed 4864K, reserved 1056768K
  class space    used 293K, capacity 388K, committed 512K, reserved 1048576K
63.176: #144: [GC (GCLocker Initiated GC) 63.176: #144: [ParNew: 3380867K->46114K(3774912K), 0.0110162 secs] 3391670K->56917K(4823488K), 0.0110553 secs] [Times: user=0.02 sys=0.00 real=0.01 secs] 
Heap after GC invocations=135 (full 10):
 par new generation   total 3774912K, used 46114K [0x0000000680000000, 0x0000000780000000, 0x0000000780000000)
  eden space 3355520K,   0% used [0x0000000680000000, 0x0000000680000000, 0x000000074cce0000)
  from space 419392K,  10% used [0x0000000766670000, 0x00000007693788e0, 0x0000000780000000)
  to   space 419392K,   0% used [0x000000074cce0000, 0x000000074cce0000, 0x0000000766670000)
 concurrent mark-sweep generation total 1048576K, used 10803K [0x0000000780000000, 0x00000007c0000000, 0x00000007c0000000)
 Metaspace       used 2784K, capacity 4496K, committed 4864K, reserved 1056768K
  class space    used 293K, capacity 388K, committed 512K, reserved 1048576K
}
{Heap before GC invocations=135 (full 10):
 par new generation   total 3774912K, used 3401634K [0x0000000680000000, 0x0000000780000000, 0x0000000780000000)
  eden space 3355520K, 100% used [0x0000000680000000, 0x000000074cce0000, 0x000000074cce0000)
  from space 419392K,  10% used [0x0000000766670000, 0x00000007693788e0, 0x0000000780000000)
  to   space 419392K,   0% used [0x000000074cce0000, 0x000000074cce0000, 0x0000000766670000)
 concurrent mark-sweep generation total 1048576K, used 10803K [0x0000000780000000, 0x00000007c0000000, 0x00000007c0000000)
 Metaspace       used 2784K, capacity 4496K, committed 4864K, reserved 1056768K
  class space    used 293K, capacity 388K, committed 512K, reserved 1048576K
63.724: #145: [GC (Allocation Failure) 63.724: #145: [ParNew: 3401634K->31834K(3774912K), 0.0103447 secs] 3412437K->42637K(4823488K), 0.0103835 secs] [Times: user=0.03 sys=0.00 real=0.01 secs] 
Heap after GC invocations=136 (full 10):
 par new generation   total 3774912K, used 31834K [0x0000000680000000, 0x0000000780000000, 0x0000000780000000)
  eden space 3355520K,   0% used [0x0000000680000000, 0x0000000680000000, 0x000000074cce0000)
  from space 419392K,   7% used [0x000000074cce0000, 0x000000074ebf6940, 0x0000000766670000)
  to   space 419392K,   0% used [0x0000000766670000, 0x0000000766670000, 0x0000000780000000)
 concurrent mark-sweep generation total 1048576K, used 10803K [0x0000000780000000, 0x00000007c0000000, 0x00000007c0000000)
 Metaspace       used 2784K, capacity 4496K, committed 4864K, reserved 1056768K
  class space    used 293K, capacity 388K, committed 512K, reserved 1048576K
}
{Heap before GC invocations=136 (full 10):
 par new generation   total 3774912K, used 3387354K [0x0000000680000000, 0x0000000780000000, 0x0000000780000000)
  eden space 3355520K, 100% used [0x0000000680000000, 0x000000074cce0000, 0x000000074cce0000)
  from space 419392K,   7% used [0x000000074cce0000, 0x000000074ebf6940, 0x0000000766670000)
  to   space 419392K,   0% used [0x0000000766670000, 0x0000000766670000, 0x0000000780000000)
 concurrent mark-sweep generation total 1048576K, used 10803K [0x0000000780000000, 0x00000007c0000000, 0x00000007c0000000)
 Metaspace       used 2784K, capacity 4496K, committed 4864K, reserved 1056768K
  class space    used 293K, capacity 388K, committed 512K, reserved 1048576K
64.269: #146: [GC (Allocation Failure) 64.269: #146: [ParNew: 3387354K->31105K(3774912K), 0.0104450 secs] 3398157K->41909K(4823488K), 0.0104784 secs] [Times: user=0.02 sys=0.00 real=0.01 secs] 
Heap after GC invocations=137 (full 10):
 par new generation   total 3774912K, used 31105K [0x0000000680000000, 0x0000000780000000, 0x0000000780000000)
  eden space 3355520K,   0% used [0x0000000680000000, 0x0000000680000000, 0x000000074cce0000)
  from space 419392K,   7% used [0x0000000766670000, 0x00000007684d0650, 0x0000000780000000)
  to   space 419392K,   0% used [0x000000074cce0000, 0x000000074cce0000, 0x0000000766670000)
 concurrent mark-sweep generation total 1048576K, used 10803K [0x0000000780000000, 0x00000007c0000000, 0x00000007c0000000)
 Metaspace       used 2784K, capacity 4496K, committed 4864K, reserved 1056768K
  class space    used 293K, capacity 388K, committed 512K, reserved 1048576K
}
{Heap before GC invocations=137 (full 10):
 par new generation   total 3774912K, used 3386731K [0x0000000680000000, 0x0000000780000000, 0x0000000780000000)
  eden space 3355520K, 100% used [0x0000000680000000, 0x000000074cce0000, 0x000000074cce0000)
  from space 419392K,   7% used [0x0000000766670000, 0x00000007684eaef8, 0x0000000780000000)
  to   space 419392K,   0% used [0x000000074cce0000, 0x000000074cce0000, 0x0000000766670000)
 concurrent mark-sweep generation total 1048576K, used 10803K [0x0000000780000000, 0x00000007c0000000, 0x00000007c0000000)
 Metaspace       used 2784K, capacity 4496K, committed 4864K, reserved 1056768K
  class space    used 293K, capacity 388K, committed 512K, reserved 1048576K
64.805: #147: [GC (Allocation Failure) 64.805: #147: [ParNew: 3386731K->31107K(3774912K), 0.0103674 secs] 3397535K->41911K(4823488K), 0.0104005 secs] [Times: user=0.02 sys=0.00 real=0.01 secs] 
Heap after GC invocations=138 (full 10):
 par new generation   total 3774912K, used 31107K [0x0000000680000000, 0x0000000780000000, 0x0000000780000000)
  eden space 3355520K,   0% used [0x0000000680000000, 0x0000000680000000, 0x000000074cce0000)
  from space 419392K,   7% used [0x000000074cce0000, 0x000000074eb40e38, 0x0000000766670000)
  to   space 419392K,   0% used [0x0000000766670000, 0x0000000766670000, 0x0000000780000000)
 concurrent mark-sweep generation total 1048576K, used 10803K [0x0000000780000000, 0x00000007c0000000, 0x00000007c0000000)
 Metaspace       used 2784K, capacity 4496K, committed 4864K, reserved 1056768K
  class space    used 293K, capacity 388K, committed 512K, reserved 1048576K
}
{Heap before GC invocations=138 (full 10):
 par new generation   total 3774912K, used 144906K [0x0000000680000000, 0x0000000780000000, 0x0000000780000000)
  eden space 3355520K,   3% used [0x0000000680000000, 0x0000000686f21d78, 0x000000074cce0000)
  from space 419392K,   7% used [0x000000074cce0000, 0x000000074eb40e38, 0x0000000766670000)
  to   space 419392K,   0% used [0x0000000766670000, 0x0000000766670000, 0x0000000780000000)
 concurrent mark-sweep generation total 1048576K, used 10803K [0x0000000780000000, 0x00000007c0000000, 0x00000007c0000000)
 Metaspace       used 2784K, capacity 4496K, committed 4864K, reserved 1056768K
  class space    used 293K, capacity 388K, committed 512K, reserved 1048576K
64.826: #148: [GC (GCLocker Initiated GC) 64.826: #148: [ParNew: 144906K->24264K(3774912K), 0.0070819 secs] 155710K->35067K(4823488K), 0.0071379 secs] [Times: user=0.03 sys=0.00 real=0.01 secs] 
Heap after GC invocations=139 (full 10):
 par new generation   total 3774912K, used 24264K [0x0000000680000000, 0x0000000780000000, 0x0000000780000000)
  eden space 3355520K,   0% used [0x0000000680000000, 0x0000000680000000, 0x000000074cce0000)
  from space 419392K,   5% used [0x0000000766670000, 0x0000000767e22120, 0x0000000780000000)
  to   space 419392K,   0% used [0x000000074cce0000, 0x000000074cce0000, 0x0000000766670000)
 concurrent mark-sweep generation total 1048576K, used 10803K [0x0000000780000000, 0x00000007c0000000, 0x00000007c0000000)
 Metaspace       used 2784K, capacity 4496K, committed 4864K, reserved 1056768K
  class space    used 293K, capacity 388K, committed 512K, reserved 1048576K
}
{Heap before GC invocations=139 (full 10):
 par new generation   total 3774912K, used 3379784K [0x0000000680000000, 0x0000000780000000, 0x0000000780000000)
  eden space 3355520K, 100% used [0x0000000680000000, 0x000000074cce0000, 0x000000074cce0000)
  from space 419392K,   5% used [0x0000000766670000, 0x0000000767e22130, 0x0000000780000000)
  to   space 419392K,   0% used [0x000000074cce0000, 0x000000074cce0000, 0x0000000766670000)
 concurrent mark-sweep generation total 1048576K, used 10803K [0x0000000780000000, 0x00000007c0000000, 0x00000007c0000000)
 Metaspace       used 2784K, capacity 4496K, committed 4864K, reserved 1056768K
  class space    used 293K, capacity 388K, committed 512K, reserved 1048576K
65.361: #149: [GC (Allocation Failure) 65.361: #149: [ParNew: 3379784K->44965K(3774912K), 0.0106469 secs] 3390587K->55768K(4823488K), 0.0106862 secs] [Times: user=0.02 sys=0.00 real=0.02 secs] 
Heap after GC invocations=140 (full 10):
 par new generation   total 3774912K, used 44965K [0x0000000680000000, 0x0000000780000000, 0x0000000780000000)
  eden space 3355520K,   0% used [0x0000000680000000, 0x0000000680000000, 0x000000074cce0000)
  from space 419392K,  10% used [0x000000074cce0000, 0x000000074f8c9500, 0x0000000766670000)
  to   space 419392K,   0% used [0x0000000766670000, 0x0000000766670000, 0x0000000780000000)
 concurrent mark-sweep generation total 1048576K, used 10803K [0x0000000780000000, 0x00000007c0000000, 0x00000007c0000000)
 Metaspace       used 2784K, capacity 4496K, committed 4864K, reserved 1056768K
  class space    used 293K, capacity 388K, committed 512K, reserved 1048576K
}
{Heap before GC invocations=140 (full 10):
 par new generation   total 3774912K, used 77370K [0x0000000680000000, 0x0000000780000000, 0x0000000780000000)
  eden space 3355520K,   0% used [0x0000000680000000, 0x0000000681fa5310, 0x000000074cce0000)
  from space 419392K,  10% used [0x000000074cce0000, 0x000000074f8c9500, 0x0000000766670000)
  to   space 419392K,   0% used [0x0000000766670000, 0x0000000766670000, 0x0000000780000000)
 concurrent mark-sweep generation total 1048576K, used 10803K [0x0000000780000000, 0x00000007c0000000, 0x00000007c0000000)
 Metaspace       used 2784K, capacity 4496K, committed 4864K, reserved 1056768K
  class space    used 293K, capacity 388K, committed 512K, reserved 1048576K
65.372: #150: [GC (GCLocker Initiated GC) 65.372: #150: [ParNew: 77370K->32760K(3774912K), 0.0083809 secs] 88173K->43563K(4823488K), 0.0084155 secs] [Times: user=0.04 sys=0.00 real=0.00 secs] 
Heap after GC invocations=141 (full 10):
 par new generation   total 3774912K, used 32760K [0x0000000680000000, 0x0000000780000000, 0x0000000780000000)
  eden space 3355520K,   0% used [0x0000000680000000, 0x0000000680000000, 0x000000074cce0000)
  from space 419392K,   7% used [0x0000000766670000, 0x000000076866e1f8, 0x0000000780000000)
  to   space 419392K,   0% used [0x000000074cce0000, 0x000000074cce0000, 0x0000000766670000)
 concurrent mark-sweep generation total 1048576K, used 10803K [0x0000000780000000, 0x00000007c0000000, 0x00000007c0000000)
 Metaspace       used 2784K, capacity 4496K, committed 4864K, reserved 1056768K
  class space    used 293K, capacity 388K, committed 512K, reserved 1048576K
}
{Heap before GC invocations=141 (full 10):
 par new generation   total 3774912K, used 3390507K [0x0000000680000000, 0x0000000780000000, 0x0000000780000000)
  eden space 3355520K, 100% used [0x0000000680000000, 0x000000074cce0000, 0x000000074cce0000)
  from space 419392K,   8% used [0x0000000766670000, 0x000000076889ac58, 0x0000000780000000)
  to   space 419392K,   0% used [0x000000074cce0000, 0x000000074cce0000, 0x0000000766670000)
 concurrent mark-sweep generation total 1048576K, used 10803K [0x0000000780000000, 0x00000007c0000000, 0x00000007c0000000)
 Metaspace       used 2784K, capacity 4496K, committed 4864K, reserved 1056768K
  class space    used 293K, capacity 388K, committed 512K, reserved 1048576K
65.922: #151: [GC (GCLocker Initiated GC) 65.922: #151: [ParNew: 3390507K->50349K(3774912K), 0.0106809 secs] 3401310K->61153K(4823488K), 0.0107340 secs] [Times: user=0.02 sys=0.00 real=0.01 secs] 
Heap after GC invocations=142 (full 10):
 par new generation   total 3774912K, used 50349K [0x0000000680000000, 0x0000000780000000, 0x0000000780000000)
  eden space 3355520K,   0% used [0x0000000680000000, 0x0000000680000000, 0x000000074cce0000)
  from space 419392K,  12% used [0x000000074cce0000, 0x000000074fe0b640, 0x0000000766670000)
  to   space 419392K,   0% used [0x0000000766670000, 0x0000000766670000, 0x0000000780000000)
 concurrent mark-sweep generation total 1048576K, used 10803K [0x0000000780000000, 0x00000007c0000000, 0x00000007c0000000)
 Metaspace       used 2784K, capacity 4496K, committed 4864K, reserved 1056768K
  class space    used 293K, capacity 388K, committed 512K, reserved 1048576K
}
{Heap before GC invocations=142 (full 10):
 par new generation   total 3774912K, used 3405869K [0x0000000680000000, 0x0000000780000000, 0x0000000780000000)
  eden space 3355520K, 100% used [0x0000000680000000, 0x000000074cce0000, 0x000000074cce0000)
  from space 419392K,  12% used [0x000000074cce0000, 0x000000074fe0b640, 0x0000000766670000)
  to   space 419392K,   0% used [0x0000000766670000, 0x0000000766670000, 0x0000000780000000)
 concurrent mark-sweep generation total 1048576K, used 10803K [0x0000000780000000, 0x00000007c0000000, 0x00000007c0000000)
 Metaspace       used 2784K, capacity 4496K, committed 4864K, reserved 1056768K
  class space    used 293K, capacity 388K, committed 512K, reserved 1048576K
66.466: #152: [GC (Allocation Failure) 66.466: #152: [ParNew: 3405869K->33084K(3774912K), 0.0103694 secs] 3416673K->43888K(4823488K), 0.0104038 secs] [Times: user=0.02 sys=0.00 real=0.01 secs] 
Heap after GC invocations=143 (full 10):
 par new generation   total 3774912K, used 33084K [0x0000000680000000, 0x0000000780000000, 0x0000000780000000)
  eden space 3355520K,   0% used [0x0000000680000000, 0x0000000680000000, 0x000000074cce0000)
  from space 419392K,   7% used [0x0000000766670000, 0x00000007686bf320, 0x0000000780000000)
  to   space 419392K,   0% used [0x000000074cce0000, 0x000000074cce0000, 0x0000000766670000)
 concurrent mark-sweep generation total 1048576K, used 10803K [0x0000000780000000, 0x00000007c0000000, 0x00000007c0000000)
 Metaspace       used 2784K, capacity 4496K, committed 4864K, reserved 1056768K
  class space    used 293K, capacity 388K, committed 512K, reserved 1048576K
}
{Heap before GC invocations=143 (full 10):
 par new generation   total 3774912K, used 3390597K [0x0000000680000000, 0x0000000780000000, 0x0000000780000000)
  eden space 3355520K, 100% used [0x0000000680000000, 0x000000074cce0000, 0x000000074cce0000)
  from space 419392K,   8% used [0x0000000766670000, 0x00000007688b14e0, 0x0000000780000000)
  to   space 419392K,   0% used [0x000000074cce0000, 0x000000074cce0000, 0x0000000766670000)
 concurrent mark-sweep generation total 1048576K, used 10803K [0x0000000780000000, 0x00000007c0000000, 0x00000007c0000000)
 Metaspace       used 2784K, capacity 4496K, committed 4864K, reserved 1056768K
  class space    used 293K, capacity 388K, committed 512K, reserved 1048576K
67.009: #153: [GC (Allocation Failure) 67.009: #153: [ParNew: 3390597K->31100K(3774912K), 0.0104384 secs] 3401400K->41903K(4823488K), 0.0104714 secs] [Times: user=0.02 sys=0.00 real=0.01 secs] 
Heap after GC invocations=144 (full 10):
 par new generation   total 3774912K, used 31100K [0x0000000680000000, 0x0000000780000000, 0x0000000780000000)
  eden space 3355520K,   0% used [0x0000000680000000, 0x0000000680000000, 0x000000074cce0000)
  from space 419392K,   7% used [0x000000074cce0000, 0x000000074eb3f068, 0x0000000766670000)
  to   space 419392K,   0% used [0x0000000766670000, 0x0000000766670000, 0x0000000780000000)
 concurrent mark-sweep generation total 1048576K, used 10803K [0x0000000780000000, 0x00000007c0000000, 0x00000007c0000000)
 Metaspace       used 2784K, capacity 4496K, committed 4864K, reserved 1056768K
  class space    used 293K, capacity 388K, committed 512K, reserved 1048576K
}
SYSTEM_GC BEFORE
{Heap before GC invocations=144 (full 10):
 par new generation   total 3774912K, used 80223K [0x0000000680000000, 0x0000000780000000, 0x0000000780000000)
  eden space 3355520K,   1% used [0x0000000680000000, 0x0000000682ff8cb8, 0x000000074cce0000)
  from space 419392K,   7% used [0x000000074cce0000, 0x000000074eb3f068, 0x0000000766670000)
  to   space 419392K,   0% used [0x0000000766670000, 0x0000000766670000, 0x0000000780000000)
 concurrent mark-sweep generation total 1048576K, used 10803K [0x0000000780000000, 0x00000007c0000000, 0x00000007c0000000)
 Metaspace       used 2784K, capacity 4496K, committed 4864K, reserved 1056768K
  class space    used 293K, capacity 388K, committed 512K, reserved 1048576K
67.023: #154: [GC (System.gc()) 67.023: #154: [ParNew: 80223K->26784K(3774912K), 0.0072211 secs] 91026K->37587K(4823488K), 0.0072704 secs] [Times: user=0.03 sys=0.00 real=0.00 secs] 
Heap after GC invocations=145 (full 10):
 par new generation   total 3774912K, used 26784K [0x0000000680000000, 0x0000000780000000, 0x0000000780000000)
  eden space 3355520K,   0% used [0x0000000680000000, 0x0000000680000000, 0x000000074cce0000)
  from space 419392K,   6% used [0x0000000766670000, 0x0000000768098080, 0x0000000780000000)
  to   space 419392K,   0% used [0x000000074cce0000, 0x000000074cce0000, 0x0000000766670000)
 concurrent mark-sweep generation total 1048576K, used 10803K [0x0000000780000000, 0x00000007c0000000, 0x00000007c0000000)
 Metaspace       used 2784K, capacity 4496K, committed 4864K, reserved 1056768K
  class space    used 293K, capacity 388K, committed 512K, reserved 1048576K
}
67.031: #155: [GC (CMS Initial Mark) [1 CMS-initial-mark: 10803K(1048576K)] 70392K(4823488K), 0.0009056 secs] [Times: user=0.00 sys=0.00 real=0.01 secs] 
67.032: #155: [CMS-concurrent-mark-start]
67.057: #155: [CMS-concurrent-mark: 0.025/0.025 secs] [Times: user=0.07 sys=0.03 real=0.02 secs] 
67.058: #155: [CMS-concurrent-preclean-start]
67.061: #155: [CMS-concurrent-preclean: 0.003/0.003 secs] [Times: user=0.01 sys=0.00 real=0.00 secs] 
67.061: #155: [CMS-concurrent-abortable-preclean-start]
67.476: #155: [CMS-concurrent-abortable-preclean: 0.112/0.415 secs] [Times: user=1.53 sys=0.10 real=0.42 secs] 
67.476: #155: [GC (CMS Final Remark) [YG occupancy: 2655825 K (3774912 K)]67.476: #155: [Rescan (parallel) , 0.7326618 secs]68.209: #155: [weak refs processing, 0.0000201 secs]68.209: #155: [class unloading, 0.0002902 secs]68.209: #155: [scrub symbol table, 0.0004154 secs]68.210: #155: [scrub string table, 0.0001755 secs][1 CMS-remark: 10803K(1048576K)] 2666629K(4823488K), 0.7336467 secs] [Times: user=2.91 sys=0.00 real=0.73 secs] 
68.210: #155: [CMS-concurrent-sweep-start]
{Heap before GC invocations=145 (full 11):
 par new generation   total 3774912K, used 2655825K [0x0000000680000000, 0x0000000780000000, 0x0000000780000000)
  eden space 3355520K,  78% used [0x0000000680000000, 0x000000072076c5f0, 0x000000074cce0000)
  from space 419392K,   6% used [0x0000000766670000, 0x0000000768098080, 0x0000000780000000)
  to   space 419392K,   0% used [0x000000074cce0000, 0x000000074cce0000, 0x0000000766670000)
 concurrent mark-sweep generation total 1048576K, used 10803K [0x0000000780000000, 0x00000007c0000000, 0x00000007c0000000)
 Metaspace       used 2784K, capacity 4496K, committed 4864K, reserved 1056768K
  class space    used 293K, capacity 388K, committed 512K, reserved 1048576K
68.210: #156: [GC (GCLocker Initiated GC) 68.210: #156: [ParNew: 2655825K->40116K(3774912K), 0.0088990 secs] 2666629K->50920K(4823488K), 0.0089477 secs] [Times: user=0.03 sys=0.00 real=0.01 secs] 
Heap after GC invocations=146 (full 11):
 par new generation   total 3774912K, used 40116K [0x0000000680000000, 0x0000000780000000, 0x0000000780000000)
  eden space 3355520K,   0% used [0x0000000680000000, 0x0000000680000000, 0x000000074cce0000)
  from space 419392K,   9% used [0x000000074cce0000, 0x000000074f40d240, 0x0000000766670000)
  to   space 419392K,   0% used [0x0000000766670000, 0x0000000766670000, 0x0000000780000000)
 concurrent mark-sweep generation total 1048576K, used 10803K [0x0000000780000000, 0x00000007c0000000, 0x00000007c0000000)
 Metaspace       used 2784K, capacity 4496K, committed 4864K, reserved 1056768K
  class space    used 293K, capacity 388K, committed 512K, reserved 1048576K
}
68.226: #155: [CMS-concurrent-sweep: 0.006/0.016 secs] [Times: user=0.05 sys=0.01 real=0.02 secs] 
68.226: #155: [CMS-concurrent-reset-start]
SYSTEM_GC AFTER
68.227: #155: [CMS-concurrent-reset: 0.002/0.002 secs] [Times: user=0.00 sys=0.00 real=0.00 secs] 
{Heap before GC invocations=146 (full 11):
 par new generation   total 3774912K, used 3397608K [0x0000000680000000, 0x0000000780000000, 0x0000000780000000)
  eden space 3355520K, 100% used [0x0000000680000000, 0x000000074cce0000, 0x000000074cce0000)
  from space 419392K,  10% used [0x000000074cce0000, 0x000000074f5fa0e0, 0x0000000766670000)
  to   space 419392K,   0% used [0x0000000766670000, 0x0000000766670000, 0x0000000780000000)
 concurrent mark-sweep generation total 1048576K, used 10803K [0x0000000780000000, 0x00000007c0000000, 0x00000007c0000000)
 Metaspace       used 2784K, capacity 4496K, committed 4864K, reserved 1056768K
  class space    used 293K, capacity 388K, committed 512K, reserved 1048576K
68.750: #157: [GC (Allocation Failure) 68.750: #157: [ParNew: 3397608K->32644K(3774912K), 0.0114749 secs] 3408411K->43447K(4823488K), 0.0115217 secs] [Times: user=0.03 sys=0.00 real=0.02 secs] 
Heap after GC invocations=147 (full 11):
 par new generation   total 3774912K, used 32644K [0x0000000680000000, 0x0000000780000000, 0x0000000780000000)
  eden space 3355520K,   0% used [0x0000000680000000, 0x0000000680000000, 0x000000074cce0000)
  from space 419392K,   7% used [0x0000000766670000, 0x0000000768651020, 0x0000000780000000)
  to   space 419392K,   0% used [0x000000074cce0000, 0x000000074cce0000, 0x0000000766670000)
 concurrent mark-sweep generation total 1048576K, used 10803K [0x0000000780000000, 0x00000007c0000000, 0x00000007c0000000)
 Metaspace       used 2784K, capacity 4496K, committed 4864K, reserved 1056768K
  class space    used 293K, capacity 388K, committed 512K, reserved 1048576K
}
{Heap before GC invocations=147 (full 11):
 par new generation   total 3774912K, used 131125K [0x0000000680000000, 0x0000000780000000, 0x0000000780000000)
  eden space 3355520K,   2% used [0x0000000680000000, 0x000000068602c508, 0x000000074cce0000)
  from space 419392K,   7% used [0x0000000766670000, 0x0000000768651020, 0x0000000780000000)
  to   space 419392K,   0% used [0x000000074cce0000, 0x000000074cce0000, 0x0000000766670000)
 concurrent mark-sweep generation total 1048576K, used 10803K [0x0000000780000000, 0x00000007c0000000, 0x00000007c0000000)
 Metaspace       used 2784K, capacity 4496K, committed 4864K, reserved 1056768K
  class space    used 293K, capacity 388K, committed 512K, reserved 1048576K
68.773: #158: [GC (GCLocker Initiated GC) 68.773: #158: [ParNew: 131125K->24397K(3774912K), 0.0072094 secs] 141928K->35201K(4823488K), 0.0072427 secs] [Times: user=0.03 sys=0.00 real=0.00 secs] 
Heap after GC invocations=148 (full 11):
 par new generation   total 3774912K, used 24397K [0x0000000680000000, 0x0000000780000000, 0x0000000780000000)
  eden space 3355520K,   0% used [0x0000000680000000, 0x0000000680000000, 0x000000074cce0000)
  from space 419392K,   5% used [0x000000074cce0000, 0x000000074e4b3730, 0x0000000766670000)
  to   space 419392K,   0% used [0x0000000766670000, 0x0000000766670000, 0x0000000780000000)
 concurrent mark-sweep generation total 1048576K, used 10803K [0x0000000780000000, 0x00000007c0000000, 0x00000007c0000000)
 Metaspace       used 2784K, capacity 4496K, committed 4864K, reserved 1056768K
  class space    used 293K, capacity 388K, committed 512K, reserved 1048576K
}
{Heap before GC invocations=148 (full 11):
 par new generation   total 3774912K, used 3379917K [0x0000000680000000, 0x0000000780000000, 0x0000000780000000)
  eden space 3355520K, 100% used [0x0000000680000000, 0x000000074cce0000, 0x000000074cce0000)
  from space 419392K,   5% used [0x000000074cce0000, 0x000000074e4b3730, 0x0000000766670000)
  to   space 419392K,   0% used [0x0000000766670000, 0x0000000766670000, 0x0000000780000000)
 concurrent mark-sweep generation total 1048576K, used 10803K [0x0000000780000000, 0x00000007c0000000, 0x00000007c0000000)
 Metaspace       used 2784K, capacity 4496K, committed 4864K, reserved 1056768K
  class space    used 293K, capacity 388K, committed 512K, reserved 1048576K
69.302: #159: [GC (Allocation Failure) 69.302: #159: [ParNew: 3379917K->44988K(3774912K), 0.0103443 secs] 3390721K->55791K(4823488K), 0.0103787 secs] [Times: user=0.03 sys=0.00 real=0.01 secs] 
Heap after GC invocations=149 (full 11):
 par new generation   total 3774912K, used 44988K [0x0000000680000000, 0x0000000780000000, 0x0000000780000000)
  eden space 3355520K,   0% used [0x0000000680000000, 0x0000000680000000, 0x000000074cce0000)
  from space 419392K,  10% used [0x0000000766670000, 0x000000076925f140, 0x0000000780000000)
  to   space 419392K,   0% used [0x000000074cce0000, 0x000000074cce0000, 0x0000000766670000)
 concurrent mark-sweep generation total 1048576K, used 10803K [0x0000000780000000, 0x00000007c0000000, 0x00000007c0000000)
 Metaspace       used 2784K, capacity 4496K, committed 4864K, reserved 1056768K
  class space    used 293K, capacity 388K, committed 512K, reserved 1048576K
}
{Heap before GC invocations=149 (full 11):
 par new generation   total 3774912K, used 3400508K [0x0000000680000000, 0x0000000780000000, 0x0000000780000000)
  eden space 3355520K, 100% used [0x0000000680000000, 0x000000074cce0000, 0x000000074cce0000)
  from space 419392K,  10% used [0x0000000766670000, 0x000000076925f140, 0x0000000780000000)
  to   space 419392K,   0% used [0x000000074cce0000, 0x000000074cce0000, 0x0000000766670000)
 concurrent mark-sweep generation total 1048576K, used 10803K [0x0000000780000000, 0x00000007c0000000, 0x00000007c0000000)
 Metaspace       used 2784K, capacity 4496K, committed 4864K, reserved 1056768K
  class space    used 293K, capacity 388K, committed 512K, reserved 1048576K
69.828: #160: [GC (Allocation Failure) 69.828: #160: [ParNew: 3400508K->32751K(3774912K), 0.0104253 secs] 3411311K->43554K(4823488K), 0.0104598 secs] [Times: user=0.02 sys=0.00 real=0.01 secs] 
Heap after GC invocations=150 (full 11):
 par new generation   total 3774912K, used 32751K [0x0000000680000000, 0x0000000780000000, 0x0000000780000000)
  eden space 3355520K,   0% used [0x0000000680000000, 0x0000000680000000, 0x000000074cce0000)
  from space 419392K,   7% used [0x000000074cce0000, 0x000000074ecdbc80, 0x0000000766670000)
  to   space 419392K,   0% used [0x0000000766670000, 0x0000000766670000, 0x0000000780000000)
 concurrent mark-sweep generation total 1048576K, used 10803K [0x0000000780000000, 0x00000007c0000000, 0x00000007c0000000)
 Metaspace       used 2784K, capacity 4496K, committed 4864K, reserved 1056768K
  class space    used 293K, capacity 388K, committed 512K, reserved 1048576K
}
{Heap before GC invocations=150 (full 11):
 par new generation   total 3774912K, used 3388271K [0x0000000680000000, 0x0000000780000000, 0x0000000780000000)
  eden space 3355520K, 100% used [0x0000000680000000, 0x000000074cce0000, 0x000000074cce0000)
  from space 419392K,   7% used [0x000000074cce0000, 0x000000074ecdbc80, 0x0000000766670000)
  to   space 419392K,   0% used [0x0000000766670000, 0x0000000766670000, 0x0000000780000000)
 concurrent mark-sweep generation total 1048576K, used 10803K [0x0000000780000000, 0x00000007c0000000, 0x00000007c0000000)
 Metaspace       used 2784K, capacity 4496K, committed 4864K, reserved 1056768K
  class space    used 293K, capacity 388K, committed 512K, reserved 1048576K
70.360: #161: [GC (Allocation Failure) 70.360: #161: [ParNew: 3388271K->30597K(3774912K), 0.0103299 secs] 3399074K->41401K(4823488K), 0.0103712 secs] [Times: user=0.03 sys=0.00 real=0.01 secs] 
Heap after GC invocations=151 (full 11):
 par new generation   total 3774912K, used 30597K [0x0000000680000000, 0x0000000780000000, 0x0000000780000000)
  eden space 3355520K,   0% used [0x0000000680000000, 0x0000000680000000, 0x000000074cce0000)
  from space 419392K,   7% used [0x0000000766670000, 0x0000000768451710, 0x0000000780000000)
  to   space 419392K,   0% used [0x000000074cce0000, 0x000000074cce0000, 0x0000000766670000)
 concurrent mark-sweep generation total 1048576K, used 10803K [0x0000000780000000, 0x00000007c0000000, 0x00000007c0000000)
 Metaspace       used 2784K, capacity 4496K, committed 4864K, reserved 1056768K
  class space    used 293K, capacity 388K, committed 512K, reserved 1048576K
}
{Heap before GC invocations=151 (full 11):
 par new generation   total 3774912K, used 3387054K [0x0000000680000000, 0x0000000780000000, 0x0000000780000000)
  eden space 3355520K, 100% used [0x0000000680000000, 0x000000074cce0000, 0x000000074cce0000)
  from space 419392K,   7% used [0x0000000766670000, 0x000000076853b828, 0x0000000780000000)
  to   space 419392K,   0% used [0x000000074cce0000, 0x000000074cce0000, 0x0000000766670000)
 concurrent mark-sweep generation total 1048576K, used 10803K [0x0000000780000000, 0x00000007c0000000, 0x00000007c0000000)
 Metaspace       used 2784K, capacity 4496K, committed 4864K, reserved 1056768K
  class space    used 293K, capacity 388K, committed 512K, reserved 1048576K
70.903: #162: [GC (GCLocker Initiated GC) 70.903: #162: [ParNew: 3387054K->31488K(3774912K), 0.0107191 secs] 3397857K->42291K(4823488K), 0.0107582 secs] [Times: user=0.02 sys=0.01 real=0.01 secs] 
Heap after GC invocations=152 (full 11):
 par new generation   total 3774912K, used 31488K [0x0000000680000000, 0x0000000780000000, 0x0000000780000000)
  eden space 3355520K,   0% used [0x0000000680000000, 0x0000000680000000, 0x000000074cce0000)
  from space 419392K,   7% used [0x000000074cce0000, 0x000000074eba0180, 0x0000000766670000)
  to   space 419392K,   0% used [0x0000000766670000, 0x0000000766670000, 0x0000000780000000)
 concurrent mark-sweep generation total 1048576K, used 10803K [0x0000000780000000, 0x00000007c0000000, 0x00000007c0000000)
 Metaspace       used 2784K, capacity 4496K, committed 4864K, reserved 1056768K
  class space    used 293K, capacity 388K, committed 512K, reserved 1048576K
}
{Heap before GC invocations=152 (full 11):
 par new generation   total 3774912K, used 3387009K [0x0000000680000000, 0x0000000780000000, 0x0000000780000000)
  eden space 3355520K, 100% used [0x0000000680000000, 0x000000074cce0000, 0x000000074cce0000)
  from space 419392K,   7% used [0x000000074cce0000, 0x000000074eba0620, 0x0000000766670000)
  to   space 419392K,   0% used [0x0000000766670000, 0x0000000766670000, 0x0000000780000000)
 concurrent mark-sweep generation total 1048576K, used 10803K [0x0000000780000000, 0x00000007c0000000, 0x00000007c0000000)
 Metaspace       used 2784K, capacity 4496K, committed 4864K, reserved 1056768K
  class space    used 293K, capacity 388K, committed 512K, reserved 1048576K
71.430: #163: [GC (Allocation Failure) 71.430: #163: [ParNew: 3387009K->30069K(3774912K), 0.0104356 secs] 3397812K->40872K(4823488K), 0.0104748 secs] [Times: user=0.02 sys=0.00 real=0.01 secs] 
Heap after GC invocations=153 (full 11):
 par new generation   total 3774912K, used 30069K [0x0000000680000000, 0x0000000780000000, 0x0000000780000000)
  eden space 3355520K,   0% used [0x0000000680000000, 0x0000000680000000, 0x000000074cce0000)
  from space 419392K,   7% used [0x0000000766670000, 0x00000007683cd460, 0x0000000780000000)
  to   space 419392K,   0% used [0x000000074cce0000, 0x000000074cce0000, 0x0000000766670000)
 concurrent mark-sweep generation total 1048576K, used 10803K [0x0000000780000000, 0x00000007c0000000, 0x00000007c0000000)
 Metaspace       used 2784K, capacity 4496K, committed 4864K, reserved 1056768K
  class space    used 293K, capacity 388K, committed 512K, reserved 1048576K
}
{Heap before GC invocations=153 (full 11):
 par new generation   total 3774912K, used 143964K [0x0000000680000000, 0x0000000780000000, 0x0000000780000000)
  eden space 3355520K,   3% used [0x0000000680000000, 0x0000000686f39ed8, 0x000000074cce0000)
  from space 419392K,   7% used [0x0000000766670000, 0x00000007683cd460, 0x0000000780000000)
  to   space 419392K,   0% used [0x000000074cce0000, 0x000000074cce0000, 0x0000000766670000)
 concurrent mark-sweep generation total 1048576K, used 10803K [0x0000000780000000, 0x00000007c0000000, 0x00000007c0000000)
 Metaspace       used 2784K, capacity 4496K, committed 4864K, reserved 1056768K
  class space    used 293K, capacity 388K, committed 512K, reserved 1048576K
71.451: #164: [GC (GCLocker Initiated GC) 71.451: #164: [ParNew: 143964K->24610K(3774912K), 0.0073851 secs] 154768K->35413K(4823488K), 0.0074185 secs] [Times: user=0.02 sys=0.00 real=0.01 secs] 
Heap after GC invocations=154 (full 11):
 par new generation   total 3774912K, used 24610K [0x0000000680000000, 0x0000000780000000, 0x0000000780000000)
  eden space 3355520K,   0% used [0x0000000680000000, 0x0000000680000000, 0x000000074cce0000)
  from space 419392K,   5% used [0x000000074cce0000, 0x000000074e4e8800, 0x0000000766670000)
  to   space 419392K,   0% used [0x0000000766670000, 0x0000000766670000, 0x0000000780000000)
 concurrent mark-sweep generation total 1048576K, used 10803K [0x0000000780000000, 0x00000007c0000000, 0x00000007c0000000)
 Metaspace       used 2784K, capacity 4496K, committed 4864K, reserved 1056768K
  class space    used 293K, capacity 388K, committed 512K, reserved 1048576K
}
{Heap before GC invocations=154 (full 11):
 par new generation   total 3774912K, used 3380569K [0x0000000680000000, 0x0000000780000000, 0x0000000780000000)
  eden space 3355520K, 100% used [0x0000000680000000, 0x000000074cce0000, 0x000000074cce0000)
  from space 419392K,   5% used [0x000000074cce0000, 0x000000074e556518, 0x0000000766670000)
  to   space 419392K,   0% used [0x0000000766670000, 0x0000000766670000, 0x0000000780000000)
 concurrent mark-sweep generation total 1048576K, used 10803K [0x0000000780000000, 0x00000007c0000000, 0x00000007c0000000)
 Metaspace       used 2784K, capacity 4496K, committed 4864K, reserved 1056768K
  class space    used 293K, capacity 388K, committed 512K, reserved 1048576K
71.982: #165: [GC (Allocation Failure) 71.982: #165: [ParNew: 3380569K->43730K(3774912K), 0.0101179 secs] 3391372K->54534K(4823488K), 0.0101514 secs] [Times: user=0.03 sys=0.00 real=0.01 secs] 
Heap after GC invocations=155 (full 11):
 par new generation   total 3774912K, used 43730K [0x0000000680000000, 0x0000000780000000, 0x0000000780000000)
  eden space 3355520K,   0% used [0x0000000680000000, 0x0000000680000000, 0x000000074cce0000)
  from space 419392K,  10% used [0x0000000766670000, 0x0000000769124b80, 0x0000000780000000)
  to   space 419392K,   0% used [0x000000074cce0000, 0x000000074cce0000, 0x0000000766670000)
 concurrent mark-sweep generation total 1048576K, used 10803K [0x0000000780000000, 0x00000007c0000000, 0x00000007c0000000)
 Metaspace       used 2784K, capacity 4496K, committed 4864K, reserved 1056768K
  class space    used 293K, capacity 388K, committed 512K, reserved 1048576K
}
{Heap before GC invocations=155 (full 11):
 par new generation   total 3774912K, used 157983K [0x0000000680000000, 0x0000000780000000, 0x0000000780000000)
  eden space 3355520K,   3% used [0x0000000680000000, 0x0000000686f933e8, 0x000000074cce0000)
  from space 419392K,  10% used [0x0000000766670000, 0x0000000769124b80, 0x0000000780000000)
  to   space 419392K,   0% used [0x000000074cce0000, 0x000000074cce0000, 0x0000000766670000)
 concurrent mark-sweep generation total 1048576K, used 10803K [0x0000000780000000, 0x00000007c0000000, 0x00000007c0000000)
 Metaspace       used 2784K, capacity 4496K, committed 4864K, reserved 1056768K
  class space    used 293K, capacity 388K, committed 512K, reserved 1048576K
72.003: #166: [GC (GCLocker Initiated GC) 72.003: #166: [ParNew: 157983K->25386K(3774912K), 0.0073746 secs] 168787K->36190K(4823488K), 0.0074213 secs] [Times: user=0.03 sys=0.00 real=0.00 secs] 
Heap after GC invocations=156 (full 11):
 par new generation   total 3774912K, used 25386K [0x0000000680000000, 0x0000000780000000, 0x0000000780000000)
  eden space 3355520K,   0% used [0x0000000680000000, 0x0000000680000000, 0x000000074cce0000)
  from space 419392K,   6% used [0x000000074cce0000, 0x000000074e5aaa28, 0x0000000766670000)
  to   space 419392K,   0% used [0x0000000766670000, 0x0000000766670000, 0x0000000780000000)
 concurrent mark-sweep generation total 1048576K, used 10803K [0x0000000780000000, 0x00000007c0000000, 0x00000007c0000000)
 Metaspace       used 2784K, capacity 4496K, committed 4864K, reserved 1056768K
  class space    used 293K, capacity 388K, committed 512K, reserved 1048576K
}
{Heap before GC invocations=156 (full 11):
 par new generation   total 3774912K, used 3380906K [0x0000000680000000, 0x0000000780000000, 0x0000000780000000)
  eden space 3355520K, 100% used [0x0000000680000000, 0x000000074cce0000, 0x000000074cce0000)
  from space 419392K,   6% used [0x000000074cce0000, 0x000000074e5aaa28, 0x0000000766670000)
  to   space 419392K,   0% used [0x0000000766670000, 0x0000000766670000, 0x0000000780000000)
 concurrent mark-sweep generation total 1048576K, used 10803K [0x0000000780000000, 0x00000007c0000000, 0x00000007c0000000)
 Metaspace       used 2784K, capacity 4496K, committed 4864K, reserved 1056768K
  class space    used 293K, capacity 388K, committed 512K, reserved 1048576K
72.590: #167: [GC (Allocation Failure) 72.590: #167: [ParNew: 3380906K->40575K(3774912K), 0.0154291 secs] 3391710K->51378K(4823488K), 0.0154732 secs] [Times: user=0.02 sys=0.00 real=0.02 secs] 
Heap after GC invocations=157 (full 11):
 par new generation   total 3774912K, used 40575K [0x0000000680000000, 0x0000000780000000, 0x0000000780000000)
  eden space 3355520K,   0% used [0x0000000680000000, 0x0000000680000000, 0x000000074cce0000)
  from space 419392K,   9% used [0x0000000766670000, 0x0000000768e0fd48, 0x0000000780000000)
  to   space 419392K,   0% used [0x000000074cce0000, 0x000000074cce0000, 0x0000000766670000)
 concurrent mark-sweep generation total 1048576K, used 10803K [0x0000000780000000, 0x00000007c0000000, 0x00000007c0000000)
 Metaspace       used 2784K, capacity 4496K, committed 4864K, reserved 1056768K
  class space    used 293K, capacity 388K, committed 512K, reserved 1048576K
}
SYSTEM_GC BEFORE
{Heap before GC invocations=157 (full 11):
 par new generation   total 3774912K, used 3028981K [0x0000000680000000, 0x0000000780000000, 0x0000000780000000)
  eden space 3355520K,  89% used [0x0000000680000000, 0x000000073665d6f0, 0x000000074cce0000)
  from space 419392K,   9% used [0x0000000766670000, 0x0000000768e0fd48, 0x0000000780000000)
  to   space 419392K,   0% used [0x000000074cce0000, 0x000000074cce0000, 0x0000000766670000)
 concurrent mark-sweep generation total 1048576K, used 10803K [0x0000000780000000, 0x00000007c0000000, 0x00000007c0000000)
 Metaspace       used 2784K, capacity 4496K, committed 4864K, reserved 1056768K
  class space    used 293K, capacity 388K, committed 512K, reserved 1048576K
73.228: #168: [GC (GCLocker Initiated GC) 73.228: #168: [ParNew: 3028981K->30507K(3774912K), 0.0099797 secs] 3039784K->41310K(4823488K), 0.0100216 secs] [Times: user=0.03 sys=0.00 real=0.01 secs] 
Heap after GC invocations=158 (full 11):
 par new generation   total 3774912K, used 30507K [0x0000000680000000, 0x0000000780000000, 0x0000000780000000)
  eden space 3355520K,   0% used [0x0000000680000000, 0x0000000680000000, 0x000000074cce0000)
  from space 419392K,   7% used [0x000000074cce0000, 0x000000074eaaae20, 0x0000000766670000)
  to   space 419392K,   0% used [0x0000000766670000, 0x0000000766670000, 0x0000000780000000)
 concurrent mark-sweep generation total 1048576K, used 10803K [0x0000000780000000, 0x00000007c0000000, 0x00000007c0000000)
 Metaspace       used 2784K, capacity 4496K, committed 4864K, reserved 1056768K
  class space    used 293K, capacity 388K, committed 512K, reserved 1048576K
}
73.238: #169: [GC (CMS Initial Mark) [1 CMS-initial-mark: 10803K(1048576K)] 57384K(4823488K), 0.0010309 secs] [Times: user=0.00 sys=0.00 real=0.00 secs] 
73.239: #169: [CMS-concurrent-mark-start]
73.263: #169: [CMS-concurrent-mark: 0.024/0.024 secs] [Times: user=0.08 sys=0.01 real=0.03 secs] 
73.263: #169: [CMS-concurrent-preclean-start]
73.265: #169: [CMS-concurrent-preclean: 0.002/0.002 secs] [Times: user=0.01 sys=0.00 real=0.00 secs] 
73.270: #169: [CMS-concurrent-abortable-preclean-start]
73.693: #169: [CMS-concurrent-abortable-preclean: 0.121/0.424 secs] [Times: user=1.52 sys=0.11 real=0.43 secs] 
73.694: #169: [GC (CMS Final Remark) [YG occupancy: 2672556 K (3774912 K)]73.694: #169: [Rescan (parallel) , 0.7383297 secs]74.432: #169: [weak refs processing, 0.0000201 secs]74.432: #169: [class unloading, 0.0002907 secs]74.433: #169: [scrub symbol table, 0.0004071 secs]74.433: #169: [scrub string table, 0.0001738 secs][1 CMS-remark: 10803K(1048576K)] 2683359K(4823488K), 0.7393060 secs] [Times: user=2.87 sys=0.01 real=0.74 secs] 
74.433: #169: [CMS-concurrent-sweep-start]
74.440: #169: [CMS-concurrent-sweep: 0.007/0.007 secs] [Times: user=0.01 sys=0.00 real=0.00 secs] 
74.440: #169: [CMS-concurrent-reset-start]
SYSTEM_GC AFTER
74.442: #169: [CMS-concurrent-reset: 0.002/0.002 secs] [Times: user=0.00 sys=0.00 real=0.01 secs] 
{Heap before GC invocations=158 (full 12):
 par new generation   total 3774912K, used 2720947K [0x0000000680000000, 0x0000000780000000, 0x0000000780000000)
  eden space 3355520K,  80% used [0x0000000680000000, 0x00000007243620b8, 0x000000074cce0000)
  from space 419392K,   7% used [0x000000074cce0000, 0x000000074eaaae20, 0x0000000766670000)
  to   space 419392K,   0% used [0x0000000766670000, 0x0000000766670000, 0x0000000780000000)
 concurrent mark-sweep generation total 1048576K, used 10803K [0x0000000780000000, 0x00000007c0000000, 0x00000007c0000000)
 Metaspace       used 2784K, capacity 4496K, committed 4864K, reserved 1056768K
  class space    used 293K, capacity 388K, committed 512K, reserved 1048576K
74.444: #170: [GC (GCLocker Initiated GC) 74.444: #170: [ParNew: 2720947K->25626K(3774912K), 0.0091307 secs] 2731751K->36430K(4823488K), 0.0091762 secs] [Times: user=0.02 sys=0.00 real=0.01 secs] 
Heap after GC invocations=159 (full 12):
 par new generation   total 3774912K, used 25626K [0x0000000680000000, 0x0000000780000000, 0x0000000780000000)
  eden space 3355520K,   0% used [0x0000000680000000, 0x0000000680000000, 0x000000074cce0000)
  from space 419392K,   6% used [0x0000000766670000, 0x0000000767f76bc0, 0x0000000780000000)
  to   space 419392K,   0% used [0x000000074cce0000, 0x000000074cce0000, 0x0000000766670000)
 concurrent mark-sweep generation total 1048576K, used 10803K [0x0000000780000000, 0x00000007c0000000, 0x00000007c0000000)
 Metaspace       used 2784K, capacity 4496K, committed 4864K, reserved 1056768K
  class space    used 293K, capacity 388K, committed 512K, reserved 1048576K
}
{Heap before GC invocations=159 (full 12):
 par new generation   total 3774912K, used 3381146K [0x0000000680000000, 0x0000000780000000, 0x0000000780000000)
  eden space 3355520K, 100% used [0x0000000680000000, 0x000000074cce0000, 0x000000074cce0000)
  from space 419392K,   6% used [0x0000000766670000, 0x0000000767f76bf0, 0x0000000780000000)
  to   space 419392K,   0% used [0x000000074cce0000, 0x000000074cce0000, 0x0000000766670000)
 concurrent mark-sweep generation total 1048576K, used 10803K [0x0000000780000000, 0x00000007c0000000, 0x00000007c0000000)
 Metaspace       used 2784K, capacity 4496K, committed 4864K, reserved 1056768K
  class space    used 293K, capacity 388K, committed 512K, reserved 1048576K
74.970: #171: [GC (Allocation Failure) 74.970: #171: [ParNew: 3381146K->30223K(3774912K), 0.0104354 secs] 3391950K->41026K(4823488K), 0.0104885 secs] [Times: user=0.02 sys=0.00 real=0.01 secs] 
Heap after GC invocations=160 (full 12):
 par new generation   total 3774912K, used 30223K [0x0000000680000000, 0x0000000780000000, 0x0000000780000000)
  eden space 3355520K,   0% used [0x0000000680000000, 0x0000000680000000, 0x000000074cce0000)
  from space 419392K,   7% used [0x000000074cce0000, 0x000000074ea63c80, 0x0000000766670000)
  to   space 419392K,   0% used [0x0000000766670000, 0x0000000766670000, 0x0000000780000000)
 concurrent mark-sweep generation total 1048576K, used 10803K [0x0000000780000000, 0x00000007c0000000, 0x00000007c0000000)
 Metaspace       used 2784K, capacity 4496K, committed 4864K, reserved 1056768K
  class space    used 293K, capacity 388K, committed 512K, reserved 1048576K
}
{Heap before GC invocations=160 (full 12):
 par new generation   total 3774912K, used 62664K [0x0000000680000000, 0x0000000780000000, 0x0000000780000000)
  eden space 3355520K,   0% used [0x0000000680000000, 0x0000000681fae730, 0x000000074cce0000)
  from space 419392K,   7% used [0x000000074cce0000, 0x000000074ea63c80, 0x0000000766670000)
  to   space 419392K,   0% used [0x0000000766670000, 0x0000000766670000, 0x0000000780000000)
 concurrent mark-sweep generation total 1048576K, used 10803K [0x0000000780000000, 0x00000007c0000000, 0x00000007c0000000)
 Metaspace       used 2784K, capacity 4496K, committed 4864K, reserved 1056768K
  class space    used 293K, capacity 388K, committed 512K, reserved 1048576K
74.981: #172: [GC (GCLocker Initiated GC) 74.981: #172: [ParNew: 62664K->31330K(3774912K), 0.0081331 secs] 73468K->42134K(4823488K), 0.0081698 secs] [Times: user=0.03 sys=0.00 real=0.01 secs] 
Heap after GC invocations=161 (full 12):
 par new generation   total 3774912K, used 31330K [0x0000000680000000, 0x0000000780000000, 0x0000000780000000)
  eden space 3355520K,   0% used [0x0000000680000000, 0x0000000680000000, 0x000000074cce0000)
  from space 419392K,   7% used [0x0000000766670000, 0x0000000768508b68, 0x0000000780000000)
  to   space 419392K,   0% used [0x000000074cce0000, 0x000000074cce0000, 0x0000000766670000)
 concurrent mark-sweep generation total 1048576K, used 10803K [0x0000000780000000, 0x00000007c0000000, 0x00000007c0000000)
 Metaspace       used 2784K, capacity 4496K, committed 4864K, reserved 1056768K
  class space    used 293K, capacity 388K, committed 512K, reserved 1048576K
}
{Heap before GC invocations=161 (full 12):
 par new generation   total 3774912K, used 3389060K [0x0000000680000000, 0x0000000780000000, 0x0000000780000000)
  eden space 3355520K, 100% used [0x0000000680000000, 0x000000074cce0000, 0x000000074cce0000)
  from space 419392K,   7% used [0x0000000766670000, 0x00000007687313e8, 0x0000000780000000)
  to   space 419392K,   0% used [0x000000074cce0000, 0x000000074cce0000, 0x0000000766670000)
 concurrent mark-sweep generation total 1048576K, used 10803K [0x0000000780000000, 0x00000007c0000000, 0x00000007c0000000)
 Metaspace       used 2784K, capacity 4496K, committed 4864K, reserved 1056768K
  class space    used 293K, capacity 388K, committed 512K, reserved 1048576K
75.525: #173: [GC (Allocation Failure) 75.525: #173: [ParNew: 3389060K->48971K(3774912K), 0.0102325 secs] 3399864K->59775K(4823488K), 0.0102710 secs] [Times: user=0.02 sys=0.00 real=0.01 secs] 
Heap after GC invocations=162 (full 12):
 par new generation   total 3774912K, used 48971K [0x0000000680000000, 0x0000000780000000, 0x0000000780000000)
  eden space 3355520K,   0% used [0x0000000680000000, 0x0000000680000000, 0x000000074cce0000)
  from space 419392K,  11% used [0x000000074cce0000, 0x000000074fcb2e40, 0x0000000766670000)
  to   space 419392K,   0% used [0x0000000766670000, 0x0000000766670000, 0x0000000780000000)
 concurrent mark-sweep generation total 1048576K, used 10803K [0x0000000780000000, 0x00000007c0000000, 0x00000007c0000000)
 Metaspace       used 2784K, capacity 4496K, committed 4864K, reserved 1056768K
  class space    used 293K, capacity 388K, committed 512K, reserved 1048576K
}
{Heap before GC invocations=162 (full 12):
 par new generation   total 3774912K, used 81513K [0x0000000680000000, 0x0000000780000000, 0x0000000780000000)
  eden space 3355520K,   0% used [0x0000000680000000, 0x0000000681fc78e8, 0x000000074cce0000)
  from space 419392K,  11% used [0x000000074cce0000, 0x000000074fcb2e40, 0x0000000766670000)
  to   space 419392K,   0% used [0x0000000766670000, 0x0000000766670000, 0x0000000780000000)
 concurrent mark-sweep generation total 1048576K, used 10803K [0x0000000780000000, 0x00000007c0000000, 0x00000007c0000000)
 Metaspace       used 2784K, capacity 4496K, committed 4864K, reserved 1056768K
  class space    used 293K, capacity 388K, committed 512K, reserved 1048576K
75.536: #174: [GC (GCLocker Initiated GC) 75.536: #174: [ParNew: 81513K->32273K(3774912K), 0.0076744 secs] 92317K->43076K(4823488K), 0.0077169 secs] [Times: user=0.03 sys=0.00 real=0.01 secs] 
Heap after GC invocations=163 (full 12):
 par new generation   total 3774912K, used 32273K [0x0000000680000000, 0x0000000780000000, 0x0000000780000000)
  eden space 3355520K,   0% used [0x0000000680000000, 0x0000000680000000, 0x000000074cce0000)
  from space 419392K,   7% used [0x0000000766670000, 0x00000007685f4440, 0x0000000780000000)
  to   space 419392K,   0% used [0x000000074cce0000, 0x000000074cce0000, 0x0000000766670000)
 concurrent mark-sweep generation total 1048576K, used 10803K [0x0000000780000000, 0x00000007c0000000, 0x00000007c0000000)
 Metaspace       used 2784K, capacity 4496K, committed 4864K, reserved 1056768K
  class space    used 293K, capacity 388K, committed 512K, reserved 1048576K
}
{Heap before GC invocations=163 (full 12):
 par new generation   total 3774912K, used 3387793K [0x0000000680000000, 0x0000000780000000, 0x0000000780000000)
  eden space 3355520K, 100% used [0x0000000680000000, 0x000000074cce0000, 0x000000074cce0000)
  from space 419392K,   7% used [0x0000000766670000, 0x00000007685f4440, 0x0000000780000000)
  to   space 419392K,   0% used [0x000000074cce0000, 0x000000074cce0000, 0x0000000766670000)
 concurrent mark-sweep generation total 1048576K, used 10803K [0x0000000780000000, 0x00000007c0000000, 0x00000007c0000000)
 Metaspace       used 2784K, capacity 4496K, committed 4864K, reserved 1056768K
  class space    used 293K, capacity 388K, committed 512K, reserved 1048576K
76.060: #175: [GC (Allocation Failure) 76.060: #175: [ParNew: 3387793K->49592K(3774912K), 0.0103814 secs] 3398596K->60395K(4823488K), 0.0104208 secs] [Times: user=0.02 sys=0.00 real=0.01 secs] 
Heap after GC invocations=164 (full 12):
 par new generation   total 3774912K, used 49592K [0x0000000680000000, 0x0000000780000000, 0x0000000780000000)
  eden space 3355520K,   0% used [0x0000000680000000, 0x0000000680000000, 0x000000074cce0000)
  from space 419392K,  11% used [0x000000074cce0000, 0x000000074fd4e060, 0x0000000766670000)
  to   space 419392K,   0% used [0x0000000766670000, 0x0000000766670000, 0x0000000780000000)
 concurrent mark-sweep generation total 1048576K, used 10803K [0x0000000780000000, 0x00000007c0000000, 0x00000007c0000000)
 Metaspace       used 2784K, capacity 4496K, committed 4864K, reserved 1056768K
  class space    used 293K, capacity 388K, committed 512K, reserved 1048576K
}
{Heap before GC invocations=164 (full 12):
 par new generation   total 3774912K, used 3405112K [0x0000000680000000, 0x0000000780000000, 0x0000000780000000)
  eden space 3355520K, 100% used [0x0000000680000000, 0x000000074cce0000, 0x000000074cce0000)
  from space 419392K,  11% used [0x000000074cce0000, 0x000000074fd4e060, 0x0000000766670000)
  to   space 419392K,   0% used [0x0000000766670000, 0x0000000766670000, 0x0000000780000000)
 concurrent mark-sweep generation total 1048576K, used 10803K [0x0000000780000000, 0x00000007c0000000, 0x00000007c0000000)
 Metaspace       used 2784K, capacity 4496K, committed 4864K, reserved 1056768K
  class space    used 293K, capacity 388K, committed 512K, reserved 1048576K
76.590: #176: [GC (Allocation Failure) 76.590: #176: [ParNew: 3405112K->33032K(3774912K), 0.0104303 secs] 3415915K->43835K(4823488K), 0.0104734 secs] [Times: user=0.02 sys=0.00 real=0.01 secs] 
Heap after GC invocations=165 (full 12):
 par new generation   total 3774912K, used 33032K [0x0000000680000000, 0x0000000780000000, 0x0000000780000000)
  eden space 3355520K,   0% used [0x0000000680000000, 0x0000000680000000, 0x000000074cce0000)
  from space 419392K,   7% used [0x0000000766670000, 0x00000007686b2120, 0x0000000780000000)
  to   space 419392K,   0% used [0x000000074cce0000, 0x000000074cce0000, 0x0000000766670000)
 concurrent mark-sweep generation total 1048576K, used 10803K [0x0000000780000000, 0x00000007c0000000, 0x00000007c0000000)
 Metaspace       used 2784K, capacity 4496K, committed 4864K, reserved 1056768K
  class space    used 293K, capacity 388K, committed 512K, reserved 1048576K
}
{Heap before GC invocations=165 (full 12):
 par new generation   total 3774912K, used 3388620K [0x0000000680000000, 0x0000000780000000, 0x0000000780000000)
  eden space 3355520K, 100% used [0x0000000680000000, 0x000000074cce0000, 0x000000074cce0000)
  from space 419392K,   7% used [0x0000000766670000, 0x00000007686c3198, 0x0000000780000000)
  to   space 419392K,   0% used [0x000000074cce0000, 0x000000074cce0000, 0x0000000766670000)
 concurrent mark-sweep generation total 1048576K, used 10803K [0x0000000780000000, 0x00000007c0000000, 0x00000007c0000000)
 Metaspace       used 2784K, capacity 4496K, committed 4864K, reserved 1056768K
  class space    used 293K, capacity 388K, committed 512K, reserved 1048576K
77.141: #177: [GC (Allocation Failure) 77.141: #177: [ParNew: 3388620K->31549K(3774912K), 0.0104585 secs] 3399423K->42352K(4823488K), 0.0104922 secs] [Times: user=0.03 sys=0.00 real=0.02 secs] 
Heap after GC invocations=166 (full 12):
 par new generation   total 3774912K, used 31549K [0x0000000680000000, 0x0000000780000000, 0x0000000780000000)
  eden space 3355520K,   0% used [0x0000000680000000, 0x0000000680000000, 0x000000074cce0000)
  from space 419392K,   7% used [0x000000074cce0000, 0x000000074ebaf578, 0x0000000766670000)
  to   space 419392K,   0% used [0x0000000766670000, 0x0000000766670000, 0x0000000780000000)
 concurrent mark-sweep generation total 1048576K, used 10803K [0x0000000780000000, 0x00000007c0000000, 0x00000007c0000000)
 Metaspace       used 2784K, capacity 4496K, committed 4864K, reserved 1056768K
  class space    used 293K, capacity 388K, committed 512K, reserved 1048576K
}
{Heap before GC invocations=166 (full 12):
 par new generation   total 3774912K, used 145367K [0x0000000680000000, 0x0000000780000000, 0x0000000780000000)
  eden space 3355520K,   3% used [0x0000000680000000, 0x0000000686f26940, 0x000000074cce0000)
  from space 419392K,   7% used [0x000000074cce0000, 0x000000074ebaf578, 0x0000000766670000)
  to   space 419392K,   0% used [0x0000000766670000, 0x0000000766670000, 0x0000000780000000)
 concurrent mark-sweep generation total 1048576K, used 10803K [0x0000000780000000, 0x00000007c0000000, 0x00000007c0000000)
 Metaspace       used 2784K, capacity 4496K, committed 4864K, reserved 1056768K
  class space    used 293K, capacity 388K, committed 512K, reserved 1048576K
77.163: #178: [GC (GCLocker Initiated GC) 77.163: #178: [ParNew: 145367K->23683K(3774912K), 0.0072827 secs] 156171K->34486K(4823488K), 0.0073255 secs] [Times: user=0.03 sys=0.00 real=0.00 secs] 
Heap after GC invocations=167 (full 12):
 par new generation   total 3774912K, used 23683K [0x0000000680000000, 0x0000000780000000, 0x0000000780000000)
  eden space 3355520K,   0% used [0x0000000680000000, 0x0000000680000000, 0x000000074cce0000)
  from space 419392K,   5% used [0x0000000766670000, 0x0000000767d90e10, 0x0000000780000000)
  to   space 419392K,   0% used [0x000000074cce0000, 0x000000074cce0000, 0x0000000766670000)
 concurrent mark-sweep generation total 1048576K, used 10803K [0x0000000780000000, 0x00000007c0000000, 0x00000007c0000000)
 Metaspace       used 2784K, capacity 4496K, committed 4864K, reserved 1056768K
  class space    used 293K, capacity 388K, committed 512K, reserved 1048576K
}
{Heap before GC invocations=167 (full 12):
 par new generation   total 3774912K, used 3379203K [0x0000000680000000, 0x0000000780000000, 0x0000000780000000)
  eden space 3355520K, 100% used [0x0000000680000000, 0x000000074cce0000, 0x000000074cce0000)
  from space 419392K,   5% used [0x0000000766670000, 0x0000000767d90e10, 0x0000000780000000)
  to   space 419392K,   0% used [0x000000074cce0000, 0x000000074cce0000, 0x0000000766670000)
 concurrent mark-sweep generation total 1048576K, used 10803K [0x0000000780000000, 0x00000007c0000000, 0x00000007c0000000)
 Metaspace       used 2784K, capacity 4496K, committed 4864K, reserved 1056768K
  class space    used 293K, capacity 388K, committed 512K, reserved 1048576K
77.700: #179: [GC (Allocation Failure) 77.700: #179: [ParNew: 3379203K->44304K(3774912K), 0.0105733 secs] 3390006K->55108K(4823488K), 0.0106090 secs] [Times: user=0.02 sys=0.00 real=0.01 secs] 
Heap after GC invocations=168 (full 12):
 par new generation   total 3774912K, used 44304K [0x0000000680000000, 0x0000000780000000, 0x0000000780000000)
  eden space 3355520K,   0% used [0x0000000680000000, 0x0000000680000000, 0x000000074cce0000)
  from space 419392K,  10% used [0x000000074cce0000, 0x000000074f8243e0, 0x0000000766670000)
  to   space 419392K,   0% used [0x0000000766670000, 0x0000000766670000, 0x0000000780000000)
 concurrent mark-sweep generation total 1048576K, used 10803K [0x0000000780000000, 0x00000007c0000000, 0x00000007c0000000)
 Metaspace       used 2784K, capacity 4496K, committed 4864K, reserved 1056768K
  class space    used 293K, capacity 388K, committed 512K, reserved 1048576K
}
{Heap before GC invocations=168 (full 12):
 par new generation   total 3774912K, used 3401964K [0x0000000680000000, 0x0000000780000000, 0x0000000780000000)
  eden space 3355520K, 100% used [0x0000000680000000, 0x000000074cce0000, 0x000000074cce0000)
  from space 419392K,  11% used [0x000000074cce0000, 0x000000074fa3b058, 0x0000000766670000)
  to   space 419392K,   0% used [0x0000000766670000, 0x0000000766670000, 0x0000000780000000)
 concurrent mark-sweep generation total 1048576K, used 10803K [0x0000000780000000, 0x00000007c0000000, 0x00000007c0000000)
 Metaspace       used 2784K, capacity 4496K, committed 4864K, reserved 1056768K
  class space    used 293K, capacity 388K, committed 512K, reserved 1048576K
78.272: #180: [GC (GCLocker Initiated GC) 78.272: #180: [ParNew: 3401964K->32032K(3774912K), 0.0106744 secs] 3412767K->42836K(4823488K), 0.0107052 secs] [Times: user=0.02 sys=0.00 real=0.01 secs] 
Heap after GC invocations=169 (full 12):
 par new generation   total 3774912K, used 32032K [0x0000000680000000, 0x0000000780000000, 0x0000000780000000)
  eden space 3355520K,   0% used [0x0000000680000000, 0x0000000680000000, 0x000000074cce0000)
  from space 419392K,   7% used [0x0000000766670000, 0x00000007685b8260, 0x0000000780000000)
  to   space 419392K,   0% used [0x000000074cce0000, 0x000000074cce0000, 0x0000000766670000)
 concurrent mark-sweep generation total 1048576K, used 10803K [0x0000000780000000, 0x00000007c0000000, 0x00000007c0000000)
 Metaspace       used 2784K, capacity 4496K, committed 4864K, reserved 1056768K
  class space    used 293K, capacity 388K, committed 512K, reserved 1048576K
}
{Heap before GC invocations=169 (full 12):
 par new generation   total 3774912K, used 3389695K [0x0000000680000000, 0x0000000780000000, 0x0000000780000000)
  eden space 3355520K, 100% used [0x0000000680000000, 0x000000074cce0000, 0x000000074cce0000)
  from space 419392K,   8% used [0x0000000766670000, 0x00000007687cfd50, 0x0000000780000000)
  to   space 419392K,   0% used [0x000000074cce0000, 0x000000074cce0000, 0x0000000766670000)
 concurrent mark-sweep generation total 1048576K, used 10803K [0x0000000780000000, 0x00000007c0000000, 0x00000007c0000000)
 Metaspace       used 2784K, capacity 4496K, committed 4864K, reserved 1056768K
  class space    used 293K, capacity 388K, committed 512K, reserved 1048576K
78.820: #181: [GC (Allocation Failure) 78.821: #181: [ParNew: 3389695K->31425K(3774912K), 0.0105753 secs] 3400498K->42229K(4823488K), 0.0106130 secs] [Times: user=0.02 sys=0.00 real=0.01 secs] 
Heap after GC invocations=170 (full 12):
 par new generation   total 3774912K, used 31425K [0x0000000680000000, 0x0000000780000000, 0x0000000780000000)
  eden space 3355520K,   0% used [0x0000000680000000, 0x0000000680000000, 0x000000074cce0000)
  from space 419392K,   7% used [0x000000074cce0000, 0x000000074eb90650, 0x0000000766670000)
  to   space 419392K,   0% used [0x0000000766670000, 0x0000000766670000, 0x0000000780000000)
 concurrent mark-sweep generation total 1048576K, used 10803K [0x0000000780000000, 0x00000007c0000000, 0x00000007c0000000)
 Metaspace       used 2784K, capacity 4496K, committed 4864K, reserved 1056768K
  class space    used 293K, capacity 388K, committed 512K, reserved 1048576K
}
{Heap before GC invocations=170 (full 12):
 par new generation   total 3774912K, used 129566K [0x0000000680000000, 0x0000000780000000, 0x0000000780000000)
  eden space 3355520K,   2% used [0x0000000680000000, 0x0000000685fd7290, 0x000000074cce0000)
  from space 419392K,   7% used [0x000000074cce0000, 0x000000074eb90650, 0x0000000766670000)
  to   space 419392K,   0% used [0x0000000766670000, 0x0000000766670000, 0x0000000780000000)
 concurrent mark-sweep generation total 1048576K, used 10803K [0x0000000780000000, 0x00000007c0000000, 0x00000007c0000000)
 Metaspace       used 2784K, capacity 4496K, committed 4864K, reserved 1056768K
  class space    used 293K, capacity 388K, committed 512K, reserved 1048576K
78.842: #182: [GC (GCLocker Initiated GC) 78.842: #182: [ParNew: 129566K->24305K(3774912K), 0.0067371 secs] 140369K->35108K(4823488K), 0.0067711 secs] [Times: user=0.02 sys=0.00 real=0.00 secs] 
Heap after GC invocations=171 (full 12):
 par new generation   total 3774912K, used 24305K [0x0000000680000000, 0x0000000780000000, 0x0000000780000000)
  eden space 3355520K,   0% used [0x0000000680000000, 0x0000000680000000, 0x000000074cce0000)
  from space 419392K,   5% used [0x0000000766670000, 0x0000000767e2c450, 0x0000000780000000)
  to   space 419392K,   0% used [0x000000074cce0000, 0x000000074cce0000, 0x0000000766670000)
 concurrent mark-sweep generation total 1048576K, used 10803K [0x0000000780000000, 0x00000007c0000000, 0x00000007c0000000)
 Metaspace       used 2784K, capacity 4496K, committed 4864K, reserved 1056768K
  class space    used 293K, capacity 388K, committed 512K, reserved 1048576K
}
SYSTEM_GC BEFORE
79.443: #183: [GC (CMS Initial Mark) [1 CMS-initial-mark: 10803K(1048576K)] 3305262K(4823488K), 0.9149841 secs] [Times: user=3.28 sys=0.01 real=0.91 secs] 
80.358: #183: [CMS-concurrent-mark-start]
{Heap before GC invocations=171 (full 13):
 par new generation   total 3774912K, used 3294458K [0x0000000680000000, 0x0000000780000000, 0x0000000780000000)
  eden space 3355520K,  97% used [0x0000000680000000, 0x00000007479825e0, 0x000000074cce0000)
  from space 419392K,   5% used [0x0000000766670000, 0x0000000767e2c450, 0x0000000780000000)
  to   space 419392K,   0% used [0x000000074cce0000, 0x000000074cce0000, 0x0000000766670000)
 concurrent mark-sweep generation total 1048576K, used 10803K [0x0000000780000000, 0x00000007c0000000, 0x00000007c0000000)
 Metaspace       used 2784K, capacity 4496K, committed 4864K, reserved 1056768K
  class space    used 293K, capacity 388K, committed 512K, reserved 1048576K
80.358: #184: [GC (GCLocker Initiated GC) 80.358: #184: [ParNew: 3294458K->46125K(3774912K), 0.0106141 secs] 3305262K->56928K(4823488K), 0.0106461 secs] [Times: user=0.03 sys=0.00 real=0.01 secs] 
Heap after GC invocations=172 (full 13):
 par new generation   total 3774912K, used 46125K [0x0000000680000000, 0x0000000780000000, 0x0000000780000000)
  eden space 3355520K,   0% used [0x0000000680000000, 0x0000000680000000, 0x000000074cce0000)
  from space 419392K,  10% used [0x000000074cce0000, 0x000000074f9eb420, 0x0000000766670000)
  to   space 419392K,   0% used [0x0000000766670000, 0x0000000766670000, 0x0000000780000000)
 concurrent mark-sweep generation total 1048576K, used 10803K [0x0000000780000000, 0x00000007c0000000, 0x00000007c0000000)
 Metaspace       used 2784K, capacity 4496K, committed 4864K, reserved 1056768K
  class space    used 293K, capacity 388K, committed 512K, reserved 1048576K
}
80.409: #183: [CMS-concurrent-mark: 0.040/0.051 secs] [Times: user=0.14 sys=0.02 real=0.05 secs] 
80.409: #183: [CMS-concurrent-preclean-start]
80.411: #183: [CMS-concurrent-preclean: 0.002/0.002 secs] [Times: user=0.01 sys=0.00 real=0.00 secs] 
80.411: #183: [CMS-concurrent-abortable-preclean-start]
81.011: #183: [CMS-concurrent-abortable-preclean: 0.195/0.600 secs] [Times: user=1.51 sys=0.11 real=0.60 secs] 
81.011: #183: [GC (CMS Final Remark) [YG occupancy: 2750319 K (3774912 K)]81.011: #183: [Rescan (parallel) , 0.9694543 secs]81.981: #183: [weak refs processing, 0.0000121 secs]81.981: #183: [class unloading, 0.0002646 secs]81.981: #183: [scrub symbol table, 0.0003804 secs]81.982: #183: [scrub string table, 0.0001481 secs][1 CMS-remark: 10803K(1048576K)] 2761123K(4823488K), 0.9703488 secs] [Times: user=2.90 sys=0.00 real=0.97 secs] 
81.992: #183: [CMS-concurrent-sweep-start]
{Heap before GC invocations=172 (full 13):
 par new generation   total 3774912K, used 2847849K [0x0000000680000000, 0x0000000780000000, 0x0000000780000000)
  eden space 3355520K,  83% used [0x0000000680000000, 0x000000072b00f108, 0x000000074cce0000)
  from space 419392K,  10% used [0x000000074cce0000, 0x000000074f9eb420, 0x0000000766670000)
  to   space 419392K,   0% used [0x0000000766670000, 0x0000000766670000, 0x0000000780000000)
 concurrent mark-sweep generation total 1048576K, used 10803K [0x0000000780000000, 0x00000007c0000000, 0x00000007c0000000)
 Metaspace       used 2784K, capacity 4496K, committed 4864K, reserved 1056768K
  class space    used 293K, capacity 388K, committed 512K, reserved 1048576K
81.992: #185: [GC (GCLocker Initiated GC) 81.992: #185: [ParNew: 2847849K->28749K(3774912K), 0.0097523 secs] 2858652K->39553K(4823488K), 0.0097873 secs] [Times: user=0.02 sys=0.01 real=0.01 secs] 
Heap after GC invocations=173 (full 13):
 par new generation   total 3774912K, used 28749K [0x0000000680000000, 0x0000000780000000, 0x0000000780000000)
  eden space 3355520K,   0% used [0x0000000680000000, 0x0000000680000000, 0x000000074cce0000)
  from space 419392K,   6% used [0x0000000766670000, 0x00000007682836c0, 0x0000000780000000)
  to   space 419392K,   0% used [0x000000074cce0000, 0x000000074cce0000, 0x0000000766670000)
 concurrent mark-sweep generation total 1048576K, used 10803K [0x0000000780000000, 0x00000007c0000000, 0x00000007c0000000)
 Metaspace       used 2784K, capacity 4496K, committed 4864K, reserved 1056768K
  class space    used 293K, capacity 388K, committed 512K, reserved 1048576K
}
82.008: #183: [CMS-concurrent-sweep: 0.006/0.016 secs] [Times: user=0.04 sys=0.01 real=0.01 secs] 
82.008: #183: [CMS-concurrent-reset-start]
SYSTEM_GC AFTER
82.010: #183: [CMS-concurrent-reset: 0.001/0.001 secs] [Times: user=0.01 sys=0.00 real=0.00 secs] 
{Heap before GC invocations=173 (full 13):
 par new generation   total 3774912K, used 3384269K [0x0000000680000000, 0x0000000780000000, 0x0000000780000000)
  eden space 3355520K, 100% used [0x0000000680000000, 0x000000074cce0000, 0x000000074cce0000)
  from space 419392K,   6% used [0x0000000766670000, 0x00000007682836e0, 0x0000000780000000)
  to   space 419392K,   0% used [0x000000074cce0000, 0x000000074cce0000, 0x0000000766670000)
 concurrent mark-sweep generation total 1048576K, used 10803K [0x0000000780000000, 0x00000007c0000000, 0x00000007c0000000)
 Metaspace       used 2784K, capacity 4496K, committed 4864K, reserved 1056768K
  class space    used 293K, capacity 388K, committed 512K, reserved 1048576K
82.630: #186: [GC (Allocation Failure) 82.630: #186: [ParNew: 3384269K->31807K(3774912K), 0.0116824 secs] 3395073K->42610K(4823488K), 0.0117270 secs] [Times: user=0.02 sys=0.00 real=0.02 secs] 
Heap after GC invocations=174 (full 13):
 par new generation   total 3774912K, used 31807K [0x0000000680000000, 0x0000000780000000, 0x0000000780000000)
  eden space 3355520K,   0% used [0x0000000680000000, 0x0000000680000000, 0x000000074cce0000)
  from space 419392K,   7% used [0x000000074cce0000, 0x000000074ebefcd0, 0x0000000766670000)
  to   space 419392K,   0% used [0x0000000766670000, 0x0000000766670000, 0x0000000780000000)
 concurrent mark-sweep generation total 1048576K, used 10803K [0x0000000780000000, 0x00000007c0000000, 0x00000007c0000000)
 Metaspace       used 2784K, capacity 4496K, committed 4864K, reserved 1056768K
  class space    used 293K, capacity 388K, committed 512K, reserved 1048576K
}
{Heap before GC invocations=174 (full 13):
 par new generation   total 3774912K, used 129149K [0x0000000680000000, 0x0000000780000000, 0x0000000780000000)
  eden space 3355520K,   2% used [0x0000000680000000, 0x0000000685f0f740, 0x000000074cce0000)
  from space 419392K,   7% used [0x000000074cce0000, 0x000000074ebefcd0, 0x0000000766670000)
  to   space 419392K,   0% used [0x0000000766670000, 0x0000000766670000, 0x0000000780000000)
 concurrent mark-sweep generation total 1048576K, used 10803K [0x0000000780000000, 0x00000007c0000000, 0x00000007c0000000)
 Metaspace       used 2784K, capacity 4496K, committed 4864K, reserved 1056768K
  class space    used 293K, capacity 388K, committed 512K, reserved 1048576K
82.653: #187: [GC (GCLocker Initiated GC) 82.653: #187: [ParNew: 129149K->27659K(3774912K), 0.0078099 secs] 139952K->38463K(4823488K), 0.0078499 secs] [Times: user=0.03 sys=0.00 real=0.00 secs] 
Heap after GC invocations=175 (full 13):
 par new generation   total 3774912K, used 27659K [0x0000000680000000, 0x0000000780000000, 0x0000000780000000)
  eden space 3355520K,   0% used [0x0000000680000000, 0x0000000680000000, 0x000000074cce0000)
  from space 419392K,   6% used [0x0000000766670000, 0x0000000768172e80, 0x0000000780000000)
  to   space 419392K,   0% used [0x000000074cce0000, 0x000000074cce0000, 0x0000000766670000)
 concurrent mark-sweep generation total 1048576K, used 10803K [0x0000000780000000, 0x00000007c0000000, 0x00000007c0000000)
 Metaspace       used 2784K, capacity 4496K, committed 4864K, reserved 1056768K
  class space    used 293K, capacity 388K, committed 512K, reserved 1048576K
}
{Heap before GC invocations=175 (full 13):
 par new generation   total 3774912K, used 3383179K [0x0000000680000000, 0x0000000780000000, 0x0000000780000000)
  eden space 3355520K, 100% used [0x0000000680000000, 0x000000074cce0000, 0x000000074cce0000)
  from space 419392K,   6% used [0x0000000766670000, 0x0000000768172e80, 0x0000000780000000)
  to   space 419392K,   0% used [0x000000074cce0000, 0x000000074cce0000, 0x0000000766670000)
 concurrent mark-sweep generation total 1048576K, used 10803K [0x0000000780000000, 0x00000007c0000000, 0x00000007c0000000)
 Metaspace       used 2784K, capacity 4496K, committed 4864K, reserved 1056768K
  class space    used 293K, capacity 388K, committed 512K, reserved 1048576K
83.331: #188: [GC (Allocation Failure) 83.331: #188: [ParNew: 3383179K->48185K(3774912K), 0.0106543 secs] 3393983K->58989K(4823488K), 0.0106960 secs] [Times: user=0.03 sys=0.00 real=0.01 secs] 
Heap after GC invocations=176 (full 13):
 par new generation   total 3774912K, used 48185K [0x0000000680000000, 0x0000000780000000, 0x0000000780000000)
  eden space 3355520K,   0% used [0x0000000680000000, 0x0000000680000000, 0x000000074cce0000)
  from space 419392K,  11% used [0x000000074cce0000, 0x000000074fbee640, 0x0000000766670000)
  to   space 419392K,   0% used [0x0000000766670000, 0x0000000766670000, 0x0000000780000000)
 concurrent mark-sweep generation total 1048576K, used 10803K [0x0000000780000000, 0x00000007c0000000, 0x00000007c0000000)
 Metaspace       used 2784K, capacity 4496K, committed 4864K, reserved 1056768K
  class space    used 293K, capacity 388K, committed 512K, reserved 1048576K
}
{Heap before GC invocations=176 (full 13):
 par new generation   total 3774912K, used 3403705K [0x0000000680000000, 0x0000000780000000, 0x0000000780000000)
  eden space 3355520K, 100% used [0x0000000680000000, 0x000000074cce0000, 0x000000074cce0000)
  from space 419392K,  11% used [0x000000074cce0000, 0x000000074fbee640, 0x0000000766670000)
  to   space 419392K,   0% used [0x0000000766670000, 0x0000000766670000, 0x0000000780000000)
 concurrent mark-sweep generation total 1048576K, used 10803K [0x0000000780000000, 0x00000007c0000000, 0x00000007c0000000)
 Metaspace       used 2784K, capacity 4496K, committed 4864K, reserved 1056768K
  class space    used 293K, capacity 388K, committed 512K, reserved 1048576K
83.881: #189: [GC (Allocation Failure) 83.881: #189: [ParNew: 3403705K->32050K(3774912K), 0.0116370 secs] 3414509K->42853K(4823488K), 0.0117117 secs] [Times: user=0.02 sys=0.00 real=0.01 secs] 
Heap after GC invocations=177 (full 13):
 par new generation   total 3774912K, used 32050K [0x0000000680000000, 0x0000000780000000, 0x0000000780000000)
  eden space 3355520K,   0% used [0x0000000680000000, 0x0000000680000000, 0x000000074cce0000)
  from space 419392K,   7% used [0x0000000766670000, 0x00000007685bc9a0, 0x0000000780000000)
  to   space 419392K,   0% used [0x000000074cce0000, 0x000000074cce0000, 0x0000000766670000)
 concurrent mark-sweep generation total 1048576K, used 10803K [0x0000000780000000, 0x00000007c0000000, 0x00000007c0000000)
 Metaspace       used 2784K, capacity 4496K, committed 4864K, reserved 1056768K
  class space    used 293K, capacity 388K, committed 512K, reserved 1048576K
}
{Heap before GC invocations=177 (full 13):
 par new generation   total 3774912K, used 3387570K [0x0000000680000000, 0x0000000780000000, 0x0000000780000000)
  eden space 3355520K, 100% used [0x0000000680000000, 0x000000074cce0000, 0x000000074cce0000)
  from space 419392K,   7% used [0x0000000766670000, 0x00000007685bc9b0, 0x0000000780000000)
  to   space 419392K,   0% used [0x000000074cce0000, 0x000000074cce0000, 0x0000000766670000)
 concurrent mark-sweep generation total 1048576K, used 10803K [0x0000000780000000, 0x00000007c0000000, 0x00000007c0000000)
 Metaspace       used 2784K, capacity 4496K, committed 4864K, reserved 1056768K
  class space    used 293K, capacity 388K, committed 512K, reserved 1048576K
84.446: #190: [GC (GCLocker Initiated GC) 84.446: #190: [ParNew: 3387570K->30458K(3774912K), 0.0101609 secs] 3398373K->41261K(4823488K), 0.0102011 secs] [Times: user=0.03 sys=0.00 real=0.01 secs] 
Heap after GC invocations=178 (full 13):
 par new generation   total 3774912K, used 30458K [0x0000000680000000, 0x0000000780000000, 0x0000000780000000)
  eden space 3355520K,   0% used [0x0000000680000000, 0x0000000680000000, 0x000000074cce0000)
  from space 419392K,   7% used [0x000000074cce0000, 0x000000074ea9e940, 0x0000000766670000)
  to   space 419392K,   0% used [0x0000000766670000, 0x0000000766670000, 0x0000000780000000)
 concurrent mark-sweep generation total 1048576K, used 10803K [0x0000000780000000, 0x00000007c0000000, 0x00000007c0000000)
 Metaspace       used 2784K, capacity 4496K, committed 4864K, reserved 1056768K
  class space    used 293K, capacity 388K, committed 512K, reserved 1048576K
}
{Heap before GC invocations=178 (full 13):
 par new generation   total 3774912K, used 3387907K [0x0000000680000000, 0x0000000780000000, 0x0000000780000000)
  eden space 3355520K, 100% used [0x0000000680000000, 0x000000074cce0000, 0x000000074cce0000)
  from space 419392K,   7% used [0x000000074cce0000, 0x000000074ec80f48, 0x0000000766670000)
  to   space 419392K,   0% used [0x0000000766670000, 0x0000000766670000, 0x0000000780000000)
 concurrent mark-sweep generation total 1048576K, used 10803K [0x0000000780000000, 0x00000007c0000000, 0x00000007c0000000)
 Metaspace       used 2784K, capacity 4496K, committed 4864K, reserved 1056768K
  class space    used 293K, capacity 388K, committed 512K, reserved 1048576K
85.002: #191: [GC (Allocation Failure) 85.002: #191: [ParNew: 3387907K->29986K(3774912K), 0.0106419 secs] 3398711K->40789K(4823488K), 0.0106815 secs] [Times: user=0.03 sys=0.00 real=0.01 secs] 
Heap after GC invocations=179 (full 13):
 par new generation   total 3774912K, used 29986K [0x0000000680000000, 0x0000000780000000, 0x0000000780000000)
  eden space 3355520K,   0% used [0x0000000680000000, 0x0000000680000000, 0x000000074cce0000)
  from space 419392K,   7% used [0x0000000766670000, 0x00000007683b8800, 0x0000000780000000)
  to   space 419392K,   0% used [0x000000074cce0000, 0x000000074cce0000, 0x0000000766670000)
 concurrent mark-sweep generation total 1048576K, used 10803K [0x0000000780000000, 0x00000007c0000000, 0x00000007c0000000)
 Metaspace       used 2784K, capacity 4496K, committed 4864K, reserved 1056768K
  class space    used 293K, capacity 388K, committed 512K, reserved 1048576K
}
{Heap before GC invocations=179 (full 13):
 par new generation   total 3774912K, used 144120K [0x0000000680000000, 0x0000000780000000, 0x0000000780000000)
  eden space 3355520K,   3% used [0x0000000680000000, 0x0000000686f75a78, 0x000000074cce0000)
  from space 419392K,   7% used [0x0000000766670000, 0x00000007683b8800, 0x0000000780000000)
  to   space 419392K,   0% used [0x000000074cce0000, 0x000000074cce0000, 0x0000000766670000)
 concurrent mark-sweep generation total 1048576K, used 10803K [0x0000000780000000, 0x00000007c0000000, 0x00000007c0000000)
 Metaspace       used 2784K, capacity 4496K, committed 4864K, reserved 1056768K
  class space    used 293K, capacity 388K, committed 512K, reserved 1048576K
85.025: #192: [GC (GCLocker Initiated GC) 85.025: #192: [ParNew: 144120K->26283K(3774912K), 0.0079181 secs] 154924K->37087K(4823488K), 0.0079497 secs] [Times: user=0.03 sys=0.00 real=0.01 secs] 
Heap after GC invocations=180 (full 13):
 par new generation   total 3774912K, used 26283K [0x0000000680000000, 0x0000000780000000, 0x0000000780000000)
  eden space 3355520K,   0% used [0x0000000680000000, 0x0000000680000000, 0x000000074cce0000)
  from space 419392K,   6% used [0x000000074cce0000, 0x000000074e68afa0, 0x0000000766670000)
  to   space 419392K,   0% used [0x0000000766670000, 0x0000000766670000, 0x0000000780000000)
 concurrent mark-sweep generation total 1048576K, used 10803K [0x0000000780000000, 0x00000007c0000000, 0x00000007c0000000)
 Metaspace       used 2784K, capacity 4496K, committed 4864K, reserved 1056768K
  class space    used 293K, capacity 388K, committed 512K, reserved 1048576K
}
{Heap before GC invocations=180 (full 13):
 par new generation   total 3774912K, used 3381803K [0x0000000680000000, 0x0000000780000000, 0x0000000780000000)
  eden space 3355520K, 100% used [0x0000000680000000, 0x000000074cce0000, 0x000000074cce0000)
  from space 419392K,   6% used [0x000000074cce0000, 0x000000074e68afa0, 0x0000000766670000)
  to   space 419392K,   0% used [0x0000000766670000, 0x0000000766670000, 0x0000000780000000)
 concurrent mark-sweep generation total 1048576K, used 10803K [0x0000000780000000, 0x00000007c0000000, 0x00000007c0000000)
 Metaspace       used 2784K, capacity 4496K, committed 4864K, reserved 1056768K
  class space    used 293K, capacity 388K, committed 512K, reserved 1048576K
85.557: #193: [GC (Allocation Failure) 85.557: #193: [ParNew: 3381803K->45327K(3774912K), 0.0102037 secs] 3392607K->56130K(4823488K), 0.0102430 secs] [Times: user=0.02 sys=0.00 real=0.01 secs] 
Heap after GC invocations=181 (full 13):
 par new generation   total 3774912K, used 45327K [0x0000000680000000, 0x0000000780000000, 0x0000000780000000)
  eden space 3355520K,   0% used [0x0000000680000000, 0x0000000680000000, 0x000000074cce0000)
  from space 419392K,  10% used [0x0000000766670000, 0x00000007692b3c80, 0x0000000780000000)
  to   space 419392K,   0% used [0x000000074cce0000, 0x000000074cce0000, 0x0000000766670000)
 concurrent mark-sweep generation total 1048576K, used 10803K [0x0000000780000000, 0x00000007c0000000, 0x00000007c0000000)
 Metaspace       used 2784K, capacity 4496K, committed 4864K, reserved 1056768K
  class space    used 293K, capacity 388K, committed 512K, reserved 1048576K
}
{Heap before GC invocations=181 (full 13):
 par new generation   total 3774912K, used 3402526K [0x0000000680000000, 0x0000000780000000, 0x0000000780000000)
  eden space 3355520K, 100% used [0x0000000680000000, 0x000000074cce0000, 0x000000074cce0000)
  from space 419392K,  11% used [0x0000000766670000, 0x0000000769457918, 0x0000000780000000)
  to   space 419392K,   0% used [0x000000074cce0000, 0x000000074cce0000, 0x0000000766670000)
 concurrent mark-sweep generation total 1048576K, used 10803K [0x0000000780000000, 0x00000007c0000000, 0x00000007c0000000)
 Metaspace       used 2784K, capacity 4496K, committed 4864K, reserved 1056768K
  class space    used 293K, capacity 388K, committed 512K, reserved 1048576K
86.114: #194: [GC (GCLocker Initiated GC) 86.114: #194: [ParNew: 3402526K->31134K(3774912K), 0.0104551 secs] 3413329K->41938K(4823488K), 0.0104891 secs] [Times: user=0.02 sys=0.00 real=0.01 secs] 
Heap after GC invocations=182 (full 13):
 par new generation   total 3774912K, used 31134K [0x0000000680000000, 0x0000000780000000, 0x0000000780000000)
  eden space 3355520K,   0% used [0x0000000680000000, 0x0000000680000000, 0x000000074cce0000)
  from space 419392K,   7% used [0x000000074cce0000, 0x000000074eb47bc0, 0x0000000766670000)
  to   space 419392K,   0% used [0x0000000766670000, 0x0000000766670000, 0x0000000780000000)
 concurrent mark-sweep generation total 1048576K, used 10803K [0x0000000780000000, 0x00000007c0000000, 0x00000007c0000000)
 Metaspace       used 2784K, capacity 4496K, committed 4864K, reserved 1056768K
  class space    used 293K, capacity 388K, committed 512K, reserved 1048576K
}
{Heap before GC invocations=182 (full 13):
 par new generation   total 3774912K, used 3386654K [0x0000000680000000, 0x0000000780000000, 0x0000000780000000)
  eden space 3355520K, 100% used [0x0000000680000000, 0x000000074cce0000, 0x000000074cce0000)
  from space 419392K,   7% used [0x000000074cce0000, 0x000000074eb47bc0, 0x0000000766670000)
  to   space 419392K,   0% used [0x0000000766670000, 0x0000000766670000, 0x0000000780000000)
 concurrent mark-sweep generation total 1048576K, used 10803K [0x0000000780000000, 0x00000007c0000000, 0x00000007c0000000)
 Metaspace       used 2784K, capacity 4496K, committed 4864K, reserved 1056768K
  class space    used 293K, capacity 388K, committed 512K, reserved 1048576K
86.731: #195: [GC (Allocation Failure) 86.731: #195: [ParNew: 3386654K->31570K(3774912K), 0.0115347 secs] 3397458K->42374K(4823488K), 0.0115784 secs] [Times: user=0.02 sys=0.00 real=0.02 secs] 
Heap after GC invocations=183 (full 13):
 par new generation   total 3774912K, used 31570K [0x0000000680000000, 0x0000000780000000, 0x0000000780000000)
  eden space 3355520K,   0% used [0x0000000680000000, 0x0000000680000000, 0x000000074cce0000)
  from space 419392K,   7% used [0x0000000766670000, 0x0000000768544af8, 0x0000000780000000)
  to   space 419392K,   0% used [0x000000074cce0000, 0x000000074cce0000, 0x0000000766670000)
 concurrent mark-sweep generation total 1048576K, used 10803K [0x0000000780000000, 0x00000007c0000000, 0x00000007c0000000)
 Metaspace       used 2784K, capacity 4496K, committed 4864K, reserved 1056768K
  class space    used 293K, capacity 388K, committed 512K, reserved 1048576K
}
SYSTEM_GC BEFORE
{Heap before GC invocations=183 (full 13):
 par new generation   total 3774912K, used 1630457K [0x0000000680000000, 0x0000000780000000, 0x0000000780000000)
  eden space 3355520K,  47% used [0x0000000680000000, 0x00000006e1969c78, 0x000000074cce0000)
  from space 419392K,   7% used [0x0000000766670000, 0x0000000768544af8, 0x0000000780000000)
  to   space 419392K,   0% used [0x000000074cce0000, 0x000000074cce0000, 0x0000000766670000)
 concurrent mark-sweep generation total 1048576K, used 10803K [0x0000000780000000, 0x00000007c0000000, 0x00000007c0000000)
 Metaspace       used 2784K, capacity 4496K, committed 4864K, reserved 1056768K
  class space    used 293K, capacity 388K, committed 512K, reserved 1048576K
87.010: #196: [GC (System.gc()) 87.011: #196: [ParNew: 1630457K->15473K(3774912K), 0.0076719 secs] 1641261K->26276K(4823488K), 0.0077122 secs] [Times: user=0.02 sys=0.01 real=0.01 secs] 
Heap after GC invocations=184 (full 13):
 par new generation   total 3774912K, used 15473K [0x0000000680000000, 0x0000000780000000, 0x0000000780000000)
  eden space 3355520K,   0% used [0x0000000680000000, 0x0000000680000000, 0x000000074cce0000)
  from space 419392K,   3% used [0x000000074cce0000, 0x000000074dbfc530, 0x0000000766670000)
  to   space 419392K,   0% used [0x0000000766670000, 0x0000000766670000, 0x0000000780000000)
 concurrent mark-sweep generation total 1048576K, used 10803K [0x0000000780000000, 0x00000007c0000000, 0x00000007c0000000)
 Metaspace       used 2784K, capacity 4496K, committed 4864K, reserved 1056768K
  class space    used 293K, capacity 388K, committed 512K, reserved 1048576K
}
87.018: #197: [GC (CMS Initial Mark) [1 CMS-initial-mark: 10803K(1048576K)] 58710K(4823488K), 0.0009249 secs] [Times: user=0.01 sys=0.00 real=0.00 secs] 
87.019: #197: [CMS-concurrent-mark-start]
87.042: #197: [CMS-concurrent-mark: 0.023/0.023 secs] [Times: user=0.07 sys=0.00 real=0.03 secs] 
87.042: #197: [CMS-concurrent-preclean-start]
87.045: #197: [CMS-concurrent-preclean: 0.003/0.003 secs] [Times: user=0.01 sys=0.01 real=0.00 secs] 
87.046: #197: [CMS-concurrent-abortable-preclean-start]
87.466: #197: [CMS-concurrent-abortable-preclean: 0.111/0.421 secs] [Times: user=1.49 sys=0.07 real=0.42 secs] 
87.467: #197: [GC (CMS Final Remark) [YG occupancy: 2616483 K (3774912 K)]87.467: #197: [Rescan (parallel) , 0.7443011 secs]88.211: #197: [weak refs processing, 0.0000158 secs]88.211: #197: [class unloading, 0.0003335 secs]88.212: #197: [scrub symbol table, 0.0003884 secs]88.212: #197: [scrub string table, 0.0001529 secs][1 CMS-remark: 10803K(1048576K)] 2627286K(4823488K), 0.7453025 secs] [Times: user=2.81 sys=0.01 real=0.75 secs] 
88.212: #197: [CMS-concurrent-sweep-start]
88.219: #197: [CMS-concurrent-sweep: 0.006/0.006 secs] [Times: user=0.02 sys=0.00 real=0.00 secs] 
88.219: #197: [CMS-concurrent-reset-start]
SYSTEM_GC AFTER
88.221: #197: [CMS-concurrent-reset: 0.002/0.002 secs] [Times: user=0.01 sys=0.00 real=0.00 secs] 
{Heap before GC invocations=184 (full 14):
 par new generation   total 3774912K, used 2665250K [0x0000000680000000, 0x0000000780000000, 0x0000000780000000)
  eden space 3355520K,  78% used [0x0000000680000000, 0x0000000721bac3f0, 0x000000074cce0000)
  from space 419392K,   3% used [0x000000074cce0000, 0x000000074dbfc530, 0x0000000766670000)
  to   space 419392K,   0% used [0x0000000766670000, 0x0000000766670000, 0x0000000780000000)
 concurrent mark-sweep generation total 1048576K, used 10803K [0x0000000780000000, 0x00000007c0000000, 0x00000007c0000000)
 Metaspace       used 2785K, capacity 4496K, committed 4864K, reserved 1056768K
  class space    used 293K, capacity 388K, committed 512K, reserved 1048576K
88.223: #198: [GC (GCLocker Initiated GC) 88.223: #198: [ParNew: 2665250K->24950K(3774912K), 0.0089361 secs] 2676053K->35754K(4823488K), 0.0089708 secs] [Times: user=0.02 sys=0.00 real=0.01 secs] 
Heap after GC invocations=185 (full 14):
 par new generation   total 3774912K, used 24950K [0x0000000680000000, 0x0000000780000000, 0x0000000780000000)
  eden space 3355520K,   0% used [0x0000000680000000, 0x0000000680000000, 0x000000074cce0000)
  from space 419392K,   5% used [0x0000000766670000, 0x0000000767ecdb60, 0x0000000780000000)
  to   space 419392K,   0% used [0x000000074cce0000, 0x000000074cce0000, 0x0000000766670000)
 concurrent mark-sweep generation total 1048576K, used 10803K [0x0000000780000000, 0x00000007c0000000, 0x00000007c0000000)
 Metaspace       used 2785K, capacity 4496K, committed 4864K, reserved 1056768K
  class space    used 293K, capacity 388K, committed 512K, reserved 1048576K
}
{Heap before GC invocations=185 (full 14):
 par new generation   total 3774912K, used 3380499K [0x0000000680000000, 0x0000000780000000, 0x0000000780000000)
  eden space 3355520K, 100% used [0x0000000680000000, 0x000000074cce0000, 0x000000074cce0000)
  from space 419392K,   5% used [0x0000000766670000, 0x0000000767ed4ef8, 0x0000000780000000)
  to   space 419392K,   0% used [0x000000074cce0000, 0x000000074cce0000, 0x0000000766670000)
 concurrent mark-sweep generation total 1048576K, used 10803K [0x0000000780000000, 0x00000007c0000000, 0x00000007c0000000)
 Metaspace       used 2785K, capacity 4496K, committed 4864K, reserved 1056768K
  class space    used 293K, capacity 388K, committed 512K, reserved 1048576K
88.820: #199: [GC (Allocation Failure) 88.820: #199: [ParNew: 3380499K->31147K(3774912K), 0.0106105 secs] 3391303K->41951K(4823488K), 0.0106500 secs] [Times: user=0.03 sys=0.00 real=0.01 secs] 
Heap after GC invocations=186 (full 14):
 par new generation   total 3774912K, used 31147K [0x0000000680000000, 0x0000000780000000, 0x0000000780000000)
  eden space 3355520K,   0% used [0x0000000680000000, 0x0000000680000000, 0x000000074cce0000)
  from space 419392K,   7% used [0x000000074cce0000, 0x000000074eb4aee0, 0x0000000766670000)
  to   space 419392K,   0% used [0x0000000766670000, 0x0000000766670000, 0x0000000780000000)
 concurrent mark-sweep generation total 1048576K, used 10803K [0x0000000780000000, 0x00000007c0000000, 0x00000007c0000000)
 Metaspace       used 2785K, capacity 4496K, committed 4864K, reserved 1056768K
  class space    used 293K, capacity 388K, committed 512K, reserved 1048576K
}
{Heap before GC invocations=186 (full 14):
 par new generation   total 3774912K, used 79959K [0x0000000680000000, 0x0000000780000000, 0x0000000780000000)
  eden space 3355520K,   1% used [0x0000000680000000, 0x0000000682faad70, 0x000000074cce0000)
  from space 419392K,   7% used [0x000000074cce0000, 0x000000074eb4aee0, 0x0000000766670000)
  to   space 419392K,   0% used [0x0000000766670000, 0x0000000766670000, 0x0000000780000000)
 concurrent mark-sweep generation total 1048576K, used 10803K [0x0000000780000000, 0x00000007c0000000, 0x00000007c0000000)
 Metaspace       used 2785K, capacity 4496K, committed 4864K, reserved 1056768K
  class space    used 293K, capacity 388K, committed 512K, reserved 1048576K
88.831: #200: [GC (GCLocker Initiated GC) 88.831: #200: [ParNew: 79959K->30333K(3774912K), 0.0093672 secs] 90762K->41136K(4823488K), 0.0094216 secs] [Times: user=0.03 sys=0.00 real=0.01 secs] 
Heap after GC invocations=187 (full 14):
 par new generation   total 3774912K, used 30333K [0x0000000680000000, 0x0000000780000000, 0x0000000780000000)
  eden space 3355520K,   0% used [0x0000000680000000, 0x0000000680000000, 0x000000074cce0000)
  from space 419392K,   7% used [0x0000000766670000, 0x000000076840f4c0, 0x0000000780000000)
  to   space 419392K,   0% used [0x000000074cce0000, 0x000000074cce0000, 0x0000000766670000)
 concurrent mark-sweep generation total 1048576K, used 10803K [0x0000000780000000, 0x00000007c0000000, 0x00000007c0000000)
 Metaspace       used 2785K, capacity 4496K, committed 4864K, reserved 1056768K
  class space    used 293K, capacity 388K, committed 512K, reserved 1048576K
}
{Heap before GC invocations=187 (full 14):
 par new generation   total 3774912K, used 3388152K [0x0000000680000000, 0x0000000780000000, 0x0000000780000000)
  eden space 3355520K, 100% used [0x0000000680000000, 0x000000074cce0000, 0x000000074cce0000)
  from space 419392K,   7% used [0x0000000766670000, 0x000000076864e0d8, 0x0000000780000000)
  to   space 419392K,   0% used [0x000000074cce0000, 0x000000074cce0000, 0x0000000766670000)
 concurrent mark-sweep generation total 1048576K, used 10803K [0x0000000780000000, 0x00000007c0000000, 0x00000007c0000000)
 Metaspace       used 2785K, capacity 4496K, committed 4864K, reserved 1056768K
  class space    used 293K, capacity 388K, committed 512K, reserved 1048576K
89.388: #201: [GC (GCLocker Initiated GC) 89.388: #201: [ParNew: 3388152K->48941K(3774912K), 0.0107790 secs] 3398955K->59744K(4823488K), 0.0108259 secs] [Times: user=0.03 sys=0.00 real=0.01 secs] 
Heap after GC invocations=188 (full 14):
 par new generation   total 3774912K, used 48941K [0x0000000680000000, 0x0000000780000000, 0x0000000780000000)
  eden space 3355520K,   0% used [0x0000000680000000, 0x0000000680000000, 0x000000074cce0000)
  from space 419392K,  11% used [0x000000074cce0000, 0x000000074fcab460, 0x0000000766670000)
  to   space 419392K,   0% used [0x0000000766670000, 0x0000000766670000, 0x0000000780000000)
 concurrent mark-sweep generation total 1048576K, used 10803K [0x0000000780000000, 0x00000007c0000000, 0x00000007c0000000)
 Metaspace       used 2785K, capacity 4496K, committed 4864K, reserved 1056768K
  class space    used 293K, capacity 388K, committed 512K, reserved 1048576K
}
{Heap before GC invocations=188 (full 14):
 par new generation   total 3774912K, used 3404461K [0x0000000680000000, 0x0000000780000000, 0x0000000780000000)
  eden space 3355520K, 100% used [0x0000000680000000, 0x000000074cce0000, 0x000000074cce0000)
  from space 419392K,  11% used [0x000000074cce0000, 0x000000074fcab478, 0x0000000766670000)
  to   space 419392K,   0% used [0x0000000766670000, 0x0000000766670000, 0x0000000780000000)
 concurrent mark-sweep generation total 1048576K, used 10803K [0x0000000780000000, 0x00000007c0000000, 0x00000007c0000000)
 Metaspace       used 2785K, capacity 4496K, committed 4864K, reserved 1056768K
  class space    used 293K, capacity 388K, committed 512K, reserved 1048576K
89.920: #202: [GC (Allocation Failure) 89.920: #202: [ParNew: 3404461K->32939K(3774912K), 0.0102874 secs] 3415264K->43742K(4823488K), 0.0103288 secs] [Times: user=0.02 sys=0.00 real=0.01 secs] 
Heap after GC invocations=189 (full 14):
 par new generation   total 3774912K, used 32939K [0x0000000680000000, 0x0000000780000000, 0x0000000780000000)
  eden space 3355520K,   0% used [0x0000000680000000, 0x0000000680000000, 0x000000074cce0000)
  from space 419392K,   7% used [0x0000000766670000, 0x000000076869ad80, 0x0000000780000000)
  to   space 419392K,   0% used [0x000000074cce0000, 0x000000074cce0000, 0x0000000766670000)
 concurrent mark-sweep generation total 1048576K, used 10803K [0x0000000780000000, 0x00000007c0000000, 0x00000007c0000000)
 Metaspace       used 2785K, capacity 4496K, committed 4864K, reserved 1056768K
  class space    used 293K, capacity 388K, committed 512K, reserved 1048576K
}
{Heap before GC invocations=189 (full 14):
 par new generation   total 3774912K, used 65706K [0x0000000680000000, 0x0000000780000000, 0x0000000780000000)
  eden space 3355520K,   0% used [0x0000000680000000, 0x0000000681fffba8, 0x000000074cce0000)
  from space 419392K,   7% used [0x0000000766670000, 0x000000076869ad80, 0x0000000780000000)
  to   space 419392K,   0% used [0x000000074cce0000, 0x000000074cce0000, 0x0000000766670000)
 concurrent mark-sweep generation total 1048576K, used 10803K [0x0000000780000000, 0x00000007c0000000, 0x00000007c0000000)
 Metaspace       used 2785K, capacity 4496K, committed 4864K, reserved 1056768K
  class space    used 293K, capacity 388K, committed 512K, reserved 1048576K
89.931: #203: [GC (GCLocker Initiated GC) 89.931: #203: [ParNew: 65706K->30358K(3774912K), 0.0082221 secs] 76509K->41161K(4823488K), 0.0082554 secs] [Times: user=0.04 sys=0.00 real=0.01 secs] 
Heap after GC invocations=190 (full 14):
 par new generation   total 3774912K, used 30358K [0x0000000680000000, 0x0000000780000000, 0x0000000780000000)
  eden space 3355520K,   0% used [0x0000000680000000, 0x0000000680000000, 0x000000074cce0000)
  from space 419392K,   7% used [0x000000074cce0000, 0x000000074ea859e0, 0x0000000766670000)
  to   space 419392K,   0% used [0x0000000766670000, 0x0000000766670000, 0x0000000780000000)
 concurrent mark-sweep generation total 1048576K, used 10803K [0x0000000780000000, 0x00000007c0000000, 0x00000007c0000000)
 Metaspace       used 2785K, capacity 4496K, committed 4864K, reserved 1056768K
  class space    used 293K, capacity 388K, committed 512K, reserved 1048576K
}
{Heap before GC invocations=190 (full 14):
 par new generation   total 3774912K, used 3385878K [0x0000000680000000, 0x0000000780000000, 0x0000000780000000)
  eden space 3355520K, 100% used [0x0000000680000000, 0x000000074cce0000, 0x000000074cce0000)
  from space 419392K,   7% used [0x000000074cce0000, 0x000000074ea859e0, 0x0000000766670000)
  to   space 419392K,   0% used [0x0000000766670000, 0x0000000766670000, 0x0000000780000000)
 concurrent mark-sweep generation total 1048576K, used 10803K [0x0000000780000000, 0x00000007c0000000, 0x00000007c0000000)
 Metaspace       used 2785K, capacity 4496K, committed 4864K, reserved 1056768K
  class space    used 293K, capacity 388K, committed 512K, reserved 1048576K
90.484: #204: [GC (Allocation Failure) 90.484: #204: [ParNew: 3385878K->49026K(3774912K), 0.0105221 secs] 3396681K->59829K(4823488K), 0.0105579 secs] [Times: user=0.02 sys=0.00 real=0.01 secs] 
Heap after GC invocations=191 (full 14):
 par new generation   total 3774912K, used 49026K [0x0000000680000000, 0x0000000780000000, 0x0000000780000000)
  eden space 3355520K,   0% used [0x0000000680000000, 0x0000000680000000, 0x000000074cce0000)
  from space 419392K,  11% used [0x0000000766670000, 0x0000000769650a00, 0x0000000780000000)
  to   space 419392K,   0% used [0x000000074cce0000, 0x000000074cce0000, 0x0000000766670000)
 concurrent mark-sweep generation total 1048576K, used 10803K [0x0000000780000000, 0x00000007c0000000, 0x00000007c0000000)
 Metaspace       used 2785K, capacity 4496K, committed 4864K, reserved 1056768K
  class space    used 293K, capacity 388K, committed 512K, reserved 1048576K
}
{Heap before GC invocations=191 (full 14):
 par new generation   total 3774912K, used 3404546K [0x0000000680000000, 0x0000000780000000, 0x0000000780000000)
  eden space 3355520K, 100% used [0x0000000680000000, 0x000000074cce0000, 0x000000074cce0000)
  from space 419392K,  11% used [0x0000000766670000, 0x0000000769650a00, 0x0000000780000000)
  to   space 419392K,   0% used [0x000000074cce0000, 0x000000074cce0000, 0x0000000766670000)
 concurrent mark-sweep generation total 1048576K, used 10803K [0x0000000780000000, 0x00000007c0000000, 0x00000007c0000000)
 Metaspace       used 2785K, capacity 4496K, committed 4864K, reserved 1056768K
  class space    used 293K, capacity 388K, committed 512K, reserved 1048576K
91.038: #205: [GC (Allocation Failure) 91.038: #205: [ParNew: 3404546K->32488K(3774912K), 0.0104560 secs] 3415349K->43292K(4823488K), 0.0105084 secs] [Times: user=0.03 sys=0.00 real=0.01 secs] 
Heap after GC invocations=192 (full 14):
 par new generation   total 3774912K, used 32488K [0x0000000680000000, 0x0000000780000000, 0x0000000780000000)
  eden space 3355520K,   0% used [0x0000000680000000, 0x0000000680000000, 0x000000074cce0000)
  from space 419392K,   7% used [0x000000074cce0000, 0x000000074ec9a260, 0x0000000766670000)
  to   space 419392K,   0% used [0x0000000766670000, 0x0000000766670000, 0x0000000780000000)
 concurrent mark-sweep generation total 1048576K, used 10803K [0x0000000780000000, 0x00000007c0000000, 0x00000007c0000000)
 Metaspace       used 2785K, capacity 4496K, committed 4864K, reserved 1056768K
  class space    used 293K, capacity 388K, committed 512K, reserved 1048576K
}
{Heap before GC invocations=192 (full 14):
 par new generation   total 3774912K, used 3388008K [0x0000000680000000, 0x0000000780000000, 0x0000000780000000)
  eden space 3355520K, 100% used [0x0000000680000000, 0x000000074cce0000, 0x000000074cce0000)
  from space 419392K,   7% used [0x000000074cce0000, 0x000000074ec9a260, 0x0000000766670000)
  to   space 419392K,   0% used [0x0000000766670000, 0x0000000766670000, 0x0000000780000000)
 concurrent mark-sweep generation total 1048576K, used 10803K [0x0000000780000000, 0x00000007c0000000, 0x00000007c0000000)
 Metaspace       used 2785K, capacity 4496K, committed 4864K, reserved 1056768K
  class space    used 293K, capacity 388K, committed 512K, reserved 1048576K
91.592: #206: [GC (Allocation Failure) 91.592: #206: [ParNew: 3388008K->30604K(3774912K), 0.0107781 secs] 3398812K->41407K(4823488K), 0.0108320 secs] [Times: user=0.03 sys=0.00 real=0.01 secs] 
Heap after GC invocations=193 (full 14):
 par new generation   total 3774912K, used 30604K [0x0000000680000000, 0x0000000780000000, 0x0000000780000000)
  eden space 3355520K,   0% used [0x0000000680000000, 0x0000000680000000, 0x000000074cce0000)
  from space 419392K,   7% used [0x0000000766670000, 0x00000007684531a8, 0x0000000780000000)
  to   space 419392K,   0% used [0x000000074cce0000, 0x000000074cce0000, 0x0000000766670000)
 concurrent mark-sweep generation total 1048576K, used 10803K [0x0000000780000000, 0x00000007c0000000, 0x00000007c0000000)
 Metaspace       used 2785K, capacity 4496K, committed 4864K, reserved 1056768K
  class space    used 293K, capacity 388K, committed 512K, reserved 1048576K
}
{Heap before GC invocations=193 (full 14):
 par new generation   total 3774912K, used 3386124K [0x0000000680000000, 0x0000000780000000, 0x0000000780000000)
  eden space 3355520K, 100% used [0x0000000680000000, 0x000000074cce0000, 0x000000074cce0000)
  from space 419392K,   7% used [0x0000000766670000, 0x00000007684531c8, 0x0000000780000000)
  to   space 419392K,   0% used [0x000000074cce0000, 0x000000074cce0000, 0x0000000766670000)
 concurrent mark-sweep generation total 1048576K, used 10803K [0x0000000780000000, 0x00000007c0000000, 0x00000007c0000000)
 Metaspace       used 2785K, capacity 4496K, committed 4864K, reserved 1056768K
  class space    used 293K, capacity 388K, committed 512K, reserved 1048576K
92.138: #207: [GC (Allocation Failure) 92.138: #207: [ParNew: 3386124K->29779K(3774912K), 0.0107100 secs] 3396927K->40583K(4823488K), 0.0107469 secs] [Times: user=0.03 sys=0.00 real=0.01 secs] 
Heap after GC invocations=194 (full 14):
 par new generation   total 3774912K, used 29779K [0x0000000680000000, 0x0000000780000000, 0x0000000780000000)
  eden space 3355520K,   0% used [0x0000000680000000, 0x0000000680000000, 0x000000074cce0000)
  from space 419392K,   7% used [0x000000074cce0000, 0x000000074e9f4fb8, 0x0000000766670000)
  to   space 419392K,   0% used [0x0000000766670000, 0x0000000766670000, 0x0000000780000000)
 concurrent mark-sweep generation total 1048576K, used 10803K [0x0000000780000000, 0x00000007c0000000, 0x00000007c0000000)
 Metaspace       used 2785K, capacity 4496K, committed 4864K, reserved 1056768K
  class space    used 293K, capacity 388K, committed 512K, reserved 1048576K
}
{Heap before GC invocations=194 (full 14):
 par new generation   total 3774912K, used 62299K [0x0000000680000000, 0x0000000780000000, 0x0000000780000000)
  eden space 3355520K,   0% used [0x0000000680000000, 0x0000000681fc2008, 0x000000074cce0000)
  from space 419392K,   7% used [0x000000074cce0000, 0x000000074e9f4fb8, 0x0000000766670000)
  to   space 419392K,   0% used [0x0000000766670000, 0x0000000766670000, 0x0000000780000000)
 concurrent mark-sweep generation total 1048576K, used 10803K [0x0000000780000000, 0x00000007c0000000, 0x00000007c0000000)
 Metaspace       used 2785K, capacity 4496K, committed 4864K, reserved 1056768K
  class space    used 293K, capacity 388K, committed 512K, reserved 1048576K
92.149: #208: [GC (GCLocker Initiated GC) 92.149: #208: [ParNew: 62299K->29756K(3774912K), 0.0077823 secs] 73103K->40560K(4823488K), 0.0078222 secs] [Times: user=0.03 sys=0.00 real=0.01 secs] 
Heap after GC invocations=195 (full 14):
 par new generation   total 3774912K, used 29756K [0x0000000680000000, 0x0000000780000000, 0x0000000780000000)
  eden space 3355520K,   0% used [0x0000000680000000, 0x0000000680000000, 0x000000074cce0000)
  from space 419392K,   7% used [0x0000000766670000, 0x000000076837f320, 0x0000000780000000)
  to   space 419392K,   0% used [0x000000074cce0000, 0x000000074cce0000, 0x0000000766670000)
 concurrent mark-sweep generation total 1048576K, used 10803K [0x0000000780000000, 0x00000007c0000000, 0x00000007c0000000)
 Metaspace       used 2785K, capacity 4496K, committed 4864K, reserved 1056768K
  class space    used 293K, capacity 388K, committed 512K, reserved 1048576K
}
{Heap before GC invocations=195 (full 14):
 par new generation   total 3774912K, used 3386539K [0x0000000680000000, 0x0000000780000000, 0x0000000780000000)
  eden space 3355520K, 100% used [0x0000000680000000, 0x000000074cce0000, 0x000000074cce0000)
  from space 419392K,   7% used [0x0000000766670000, 0x00000007684badc8, 0x0000000780000000)
  to   space 419392K,   0% used [0x000000074cce0000, 0x000000074cce0000, 0x0000000766670000)
 concurrent mark-sweep generation total 1048576K, used 10803K [0x0000000780000000, 0x00000007c0000000, 0x00000007c0000000)
 Metaspace       used 2785K, capacity 4496K, committed 4864K, reserved 1056768K
  class space    used 293K, capacity 388K, committed 512K, reserved 1048576K
92.698: #209: [GC (GCLocker Initiated GC) 92.698: #209: [ParNew: 3386539K->48884K(3774912K), 0.0105762 secs] 3397342K->59688K(4823488K), 0.0106149 secs] [Times: user=0.02 sys=0.00 real=0.01 secs] 
Heap after GC invocations=196 (full 14):
 par new generation   total 3774912K, used 48884K [0x0000000680000000, 0x0000000780000000, 0x0000000780000000)
  eden space 3355520K,   0% used [0x0000000680000000, 0x0000000680000000, 0x000000074cce0000)
  from space 419392K,  11% used [0x000000074cce0000, 0x000000074fc9d380, 0x0000000766670000)
  to   space 419392K,   0% used [0x0000000766670000, 0x0000000766670000, 0x0000000780000000)
 concurrent mark-sweep generation total 1048576K, used 10803K [0x0000000780000000, 0x00000007c0000000, 0x00000007c0000000)
 Metaspace       used 2785K, capacity 4496K, committed 4864K, reserved 1056768K
  class space    used 293K, capacity 388K, committed 512K, reserved 1048576K
}
SYSTEM_GC BEFORE
93.220: #210: [GC (CMS Initial Mark) [1 CMS-initial-mark: 10803K(1048576K)] 3353690K(4823488K), 0.8900217 secs] [Times: user=3.31 sys=0.01 real=0.89 secs] 
94.111: #210: [CMS-concurrent-mark-start]
{Heap before GC invocations=196 (full 15):
 par new generation   total 3774912K, used 3342886K [0x0000000680000000, 0x0000000780000000, 0x0000000780000000)
  eden space 3355520K,  98% used [0x0000000680000000, 0x00000007490cc708, 0x000000074cce0000)
  from space 419392K,  11% used [0x000000074cce0000, 0x000000074fc9d380, 0x0000000766670000)
  to   space 419392K,   0% used [0x0000000766670000, 0x0000000766670000, 0x0000000780000000)
 concurrent mark-sweep generation total 1048576K, used 10803K [0x0000000780000000, 0x00000007c0000000, 0x00000007c0000000)
 Metaspace       used 2785K, capacity 4496K, committed 4864K, reserved 1056768K
  class space    used 293K, capacity 388K, committed 512K, reserved 1048576K
94.111: #211: [GC (GCLocker Initiated GC) 94.111: #211: [ParNew: 3342886K->32403K(3774912K), 0.0107871 secs] 3353690K->43207K(4823488K), 0.0108291 secs] [Times: user=0.02 sys=0.00 real=0.02 secs] 
Heap after GC invocations=197 (full 15):
 par new generation   total 3774912K, used 32403K [0x0000000680000000, 0x0000000780000000, 0x0000000780000000)
  eden space 3355520K,   0% used [0x0000000680000000, 0x0000000680000000, 0x000000074cce0000)
  from space 419392K,   7% used [0x0000000766670000, 0x0000000768614ee0, 0x0000000780000000)
  to   space 419392K,   0% used [0x000000074cce0000, 0x000000074cce0000, 0x0000000766670000)
 concurrent mark-sweep generation total 1048576K, used 10803K [0x0000000780000000, 0x00000007c0000000, 0x00000007c0000000)
 Metaspace       used 2785K, capacity 4496K, committed 4864K, reserved 1056768K
  class space    used 293K, capacity 388K, committed 512K, reserved 1048576K
}
94.169: #210: [CMS-concurrent-mark: 0.047/0.058 secs] [Times: user=0.15 sys=0.03 real=0.06 secs] 
94.169: #210: [CMS-concurrent-preclean-start]
94.171: #210: [CMS-concurrent-preclean: 0.002/0.002 secs] [Times: user=0.00 sys=0.00 real=0.00 secs] 
94.171: #210: [CMS-concurrent-abortable-preclean-start]
94.636: #210: [CMS-concurrent-abortable-preclean: 0.162/0.465 secs] [Times: user=1.48 sys=0.11 real=0.47 secs] 
94.637: #210: [GC (CMS Final Remark) [YG occupancy: 2559049 K (3774912 K)]94.637: #210: [Rescan (parallel) , 0.7223369 secs]95.359: #210: [weak refs processing, 0.0000257 secs]95.359: #210: [class unloading, 0.0002794 secs]95.360: #210: [scrub symbol table, 0.0003851 secs]95.360: #210: [scrub string table, 0.0001497 secs][1 CMS-remark: 10803K(1048576K)] 2569853K(4823488K), 0.7232567 secs] [Times: user=2.73 sys=0.01 real=0.72 secs] 
95.360: #210: [CMS-concurrent-sweep-start]
95.366: #210: [CMS-concurrent-sweep: 0.006/0.006 secs] [Times: user=0.01 sys=0.00 real=0.01 secs] 
95.367: #210: [CMS-concurrent-reset-start]
SYSTEM_GC AFTER
95.369: #210: [CMS-concurrent-reset: 0.002/0.002 secs] [Times: user=0.01 sys=0.00 real=0.00 secs] 
{Heap before GC invocations=197 (full 15):
 par new generation   total 3774912K, used 2607644K [0x0000000680000000, 0x0000000780000000, 0x0000000780000000)
  eden space 3355520K,  76% used [0x0000000680000000, 0x000000071d2e23c8, 0x000000074cce0000)
  from space 419392K,   7% used [0x0000000766670000, 0x0000000768614ee0, 0x0000000780000000)
  to   space 419392K,   0% used [0x000000074cce0000, 0x000000074cce0000, 0x0000000766670000)
 concurrent mark-sweep generation total 1048576K, used 10803K [0x0000000780000000, 0x00000007c0000000, 0x00000007c0000000)
 Metaspace       used 2785K, capacity 4496K, committed 4864K, reserved 1056768K
  class space    used 293K, capacity 388K, committed 512K, reserved 1048576K
95.371: #212: [GC (GCLocker Initiated GC) 95.371: #212: [ParNew: 2607644K->24524K(3774912K), 0.0089320 secs] 2618448K->35328K(4823488K), 0.0089731 secs] [Times: user=0.02 sys=0.00 real=0.01 secs] 
Heap after GC invocations=198 (full 15):
 par new generation   total 3774912K, used 24524K [0x0000000680000000, 0x0000000780000000, 0x0000000780000000)
  eden space 3355520K,   0% used [0x0000000680000000, 0x0000000680000000, 0x000000074cce0000)
  from space 419392K,   5% used [0x000000074cce0000, 0x000000074e4d3240, 0x0000000766670000)
  to   space 419392K,   0% used [0x0000000766670000, 0x0000000766670000, 0x0000000780000000)
 concurrent mark-sweep generation total 1048576K, used 10803K [0x0000000780000000, 0x00000007c0000000, 0x00000007c0000000)
 Metaspace       used 2785K, capacity 4496K, committed 4864K, reserved 1056768K
  class space    used 293K, capacity 388K, committed 512K, reserved 1048576K
}
{Heap before GC invocations=198 (full 15):
 par new generation   total 3774912K, used 3380046K [0x0000000680000000, 0x0000000780000000, 0x0000000780000000)
  eden space 3355520K, 100% used [0x0000000680000000, 0x000000074cce0000, 0x000000074cce0000)
  from space 419392K,   5% used [0x000000074cce0000, 0x000000074e4d3a58, 0x0000000766670000)
  to   space 419392K,   0% used [0x0000000766670000, 0x0000000766670000, 0x0000000780000000)
 concurrent mark-sweep generation total 1048576K, used 10803K [0x0000000780000000, 0x00000007c0000000, 0x00000007c0000000)
 Metaspace       used 2785K, capacity 4496K, committed 4864K, reserved 1056768K
  class space    used 293K, capacity 388K, committed 512K, reserved 1048576K
95.916: #213: [GC (Allocation Failure) 95.916: #213: [ParNew: 3380046K->29867K(3774912K), 0.0106544 secs] 3390850K->40671K(4823488K), 0.0106933 secs] [Times: user=0.02 sys=0.00 real=0.01 secs] 
Heap after GC invocations=199 (full 15):
 par new generation   total 3774912K, used 29867K [0x0000000680000000, 0x0000000780000000, 0x0000000780000000)
  eden space 3355520K,   0% used [0x0000000680000000, 0x0000000680000000, 0x000000074cce0000)
  from space 419392K,   7% used [0x0000000766670000, 0x000000076839ae60, 0x0000000780000000)
  to   space 419392K,   0% used [0x000000074cce0000, 0x000000074cce0000, 0x0000000766670000)
 concurrent mark-sweep generation total 1048576K, used 10803K [0x0000000780000000, 0x00000007c0000000, 0x00000007c0000000)
 Metaspace       used 2785K, capacity 4496K, committed 4864K, reserved 1056768K
  class space    used 293K, capacity 388K, committed 512K, reserved 1048576K
}
{Heap before GC invocations=199 (full 15):
 par new generation   total 3774912K, used 143811K [0x0000000680000000, 0x0000000780000000, 0x0000000780000000)
  eden space 3355520K,   3% used [0x0000000680000000, 0x0000000686f45f80, 0x000000074cce0000)
  from space 419392K,   7% used [0x0000000766670000, 0x000000076839ae60, 0x0000000780000000)
  to   space 419392K,   0% used [0x000000074cce0000, 0x000000074cce0000, 0x0000000766670000)
 concurrent mark-sweep generation total 1048576K, used 10803K [0x0000000780000000, 0x00000007c0000000, 0x00000007c0000000)
 Metaspace       used 2785K, capacity 4496K, committed 4864K, reserved 1056768K
  class space    used 293K, capacity 388K, committed 512K, reserved 1048576K
95.938: #214: [GC (GCLocker Initiated GC) 95.938: #214: [ParNew: 143811K->24840K(3774912K), 0.0077393 secs] 154614K->35644K(4823488K), 0.0077898 secs] [Times: user=0.03 sys=0.00 real=0.01 secs] 
Heap after GC invocations=200 (full 15):
 par new generation   total 3774912K, used 24840K [0x0000000680000000, 0x0000000780000000, 0x0000000780000000)
  eden space 3355520K,   0% used [0x0000000680000000, 0x0000000680000000, 0x000000074cce0000)
  from space 419392K,   5% used [0x000000074cce0000, 0x000000074e5222e0, 0x0000000766670000)
  to   space 419392K,   0% used [0x0000000766670000, 0x0000000766670000, 0x0000000780000000)
 concurrent mark-sweep generation total 1048576K, used 10803K [0x0000000780000000, 0x00000007c0000000, 0x00000007c0000000)
 Metaspace       used 2785K, capacity 4496K, committed 4864K, reserved 1056768K
  class space    used 293K, capacity 388K, committed 512K, reserved 1048576K
}
{Heap before GC invocations=200 (full 15):
 par new generation   total 3774912K, used 3380360K [0x0000000680000000, 0x0000000780000000, 0x0000000780000000)
  eden space 3355520K, 100% used [0x0000000680000000, 0x000000074cce0000, 0x000000074cce0000)
  from space 419392K,   5% used [0x000000074cce0000, 0x000000074e5222e0, 0x0000000766670000)
  to   space 419392K,   0% used [0x0000000766670000, 0x0000000766670000, 0x0000000780000000)
 concurrent mark-sweep generation total 1048576K, used 10803K [0x0000000780000000, 0x00000007c0000000, 0x00000007c0000000)
 Metaspace       used 2785K, capacity 4496K, committed 4864K, reserved 1056768K
  class space    used 293K, capacity 388K, committed 512K, reserved 1048576K
96.536: #215: [GC (Allocation Failure) 96.536: #215: [ParNew: 3380360K->45422K(3774912K), 0.0105687 secs] 3391164K->56226K(4823488K), 0.0106153 secs] [Times: user=0.03 sys=0.00 real=0.01 secs] 
Heap after GC invocations=201 (full 15):
 par new generation   total 3774912K, used 45422K [0x0000000680000000, 0x0000000780000000, 0x0000000780000000)
  eden space 3355520K,   0% used [0x0000000680000000, 0x0000000680000000, 0x000000074cce0000)
  from space 419392K,  10% used [0x0000000766670000, 0x00000007692cbb40, 0x0000000780000000)
  to   space 419392K,   0% used [0x000000074cce0000, 0x000000074cce0000, 0x0000000766670000)
 concurrent mark-sweep generation total 1048576K, used 10803K [0x0000000780000000, 0x00000007c0000000, 0x00000007c0000000)
 Metaspace       used 2785K, capacity 4496K, committed 4864K, reserved 1056768K
  class space    used 293K, capacity 388K, committed 512K, reserved 1048576K
}
{Heap before GC invocations=201 (full 15):
 par new generation   total 3774912K, used 3402902K [0x0000000680000000, 0x0000000780000000, 0x0000000780000000)
  eden space 3355520K, 100% used [0x0000000680000000, 0x000000074cce0000, 0x000000074cce0000)
  from space 419392K,  11% used [0x0000000766670000, 0x00000007694b5aa0, 0x0000000780000000)
  to   space 419392K,   0% used [0x000000074cce0000, 0x000000074cce0000, 0x0000000766670000)
 concurrent mark-sweep generation total 1048576K, used 10803K [0x0000000780000000, 0x00000007c0000000, 0x00000007c0000000)
 Metaspace       used 2785K, capacity 4496K, committed 4864K, reserved 1056768K
  class space    used 293K, capacity 388K, committed 512K, reserved 1048576K
97.090: #216: [GC (Allocation Failure) 97.090: #216: [ParNew: 3402902K->30481K(3774912K), 0.0102547 secs] 3413706K->41284K(4823488K), 0.0103062 secs] [Times: user=0.02 sys=0.00 real=0.01 secs] 
Heap after GC invocations=202 (full 15):
 par new generation   total 3774912K, used 30481K [0x0000000680000000, 0x0000000780000000, 0x0000000780000000)
  eden space 3355520K,   0% used [0x0000000680000000, 0x0000000680000000, 0x000000074cce0000)
  from space 419392K,   7% used [0x000000074cce0000, 0x000000074eaa4540, 0x0000000766670000)
  to   space 419392K,   0% used [0x0000000766670000, 0x0000000766670000, 0x0000000780000000)
 concurrent mark-sweep generation total 1048576K, used 10803K [0x0000000780000000, 0x00000007c0000000, 0x00000007c0000000)
 Metaspace       used 2785K, capacity 4496K, committed 4864K, reserved 1056768K
  class space    used 293K, capacity 388K, committed 512K, reserved 1048576K
}
{Heap before GC invocations=202 (full 15):
 par new generation   total 3774912K, used 112566K [0x0000000680000000, 0x0000000780000000, 0x0000000780000000)
  eden space 3355520K,   2% used [0x0000000680000000, 0x0000000685029640, 0x000000074cce0000)
  from space 419392K,   7% used [0x000000074cce0000, 0x000000074eaa4540, 0x0000000766670000)
  to   space 419392K,   0% used [0x0000000766670000, 0x0000000766670000, 0x0000000780000000)
 concurrent mark-sweep generation total 1048576K, used 10803K [0x0000000780000000, 0x00000007c0000000, 0x00000007c0000000)
 Metaspace       used 2785K, capacity 4496K, committed 4864K, reserved 1056768K
  class space    used 293K, capacity 388K, committed 512K, reserved 1048576K
97.111: #217: [GC (GCLocker Initiated GC) 97.111: #217: [ParNew: 112566K->22748K(3774912K), 0.0065489 secs] 123370K->33552K(4823488K), 0.0065884 secs] [Times: user=0.02 sys=0.00 real=0.01 secs] 
Heap after GC invocations=203 (full 15):
 par new generation   total 3774912K, used 22748K [0x0000000680000000, 0x0000000780000000, 0x0000000780000000)
  eden space 3355520K,   0% used [0x0000000680000000, 0x0000000680000000, 0x000000074cce0000)
  from space 419392K,   5% used [0x0000000766670000, 0x0000000767ca72b8, 0x0000000780000000)
  to   space 419392K,   0% used [0x000000074cce0000, 0x000000074cce0000, 0x0000000766670000)
 concurrent mark-sweep generation total 1048576K, used 10803K [0x0000000780000000, 0x00000007c0000000, 0x00000007c0000000)
 Metaspace       used 2785K, capacity 4496K, committed 4864K, reserved 1056768K
  class space    used 293K, capacity 388K, committed 512K, reserved 1048576K
}
{Heap before GC invocations=203 (full 15):
 par new generation   total 3774912K, used 3380338K [0x0000000680000000, 0x0000000780000000, 0x0000000780000000)
  eden space 3355520K, 100% used [0x0000000680000000, 0x000000074cce0000, 0x000000074cce0000)
  from space 419392K,   5% used [0x0000000766670000, 0x0000000767eac9c8, 0x0000000780000000)
  to   space 419392K,   0% used [0x000000074cce0000, 0x000000074cce0000, 0x0000000766670000)
 concurrent mark-sweep generation total 1048576K, used 10803K [0x0000000780000000, 0x00000007c0000000, 0x00000007c0000000)
 Metaspace       used 2785K, capacity 4496K, committed 4864K, reserved 1056768K
  class space    used 293K, capacity 388K, committed 512K, reserved 1048576K
97.658: #218: [GC (Allocation Failure) 97.658: #218: [ParNew: 3380338K->43312K(3774912K), 0.0104528 secs] 3391141K->54115K(4823488K), 0.0104849 secs] [Times: user=0.03 sys=0.00 real=0.01 secs] 
Heap after GC invocations=204 (full 15):
 par new generation   total 3774912K, used 43312K [0x0000000680000000, 0x0000000780000000, 0x0000000780000000)
  eden space 3355520K,   0% used [0x0000000680000000, 0x0000000680000000, 0x000000074cce0000)
  from space 419392K,  10% used [0x000000074cce0000, 0x000000074f72c0c0, 0x0000000766670000)
  to   space 419392K,   0% used [0x0000000766670000, 0x0000000766670000, 0x0000000780000000)
 concurrent mark-sweep generation total 1048576K, used 10803K [0x0000000780000000, 0x00000007c0000000, 0x00000007c0000000)
 Metaspace       used 2785K, capacity 4496K, committed 4864K, reserved 1056768K
  class space    used 293K, capacity 388K, committed 512K, reserved 1048576K
}
{Heap before GC invocations=204 (full 15):
 par new generation   total 3774912K, used 75970K [0x0000000680000000, 0x0000000780000000, 0x0000000780000000)
  eden space 3355520K,   0% used [0x0000000680000000, 0x0000000681fe4a50, 0x000000074cce0000)
  from space 419392K,  10% used [0x000000074cce0000, 0x000000074f72c0c0, 0x0000000766670000)
  to   space 419392K,   0% used [0x0000000766670000, 0x0000000766670000, 0x0000000780000000)
 concurrent mark-sweep generation total 1048576K, used 10803K [0x0000000780000000, 0x00000007c0000000, 0x00000007c0000000)
 Metaspace       used 2785K, capacity 4496K, committed 4864K, reserved 1056768K
  class space    used 293K, capacity 388K, committed 512K, reserved 1048576K
97.669: #219: [GC (GCLocker Initiated GC) 97.669: #219: [ParNew: 75970K->31534K(3774912K), 0.0079586 secs] 86774K->42338K(4823488K), 0.0079862 secs] [Times: user=0.03 sys=0.00 real=0.01 secs] 
Heap after GC invocations=205 (full 15):
 par new generation   total 3774912K, used 31534K [0x0000000680000000, 0x0000000780000000, 0x0000000780000000)
  eden space 3355520K,   0% used [0x0000000680000000, 0x0000000680000000, 0x000000074cce0000)
  from space 419392K,   7% used [0x0000000766670000, 0x000000076853baf0, 0x0000000780000000)
  to   space 419392K,   0% used [0x000000074cce0000, 0x000000074cce0000, 0x0000000766670000)
 concurrent mark-sweep generation total 1048576K, used 10803K [0x0000000780000000, 0x00000007c0000000, 0x00000007c0000000)
 Metaspace       used 2785K, capacity 4496K, committed 4864K, reserved 1056768K
  class space    used 293K, capacity 388K, committed 512K, reserved 1048576K
}
{Heap before GC invocations=205 (full 15):
 par new generation   total 3774912K, used 3387054K [0x0000000680000000, 0x0000000780000000, 0x0000000780000000)
  eden space 3355520K, 100% used [0x0000000680000000, 0x000000074cce0000, 0x000000074cce0000)
  from space 419392K,   7% used [0x0000000766670000, 0x000000076853bb10, 0x0000000780000000)
  to   space 419392K,   0% used [0x000000074cce0000, 0x000000074cce0000, 0x0000000766670000)
 concurrent mark-sweep generation total 1048576K, used 10803K [0x0000000780000000, 0x00000007c0000000, 0x00000007c0000000)
 Metaspace       used 2785K, capacity 4496K, committed 4864K, reserved 1056768K
  class space    used 293K, capacity 388K, committed 512K, reserved 1048576K
98.205: #220: [GC (GCLocker Initiated GC) 98.205: #220: [ParNew: 3387054K->49659K(3774912K), 0.0103283 secs] 3397858K->60463K(4823488K), 0.0103612 secs] [Times: user=0.02 sys=0.00 real=0.01 secs] 
Heap after GC invocations=206 (full 15):
 par new generation   total 3774912K, used 49659K [0x0000000680000000, 0x0000000780000000, 0x0000000780000000)
  eden space 3355520K,   0% used [0x0000000680000000, 0x0000000680000000, 0x000000074cce0000)
  from space 419392K,  11% used [0x000000074cce0000, 0x000000074fd5ee80, 0x0000000766670000)
  to   space 419392K,   0% used [0x0000000766670000, 0x0000000766670000, 0x0000000780000000)
 concurrent mark-sweep generation total 1048576K, used 10803K [0x0000000780000000, 0x00000007c0000000, 0x00000007c0000000)
 Metaspace       used 2785K, capacity 4496K, committed 4864K, reserved 1056768K
  class space    used 293K, capacity 388K, committed 512K, reserved 1048576K
}
{Heap before GC invocations=206 (full 15):
 par new generation   total 3774912K, used 3405179K [0x0000000680000000, 0x0000000780000000, 0x0000000780000000)
  eden space 3355520K, 100% used [0x0000000680000000, 0x000000074cce0000, 0x000000074cce0000)
  from space 419392K,  11% used [0x000000074cce0000, 0x000000074fd5ee80, 0x0000000766670000)
  to   space 419392K,   0% used [0x0000000766670000, 0x0000000766670000, 0x0000000780000000)
 concurrent mark-sweep generation total 1048576K, used 10803K [0x0000000780000000, 0x00000007c0000000, 0x00000007c0000000)
 Metaspace       used 2785K, capacity 4496K, committed 4864K, reserved 1056768K
  class space    used 293K, capacity 388K, committed 512K, reserved 1048576K
98.742: #221: [GC (Allocation Failure) 98.742: #221: [ParNew: 3405179K->33773K(3774912K), 0.0104717 secs] 3415983K->44576K(4823488K), 0.0105102 secs] [Times: user=0.02 sys=0.00 real=0.01 secs] 
Heap after GC invocations=207 (full 15):
 par new generation   total 3774912K, used 33773K [0x0000000680000000, 0x0000000780000000, 0x0000000780000000)
  eden space 3355520K,   0% used [0x0000000680000000, 0x0000000680000000, 0x000000074cce0000)
  from space 419392K,   8% used [0x0000000766670000, 0x000000076876b400, 0x0000000780000000)
  to   space 419392K,   0% used [0x000000074cce0000, 0x000000074cce0000, 0x0000000766670000)
 concurrent mark-sweep generation total 1048576K, used 10803K [0x0000000780000000, 0x00000007c0000000, 0x00000007c0000000)
 Metaspace       used 2785K, capacity 4496K, committed 4864K, reserved 1056768K
  class space    used 293K, capacity 388K, committed 512K, reserved 1048576K
}
{Heap before GC invocations=207 (full 15):
 par new generation   total 3774912K, used 3389293K [0x0000000680000000, 0x0000000780000000, 0x0000000780000000)
  eden space 3355520K, 100% used [0x0000000680000000, 0x000000074cce0000, 0x000000074cce0000)
  from space 419392K,   8% used [0x0000000766670000, 0x000000076876b420, 0x0000000780000000)
  to   space 419392K,   0% used [0x000000074cce0000, 0x000000074cce0000, 0x0000000766670000)
 concurrent mark-sweep generation total 1048576K, used 10803K [0x0000000780000000, 0x00000007c0000000, 0x00000007c0000000)
 Metaspace       used 2785K, capacity 4496K, committed 4864K, reserved 1056768K
  class space    used 293K, capacity 388K, committed 512K, reserved 1048576K
99.280: #222: [GC (Allocation Failure) 99.280: #222: [ParNew: 3389293K->29804K(3774912K), 0.0105297 secs] 3400096K->40608K(4823488K), 0.0105768 secs] [Times: user=0.02 sys=0.00 real=0.01 secs] 
Heap after GC invocations=208 (full 15):
 par new generation   total 3774912K, used 29804K [0x0000000680000000, 0x0000000780000000, 0x0000000780000000)
  eden space 3355520K,   0% used [0x0000000680000000, 0x0000000680000000, 0x000000074cce0000)
  from space 419392K,   7% used [0x000000074cce0000, 0x000000074e9fb380, 0x0000000766670000)
  to   space 419392K,   0% used [0x0000000766670000, 0x0000000766670000, 0x0000000780000000)
 concurrent mark-sweep generation total 1048576K, used 10803K [0x0000000780000000, 0x00000007c0000000, 0x00000007c0000000)
 Metaspace       used 2785K, capacity 4496K, committed 4864K, reserved 1056768K
  class space    used 293K, capacity 388K, committed 512K, reserved 1048576K
}
{Heap before GC invocations=208 (full 15):
 par new generation   total 3774912K, used 143806K [0x0000000680000000, 0x0000000780000000, 0x0000000780000000)
  eden space 3355520K,   3% used [0x0000000680000000, 0x0000000686f54750, 0x000000074cce0000)
  from space 419392K,   7% used [0x000000074cce0000, 0x000000074e9fb380, 0x0000000766670000)
  to   space 419392K,   0% used [0x0000000766670000, 0x0000000766670000, 0x0000000780000000)
 concurrent mark-sweep generation total 1048576K, used 10803K [0x0000000780000000, 0x00000007c0000000, 0x00000007c0000000)
 Metaspace       used 2785K, capacity 4496K, committed 4864K, reserved 1056768K
  class space    used 293K, capacity 388K, committed 512K, reserved 1048576K
99.301: #223: [GC (GCLocker Initiated GC) 99.301: #223: [ParNew: 143806K->23098K(3774912K), 0.0064953 secs] 154610K->33902K(4823488K), 0.0065543 secs] [Times: user=0.02 sys=0.00 real=0.01 secs] 
Heap after GC invocations=209 (full 15):
 par new generation   total 3774912K, used 23098K [0x0000000680000000, 0x0000000780000000, 0x0000000780000000)
  eden space 3355520K,   0% used [0x0000000680000000, 0x0000000680000000, 0x000000074cce0000)
  from space 419392K,   5% used [0x0000000766670000, 0x0000000767cfeaa8, 0x0000000780000000)
  to   space 419392K,   0% used [0x000000074cce0000, 0x000000074cce0000, 0x0000000766670000)
 concurrent mark-sweep generation total 1048576K, used 10803K [0x0000000780000000, 0x00000007c0000000, 0x00000007c0000000)
 Metaspace       used 2785K, capacity 4496K, committed 4864K, reserved 1056768K
  class space    used 293K, capacity 388K, committed 512K, reserved 1048576K
}
{Heap before GC invocations=209 (full 15):
 par new generation   total 3774912K, used 3378618K [0x0000000680000000, 0x0000000780000000, 0x0000000780000000)
  eden space 3355520K, 100% used [0x0000000680000000, 0x000000074cce0000, 0x000000074cce0000)
  from space 419392K,   5% used [0x0000000766670000, 0x0000000767cfeaa8, 0x0000000780000000)
  to   space 419392K,   0% used [0x000000074cce0000, 0x000000074cce0000, 0x0000000766670000)
 concurrent mark-sweep generation total 1048576K, used 10803K [0x0000000780000000, 0x00000007c0000000, 0x00000007c0000000)
 Metaspace       used 2785K, capacity 4496K, committed 4864K, reserved 1056768K
  class space    used 293K, capacity 388K, committed 512K, reserved 1048576K
99.829: #224: [GC (Allocation Failure) 99.829: #224: [ParNew: 3378618K->44104K(3774912K), 0.0103590 secs] 3389422K->54907K(4823488K), 0.0103987 secs] [Times: user=0.02 sys=0.00 real=0.01 secs] 
Heap after GC invocations=210 (full 15):
 par new generation   total 3774912K, used 44104K [0x0000000680000000, 0x0000000780000000, 0x0000000780000000)
  eden space 3355520K,   0% used [0x0000000680000000, 0x0000000680000000, 0x000000074cce0000)
  from space 419392K,  10% used [0x000000074cce0000, 0x000000074f7f21a0, 0x0000000766670000)
  to   space 419392K,   0% used [0x0000000766670000, 0x0000000766670000, 0x0000000780000000)
 concurrent mark-sweep generation total 1048576K, used 10803K [0x0000000780000000, 0x00000007c0000000, 0x00000007c0000000)
 Metaspace       used 2785K, capacity 4496K, committed 4864K, reserved 1056768K
  class space    used 293K, capacity 388K, committed 512K, reserved 1048576K
}
{Heap before GC invocations=210 (full 15):
 par new generation   total 3774912K, used 3399624K [0x0000000680000000, 0x0000000780000000, 0x0000000780000000)
  eden space 3355520K, 100% used [0x0000000680000000, 0x000000074cce0000, 0x000000074cce0000)
  from space 419392K,  10% used [0x000000074cce0000, 0x000000074f7f21a0, 0x0000000766670000)
  to   space 419392K,   0% used [0x0000000766670000, 0x0000000766670000, 0x0000000780000000)
 concurrent mark-sweep generation total 1048576K, used 10803K [0x0000000780000000, 0x00000007c0000000, 0x00000007c0000000)
 Metaspace       used 2785K, capacity 4496K, committed 4864K, reserved 1056768K
  class space    used 293K, capacity 388K, committed 512K, reserved 1048576K
100.367: #225: [GC (Allocation Failure) 100.367: #225: [ParNew: 3399624K->32582K(3774912K), 0.0107020 secs] 3410427K->43385K(4823488K), 0.0107523 secs] [Times: user=0.03 sys=0.00 real=0.01 secs] 
Heap after GC invocations=211 (full 15):
 par new generation   total 3774912K, used 32582K [0x0000000680000000, 0x0000000780000000, 0x0000000780000000)
  eden space 3355520K,   0% used [0x0000000680000000, 0x0000000680000000, 0x000000074cce0000)
  from space 419392K,   7% used [0x0000000766670000, 0x0000000768641940, 0x0000000780000000)
  to   space 419392K,   0% used [0x000000074cce0000, 0x000000074cce0000, 0x0000000766670000)
 concurrent mark-sweep generation total 1048576K, used 10803K [0x0000000780000000, 0x00000007c0000000, 0x00000007c0000000)
 Metaspace       used 2785K, capacity 4496K, committed 4864K, reserved 1056768K
  class space    used 293K, capacity 388K, committed 512K, reserved 1048576K
}
SYSTEM_GC BEFORE
{Heap before GC invocations=211 (full 15):
 par new generation   total 3774912K, used 148012K [0x0000000680000000, 0x0000000780000000, 0x0000000780000000)
  eden space 3355520K,   3% used [0x0000000680000000, 0x00000006870b96c8, 0x000000074cce0000)
  from space 419392K,   7% used [0x0000000766670000, 0x0000000768641940, 0x0000000780000000)
  to   space 419392K,   0% used [0x000000074cce0000, 0x000000074cce0000, 0x0000000766670000)
 concurrent mark-sweep generation total 1048576K, used 10803K [0x0000000780000000, 0x00000007c0000000, 0x00000007c0000000)
 Metaspace       used 2785K, capacity 4496K, committed 4864K, reserved 1056768K
  class space    used 293K, capacity 388K, committed 512K, reserved 1048576K
100.389: #226: [GC (System.gc()) 100.389: #226: [ParNew: 148012K->24869K(3774912K), 0.0072443 secs] 158815K->35672K(4823488K), 0.0072771 secs] [Times: user=0.03 sys=0.00 real=0.01 secs] 
Heap after GC invocations=212 (full 15):
 par new generation   total 3774912K, used 24869K [0x0000000680000000, 0x0000000780000000, 0x0000000780000000)
  eden space 3355520K,   0% used [0x0000000680000000, 0x0000000680000000, 0x000000074cce0000)
  from space 419392K,   5% used [0x000000074cce0000, 0x000000074e529468, 0x0000000766670000)
  to   space 419392K,   0% used [0x0000000766670000, 0x0000000766670000, 0x0000000780000000)
 concurrent mark-sweep generation total 1048576K, used 10803K [0x0000000780000000, 0x00000007c0000000, 0x00000007c0000000)
 Metaspace       used 2785K, capacity 4496K, committed 4864K, reserved 1056768K
  class space    used 293K, capacity 388K, committed 512K, reserved 1048576K
}
100.397: #227: [GC (CMS Initial Mark) [1 CMS-initial-mark: 10803K(1048576K)] 68115K(4823488K), 0.0009528 secs] [Times: user=0.00 sys=0.00 real=0.00 secs] 
100.398: #227: [CMS-concurrent-mark-start]
100.422: #227: [CMS-concurrent-mark: 0.024/0.024 secs] [Times: user=0.07 sys=0.02 real=0.02 secs] 
100.422: #227: [CMS-concurrent-preclean-start]
100.424: #227: [CMS-concurrent-preclean: 0.003/0.003 secs] [Times: user=0.00 sys=0.00 real=0.01 secs] 
100.424: #227: [CMS-concurrent-abortable-preclean-start]
100.841: #227: [CMS-concurrent-abortable-preclean: 0.111/0.417 secs] [Times: user=1.53 sys=0.09 real=0.41 secs] 
100.842: #227: [GC (CMS Final Remark) [YG occupancy: 2626671 K (3774912 K)]{Heap before GC invocations=212 (full 16):
 par new generation   total 3774912K, used 2626671K [0x0000000680000000, 0x0000000780000000, 0x0000000780000000)
  eden space 3355520K,  77% used [0x0000000680000000, 0x000000071ecd2b10, 0x000000074cce0000)
  from space 419392K,   5% used [0x000000074cce0000, 0x000000074e529468, 0x0000000766670000)
  to   space 419392K,   0% used [0x0000000766670000, 0x0000000766670000, 0x0000000780000000)
 concurrent mark-sweep generation total 1048576K, used 10803K [0x0000000780000000, 0x00000007c0000000, 0x00000007c0000000)
 Metaspace       used 2785K, capacity 4496K, committed 4864K, reserved 1056768K
  class space    used 293K, capacity 388K, committed 512K, reserved 1048576K
100.842: #228: [GC (CMS Final Remark) 100.842: #228: [ParNew: 2626671K->39092K(3774912K), 0.0091337 secs] 2637475K->49895K(4823488K), 0.0091644 secs] [Times: user=0.03 sys=0.00 real=0.00 secs] 
Heap after GC invocations=213 (full 16):
 par new generation   total 3774912K, used 39092K [0x0000000680000000, 0x0000000780000000, 0x0000000780000000)
  eden space 3355520K,   0% used [0x0000000680000000, 0x0000000680000000, 0x000000074cce0000)
  from space 419392K,   9% used [0x0000000766670000, 0x0000000768c9d020, 0x0000000780000000)
  to   space 419392K,   0% used [0x000000074cce0000, 0x000000074cce0000, 0x0000000766670000)
 concurrent mark-sweep generation total 1048576K, used 10803K [0x0000000780000000, 0x00000007c0000000, 0x00000007c0000000)
 Metaspace       used 2785K, capacity 4496K, committed 4864K, reserved 1056768K
  class space    used 293K, capacity 388K, committed 512K, reserved 1048576K
}
100.852: #227: [Rescan (parallel) , 0.0017887 secs]100.853: #227: [weak refs processing, 0.0000134 secs]100.853: #227: [class unloading, 0.0003087 secs]100.854: #227: [scrub symbol table, 0.0004279 secs]100.854: #227: [scrub string table, 0.0001806 secs][1 CMS-remark: 10803K(1048576K)] 49895K(4823488K), 0.0121023 secs] [Times: user=0.03 sys=0.00 real=0.01 secs] 
100.855: #227: [CMS-concurrent-sweep-start]
100.861: #227: [CMS-concurrent-sweep: 0.006/0.006 secs] [Times: user=0.02 sys=0.01 real=0.00 secs] 
100.861: #227: [CMS-concurrent-reset-start]
SYSTEM_GC AFTER
100.863: #227: [CMS-concurrent-reset: 0.001/0.001 secs] [Times: user=0.01 sys=0.00 real=0.01 secs] 
{Heap before GC invocations=213 (full 16):
 par new generation   total 3774912K, used 3396663K [0x0000000680000000, 0x0000000780000000, 0x0000000780000000)
  eden space 3355520K, 100% used [0x0000000680000000, 0x000000074cce0000, 0x000000074cce0000)
  from space 419392K,   9% used [0x0000000766670000, 0x0000000768e9dc58, 0x0000000780000000)
  to   space 419392K,   0% used [0x000000074cce0000, 0x000000074cce0000, 0x0000000766670000)
 concurrent mark-sweep generation total 1048576K, used 10803K [0x0000000780000000, 0x00000007c0000000, 0x00000007c0000000)
 Metaspace       used 2785K, capacity 4496K, committed 4864K, reserved 1056768K
  class space    used 293K, capacity 388K, committed 512K, reserved 1048576K
101.387: #229: [GC (Allocation Failure) 101.387: #229: [ParNew: 3396663K->31937K(3774912K), 0.0106843 secs] 3407466K->42741K(4823488K), 0.0107244 secs] [Times: user=0.03 sys=0.00 real=0.01 secs] 
Heap after GC invocations=214 (full 16):
 par new generation   total 3774912K, used 31937K [0x0000000680000000, 0x0000000780000000, 0x0000000780000000)
  eden space 3355520K,   0% used [0x0000000680000000, 0x0000000680000000, 0x000000074cce0000)
  from space 419392K,   7% used [0x000000074cce0000, 0x000000074ec10760, 0x0000000766670000)
  to   space 419392K,   0% used [0x0000000766670000, 0x0000000766670000, 0x0000000780000000)
 concurrent mark-sweep generation total 1048576K, used 10803K [0x0000000780000000, 0x00000007c0000000, 0x00000007c0000000)
 Metaspace       used 2785K, capacity 4496K, committed 4864K, reserved 1056768K
  class space    used 293K, capacity 388K, committed 512K, reserved 1048576K
}
{Heap before GC invocations=214 (full 16):
 par new generation   total 3774912K, used 48124K [0x0000000680000000, 0x0000000780000000, 0x0000000780000000)
  eden space 3355520K,   0% used [0x0000000680000000, 0x0000000680fcea40, 0x000000074cce0000)
  from space 419392K,   7% used [0x000000074cce0000, 0x000000074ec10760, 0x0000000766670000)
  to   space 419392K,   0% used [0x0000000766670000, 0x0000000766670000, 0x0000000780000000)
 concurrent mark-sweep generation total 1048576K, used 10803K [0x0000000780000000, 0x00000007c0000000, 0x00000007c0000000)
 Metaspace       used 2785K, capacity 4496K, committed 4864K, reserved 1056768K
  class space    used 293K, capacity 388K, committed 512K, reserved 1048576K
101.398: #230: [GC (GCLocker Initiated GC) 101.398: #230: [ParNew: 48124K->31323K(3774912K), 0.0079111 secs] 58927K->42127K(4823488K), 0.0079514 secs] [Times: user=0.03 sys=0.00 real=0.01 secs] 
Heap after GC invocations=215 (full 16):
 par new generation   total 3774912K, used 31323K [0x0000000680000000, 0x0000000780000000, 0x0000000780000000)
  eden space 3355520K,   0% used [0x0000000680000000, 0x0000000680000000, 0x000000074cce0000)
  from space 419392K,   7% used [0x0000000766670000, 0x0000000768506fb8, 0x0000000780000000)
  to   space 419392K,   0% used [0x000000074cce0000, 0x000000074cce0000, 0x0000000766670000)
 concurrent mark-sweep generation total 1048576K, used 10803K [0x0000000780000000, 0x00000007c0000000, 0x00000007c0000000)
 Metaspace       used 2785K, capacity 4496K, committed 4864K, reserved 1056768K
  class space    used 293K, capacity 388K, committed 512K, reserved 1048576K
}
{Heap before GC invocations=215 (full 16):
 par new generation   total 3774912K, used 3396142K [0x0000000680000000, 0x0000000780000000, 0x0000000780000000)
  eden space 3355520K, 100% used [0x0000000680000000, 0x000000074cce0000, 0x000000074cce0000)
  from space 419392K,   9% used [0x0000000766670000, 0x0000000768e1b9f0, 0x0000000780000000)
  to   space 419392K,   0% used [0x000000074cce0000, 0x000000074cce0000, 0x0000000766670000)
 concurrent mark-sweep generation total 1048576K, used 10803K [0x0000000780000000, 0x00000007c0000000, 0x00000007c0000000)
 Metaspace       used 2785K, capacity 4496K, committed 4864K, reserved 1056768K
  class space    used 293K, capacity 388K, committed 512K, reserved 1048576K
101.930: #231: [GC (GCLocker Initiated GC) 101.930: #231: [ParNew: 3396142K->50075K(3774912K), 0.0103871 secs] 3406945K->60879K(4823488K), 0.0104333 secs] [Times: user=0.02 sys=0.00 real=0.01 secs] 
Heap after GC invocations=216 (full 16):
 par new generation   total 3774912K, used 50075K [0x0000000680000000, 0x0000000780000000, 0x0000000780000000)
  eden space 3355520K,   0% used [0x0000000680000000, 0x0000000680000000, 0x000000074cce0000)
  from space 419392K,  11% used [0x000000074cce0000, 0x000000074fdc6f40, 0x0000000766670000)
  to   space 419392K,   0% used [0x0000000766670000, 0x0000000766670000, 0x0000000780000000)
 concurrent mark-sweep generation total 1048576K, used 10803K [0x0000000780000000, 0x00000007c0000000, 0x00000007c0000000)
 Metaspace       used 2785K, capacity 4496K, committed 4864K, reserved 1056768K
  class space    used 293K, capacity 388K, committed 512K, reserved 1048576K
}
{Heap before GC invocations=216 (full 16):
 par new generation   total 3774912K, used 3406146K [0x0000000680000000, 0x0000000780000000, 0x0000000780000000)
  eden space 3355520K, 100% used [0x0000000680000000, 0x000000074cce0000, 0x000000074cce0000)
  from space 419392K,  12% used [0x000000074cce0000, 0x000000074fe50a90, 0x0000000766670000)
  to   space 419392K,   0% used [0x0000000766670000, 0x0000000766670000, 0x0000000780000000)
 concurrent mark-sweep generation total 1048576K, used 10803K [0x0000000780000000, 0x00000007c0000000, 0x00000007c0000000)
 Metaspace       used 2785K, capacity 4496K, committed 4864K, reserved 1056768K
  class space    used 293K, capacity 388K, committed 512K, reserved 1048576K
102.472: #232: [GC (GCLocker Initiated GC) 102.472: #232: [ParNew: 3406146K->33226K(3774912K), 0.0104365 secs] 3416950K->44029K(4823488K), 0.0104769 secs] [Times: user=0.02 sys=0.00 real=0.01 secs] 
Heap after GC invocations=217 (full 16):
 par new generation   total 3774912K, used 33226K [0x0000000680000000, 0x0000000780000000, 0x0000000780000000)
  eden space 3355520K,   0% used [0x0000000680000000, 0x0000000680000000, 0x000000074cce0000)
  from space 419392K,   7% used [0x0000000766670000, 0x00000007686e2880, 0x0000000780000000)
  to   space 419392K,   0% used [0x000000074cce0000, 0x000000074cce0000, 0x0000000766670000)
 concurrent mark-sweep generation total 1048576K, used 10803K [0x0000000780000000, 0x00000007c0000000, 0x00000007c0000000)
 Metaspace       used 2785K, capacity 4496K, committed 4864K, reserved 1056768K
  class space    used 293K, capacity 388K, committed 512K, reserved 1048576K
}
{Heap before GC invocations=217 (full 16):
 par new generation   total 3774912K, used 3388746K [0x0000000680000000, 0x0000000780000000, 0x0000000780000000)
  eden space 3355520K, 100% used [0x0000000680000000, 0x000000074cce0000, 0x000000074cce0000)
  from space 419392K,   7% used [0x0000000766670000, 0x00000007686e2880, 0x0000000780000000)
  to   space 419392K,   0% used [0x000000074cce0000, 0x000000074cce0000, 0x0000000766670000)
 concurrent mark-sweep generation total 1048576K, used 10803K [0x0000000780000000, 0x00000007c0000000, 0x00000007c0000000)
 Metaspace       used 2785K, capacity 4496K, committed 4864K, reserved 1056768K
  class space    used 293K, capacity 388K, committed 512K, reserved 1048576K
103.011: #233: [GC (Allocation Failure) 103.011: #233: [ParNew: 3388746K->31537K(3774912K), 0.0105044 secs] 3399549K->42340K(4823488K), 0.0105425 secs] [Times: user=0.02 sys=0.00 real=0.01 secs] 
Heap after GC invocations=218 (full 16):
 par new generation   total 3774912K, used 31537K [0x0000000680000000, 0x0000000780000000, 0x0000000780000000)
  eden space 3355520K,   0% used [0x0000000680000000, 0x0000000680000000, 0x000000074cce0000)
  from space 419392K,   7% used [0x000000074cce0000, 0x000000074ebac420, 0x0000000766670000)
  to   space 419392K,   0% used [0x0000000766670000, 0x0000000766670000, 0x0000000780000000)
 concurrent mark-sweep generation total 1048576K, used 10803K [0x0000000780000000, 0x00000007c0000000, 0x00000007c0000000)
 Metaspace       used 2785K, capacity 4496K, committed 4864K, reserved 1056768K
  class space    used 293K, capacity 388K, committed 512K, reserved 1048576K
}
{Heap before GC invocations=218 (full 16):
 par new generation   total 3774912K, used 3387057K [0x0000000680000000, 0x0000000780000000, 0x0000000780000000)
  eden space 3355520K, 100% used [0x0000000680000000, 0x000000074cce0000, 0x000000074cce0000)
  from space 419392K,   7% used [0x000000074cce0000, 0x000000074ebac438, 0x0000000766670000)
  to   space 419392K,   0% used [0x0000000766670000, 0x0000000766670000, 0x0000000780000000)
 concurrent mark-sweep generation total 1048576K, used 10803K [0x0000000780000000, 0x00000007c0000000, 0x00000007c0000000)
 Metaspace       used 2785K, capacity 4496K, committed 4864K, reserved 1056768K
  class space    used 293K, capacity 388K, committed 512K, reserved 1048576K
103.546: #234: [GC (Allocation Failure) 103.546: #234: [ParNew: 3387057K->29672K(3774912K), 0.0103609 secs] 3397860K->40475K(4823488K), 0.0104006 secs] [Times: user=0.02 sys=0.00 real=0.01 secs] 
Heap after GC invocations=219 (full 16):
 par new generation   total 3774912K, used 29672K [0x0000000680000000, 0x0000000780000000, 0x0000000780000000)
  eden space 3355520K,   0% used [0x0000000680000000, 0x0000000680000000, 0x000000074cce0000)
  from space 419392K,   7% used [0x0000000766670000, 0x000000076836a040, 0x0000000780000000)
  to   space 419392K,   0% used [0x000000074cce0000, 0x000000074cce0000, 0x0000000766670000)
 concurrent mark-sweep generation total 1048576K, used 10803K [0x0000000780000000, 0x00000007c0000000, 0x00000007c0000000)
 Metaspace       used 2785K, capacity 4496K, committed 4864K, reserved 1056768K
  class space    used 293K, capacity 388K, committed 512K, reserved 1048576K
}
{Heap before GC invocations=219 (full 16):
 par new generation   total 3774912K, used 143383K [0x0000000680000000, 0x0000000780000000, 0x0000000780000000)
  eden space 3355520K,   3% used [0x0000000680000000, 0x0000000686f0bf78, 0x000000074cce0000)
  from space 419392K,   7% used [0x0000000766670000, 0x000000076836a040, 0x0000000780000000)
  to   space 419392K,   0% used [0x000000074cce0000, 0x000000074cce0000, 0x0000000766670000)
 concurrent mark-sweep generation total 1048576K, used 10803K [0x0000000780000000, 0x00000007c0000000, 0x00000007c0000000)
 Metaspace       used 2785K, capacity 4496K, committed 4864K, reserved 1056768K
  class space    used 293K, capacity 388K, committed 512K, reserved 1048576K
103.567: #235: [GC (GCLocker Initiated GC) 103.567: #235: [ParNew: 143383K->25918K(3774912K), 0.0070915 secs] 154187K->36721K(4823488K), 0.0071251 secs] [Times: user=0.03 sys=0.00 real=0.01 secs] 
Heap after GC invocations=220 (full 16):
 par new generation   total 3774912K, used 25918K [0x0000000680000000, 0x0000000780000000, 0x0000000780000000)
  eden space 3355520K,   0% used [0x0000000680000000, 0x0000000680000000, 0x000000074cce0000)
  from space 419392K,   6% used [0x000000074cce0000, 0x000000074e62f930, 0x0000000766670000)
  to   space 419392K,   0% used [0x0000000766670000, 0x0000000766670000, 0x0000000780000000)
 concurrent mark-sweep generation total 1048576K, used 10803K [0x0000000780000000, 0x00000007c0000000, 0x00000007c0000000)
 Metaspace       used 2785K, capacity 4496K, committed 4864K, reserved 1056768K
  class space    used 293K, capacity 388K, committed 512K, reserved 1048576K
}
{Heap before GC invocations=220 (full 16):
 par new generation   total 3774912K, used 3381438K [0x0000000680000000, 0x0000000780000000, 0x0000000780000000)
  eden space 3355520K, 100% used [0x0000000680000000, 0x000000074cce0000, 0x000000074cce0000)
  from space 419392K,   6% used [0x000000074cce0000, 0x000000074e62f930, 0x0000000766670000)
  to   space 419392K,   0% used [0x0000000766670000, 0x0000000766670000, 0x0000000780000000)
 concurrent mark-sweep generation total 1048576K, used 10803K [0x0000000780000000, 0x00000007c0000000, 0x00000007c0000000)
 Metaspace       used 2785K, capacity 4496K, committed 4864K, reserved 1056768K
  class space    used 293K, capacity 388K, committed 512K, reserved 1048576K
104.094: #236: [GC (Allocation Failure) 104.094: #236: [ParNew: 3381438K->44967K(3774912K), 0.0101750 secs] 3392241K->55770K(4823488K), 0.0102135 secs] [Times: user=0.02 sys=0.00 real=0.01 secs] 
Heap after GC invocations=221 (full 16):
 par new generation   total 3774912K, used 44967K [0x0000000680000000, 0x0000000780000000, 0x0000000780000000)
  eden space 3355520K,   0% used [0x0000000680000000, 0x0000000680000000, 0x000000074cce0000)
  from space 419392K,  10% used [0x0000000766670000, 0x0000000769259d00, 0x0000000780000000)
  to   space 419392K,   0% used [0x000000074cce0000, 0x000000074cce0000, 0x0000000766670000)
 concurrent mark-sweep generation total 1048576K, used 10803K [0x0000000780000000, 0x00000007c0000000, 0x00000007c0000000)
 Metaspace       used 2785K, capacity 4496K, committed 4864K, reserved 1056768K
  class space    used 293K, capacity 388K, committed 512K, reserved 1048576K
}
{Heap before GC invocations=221 (full 16):
 par new generation   total 3774912K, used 3400488K [0x0000000680000000, 0x0000000780000000, 0x0000000780000000)
  eden space 3355520K, 100% used [0x0000000680000000, 0x000000074cce0000, 0x000000074cce0000)
  from space 419392K,  10% used [0x0000000766670000, 0x000000076925a110, 0x0000000780000000)
  to   space 419392K,   0% used [0x000000074cce0000, 0x000000074cce0000, 0x0000000766670000)
 concurrent mark-sweep generation total 1048576K, used 10803K [0x0000000780000000, 0x00000007c0000000, 0x00000007c0000000)
 Metaspace       used 2785K, capacity 4496K, committed 4864K, reserved 1056768K
  class space    used 293K, capacity 388K, committed 512K, reserved 1048576K
104.628: #237: [GC (Allocation Failure) 104.628: #237: [ParNew: 3400488K->31843K(3774912K), 0.0102315 secs] 3411291K->42647K(4823488K), 0.0102722 secs] [Times: user=0.02 sys=0.00 real=0.01 secs] 
Heap after GC invocations=222 (full 16):
 par new generation   total 3774912K, used 31843K [0x0000000680000000, 0x0000000780000000, 0x0000000780000000)
  eden space 3355520K,   0% used [0x0000000680000000, 0x0000000680000000, 0x000000074cce0000)
  from space 419392K,   7% used [0x000000074cce0000, 0x000000074ebf8fe0, 0x0000000766670000)
  to   space 419392K,   0% used [0x0000000766670000, 0x0000000766670000, 0x0000000780000000)
 concurrent mark-sweep generation total 1048576K, used 10803K [0x0000000780000000, 0x00000007c0000000, 0x00000007c0000000)
 Metaspace       used 2785K, capacity 4496K, committed 4864K, reserved 1056768K
  class space    used 293K, capacity 388K, committed 512K, reserved 1048576K
}
{Heap before GC invocations=222 (full 16):
 par new generation   total 3774912K, used 145651K [0x0000000680000000, 0x0000000780000000, 0x0000000780000000)
  eden space 3355520K,   3% used [0x0000000680000000, 0x0000000686f23d88, 0x000000074cce0000)
  from space 419392K,   7% used [0x000000074cce0000, 0x000000074ebf8fe0, 0x0000000766670000)
  to   space 419392K,   0% used [0x0000000766670000, 0x0000000766670000, 0x0000000780000000)
 concurrent mark-sweep generation total 1048576K, used 10803K [0x0000000780000000, 0x00000007c0000000, 0x00000007c0000000)
 Metaspace       used 2785K, capacity 4496K, committed 4864K, reserved 1056768K
  class space    used 293K, capacity 388K, committed 512K, reserved 1048576K
104.649: #238: [GC (GCLocker Initiated GC) 104.649: #238: [ParNew: 145651K->23901K(3774912K), 0.0068041 secs] 156454K->34705K(4823488K), 0.0068406 secs] [Times: user=0.02 sys=0.00 real=0.01 secs] 
Heap after GC invocations=223 (full 16):
 par new generation   total 3774912K, used 23901K [0x0000000680000000, 0x0000000780000000, 0x0000000780000000)
  eden space 3355520K,   0% used [0x0000000680000000, 0x0000000680000000, 0x000000074cce0000)
  from space 419392K,   5% used [0x0000000766670000, 0x0000000767dc77e0, 0x0000000780000000)
  to   space 419392K,   0% used [0x000000074cce0000, 0x000000074cce0000, 0x0000000766670000)
 concurrent mark-sweep generation total 1048576K, used 10803K [0x0000000780000000, 0x00000007c0000000, 0x00000007c0000000)
 Metaspace       used 2785K, capacity 4496K, committed 4864K, reserved 1056768K
  class space    used 293K, capacity 388K, committed 512K, reserved 1048576K
}
{Heap before GC invocations=223 (full 16):
 par new generation   total 3774912K, used 3379423K [0x0000000680000000, 0x0000000780000000, 0x0000000780000000)
  eden space 3355520K, 100% used [0x0000000680000000, 0x000000074cce0000, 0x000000074cce0000)
  from space 419392K,   5% used [0x0000000766670000, 0x0000000767dc7f18, 0x0000000780000000)
  to   space 419392K,   0% used [0x000000074cce0000, 0x000000074cce0000, 0x0000000766670000)
 concurrent mark-sweep generation total 1048576K, used 10803K [0x0000000780000000, 0x00000007c0000000, 0x00000007c0000000)
 Metaspace       used 2785K, capacity 4496K, committed 4864K, reserved 1056768K
  class space    used 293K, capacity 388K, committed 512K, reserved 1048576K
105.178: #239: [GC (Allocation Failure) 105.178: #239: [ParNew: 3379423K->43739K(3774912K), 0.0100652 secs] 3390227K->54543K(4823488K), 0.0101041 secs] [Times: user=0.03 sys=0.00 real=0.01 secs] 
Heap after GC invocations=224 (full 16):
 par new generation   total 3774912K, used 43739K [0x0000000680000000, 0x0000000780000000, 0x0000000780000000)
  eden space 3355520K,   0% used [0x0000000680000000, 0x0000000680000000, 0x000000074cce0000)
  from space 419392K,  10% used [0x000000074cce0000, 0x000000074f796fc0, 0x0000000766670000)
  to   space 419392K,   0% used [0x0000000766670000, 0x0000000766670000, 0x0000000780000000)
 concurrent mark-sweep generation total 1048576K, used 10803K [0x0000000780000000, 0x00000007c0000000, 0x00000007c0000000)
 Metaspace       used 2785K, capacity 4496K, committed 4864K, reserved 1056768K
  class space    used 293K, capacity 388K, committed 512K, reserved 1048576K
}
{Heap before GC invocations=224 (full 16):
 par new generation   total 3774912K, used 157497K [0x0000000680000000, 0x0000000780000000, 0x0000000780000000)
  eden space 3355520K,   3% used [0x0000000680000000, 0x0000000686f177f0, 0x000000074cce0000)
  from space 419392K,  10% used [0x000000074cce0000, 0x000000074f796fc0, 0x0000000766670000)
  to   space 419392K,   0% used [0x0000000766670000, 0x0000000766670000, 0x0000000780000000)
 concurrent mark-sweep generation total 1048576K, used 10803K [0x0000000780000000, 0x00000007c0000000, 0x00000007c0000000)
 Metaspace       used 2785K, capacity 4496K, committed 4864K, reserved 1056768K
  class space    used 293K, capacity 388K, committed 512K, reserved 1048576K
105.199: #240: [GC (GCLocker Initiated GC) 105.199: #240: [ParNew: 157497K->24041K(3774912K), 0.0069677 secs] 168301K->34844K(4823488K), 0.0070069 secs] [Times: user=0.03 sys=0.00 real=0.01 secs] 
Heap after GC invocations=225 (full 16):
 par new generation   total 3774912K, used 24041K [0x0000000680000000, 0x0000000780000000, 0x0000000780000000)
  eden space 3355520K,   0% used [0x0000000680000000, 0x0000000680000000, 0x000000074cce0000)
  from space 419392K,   5% used [0x0000000766670000, 0x0000000767dea460, 0x0000000780000000)
  to   space 419392K,   0% used [0x000000074cce0000, 0x000000074cce0000, 0x0000000766670000)
 concurrent mark-sweep generation total 1048576K, used 10803K [0x0000000780000000, 0x00000007c0000000, 0x00000007c0000000)
 Metaspace       used 2785K, capacity 4496K, committed 4864K, reserved 1056768K
  class space    used 293K, capacity 388K, committed 512K, reserved 1048576K
}
{Heap before GC invocations=225 (full 16):
 par new generation   total 3774912K, used 3379561K [0x0000000680000000, 0x0000000780000000, 0x0000000780000000)
  eden space 3355520K, 100% used [0x0000000680000000, 0x000000074cce0000, 0x000000074cce0000)
  from space 419392K,   5% used [0x0000000766670000, 0x0000000767dea460, 0x0000000780000000)
  to   space 419392K,   0% used [0x000000074cce0000, 0x000000074cce0000, 0x0000000766670000)
 concurrent mark-sweep generation total 1048576K, used 10803K [0x0000000780000000, 0x00000007c0000000, 0x00000007c0000000)
 Metaspace       used 2785K, capacity 4496K, committed 4864K, reserved 1056768K
  class space    used 293K, capacity 388K, committed 512K, reserved 1048576K
105.745: #241: [GC (Allocation Failure) 105.745: #241: [ParNew: 3379561K->45280K(3774912K), 0.0105567 secs] 3390364K->56083K(4823488K), 0.0105980 secs] [Times: user=0.02 sys=0.00 real=0.01 secs] 
Heap after GC invocations=226 (full 16):
 par new generation   total 3774912K, used 45280K [0x0000000680000000, 0x0000000780000000, 0x0000000780000000)
  eden space 3355520K,   0% used [0x0000000680000000, 0x0000000680000000, 0x000000074cce0000)
  from space 419392K,  10% used [0x000000074cce0000, 0x000000074f918000, 0x0000000766670000)
  to   space 419392K,   0% used [0x0000000766670000, 0x0000000766670000, 0x0000000780000000)
 concurrent mark-sweep generation total 1048576K, used 10803K [0x0000000780000000, 0x00000007c0000000, 0x00000007c0000000)
 Metaspace       used 2785K, capacity 4496K, committed 4864K, reserved 1056768K
  class space    used 293K, capacity 388K, committed 512K, reserved 1048576K
}
SYSTEM_GC BEFORE
105.864: #242: [GC (CMS Initial Mark) [1 CMS-initial-mark: 10803K(1048576K)] 638818K(4823488K), 0.1411706 secs] [Times: user=0.54 sys=0.00 real=0.14 secs] 
106.006: #242: [CMS-concurrent-mark-start]
{Heap before GC invocations=226 (full 17):
 par new generation   total 3774912K, used 628014K [0x0000000680000000, 0x0000000780000000, 0x0000000780000000)
  eden space 3355520K,  17% used [0x0000000680000000, 0x00000006a3913a20, 0x000000074cce0000)
  from space 419392K,  10% used [0x000000074cce0000, 0x000000074f918000, 0x0000000766670000)
  to   space 419392K,   0% used [0x0000000766670000, 0x0000000766670000, 0x0000000780000000)
 concurrent mark-sweep generation total 1048576K, used 10803K [0x0000000780000000, 0x00000007c0000000, 0x00000007c0000000)
 Metaspace       used 2785K, capacity 4496K, committed 4864K, reserved 1056768K
  class space    used 293K, capacity 388K, committed 512K, reserved 1048576K
106.006: #243: [GC (GCLocker Initiated GC) 106.006: #243: [ParNew: 628014K->9616K(3774912K), 0.0056027 secs] 638818K->20419K(4823488K), 0.0056337 secs] [Times: user=0.02 sys=0.00 real=0.00 secs] 
Heap after GC invocations=227 (full 17):
 par new generation   total 3774912K, used 9616K [0x0000000680000000, 0x0000000780000000, 0x0000000780000000)
  eden space 3355520K,   0% used [0x0000000680000000, 0x0000000680000000, 0x000000074cce0000)
  from space 419392K,   2% used [0x0000000766670000, 0x0000000766fd4020, 0x0000000780000000)
  to   space 419392K,   0% used [0x000000074cce0000, 0x000000074cce0000, 0x0000000766670000)
 concurrent mark-sweep generation total 1048576K, used 10803K [0x0000000780000000, 0x00000007c0000000, 0x00000007c0000000)
 Metaspace       used 2785K, capacity 4496K, committed 4864K, reserved 1056768K
  class space    used 293K, capacity 388K, committed 512K, reserved 1048576K
}
106.035: #242: [CMS-concurrent-mark: 0.024/0.030 secs] [Times: user=0.10 sys=0.01 real=0.03 secs] 
106.035: #242: [CMS-concurrent-preclean-start]
106.038: #242: [CMS-concurrent-preclean: 0.003/0.003 secs] [Times: user=0.01 sys=0.00 real=0.00 secs] 
106.038: #242: [CMS-concurrent-abortable-preclean-start]
106.447: #242: [CMS-concurrent-abortable-preclean: 0.104/0.409 secs] [Times: user=1.55 sys=0.06 real=0.41 secs] 
106.448: #242: [GC (CMS Final Remark) [YG occupancy: 2705957 K (3774912 K)]106.448: #242: [Rescan (parallel) , 0.7337129 secs]107.182: #242: [weak refs processing, 0.0000150 secs]107.182: #242: [class unloading, 0.0003222 secs]107.182: #242: [scrub symbol table, 0.0004238 secs]107.182: #242: [scrub string table, 0.0001784 secs][1 CMS-remark: 10803K(1048576K)] 2716760K(4823488K), 0.7347537 secs] [Times: user=2.89 sys=0.00 real=0.74 secs] 
107.183: #242: [CMS-concurrent-sweep-start]
107.189: #242: [CMS-concurrent-sweep: 0.007/0.007 secs] [Times: user=0.01 sys=0.00 real=0.00 secs] 
107.189: #242: [CMS-concurrent-reset-start]
SYSTEM_GC AFTER
107.192: #242: [CMS-concurrent-reset: 0.002/0.002 secs] [Times: user=0.00 sys=0.00 real=0.00 secs] 
{Heap before GC invocations=227 (full 17):
 par new generation   total 3774912K, used 2787390K [0x0000000680000000, 0x0000000780000000, 0x0000000780000000)
  eden space 3355520K,  82% used [0x0000000680000000, 0x00000007298ab828, 0x000000074cce0000)
  from space 419392K,   2% used [0x0000000766670000, 0x0000000766fd4020, 0x0000000780000000)
  to   space 419392K,   0% used [0x000000074cce0000, 0x000000074cce0000, 0x0000000766670000)
 concurrent mark-sweep generation total 1048576K, used 10803K [0x0000000780000000, 0x00000007c0000000, 0x00000007c0000000)
 Metaspace       used 2785K, capacity 4496K, committed 4864K, reserved 1056768K
  class space    used 293K, capacity 388K, committed 512K, reserved 1048576K
107.193: #244: [GC (GCLocker Initiated GC) 107.193: #244: [ParNew: 2787390K->25318K(3774912K), 0.0090920 secs] 2798193K->36122K(4823488K), 0.0091261 secs] [Times: user=0.02 sys=0.00 real=0.01 secs] 
Heap after GC invocations=228 (full 17):
 par new generation   total 3774912K, used 25318K [0x0000000680000000, 0x0000000780000000, 0x0000000780000000)
  eden space 3355520K,   0% used [0x0000000680000000, 0x0000000680000000, 0x000000074cce0000)
  from space 419392K,   6% used [0x000000074cce0000, 0x000000074e599a60, 0x0000000766670000)
  to   space 419392K,   0% used [0x0000000766670000, 0x0000000766670000, 0x0000000780000000)
 concurrent mark-sweep generation total 1048576K, used 10803K [0x0000000780000000, 0x00000007c0000000, 0x00000007c0000000)
 Metaspace       used 2785K, capacity 4496K, committed 4864K, reserved 1056768K
  class space    used 293K, capacity 388K, committed 512K, reserved 1048576K
}
{Heap before GC invocations=228 (full 17):
 par new generation   total 3774912K, used 3380838K [0x0000000680000000, 0x0000000780000000, 0x0000000780000000)
  eden space 3355520K, 100% used [0x0000000680000000, 0x000000074cce0000, 0x000000074cce0000)
  from space 419392K,   6% used [0x000000074cce0000, 0x000000074e599a60, 0x0000000766670000)
  to   space 419392K,   0% used [0x0000000766670000, 0x0000000766670000, 0x0000000780000000)
 concurrent mark-sweep generation total 1048576K, used 10803K [0x0000000780000000, 0x00000007c0000000, 0x00000007c0000000)
 Metaspace       used 2785K, capacity 4496K, committed 4864K, reserved 1056768K
  class space    used 293K, capacity 388K, committed 512K, reserved 1048576K
107.729: #245: [GC (Allocation Failure) 107.729: #245: [ParNew: 3380838K->29839K(3774912K), 0.0105682 secs] 3391642K->40642K(4823488K), 0.0106091 secs] [Times: user=0.03 sys=0.00 real=0.01 secs] 
Heap after GC invocations=229 (full 17):
 par new generation   total 3774912K, used 29839K [0x0000000680000000, 0x0000000780000000, 0x0000000780000000)
  eden space 3355520K,   0% used [0x0000000680000000, 0x0000000680000000, 0x000000074cce0000)
  from space 419392K,   7% used [0x0000000766670000, 0x0000000768393cc0, 0x0000000780000000)
  to   space 419392K,   0% used [0x000000074cce0000, 0x000000074cce0000, 0x0000000766670000)
 concurrent mark-sweep generation total 1048576K, used 10803K [0x0000000780000000, 0x00000007c0000000, 0x00000007c0000000)
 Metaspace       used 2785K, capacity 4496K, committed 4864K, reserved 1056768K
  class space    used 293K, capacity 388K, committed 512K, reserved 1048576K
}
{Heap before GC invocations=229 (full 17):
 par new generation   total 3774912K, used 3385359K [0x0000000680000000, 0x0000000780000000, 0x0000000780000000)
  eden space 3355520K, 100% used [0x0000000680000000, 0x000000074cce0000, 0x000000074cce0000)
  from space 419392K,   7% used [0x0000000766670000, 0x0000000768393cc0, 0x0000000780000000)
  to   space 419392K,   0% used [0x000000074cce0000, 0x000000074cce0000, 0x0000000766670000)
 concurrent mark-sweep generation total 1048576K, used 10803K [0x0000000780000000, 0x00000007c0000000, 0x00000007c0000000)
 Metaspace       used 2785K, capacity 4496K, committed 4864K, reserved 1056768K
  class space    used 293K, capacity 388K, committed 512K, reserved 1048576K
108.276: #246: [GC (Allocation Failure) 108.276: #246: [ParNew: 3385359K->31419K(3774912K), 0.0106270 secs] 3396162K->42223K(4823488K), 0.0106647 secs] [Times: user=0.02 sys=0.00 real=0.01 secs] 
Heap after GC invocations=230 (full 17):
 par new generation   total 3774912K, used 31419K [0x0000000680000000, 0x0000000780000000, 0x0000000780000000)
  eden space 3355520K,   0% used [0x0000000680000000, 0x0000000680000000, 0x000000074cce0000)
  from space 419392K,   7% used [0x000000074cce0000, 0x000000074eb8ee88, 0x0000000766670000)
  to   space 419392K,   0% used [0x0000000766670000, 0x0000000766670000, 0x0000000780000000)
 concurrent mark-sweep generation total 1048576K, used 10803K [0x0000000780000000, 0x00000007c0000000, 0x00000007c0000000)
 Metaspace       used 2785K, capacity 4496K, committed 4864K, reserved 1056768K
  class space    used 293K, capacity 388K, committed 512K, reserved 1048576K
}
{Heap before GC invocations=230 (full 17):
 par new generation   total 3774912K, used 3386939K [0x0000000680000000, 0x0000000780000000, 0x0000000780000000)
  eden space 3355520K, 100% used [0x0000000680000000, 0x000000074cce0000, 0x000000074cce0000)
  from space 419392K,   7% used [0x000000074cce0000, 0x000000074eb8ee88, 0x0000000766670000)
  to   space 419392K,   0% used [0x0000000766670000, 0x0000000766670000, 0x0000000780000000)
 concurrent mark-sweep generation total 1048576K, used 10803K [0x0000000780000000, 0x00000007c0000000, 0x00000007c0000000)
 Metaspace       used 2785K, capacity 4496K, committed 4864K, reserved 1056768K
  class space    used 293K, capacity 388K, committed 512K, reserved 1048576K
108.818: #247: [GC (Allocation Failure) 108.818: #247: [ParNew: 3386939K->29794K(3774912K), 0.0104872 secs] 3397743K->40598K(4823488K), 0.0105342 secs] [Times: user=0.02 sys=0.00 real=0.01 secs] 
Heap after GC invocations=231 (full 17):
 par new generation   total 3774912K, used 29794K [0x0000000680000000, 0x0000000780000000, 0x0000000780000000)
  eden space 3355520K,   0% used [0x0000000680000000, 0x0000000680000000, 0x000000074cce0000)
  from space 419392K,   7% used [0x0000000766670000, 0x0000000768388ac0, 0x0000000780000000)
  to   space 419392K,   0% used [0x000000074cce0000, 0x000000074cce0000, 0x0000000766670000)
 concurrent mark-sweep generation total 1048576K, used 10803K [0x0000000780000000, 0x00000007c0000000, 0x00000007c0000000)
 Metaspace       used 2785K, capacity 4496K, committed 4864K, reserved 1056768K
  class space    used 293K, capacity 388K, committed 512K, reserved 1048576K
}
{Heap before GC invocations=231 (full 17):
 par new generation   total 3774912K, used 3387517K [0x0000000680000000, 0x0000000780000000, 0x0000000780000000)
  eden space 3355520K, 100% used [0x0000000680000000, 0x000000074cce0000, 0x000000074cce0000)
  from space 419392K,   7% used [0x0000000766670000, 0x00000007685af630, 0x0000000780000000)
  to   space 419392K,   0% used [0x000000074cce0000, 0x000000074cce0000, 0x0000000766670000)
 concurrent mark-sweep generation total 1048576K, used 10803K [0x0000000780000000, 0x00000007c0000000, 0x00000007c0000000)
 Metaspace       used 2785K, capacity 4496K, committed 4864K, reserved 1056768K
  class space    used 293K, capacity 388K, committed 512K, reserved 1048576K
109.370: #248: [GC (Allocation Failure) 109.370: #248: [ParNew: 3387517K->31502K(3774912K), 0.0107829 secs] 3398321K->42305K(4823488K), 0.0108162 secs] [Times: user=0.03 sys=0.00 real=0.01 secs] 
Heap after GC invocations=232 (full 17):
 par new generation   total 3774912K, used 31502K [0x0000000680000000, 0x0000000780000000, 0x0000000780000000)
  eden space 3355520K,   0% used [0x0000000680000000, 0x0000000680000000, 0x000000074cce0000)
  from space 419392K,   7% used [0x000000074cce0000, 0x000000074eba3868, 0x0000000766670000)
  to   space 419392K,   0% used [0x0000000766670000, 0x0000000766670000, 0x0000000780000000)
 concurrent mark-sweep generation total 1048576K, used 10803K [0x0000000780000000, 0x00000007c0000000, 0x00000007c0000000)
 Metaspace       used 2785K, capacity 4496K, committed 4864K, reserved 1056768K
  class space    used 293K, capacity 388K, committed 512K, reserved 1048576K
}
{Heap before GC invocations=232 (full 17):
 par new generation   total 3774912K, used 129239K [0x0000000680000000, 0x0000000780000000, 0x0000000780000000)
  eden space 3355520K,   2% used [0x0000000680000000, 0x0000000685f724f8, 0x000000074cce0000)
  from space 419392K,   7% used [0x000000074cce0000, 0x000000074eba3868, 0x0000000766670000)
  to   space 419392K,   0% used [0x0000000766670000, 0x0000000766670000, 0x0000000780000000)
 concurrent mark-sweep generation total 1048576K, used 10803K [0x0000000780000000, 0x00000007c0000000, 0x00000007c0000000)
 Metaspace       used 2785K, capacity 4496K, committed 4864K, reserved 1056768K
  class space    used 293K, capacity 388K, committed 512K, reserved 1048576K
109.392: #249: [GC (GCLocker Initiated GC) 109.392: #249: [ParNew: 129239K->25315K(3774912K), 0.0079733 secs] 140042K->36118K(4823488K), 0.0080288 secs] [Times: user=0.03 sys=0.00 real=0.00 secs] 
Heap after GC invocations=233 (full 17):
 par new generation   total 3774912K, used 25315K [0x0000000680000000, 0x0000000780000000, 0x0000000780000000)
  eden space 3355520K,   0% used [0x0000000680000000, 0x0000000680000000, 0x000000074cce0000)
  from space 419392K,   6% used [0x0000000766670000, 0x0000000767f28e00, 0x0000000780000000)
  to   space 419392K,   0% used [0x000000074cce0000, 0x000000074cce0000, 0x0000000766670000)
 concurrent mark-sweep generation total 1048576K, used 10803K [0x0000000780000000, 0x00000007c0000000, 0x00000007c0000000)
 Metaspace       used 2785K, capacity 4496K, committed 4864K, reserved 1056768K
  class space    used 293K, capacity 388K, committed 512K, reserved 1048576K
}
{Heap before GC invocations=233 (full 17):
 par new generation   total 3774912K, used 3380835K [0x0000000680000000, 0x0000000780000000, 0x0000000780000000)
  eden space 3355520K, 100% used [0x0000000680000000, 0x000000074cce0000, 0x000000074cce0000)
  from space 419392K,   6% used [0x0000000766670000, 0x0000000767f28e00, 0x0000000780000000)
  to   space 419392K,   0% used [0x000000074cce0000, 0x000000074cce0000, 0x0000000766670000)
 concurrent mark-sweep generation total 1048576K, used 10803K [0x0000000780000000, 0x00000007c0000000, 0x00000007c0000000)
 Metaspace       used 2785K, capacity 4496K, committed 4864K, reserved 1056768K
  class space    used 293K, capacity 388K, committed 512K, reserved 1048576K
109.923: #250: [GC (Allocation Failure) 109.923: #250: [ParNew: 3380835K->45702K(3774912K), 0.0105386 secs] 3391638K->56506K(4823488K), 0.0105775 secs] [Times: user=0.03 sys=0.00 real=0.01 secs] 
Heap after GC invocations=234 (full 17):
 par new generation   total 3774912K, used 45702K [0x0000000680000000, 0x0000000780000000, 0x0000000780000000)
  eden space 3355520K,   0% used [0x0000000680000000, 0x0000000680000000, 0x000000074cce0000)
  from space 419392K,  10% used [0x000000074cce0000, 0x000000074f981bc0, 0x0000000766670000)
  to   space 419392K,   0% used [0x0000000766670000, 0x0000000766670000, 0x0000000780000000)
 concurrent mark-sweep generation total 1048576K, used 10803K [0x0000000780000000, 0x00000007c0000000, 0x00000007c0000000)
 Metaspace       used 2785K, capacity 4496K, committed 4864K, reserved 1056768K
  class space    used 293K, capacity 388K, committed 512K, reserved 1048576K
}
{Heap before GC invocations=234 (full 17):
 par new generation   total 3774912K, used 3402999K [0x0000000680000000, 0x0000000780000000, 0x0000000780000000)
  eden space 3355520K, 100% used [0x0000000680000000, 0x000000074cce0000, 0x000000074cce0000)
  from space 419392K,  11% used [0x000000074cce0000, 0x000000074fb3dfc8, 0x0000000766670000)
  to   space 419392K,   0% used [0x0000000766670000, 0x0000000766670000, 0x0000000780000000)
 concurrent mark-sweep generation total 1048576K, used 10803K [0x0000000780000000, 0x00000007c0000000, 0x00000007c0000000)
 Metaspace       used 2785K, capacity 4496K, committed 4864K, reserved 1056768K
  class space    used 293K, capacity 388K, committed 512K, reserved 1048576K
110.491: #251: [GC (Allocation Failure) 110.491: #251: [ParNew: 3402999K->32516K(3774912K), 0.0103827 secs] 3413803K->43320K(4823488K), 0.0104212 secs] [Times: user=0.02 sys=0.00 real=0.01 secs] 
Heap after GC invocations=235 (full 17):
 par new generation   total 3774912K, used 32516K [0x0000000680000000, 0x0000000780000000, 0x0000000780000000)
  eden space 3355520K,   0% used [0x0000000680000000, 0x0000000680000000, 0x000000074cce0000)
  from space 419392K,   7% used [0x0000000766670000, 0x00000007686312c0, 0x0000000780000000)
  to   space 419392K,   0% used [0x000000074cce0000, 0x000000074cce0000, 0x0000000766670000)
 concurrent mark-sweep generation total 1048576K, used 10803K [0x0000000780000000, 0x00000007c0000000, 0x00000007c0000000)
 Metaspace       used 2785K, capacity 4496K, committed 4864K, reserved 1056768K
  class space    used 293K, capacity 388K, committed 512K, reserved 1048576K
}
{Heap before GC invocations=235 (full 17):
 par new generation   total 3774912K, used 146959K [0x0000000680000000, 0x0000000780000000, 0x0000000780000000)
  eden space 3355520K,   3% used [0x0000000680000000, 0x0000000686fc2a68, 0x000000074cce0000)
  from space 419392K,   7% used [0x0000000766670000, 0x00000007686312c0, 0x0000000780000000)
  to   space 419392K,   0% used [0x000000074cce0000, 0x000000074cce0000, 0x0000000766670000)
 concurrent mark-sweep generation total 1048576K, used 10803K [0x0000000780000000, 0x00000007c0000000, 0x00000007c0000000)
 Metaspace       used 2785K, capacity 4496K, committed 4864K, reserved 1056768K
  class space    used 293K, capacity 388K, committed 512K, reserved 1048576K
110.512: #252: [GC (GCLocker Initiated GC) 110.512: #252: [ParNew: 146959K->24335K(3774912K), 0.0074943 secs] 157762K->35139K(4823488K), 0.0075397 secs] [Times: user=0.03 sys=0.00 real=0.01 secs] 
Heap after GC invocations=236 (full 17):
 par new generation   total 3774912K, used 24335K [0x0000000680000000, 0x0000000780000000, 0x0000000780000000)
  eden space 3355520K,   0% used [0x0000000680000000, 0x0000000680000000, 0x000000074cce0000)
  from space 419392K,   5% used [0x000000074cce0000, 0x000000074e4a3f30, 0x0000000766670000)
  to   space 419392K,   0% used [0x0000000766670000, 0x0000000766670000, 0x0000000780000000)
 concurrent mark-sweep generation total 1048576K, used 10803K [0x0000000780000000, 0x00000007c0000000, 0x00000007c0000000)
 Metaspace       used 2785K, capacity 4496K, committed 4864K, reserved 1056768K
  class space    used 293K, capacity 388K, committed 512K, reserved 1048576K
}
{Heap before GC invocations=236 (full 17):
 par new generation   total 3774912K, used 3379855K [0x0000000680000000, 0x0000000780000000, 0x0000000780000000)
  eden space 3355520K, 100% used [0x0000000680000000, 0x000000074cce0000, 0x000000074cce0000)
  from space 419392K,   5% used [0x000000074cce0000, 0x000000074e4a3f40, 0x0000000766670000)
  to   space 419392K,   0% used [0x0000000766670000, 0x0000000766670000, 0x0000000780000000)
 concurrent mark-sweep generation total 1048576K, used 10803K [0x0000000780000000, 0x00000007c0000000, 0x00000007c0000000)
 Metaspace       used 2785K, capacity 4496K, committed 4864K, reserved 1056768K
  class space    used 293K, capacity 388K, committed 512K, reserved 1048576K
111.090: #253: [GC (Allocation Failure) 111.090: #253: [ParNew: 3379855K->45320K(3774912K), 0.0110952 secs] 3390659K->56123K(4823488K), 0.0111414 secs] [Times: user=0.02 sys=0.00 real=0.01 secs] 
Heap after GC invocations=237 (full 17):
 par new generation   total 3774912K, used 45320K [0x0000000680000000, 0x0000000780000000, 0x0000000780000000)
  eden space 3355520K,   0% used [0x0000000680000000, 0x0000000680000000, 0x000000074cce0000)
  from space 419392K,  10% used [0x0000000766670000, 0x00000007692b2000, 0x0000000780000000)
  to   space 419392K,   0% used [0x000000074cce0000, 0x000000074cce0000, 0x0000000766670000)
 concurrent mark-sweep generation total 1048576K, used 10803K [0x0000000780000000, 0x00000007c0000000, 0x00000007c0000000)
 Metaspace       used 2785K, capacity 4496K, committed 4864K, reserved 1056768K
  class space    used 293K, capacity 388K, committed 512K, reserved 1048576K
}
{Heap before GC invocations=237 (full 17):
 par new generation   total 3774912K, used 159129K [0x0000000680000000, 0x0000000780000000, 0x0000000780000000)
  eden space 3355520K,   3% used [0x0000000680000000, 0x0000000686f244c8, 0x000000074cce0000)
  from space 419392K,  10% used [0x0000000766670000, 0x00000007692b2000, 0x0000000780000000)
  to   space 419392K,   0% used [0x000000074cce0000, 0x000000074cce0000, 0x0000000766670000)
 concurrent mark-sweep generation total 1048576K, used 10803K [0x0000000780000000, 0x00000007c0000000, 0x00000007c0000000)
 Metaspace       used 2785K, capacity 4496K, committed 4864K, reserved 1056768K
  class space    used 293K, capacity 388K, committed 512K, reserved 1048576K
111.114: #254: [GC (GCLocker Initiated GC) 111.114: #254: [ParNew: 159129K->26694K(3774912K), 0.0070678 secs] 169932K->37498K(4823488K), 0.0071106 secs] [Times: user=0.02 sys=0.00 real=0.00 secs] 
Heap after GC invocations=238 (full 17):
 par new generation   total 3774912K, used 26694K [0x0000000680000000, 0x0000000780000000, 0x0000000780000000)
  eden space 3355520K,   0% used [0x0000000680000000, 0x0000000680000000, 0x000000074cce0000)
  from space 419392K,   6% used [0x000000074cce0000, 0x000000074e6f1b10, 0x0000000766670000)
  to   space 419392K,   0% used [0x0000000766670000, 0x0000000766670000, 0x0000000780000000)
 concurrent mark-sweep generation total 1048576K, used 10803K [0x0000000780000000, 0x00000007c0000000, 0x00000007c0000000)
 Metaspace       used 2785K, capacity 4496K, committed 4864K, reserved 1056768K
  class space    used 293K, capacity 388K, committed 512K, reserved 1048576K
}
{Heap before GC invocations=238 (full 17):
 par new generation   total 3774912K, used 3382214K [0x0000000680000000, 0x0000000780000000, 0x0000000780000000)
  eden space 3355520K, 100% used [0x0000000680000000, 0x000000074cce0000, 0x000000074cce0000)
  from space 419392K,   6% used [0x000000074cce0000, 0x000000074e6f1b10, 0x0000000766670000)
  to   space 419392K,   0% used [0x0000000766670000, 0x0000000766670000, 0x0000000780000000)
 concurrent mark-sweep generation total 1048576K, used 10803K [0x0000000780000000, 0x00000007c0000000, 0x00000007c0000000)
 Metaspace       used 2785K, capacity 4496K, committed 4864K, reserved 1056768K
  class space    used 293K, capacity 388K, committed 512K, reserved 1048576K
111.903: #255: [GC (Allocation Failure) 111.903: #255: [ParNew: 3382214K->46074K(3774912K), 0.0107482 secs] 3393018K->56877K(4823488K), 0.0107876 secs] [Times: user=0.03 sys=0.00 real=0.01 secs] 
Heap after GC invocations=239 (full 17):
 par new generation   total 3774912K, used 46074K [0x0000000680000000, 0x0000000780000000, 0x0000000780000000)
  eden space 3355520K,   0% used [0x0000000680000000, 0x0000000680000000, 0x000000074cce0000)
  from space 419392K,  10% used [0x0000000766670000, 0x000000076936e840, 0x0000000780000000)
  to   space 419392K,   0% used [0x000000074cce0000, 0x000000074cce0000, 0x0000000766670000)
 concurrent mark-sweep generation total 1048576K, used 10803K [0x0000000780000000, 0x00000007c0000000, 0x00000007c0000000)
 Metaspace       used 2785K, capacity 4496K, committed 4864K, reserved 1056768K
  class space    used 293K, capacity 388K, committed 512K, reserved 1048576K
}
SYSTEM_GC BEFORE
{Heap before GC invocations=239 (full 17):
 par new generation   total 3774912K, used 1414685K [0x0000000680000000, 0x0000000780000000, 0x0000000780000000)
  eden space 3355520K,  40% used [0x0000000680000000, 0x00000006d3888c10, 0x000000074cce0000)
  from space 419392K,  10% used [0x0000000766670000, 0x000000076936e840, 0x0000000780000000)
  to   space 419392K,   0% used [0x000000074cce0000, 0x000000074cce0000, 0x0000000766670000)
 concurrent mark-sweep generation total 1048576K, used 10803K [0x0000000780000000, 0x00000007c0000000, 0x00000007c0000000)
 Metaspace       used 2785K, capacity 4496K, committed 4864K, reserved 1056768K
  class space    used 293K, capacity 388K, committed 512K, reserved 1048576K
112.191: #256: [GC (System.gc()) 112.191: #256: [ParNew: 1414685K->16837K(3774912K), 0.0086049 secs] 1425488K->27641K(4823488K), 0.0086471 secs] [Times: user=0.02 sys=0.00 real=0.01 secs] 
Heap after GC invocations=240 (full 17):
 par new generation   total 3774912K, used 16837K [0x0000000680000000, 0x0000000780000000, 0x0000000780000000)
  eden space 3355520K,   0% used [0x0000000680000000, 0x0000000680000000, 0x000000074cce0000)
  from space 419392K,   4% used [0x000000074cce0000, 0x000000074dd51680, 0x0000000766670000)
  to   space 419392K,   0% used [0x0000000766670000, 0x0000000766670000, 0x0000000780000000)
 concurrent mark-sweep generation total 1048576K, used 10803K [0x0000000780000000, 0x00000007c0000000, 0x00000007c0000000)
 Metaspace       used 2785K, capacity 4496K, committed 4864K, reserved 1056768K
  class space    used 293K, capacity 388K, committed 512K, reserved 1048576K
}
112.200: #257: [GC (CMS Initial Mark) [1 CMS-initial-mark: 10803K(1048576K)] 27641K(4823488K), 0.0013327 secs] [Times: user=0.01 sys=0.00 real=0.00 secs] 
112.201: #257: [CMS-concurrent-mark-start]
112.224: #257: [CMS-concurrent-mark: 0.023/0.023 secs] [Times: user=0.04 sys=0.00 real=0.03 secs] 
112.224: #257: [CMS-concurrent-preclean-start]
112.227: #257: [CMS-concurrent-preclean: 0.002/0.002 secs] [Times: user=0.00 sys=0.00 real=0.00 secs] 
112.227: #257: [CMS-concurrent-abortable-preclean-start]
112.795: #257: [CMS-concurrent-abortable-preclean: 0.156/0.568 secs] [Times: user=1.69 sys=0.09 real=0.57 secs] 
112.796: #257: [GC (CMS Final Remark) [YG occupancy: 2930112 K (3774912 K)]112.796: #257: [Rescan (parallel) , 0.9667529 secs]113.763: #257: [weak refs processing, 0.0000164 secs]113.763: #257: [class unloading, 0.0003509 secs]113.763: #257: [scrub symbol table, 0.0004987 secs]113.764: #257: [scrub string table, 0.0001784 secs][1 CMS-remark: 10803K(1048576K)] 2940916K(4823488K), 0.9679243 secs] [Times: user=3.11 sys=0.01 real=0.97 secs] 
113.765: #257: [CMS-concurrent-sweep-start]
113.772: #257: [CMS-concurrent-sweep: 0.007/0.007 secs] [Times: user=0.01 sys=0.00 real=0.01 secs] 
113.772: #257: [CMS-concurrent-reset-start]
SYSTEM_GC AFTER
{Heap before GC invocations=240 (full 18):
 par new generation   total 3774912K, used 2995139K [0x0000000680000000, 0x0000000780000000, 0x0000000780000000)
  eden space 3355520K,  88% used [0x0000000680000000, 0x0000000735c7f5a8, 0x000000074cce0000)
  from space 419392K,   4% used [0x000000074cce0000, 0x000000074dd51680, 0x0000000766670000)
  to   space 419392K,   0% used [0x0000000766670000, 0x0000000766670000, 0x0000000780000000)
 concurrent mark-sweep generation total 1048576K, used 10803K [0x0000000780000000, 0x00000007c0000000, 0x00000007c0000000)
 Metaspace       used 2785K, capacity 4496K, committed 4864K, reserved 1056768K
  class space    used 293K, capacity 388K, committed 512K, reserved 1048576K
113.775: #258: [GC (GCLocker Initiated GC) 113.775: #258: [ParNew: 2995139K->26865K(3774912K), 0.0111480 secs] 3005942K->37668K(4823488K), 0.0111920 secs] [Times: user=0.02 sys=0.00 real=0.01 secs] 
Heap after GC invocations=241 (full 18):
 par new generation   total 3774912K, used 26865K [0x0000000680000000, 0x0000000780000000, 0x0000000780000000)
  eden space 3355520K,   0% used [0x0000000680000000, 0x0000000680000000, 0x000000074cce0000)
  from space 419392K,   6% used [0x0000000766670000, 0x00000007680ac430, 0x0000000780000000)
  to   space 419392K,   0% used [0x000000074cce0000, 0x000000074cce0000, 0x0000000766670000)
 concurrent mark-sweep generation total 1048576K, used 10803K [0x0000000780000000, 0x00000007c0000000, 0x00000007c0000000)
 Metaspace       used 2785K, capacity 4496K, committed 4864K, reserved 1056768K
  class space    used 293K, capacity 388K, committed 512K, reserved 1048576K
}
113.786: #257: [CMS-concurrent-reset: 0.002/0.014 secs] [Times: user=0.05 sys=0.00 real=0.01 secs] 
{Heap before GC invocations=241 (full 18):
 par new generation   total 3774912K, used 3382385K [0x0000000680000000, 0x0000000780000000, 0x0000000780000000)
  eden space 3355520K, 100% used [0x0000000680000000, 0x000000074cce0000, 0x000000074cce0000)
  from space 419392K,   6% used [0x0000000766670000, 0x00000007680ac430, 0x0000000780000000)
  to   space 419392K,   0% used [0x000000074cce0000, 0x000000074cce0000, 0x0000000766670000)
 concurrent mark-sweep generation total 1048576K, used 10803K [0x0000000780000000, 0x00000007c0000000, 0x00000007c0000000)
 Metaspace       used 2785K, capacity 4496K, committed 4864K, reserved 1056768K
  class space    used 293K, capacity 388K, committed 512K, reserved 1048576K
114.390: #259: [GC (Allocation Failure) 114.390: #259: [ParNew: 3382385K->31459K(3774912K), 0.0116537 secs] 3393188K->42262K(4823488K), 0.0116943 secs] [Times: user=0.02 sys=0.00 real=0.01 secs] 
Heap after GC invocations=242 (full 18):
 par new generation   total 3774912K, used 31459K [0x0000000680000000, 0x0000000780000000, 0x0000000780000000)
  eden space 3355520K,   0% used [0x0000000680000000, 0x0000000680000000, 0x000000074cce0000)
  from space 419392K,   7% used [0x000000074cce0000, 0x000000074eb98dc8, 0x0000000766670000)
  to   space 419392K,   0% used [0x0000000766670000, 0x0000000766670000, 0x0000000780000000)
 concurrent mark-sweep generation total 1048576K, used 10803K [0x0000000780000000, 0x00000007c0000000, 0x00000007c0000000)
 Metaspace       used 2785K, capacity 4496K, committed 4864K, reserved 1056768K
  class space    used 293K, capacity 388K, committed 512K, reserved 1048576K
}
{Heap before GC invocations=242 (full 18):
 par new generation   total 3774912K, used 3387191K [0x0000000680000000, 0x0000000780000000, 0x0000000780000000)
  eden space 3355520K, 100% used [0x0000000680000000, 0x000000074cce0000, 0x000000074cce0000)
  from space 419392K,   7% used [0x000000074cce0000, 0x000000074ebcdfb8, 0x0000000766670000)
  to   space 419392K,   0% used [0x0000000766670000, 0x0000000766670000, 0x0000000780000000)
 concurrent mark-sweep generation total 1048576K, used 10803K [0x0000000780000000, 0x00000007c0000000, 0x00000007c0000000)
 Metaspace       used 2785K, capacity 4496K, committed 4864K, reserved 1056768K
  class space    used 293K, capacity 388K, committed 512K, reserved 1048576K
115.097: #260: [GC (Allocation Failure) 115.097: #260: [ParNew: 3387191K->30497K(3774912K), 0.0112459 secs] 3397995K->41300K(4823488K), 0.0112965 secs] [Times: user=0.02 sys=0.00 real=0.01 secs] 
Heap after GC invocations=243 (full 18):
 par new generation   total 3774912K, used 30497K [0x0000000680000000, 0x0000000780000000, 0x0000000780000000)
  eden space 3355520K,   0% used [0x0000000680000000, 0x0000000680000000, 0x000000074cce0000)
  from space 419392K,   7% used [0x0000000766670000, 0x00000007684384b8, 0x0000000780000000)
  to   space 419392K,   0% used [0x000000074cce0000, 0x000000074cce0000, 0x0000000766670000)
 concurrent mark-sweep generation total 1048576K, used 10803K [0x0000000780000000, 0x00000007c0000000, 0x00000007c0000000)
 Metaspace       used 2785K, capacity 4496K, committed 4864K, reserved 1056768K
  class space    used 293K, capacity 388K, committed 512K, reserved 1048576K
}
{Heap before GC invocations=243 (full 18):
 par new generation   total 3774912K, used 144758K [0x0000000680000000, 0x0000000780000000, 0x0000000780000000)
  eden space 3355520K,   3% used [0x0000000680000000, 0x0000000686f95520, 0x000000074cce0000)
  from space 419392K,   7% used [0x0000000766670000, 0x00000007684384b8, 0x0000000780000000)
  to   space 419392K,   0% used [0x000000074cce0000, 0x000000074cce0000, 0x0000000766670000)
 concurrent mark-sweep generation total 1048576K, used 10803K [0x0000000780000000, 0x00000007c0000000, 0x00000007c0000000)
 Metaspace       used 2785K, capacity 4496K, committed 4864K, reserved 1056768K
  class space    used 293K, capacity 388K, committed 512K, reserved 1048576K
115.127: #261: [GC (GCLocker Initiated GC) 115.127: #261: [ParNew: 144758K->21825K(3774912K), 0.0080240 secs] 155561K->32629K(4823488K), 0.0080891 secs] [Times: user=0.03 sys=0.00 real=0.01 secs] 
Heap after GC invocations=244 (full 18):
 par new generation   total 3774912K, used 21825K [0x0000000680000000, 0x0000000780000000, 0x0000000780000000)
  eden space 3355520K,   0% used [0x0000000680000000, 0x0000000680000000, 0x000000074cce0000)
  from space 419392K,   5% used [0x000000074cce0000, 0x000000074e2306a0, 0x0000000766670000)
  to   space 419392K,   0% used [0x0000000766670000, 0x0000000766670000, 0x0000000780000000)
 concurrent mark-sweep generation total 1048576K, used 10803K [0x0000000780000000, 0x00000007c0000000, 0x00000007c0000000)
 Metaspace       used 2785K, capacity 4496K, committed 4864K, reserved 1056768K
  class space    used 293K, capacity 388K, committed 512K, reserved 1048576K
}
{Heap before GC invocations=244 (full 18):
 par new generation   total 3774912K, used 3379575K [0x0000000680000000, 0x0000000780000000, 0x0000000780000000)
  eden space 3355520K, 100% used [0x0000000680000000, 0x000000074cce0000, 0x000000074cce0000)
  from space 419392K,   5% used [0x000000074cce0000, 0x000000074e45df00, 0x0000000766670000)
  to   space 419392K,   0% used [0x0000000766670000, 0x0000000766670000, 0x0000000780000000)
 concurrent mark-sweep generation total 1048576K, used 10803K [0x0000000780000000, 0x00000007c0000000, 0x00000007c0000000)
 Metaspace       used 2785K, capacity 4496K, committed 4864K, reserved 1056768K
  class space    used 293K, capacity 388K, committed 512K, reserved 1048576K
115.858: #262: [GC (GCLocker Initiated GC) 115.858: #262: [ParNew: 3379575K->45374K(3774912K), 0.0114163 secs] 3390379K->56177K(4823488K), 0.0114602 secs] [Times: user=0.02 sys=0.00 real=0.01 secs] 
Heap after GC invocations=245 (full 18):
 par new generation   total 3774912K, used 45374K [0x0000000680000000, 0x0000000780000000, 0x0000000780000000)
  eden space 3355520K,   0% used [0x0000000680000000, 0x0000000680000000, 0x000000074cce0000)
  from space 419392K,  10% used [0x0000000766670000, 0x00000007692bf8c0, 0x0000000780000000)
  to   space 419392K,   0% used [0x000000074cce0000, 0x000000074cce0000, 0x0000000766670000)
 concurrent mark-sweep generation total 1048576K, used 10803K [0x0000000780000000, 0x00000007c0000000, 0x00000007c0000000)
 Metaspace       used 2785K, capacity 4496K, committed 4864K, reserved 1056768K
  class space    used 293K, capacity 388K, committed 512K, reserved 1048576K
}
{Heap before GC invocations=245 (full 18):
 par new generation   total 3774912K, used 3400894K [0x0000000680000000, 0x0000000780000000, 0x0000000780000000)
  eden space 3355520K, 100% used [0x0000000680000000, 0x000000074cce0000, 0x000000074cce0000)
  from space 419392K,  10% used [0x0000000766670000, 0x00000007692bf8c0, 0x0000000780000000)
  to   space 419392K,   0% used [0x000000074cce0000, 0x000000074cce0000, 0x0000000766670000)
 concurrent mark-sweep generation total 1048576K, used 10803K [0x0000000780000000, 0x00000007c0000000, 0x00000007c0000000)
 Metaspace       used 2785K, capacity 4496K, committed 4864K, reserved 1056768K
  class space    used 293K, capacity 388K, committed 512K, reserved 1048576K
116.527: #263: [GC (Allocation Failure) 116.527: #263: [ParNew: 3400894K->32416K(3774912K), 0.0115342 secs] 3411697K->43220K(4823488K), 0.0115829 secs] [Times: user=0.02 sys=0.00 real=0.01 secs] 
Heap after GC invocations=246 (full 18):
 par new generation   total 3774912K, used 32416K [0x0000000680000000, 0x0000000780000000, 0x0000000780000000)
  eden space 3355520K,   0% used [0x0000000680000000, 0x0000000680000000, 0x000000074cce0000)
  from space 419392K,   7% used [0x000000074cce0000, 0x000000074ec88320, 0x0000000766670000)
  to   space 419392K,   0% used [0x0000000766670000, 0x0000000766670000, 0x0000000780000000)
 concurrent mark-sweep generation total 1048576K, used 10803K [0x0000000780000000, 0x00000007c0000000, 0x00000007c0000000)
 Metaspace       used 2785K, capacity 4496K, committed 4864K, reserved 1056768K
  class space    used 293K, capacity 388K, committed 512K, reserved 1048576K
}
{Heap before GC invocations=246 (full 18):
 par new generation   total 3774912K, used 3387936K [0x0000000680000000, 0x0000000780000000, 0x0000000780000000)
  eden space 3355520K, 100% used [0x0000000680000000, 0x000000074cce0000, 0x000000074cce0000)
  from space 419392K,   7% used [0x000000074cce0000, 0x000000074ec88320, 0x0000000766670000)
  to   space 419392K,   0% used [0x0000000766670000, 0x0000000766670000, 0x0000000780000000)
 concurrent mark-sweep generation total 1048576K, used 10803K [0x0000000780000000, 0x00000007c0000000, 0x00000007c0000000)
 Metaspace       used 2785K, capacity 4496K, committed 4864K, reserved 1056768K
  class space    used 293K, capacity 388K, committed 512K, reserved 1048576K
117.205: #264: [GC (Allocation Failure) 117.205: #264: [ParNew: 3387936K->32078K(3774912K), 0.0109101 secs] 3398740K->42881K(4823488K), 0.0109551 secs] [Times: user=0.02 sys=0.01 real=0.01 secs] 
Heap after GC invocations=247 (full 18):
 par new generation   total 3774912K, used 32078K [0x0000000680000000, 0x0000000780000000, 0x0000000780000000)
  eden space 3355520K,   0% used [0x0000000680000000, 0x0000000680000000, 0x000000074cce0000)
  from space 419392K,   7% used [0x0000000766670000, 0x00000007685c3840, 0x0000000780000000)
  to   space 419392K,   0% used [0x000000074cce0000, 0x000000074cce0000, 0x0000000766670000)
 concurrent mark-sweep generation total 1048576K, used 10803K [0x0000000780000000, 0x00000007c0000000, 0x00000007c0000000)
 Metaspace       used 2785K, capacity 4496K, committed 4864K, reserved 1056768K
  class space    used 293K, capacity 388K, committed 512K, reserved 1048576K
}
{Heap before GC invocations=247 (full 18):
 par new generation   total 3774912K, used 3387598K [0x0000000680000000, 0x0000000780000000, 0x0000000780000000)
  eden space 3355520K, 100% used [0x0000000680000000, 0x000000074cce0000, 0x000000074cce0000)
  from space 419392K,   7% used [0x0000000766670000, 0x00000007685c3840, 0x0000000780000000)
  to   space 419392K,   0% used [0x000000074cce0000, 0x000000074cce0000, 0x0000000766670000)
 concurrent mark-sweep generation total 1048576K, used 10803K [0x0000000780000000, 0x00000007c0000000, 0x00000007c0000000)
 Metaspace       used 2785K, capacity 4496K, committed 4864K, reserved 1056768K
  class space    used 293K, capacity 388K, committed 512K, reserved 1048576K
117.869: #265: [GC (Allocation Failure) 117.869: #265: [ParNew: 3387598K->31505K(3774912K), 0.0112695 secs] 3398401K->42308K(4823488K), 0.0113246 secs] [Times: user=0.02 sys=0.00 real=0.01 secs] 
Heap after GC invocations=248 (full 18):
 par new generation   total 3774912K, used 31505K [0x0000000680000000, 0x0000000780000000, 0x0000000780000000)
  eden space 3355520K,   0% used [0x0000000680000000, 0x0000000680000000, 0x000000074cce0000)
  from space 419392K,   7% used [0x000000074cce0000, 0x000000074eba4458, 0x0000000766670000)
  to   space 419392K,   0% used [0x0000000766670000, 0x0000000766670000, 0x0000000780000000)
 concurrent mark-sweep generation total 1048576K, used 10803K [0x0000000780000000, 0x00000007c0000000, 0x00000007c0000000)
 Metaspace       used 2785K, capacity 4496K, committed 4864K, reserved 1056768K
  class space    used 293K, capacity 388K, committed 512K, reserved 1048576K
}
{Heap before GC invocations=248 (full 18):
 par new generation   total 3774912K, used 3387033K [0x0000000680000000, 0x0000000780000000, 0x0000000780000000)
  eden space 3355520K, 100% used [0x0000000680000000, 0x000000074cce0000, 0x000000074cce0000)
  from space 419392K,   7% used [0x000000074cce0000, 0x000000074eba6468, 0x0000000766670000)
  to   space 419392K,   0% used [0x0000000766670000, 0x0000000766670000, 0x0000000780000000)
 concurrent mark-sweep generation total 1048576K, used 10803K [0x0000000780000000, 0x00000007c0000000, 0x00000007c0000000)
 Metaspace       used 2785K, capacity 4496K, committed 4864K, reserved 1056768K
  class space    used 293K, capacity 388K, committed 512K, reserved 1048576K
118.529: #266: [GC (GCLocker Initiated GC) 118.529: #266: [ParNew: 3387033K->30890K(3774912K), 0.0110094 secs] 3397836K->41693K(4823488K), 0.0110512 secs] [Times: user=0.03 sys=0.00 real=0.01 secs] 
Heap after GC invocations=249 (full 18):
 par new generation   total 3774912K, used 30890K [0x0000000680000000, 0x0000000780000000, 0x0000000780000000)
  eden space 3355520K,   0% used [0x0000000680000000, 0x0000000680000000, 0x000000074cce0000)
  from space 419392K,   7% used [0x0000000766670000, 0x000000076849aa20, 0x0000000780000000)
  to   space 419392K,   0% used [0x000000074cce0000, 0x000000074cce0000, 0x0000000766670000)
 concurrent mark-sweep generation total 1048576K, used 10803K [0x0000000780000000, 0x00000007c0000000, 0x00000007c0000000)
 Metaspace       used 2785K, capacity 4496K, committed 4864K, reserved 1056768K
  class space    used 293K, capacity 388K, committed 512K, reserved 1048576K
}
SYSTEM_GC BEFORE
118.776: #267: [GC (CMS Initial Mark) [1 CMS-initial-mark: 10803K(1048576K)] 1209059K(4823488K), 0.3366808 secs] [Times: user=1.11 sys=0.00 real=0.33 secs] 
119.112: #267: [CMS-concurrent-mark-start]
{Heap before GC invocations=249 (full 19):
 par new generation   total 3774912K, used 1230788K [0x0000000680000000, 0x0000000780000000, 0x0000000780000000)
  eden space 3355520K,  35% used [0x0000000680000000, 0x00000006c93c6640, 0x000000074cce0000)
  from space 419392K,   7% used [0x0000000766670000, 0x000000076849aa20, 0x0000000780000000)
  to   space 419392K,   0% used [0x000000074cce0000, 0x000000074cce0000, 0x0000000766670000)
 concurrent mark-sweep generation total 1048576K, used 10803K [0x0000000780000000, 0x00000007c0000000, 0x00000007c0000000)
 Metaspace       used 2785K, capacity 4496K, committed 4864K, reserved 1056768K
  class space    used 293K, capacity 388K, committed 512K, reserved 1048576K
119.123: #268: [GC (GCLocker Initiated GC) 119.123: #268: [ParNew: 1230788K->13194K(3774912K), 0.0073040 secs] 1241591K->23998K(4823488K), 0.0073583 secs] [Times: user=0.02 sys=0.00 real=0.00 secs] 
Heap after GC invocations=250 (full 19):
 par new generation   total 3774912K, used 13194K [0x0000000680000000, 0x0000000780000000, 0x0000000780000000)
  eden space 3355520K,   0% used [0x0000000680000000, 0x0000000680000000, 0x000000074cce0000)
  from space 419392K,   3% used [0x000000074cce0000, 0x000000074d9c2ab0, 0x0000000766670000)
  to   space 419392K,   0% used [0x0000000766670000, 0x0000000766670000, 0x0000000780000000)
 concurrent mark-sweep generation total 1048576K, used 10803K [0x0000000780000000, 0x00000007c0000000, 0x00000007c0000000)
 Metaspace       used 2785K, capacity 4496K, committed 4864K, reserved 1056768K
  class space    used 293K, capacity 388K, committed 512K, reserved 1048576K
}
119.144: #267: [CMS-concurrent-mark: 0.024/0.031 secs] [Times: user=0.09 sys=0.01 real=0.04 secs] 
119.144: #267: [CMS-concurrent-preclean-start]
119.146: #267: [CMS-concurrent-preclean: 0.003/0.003 secs] [Times: user=0.01 sys=0.00 real=0.00 secs] 
119.146: #267: [CMS-concurrent-abortable-preclean-start]
119.563: #267: [CMS-concurrent-abortable-preclean: 0.107/0.416 secs] [Times: user=1.34 sys=0.05 real=0.42 secs] 
119.563: #267: [GC (CMS Final Remark) [YG occupancy: 2302304 K (3774912 K)]119.563: #267: [Rescan (parallel) , 0.6727359 secs]120.236: #267: [weak refs processing, 0.0000151 secs]120.236: #267: [class unloading, 0.0003364 secs]120.236: #267: [scrub symbol table, 0.0004287 secs]120.237: #267: [scrub string table, 0.0001825 secs][1 CMS-remark: 10803K(1048576K)] 2313107K(4823488K), 0.6738128 secs] [Times: user=2.43 sys=0.00 real=0.67 secs] 
120.237: #267: [CMS-concurrent-sweep-start]
120.244: #267: [CMS-concurrent-sweep: 0.007/0.007 secs] [Times: user=0.02 sys=0.00 real=0.01 secs] 
120.244: #267: [CMS-concurrent-reset-start]
SYSTEM_GC AFTER
120.246: #267: [CMS-concurrent-reset: 0.002/0.002 secs] [Times: user=0.01 sys=0.00 real=0.00 secs] 
{Heap before GC invocations=250 (full 19):
 par new generation   total 3774912K, used 2351202K [0x0000000680000000, 0x0000000780000000, 0x0000000780000000)
  eden space 3355520K,  69% used [0x0000000680000000, 0x000000070eb35ed0, 0x000000074cce0000)
  from space 419392K,   3% used [0x000000074cce0000, 0x000000074d9c2ab0, 0x0000000766670000)
  to   space 419392K,   0% used [0x0000000766670000, 0x0000000766670000, 0x0000000780000000)
 concurrent mark-sweep generation total 1048576K, used 10803K [0x0000000780000000, 0x00000007c0000000, 0x00000007c0000000)
 Metaspace       used 2785K, capacity 4496K, committed 4864K, reserved 1056768K
  class space    used 293K, capacity 388K, committed 512K, reserved 1048576K
120.247: #269: [GC (GCLocker Initiated GC) 120.247: #269: [ParNew: 2351202K->24313K(3774912K), 0.0088857 secs] 2362005K->35117K(4823488K), 0.0089206 secs] [Times: user=0.02 sys=0.00 real=0.01 secs] 
Heap after GC invocations=251 (full 19):
 par new generation   total 3774912K, used 24313K [0x0000000680000000, 0x0000000780000000, 0x0000000780000000)
  eden space 3355520K,   0% used [0x0000000680000000, 0x0000000680000000, 0x000000074cce0000)
  from space 419392K,   5% used [0x0000000766670000, 0x0000000767e2e750, 0x0000000780000000)
  to   space 419392K,   0% used [0x000000074cce0000, 0x000000074cce0000, 0x0000000766670000)
 concurrent mark-sweep generation total 1048576K, used 10803K [0x0000000780000000, 0x00000007c0000000, 0x00000007c0000000)
 Metaspace       used 2785K, capacity 4496K, committed 4864K, reserved 1056768K
  class space    used 293K, capacity 388K, committed 512K, reserved 1048576K
}
{Heap before GC invocations=251 (full 19):
 par new generation   total 3774912K, used 3381707K [0x0000000680000000, 0x0000000780000000, 0x0000000780000000)
  eden space 3355520K, 100% used [0x0000000680000000, 0x000000074cce0000, 0x000000074cce0000)
  from space 419392K,   6% used [0x0000000766670000, 0x0000000768002f28, 0x0000000780000000)
  to   space 419392K,   0% used [0x000000074cce0000, 0x000000074cce0000, 0x0000000766670000)
 concurrent mark-sweep generation total 1048576K, used 10803K [0x0000000780000000, 0x00000007c0000000, 0x00000007c0000000)
 Metaspace       used 2785K, capacity 4496K, committed 4864K, reserved 1056768K
  class space    used 293K, capacity 388K, committed 512K, reserved 1048576K
120.793: #270: [GC (GCLocker Initiated GC) 120.793: #270: [ParNew: 3381707K->29700K(3774912K), 0.0105202 secs] 3392511K->40504K(4823488K), 0.0105511 secs] [Times: user=0.02 sys=0.00 real=0.01 secs] 
Heap after GC invocations=252 (full 19):
 par new generation   total 3774912K, used 29700K [0x0000000680000000, 0x0000000780000000, 0x0000000780000000)
  eden space 3355520K,   0% used [0x0000000680000000, 0x0000000680000000, 0x000000074cce0000)
  from space 419392K,   7% used [0x000000074cce0000, 0x000000074e9e1340, 0x0000000766670000)
  to   space 419392K,   0% used [0x0000000766670000, 0x0000000766670000, 0x0000000780000000)
 concurrent mark-sweep generation total 1048576K, used 10803K [0x0000000780000000, 0x00000007c0000000, 0x00000007c0000000)
 Metaspace       used 2785K, capacity 4496K, committed 4864K, reserved 1056768K
  class space    used 293K, capacity 388K, committed 512K, reserved 1048576K
}
{Heap before GC invocations=252 (full 19):
 par new generation   total 3774912K, used 3385220K [0x0000000680000000, 0x0000000780000000, 0x0000000780000000)
  eden space 3355520K, 100% used [0x0000000680000000, 0x000000074cce0000, 0x000000074cce0000)
  from space 419392K,   7% used [0x000000074cce0000, 0x000000074e9e1340, 0x0000000766670000)
  to   space 419392K,   0% used [0x0000000766670000, 0x0000000766670000, 0x0000000780000000)
 concurrent mark-sweep generation total 1048576K, used 10803K [0x0000000780000000, 0x00000007c0000000, 0x00000007c0000000)
 Metaspace       used 2785K, capacity 4496K, committed 4864K, reserved 1056768K
  class space    used 293K, capacity 388K, committed 512K, reserved 1048576K
121.334: #271: [GC (Allocation Failure) 121.334: #271: [ParNew: 3385220K->30704K(3774912K), 0.0102242 secs] 3396024K->41507K(4823488K), 0.0102627 secs] [Times: user=0.03 sys=0.00 real=0.01 secs] 
Heap after GC invocations=253 (full 19):
 par new generation   total 3774912K, used 30704K [0x0000000680000000, 0x0000000780000000, 0x0000000780000000)
  eden space 3355520K,   0% used [0x0000000680000000, 0x0000000680000000, 0x000000074cce0000)
  from space 419392K,   7% used [0x0000000766670000, 0x000000076846c160, 0x0000000780000000)
  to   space 419392K,   0% used [0x000000074cce0000, 0x000000074cce0000, 0x0000000766670000)
 concurrent mark-sweep generation total 1048576K, used 10803K [0x0000000780000000, 0x00000007c0000000, 0x00000007c0000000)
 Metaspace       used 2785K, capacity 4496K, committed 4864K, reserved 1056768K
  class space    used 293K, capacity 388K, committed 512K, reserved 1048576K
}
{Heap before GC invocations=253 (full 19):
 par new generation   total 3774912K, used 3386224K [0x0000000680000000, 0x0000000780000000, 0x0000000780000000)
  eden space 3355520K, 100% used [0x0000000680000000, 0x000000074cce0000, 0x000000074cce0000)
  from space 419392K,   7% used [0x0000000766670000, 0x000000076846c180, 0x0000000780000000)
  to   space 419392K,   0% used [0x000000074cce0000, 0x000000074cce0000, 0x0000000766670000)
 concurrent mark-sweep generation total 1048576K, used 10803K [0x0000000780000000, 0x00000007c0000000, 0x00000007c0000000)
 Metaspace       used 2785K, capacity 4496K, committed 4864K, reserved 1056768K
  class space    used 293K, capacity 388K, committed 512K, reserved 1048576K
121.867: #272: [GC (Allocation Failure) 121.868: #272: [ParNew: 3386224K->28406K(3774912K), 0.0101901 secs] 3397027K->39209K(4823488K), 0.0102377 secs] [Times: user=0.02 sys=0.00 real=0.01 secs] 
Heap after GC invocations=254 (full 19):
 par new generation   total 3774912K, used 28406K [0x0000000680000000, 0x0000000780000000, 0x0000000780000000)
  eden space 3355520K,   0% used [0x0000000680000000, 0x0000000680000000, 0x000000074cce0000)
  from space 419392K,   6% used [0x000000074cce0000, 0x000000074e89d840, 0x0000000766670000)
  to   space 419392K,   0% used [0x0000000766670000, 0x0000000766670000, 0x0000000780000000)
 concurrent mark-sweep generation total 1048576K, used 10803K [0x0000000780000000, 0x00000007c0000000, 0x00000007c0000000)
 Metaspace       used 2785K, capacity 4496K, committed 4864K, reserved 1056768K
  class space    used 293K, capacity 388K, committed 512K, reserved 1048576K
}
{Heap before GC invocations=254 (full 19):
 par new generation   total 3774912K, used 142408K [0x0000000680000000, 0x0000000780000000, 0x0000000780000000)
  eden space 3355520K,   3% used [0x0000000680000000, 0x0000000686f54b00, 0x000000074cce0000)
  from space 419392K,   6% used [0x000000074cce0000, 0x000000074e89d840, 0x0000000766670000)
  to   space 419392K,   0% used [0x0000000766670000, 0x0000000766670000, 0x0000000780000000)
 concurrent mark-sweep generation total 1048576K, used 10803K [0x0000000780000000, 0x00000007c0000000, 0x00000007c0000000)
 Metaspace       used 2785K, capacity 4496K, committed 4864K, reserved 1056768K
  class space    used 293K, capacity 388K, committed 512K, reserved 1048576K
121.888: #273: [GC (GCLocker Initiated GC) 121.888: #273: [ParNew: 142408K->23657K(3774912K), 0.0070362 secs] 153212K->34460K(4823488K), 0.0070799 secs] [Times: user=0.02 sys=0.00 real=0.01 secs] 
Heap after GC invocations=255 (full 19):
 par new generation   total 3774912K, used 23657K [0x0000000680000000, 0x0000000780000000, 0x0000000780000000)
  eden space 3355520K,   0% used [0x0000000680000000, 0x0000000680000000, 0x000000074cce0000)
  from space 419392K,   5% used [0x0000000766670000, 0x0000000767d8a438, 0x0000000780000000)
  to   space 419392K,   0% used [0x000000074cce0000, 0x000000074cce0000, 0x0000000766670000)
 concurrent mark-sweep generation total 1048576K, used 10803K [0x0000000780000000, 0x00000007c0000000, 0x00000007c0000000)
 Metaspace       used 2785K, capacity 4496K, committed 4864K, reserved 1056768K
  class space    used 293K, capacity 388K, committed 512K, reserved 1048576K
}
{Heap before GC invocations=255 (full 19):
 par new generation   total 3774912K, used 3379493K [0x0000000680000000, 0x0000000780000000, 0x0000000780000000)
  eden space 3355520K, 100% used [0x0000000680000000, 0x000000074cce0000, 0x000000074cce0000)
  from space 419392K,   5% used [0x0000000766670000, 0x0000000767dd96c0, 0x0000000780000000)
  to   space 419392K,   0% used [0x000000074cce0000, 0x000000074cce0000, 0x0000000766670000)
 concurrent mark-sweep generation total 1048576K, used 10803K [0x0000000780000000, 0x00000007c0000000, 0x00000007c0000000)
 Metaspace       used 2785K, capacity 4496K, committed 4864K, reserved 1056768K
  class space    used 293K, capacity 388K, committed 512K, reserved 1048576K
122.418: #274: [GC (Allocation Failure) 122.418: #274: [ParNew: 3379493K->44251K(3774912K), 0.0102632 secs] 3390297K->55054K(4823488K), 0.0103050 secs] [Times: user=0.02 sys=0.00 real=0.01 secs] 
Heap after GC invocations=256 (full 19):
 par new generation   total 3774912K, used 44251K [0x0000000680000000, 0x0000000780000000, 0x0000000780000000)
  eden space 3355520K,   0% used [0x0000000680000000, 0x0000000680000000, 0x000000074cce0000)
  from space 419392K,  10% used [0x000000074cce0000, 0x000000074f816ce0, 0x0000000766670000)
  to   space 419392K,   0% used [0x0000000766670000, 0x0000000766670000, 0x0000000780000000)
 concurrent mark-sweep generation total 1048576K, used 10803K [0x0000000780000000, 0x00000007c0000000, 0x00000007c0000000)
 Metaspace       used 2785K, capacity 4496K, committed 4864K, reserved 1056768K
  class space    used 293K, capacity 388K, committed 512K, reserved 1048576K
}
{Heap before GC invocations=256 (full 19):
 par new generation   total 3774912K, used 76927K [0x0000000680000000, 0x0000000780000000, 0x0000000780000000)
  eden space 3355520K,   0% used [0x0000000680000000, 0x0000000681fe9168, 0x000000074cce0000)
  from space 419392K,  10% used [0x000000074cce0000, 0x000000074f816ce0, 0x0000000766670000)
  to   space 419392K,   0% used [0x0000000766670000, 0x0000000766670000, 0x0000000780000000)
 concurrent mark-sweep generation total 1048576K, used 10803K [0x0000000780000000, 0x00000007c0000000, 0x00000007c0000000)
 Metaspace       used 2785K, capacity 4496K, committed 4864K, reserved 1056768K
  class space    used 293K, capacity 388K, committed 512K, reserved 1048576K
122.429: #275: [GC (GCLocker Initiated GC) 122.429: #275: [ParNew: 76927K->30754K(3774912K), 0.0079002 secs] 87731K->41558K(4823488K), 0.0079350 secs] [Times: user=0.03 sys=0.00 real=0.01 secs] 
Heap after GC invocations=257 (full 19):
 par new generation   total 3774912K, used 30754K [0x0000000680000000, 0x0000000780000000, 0x0000000780000000)
  eden space 3355520K,   0% used [0x0000000680000000, 0x0000000680000000, 0x000000074cce0000)
  from space 419392K,   7% used [0x0000000766670000, 0x0000000768478bd0, 0x0000000780000000)
  to   space 419392K,   0% used [0x000000074cce0000, 0x000000074cce0000, 0x0000000766670000)
 concurrent mark-sweep generation total 1048576K, used 10803K [0x0000000780000000, 0x00000007c0000000, 0x00000007c0000000)
 Metaspace       used 2785K, capacity 4496K, committed 4864K, reserved 1056768K
  class space    used 293K, capacity 388K, committed 512K, reserved 1048576K
}
{Heap before GC invocations=257 (full 19):
 par new generation   total 3774912K, used 3386274K [0x0000000680000000, 0x0000000780000000, 0x0000000780000000)
  eden space 3355520K, 100% used [0x0000000680000000, 0x000000074cce0000, 0x000000074cce0000)
  from space 419392K,   7% used [0x0000000766670000, 0x0000000768478bd0, 0x0000000780000000)
  to   space 419392K,   0% used [0x000000074cce0000, 0x000000074cce0000, 0x0000000766670000)
 concurrent mark-sweep generation total 1048576K, used 10803K [0x0000000780000000, 0x00000007c0000000, 0x00000007c0000000)
 Metaspace       used 2785K, capacity 4496K, committed 4864K, reserved 1056768K
  class space    used 293K, capacity 388K, committed 512K, reserved 1048576K
122.968: #276: [GC (Allocation Failure) 122.968: #276: [ParNew: 3386274K->50144K(3774912K), 0.0104239 secs] 3397078K->60947K(4823488K), 0.0104633 secs] [Times: user=0.03 sys=0.00 real=0.01 secs] 
Heap after GC invocations=258 (full 19):
 par new generation   total 3774912K, used 50144K [0x0000000680000000, 0x0000000780000000, 0x0000000780000000)
  eden space 3355520K,   0% used [0x0000000680000000, 0x0000000680000000, 0x000000074cce0000)
  from space 419392K,  11% used [0x000000074cce0000, 0x000000074fdd8140, 0x0000000766670000)
  to   space 419392K,   0% used [0x0000000766670000, 0x0000000766670000, 0x0000000780000000)
 concurrent mark-sweep generation total 1048576K, used 10803K [0x0000000780000000, 0x00000007c0000000, 0x00000007c0000000)
 Metaspace       used 2785K, capacity 4496K, committed 4864K, reserved 1056768K
  class space    used 293K, capacity 388K, committed 512K, reserved 1048576K
}
{Heap before GC invocations=258 (full 19):
 par new generation   total 3774912K, used 3405664K [0x0000000680000000, 0x0000000780000000, 0x0000000780000000)
  eden space 3355520K, 100% used [0x0000000680000000, 0x000000074cce0000, 0x000000074cce0000)
  from space 419392K,  11% used [0x000000074cce0000, 0x000000074fdd8150, 0x0000000766670000)
  to   space 419392K,   0% used [0x0000000766670000, 0x0000000766670000, 0x0000000780000000)
 concurrent mark-sweep generation total 1048576K, used 10803K [0x0000000780000000, 0x00000007c0000000, 0x00000007c0000000)
 Metaspace       used 2785K, capacity 4496K, committed 4864K, reserved 1056768K
  class space    used 293K, capacity 388K, committed 512K, reserved 1048576K
123.503: #277: [GC (Allocation Failure) 123.503: #277: [ParNew: 3405664K->32384K(3774912K), 0.0103478 secs] 3416467K->43187K(4823488K), 0.0103829 secs] [Times: user=0.02 sys=0.00 real=0.01 secs] 
Heap after GC invocations=259 (full 19):
 par new generation   total 3774912K, used 32384K [0x0000000680000000, 0x0000000780000000, 0x0000000780000000)
  eden space 3355520K,   0% used [0x0000000680000000, 0x0000000680000000, 0x000000074cce0000)
  from space 419392K,   7% used [0x0000000766670000, 0x0000000768610000, 0x0000000780000000)
  to   space 419392K,   0% used [0x000000074cce0000, 0x000000074cce0000, 0x0000000766670000)
 concurrent mark-sweep generation total 1048576K, used 10803K [0x0000000780000000, 0x00000007c0000000, 0x00000007c0000000)
 Metaspace       used 2785K, capacity 4496K, committed 4864K, reserved 1056768K
  class space    used 293K, capacity 388K, committed 512K, reserved 1048576K
}
{Heap before GC invocations=259 (full 19):
 par new generation   total 3774912K, used 146517K [0x0000000680000000, 0x0000000780000000, 0x0000000780000000)
  eden space 3355520K,   3% used [0x0000000680000000, 0x0000000686f75770, 0x000000074cce0000)
  from space 419392K,   7% used [0x0000000766670000, 0x0000000768610000, 0x0000000780000000)
  to   space 419392K,   0% used [0x000000074cce0000, 0x000000074cce0000, 0x0000000766670000)
 concurrent mark-sweep generation total 1048576K, used 10803K [0x0000000780000000, 0x00000007c0000000, 0x00000007c0000000)
 Metaspace       used 2785K, capacity 4496K, committed 4864K, reserved 1056768K
  class space    used 293K, capacity 388K, committed 512K, reserved 1048576K
123.525: #278: [GC (GCLocker Initiated GC) 123.525: #278: [ParNew: 146517K->24504K(3774912K), 0.0072444 secs] 157321K->35308K(4823488K), 0.0072879 secs] [Times: user=0.03 sys=0.00 real=0.00 secs] 
Heap after GC invocations=260 (full 19):
 par new generation   total 3774912K, used 24504K [0x0000000680000000, 0x0000000780000000, 0x0000000780000000)
  eden space 3355520K,   0% used [0x0000000680000000, 0x0000000680000000, 0x000000074cce0000)
  from space 419392K,   5% used [0x000000074cce0000, 0x000000074e4ce2c0, 0x0000000766670000)
  to   space 419392K,   0% used [0x0000000766670000, 0x0000000766670000, 0x0000000780000000)
 concurrent mark-sweep generation total 1048576K, used 10803K [0x0000000780000000, 0x00000007c0000000, 0x00000007c0000000)
 Metaspace       used 2785K, capacity 4496K, committed 4864K, reserved 1056768K
  class space    used 293K, capacity 388K, committed 512K, reserved 1048576K
}
{Heap before GC invocations=260 (full 19):
 par new generation   total 3774912K, used 3380024K [0x0000000680000000, 0x0000000780000000, 0x0000000780000000)
  eden space 3355520K, 100% used [0x0000000680000000, 0x000000074cce0000, 0x000000074cce0000)
  from space 419392K,   5% used [0x000000074cce0000, 0x000000074e4ce2c0, 0x0000000766670000)
  to   space 419392K,   0% used [0x0000000766670000, 0x0000000766670000, 0x0000000780000000)
 concurrent mark-sweep generation total 1048576K, used 10803K [0x0000000780000000, 0x00000007c0000000, 0x00000007c0000000)
 Metaspace       used 2785K, capacity 4496K, committed 4864K, reserved 1056768K
  class space    used 293K, capacity 388K, committed 512K, reserved 1048576K
124.052: #279: [GC (Allocation Failure) 124.052: #279: [ParNew: 3380024K->45064K(3774912K), 0.0105560 secs] 3390828K->55867K(4823488K), 0.0105948 secs] [Times: user=0.02 sys=0.00 real=0.02 secs] 
Heap after GC invocations=261 (full 19):
 par new generation   total 3774912K, used 45064K [0x0000000680000000, 0x0000000780000000, 0x0000000780000000)
  eden space 3355520K,   0% used [0x0000000680000000, 0x0000000680000000, 0x000000074cce0000)
  from space 419392K,  10% used [0x0000000766670000, 0x0000000769272180, 0x0000000780000000)
  to   space 419392K,   0% used [0x000000074cce0000, 0x000000074cce0000, 0x0000000766670000)
 concurrent mark-sweep generation total 1048576K, used 10803K [0x0000000780000000, 0x00000007c0000000, 0x00000007c0000000)
 Metaspace       used 2785K, capacity 4496K, committed 4864K, reserved 1056768K
  class space    used 293K, capacity 388K, committed 512K, reserved 1048576K
}
{Heap before GC invocations=261 (full 19):
 par new generation   total 3774912K, used 3400584K [0x0000000680000000, 0x0000000780000000, 0x0000000780000000)
  eden space 3355520K, 100% used [0x0000000680000000, 0x000000074cce0000, 0x000000074cce0000)
  from space 419392K,  10% used [0x0000000766670000, 0x00000007692721b0, 0x0000000780000000)
  to   space 419392K,   0% used [0x000000074cce0000, 0x000000074cce0000, 0x0000000766670000)
 concurrent mark-sweep generation total 1048576K, used 10803K [0x0000000780000000, 0x00000007c0000000, 0x00000007c0000000)
 Metaspace       used 2785K, capacity 4496K, committed 4864K, reserved 1056768K
  class space    used 293K, capacity 388K, committed 512K, reserved 1048576K
124.585: #280: [GC (Allocation Failure) 124.585: #280: [ParNew: 3400584K->31314K(3774912K), 0.0101742 secs] 3411387K->42118K(4823488K), 0.0102090 secs] [Times: user=0.02 sys=0.00 real=0.01 secs] 
Heap after GC invocations=262 (full 19):
 par new generation   total 3774912K, used 31314K [0x0000000680000000, 0x0000000780000000, 0x0000000780000000)
  eden space 3355520K,   0% used [0x0000000680000000, 0x0000000680000000, 0x000000074cce0000)
  from space 419392K,   7% used [0x000000074cce0000, 0x000000074eb74b80, 0x0000000766670000)
  to   space 419392K,   0% used [0x0000000766670000, 0x0000000766670000, 0x0000000780000000)
 concurrent mark-sweep generation total 1048576K, used 10803K [0x0000000780000000, 0x00000007c0000000, 0x00000007c0000000)
 Metaspace       used 2785K, capacity 4496K, committed 4864K, reserved 1056768K
  class space    used 293K, capacity 388K, committed 512K, reserved 1048576K
}
{Heap before GC invocations=262 (full 19):
 par new generation   total 3774912K, used 145114K [0x0000000680000000, 0x0000000780000000, 0x0000000780000000)
  eden space 3355520K,   3% used [0x0000000680000000, 0x0000000686f21fb8, 0x000000074cce0000)
  from space 419392K,   7% used [0x000000074cce0000, 0x000000074eb74b80, 0x0000000766670000)
  to   space 419392K,   0% used [0x0000000766670000, 0x0000000766670000, 0x0000000780000000)
 concurrent mark-sweep generation total 1048576K, used 10803K [0x0000000780000000, 0x00000007c0000000, 0x00000007c0000000)
 Metaspace       used 2785K, capacity 4496K, committed 4864K, reserved 1056768K
  class space    used 293K, capacity 388K, committed 512K, reserved 1048576K
124.607: #281: [GC (GCLocker Initiated GC) 124.607: #281: [ParNew: 145114K->22972K(3774912K), 0.0065879 secs] 155918K->33775K(4823488K), 0.0066356 secs] [Times: user=0.02 sys=0.00 real=0.01 secs] 
Heap after GC invocations=263 (full 19):
 par new generation   total 3774912K, used 22972K [0x0000000680000000, 0x0000000780000000, 0x0000000780000000)
  eden space 3355520K,   0% used [0x0000000680000000, 0x0000000680000000, 0x000000074cce0000)
  from space 419392K,   5% used [0x0000000766670000, 0x0000000767cdf050, 0x0000000780000000)
  to   space 419392K,   0% used [0x000000074cce0000, 0x000000074cce0000, 0x0000000766670000)
 concurrent mark-sweep generation total 1048576K, used 10803K [0x0000000780000000, 0x00000007c0000000, 0x00000007c0000000)
 Metaspace       used 2785K, capacity 4496K, committed 4864K, reserved 1056768K
  class space    used 293K, capacity 388K, committed 512K, reserved 1048576K
}
{Heap before GC invocations=263 (full 19):
 par new generation   total 3774912K, used 3378498K [0x0000000680000000, 0x0000000780000000, 0x0000000780000000)
  eden space 3355520K, 100% used [0x0000000680000000, 0x000000074cce0000, 0x000000074cce0000)
  from space 419392K,   5% used [0x0000000766670000, 0x0000000767ce0820, 0x0000000780000000)
  to   space 419392K,   0% used [0x000000074cce0000, 0x000000074cce0000, 0x0000000766670000)
 concurrent mark-sweep generation total 1048576K, used 10803K [0x0000000780000000, 0x00000007c0000000, 0x00000007c0000000)
 Metaspace       used 2785K, capacity 4496K, committed 4864K, reserved 1056768K
  class space    used 293K, capacity 388K, committed 512K, reserved 1048576K
125.143: #282: [GC (Allocation Failure) 125.143: #282: [ParNew: 3378498K->44995K(3774912K), 0.0107546 secs] 3389301K->55798K(4823488K), 0.0107936 secs] [Times: user=0.02 sys=0.00 real=0.01 secs] 
Heap after GC invocations=264 (full 19):
 par new generation   total 3774912K, used 44995K [0x0000000680000000, 0x0000000780000000, 0x0000000780000000)
  eden space 3355520K,   0% used [0x0000000680000000, 0x0000000680000000, 0x000000074cce0000)
  from space 419392K,  10% used [0x000000074cce0000, 0x000000074f8d0dc0, 0x0000000766670000)
  to   space 419392K,   0% used [0x0000000766670000, 0x0000000766670000, 0x0000000780000000)
 concurrent mark-sweep generation total 1048576K, used 10803K [0x0000000780000000, 0x00000007c0000000, 0x00000007c0000000)
 Metaspace       used 2785K, capacity 4496K, committed 4864K, reserved 1056768K
  class space    used 293K, capacity 388K, committed 512K, reserved 1048576K
}
{Heap before GC invocations=264 (full 19):
 par new generation   total 3774912K, used 158945K [0x0000000680000000, 0x0000000780000000, 0x0000000780000000)
  eden space 3355520K,   3% used [0x0000000680000000, 0x0000000686f479b8, 0x000000074cce0000)
  from space 419392K,  10% used [0x000000074cce0000, 0x000000074f8d0dc0, 0x0000000766670000)
  to   space 419392K,   0% used [0x0000000766670000, 0x0000000766670000, 0x0000000780000000)
 concurrent mark-sweep generation total 1048576K, used 10803K [0x0000000780000000, 0x00000007c0000000, 0x00000007c0000000)
 Metaspace       used 2785K, capacity 4496K, committed 4864K, reserved 1056768K
  class space    used 293K, capacity 388K, committed 512K, reserved 1048576K
125.165: #283: [GC (GCLocker Initiated GC) 125.165: #283: [ParNew: 158945K->25852K(3774912K), 0.0067089 secs] 169749K->36655K(4823488K), 0.0067567 secs] [Times: user=0.03 sys=0.00 real=0.00 secs] 
Heap after GC invocations=265 (full 19):
 par new generation   total 3774912K, used 25852K [0x0000000680000000, 0x0000000780000000, 0x0000000780000000)
  eden space 3355520K,   0% used [0x0000000680000000, 0x0000000680000000, 0x000000074cce0000)
  from space 419392K,   6% used [0x0000000766670000, 0x0000000767faf0f0, 0x0000000780000000)
  to   space 419392K,   0% used [0x000000074cce0000, 0x000000074cce0000, 0x0000000766670000)
 concurrent mark-sweep generation total 1048576K, used 10803K [0x0000000780000000, 0x00000007c0000000, 0x00000007c0000000)
 Metaspace       used 2785K, capacity 4496K, committed 4864K, reserved 1056768K
  class space    used 293K, capacity 388K, committed 512K, reserved 1048576K
}
SYSTEM_GC BEFORE
{Heap before GC invocations=265 (full 19):
 par new generation   total 3774912K, used 426544K [0x0000000680000000, 0x0000000780000000, 0x0000000780000000)
  eden space 3355520K,  11% used [0x0000000680000000, 0x000000069874cf10, 0x000000074cce0000)
  from space 419392K,   6% used [0x0000000766670000, 0x0000000767faf0f0, 0x0000000780000000)
  to   space 419392K,   0% used [0x000000074cce0000, 0x000000074cce0000, 0x0000000766670000)
 concurrent mark-sweep generation total 1048576K, used 10803K [0x0000000780000000, 0x00000007c0000000, 0x00000007c0000000)
 Metaspace       used 2785K, capacity 4496K, committed 4864K, reserved 1056768K
  class space    used 293K, capacity 388K, committed 512K, reserved 1048576K
125.245: #284: [GC (System.gc()) 125.245: #284: [ParNew: 426544K->21448K(3774912K), 0.0053232 secs] 437347K->32252K(4823488K), 0.0053734 secs] [Times: user=0.02 sys=0.00 real=0.00 secs] 
Heap after GC invocations=266 (full 19):
 par new generation   total 3774912K, used 21448K [0x0000000680000000, 0x0000000780000000, 0x0000000780000000)
  eden space 3355520K,   0% used [0x0000000680000000, 0x0000000680000000, 0x000000074cce0000)
  from space 419392K,   5% used [0x000000074cce0000, 0x000000074e1d2340, 0x0000000766670000)
  to   space 419392K,   0% used [0x0000000766670000, 0x0000000766670000, 0x0000000780000000)
 concurrent mark-sweep generation total 1048576K, used 10803K [0x0000000780000000, 0x00000007c0000000, 0x00000007c0000000)
 Metaspace       used 2785K, capacity 4496K, committed 4864K, reserved 1056768K
  class space    used 293K, capacity 388K, committed 512K, reserved 1048576K
}
125.251: #285: [GC (CMS Initial Mark) [1 CMS-initial-mark: 10803K(1048576K)] 64675K(4823488K), 0.0008969 secs] [Times: user=0.00 sys=0.00 real=0.00 secs] 
125.252: #285: [CMS-concurrent-mark-start]
125.275: #285: [CMS-concurrent-mark: 0.023/0.023 secs] [Times: user=0.08 sys=0.02 real=0.03 secs] 
125.275: #285: [CMS-concurrent-preclean-start]
125.277: #285: [CMS-concurrent-preclean: 0.003/0.003 secs] [Times: user=0.00 sys=0.00 real=0.00 secs] 
125.277: #285: [CMS-concurrent-abortable-preclean-start]
125.684: #285: [CMS-concurrent-abortable-preclean: 0.104/0.406 secs] [Times: user=1.54 sys=0.05 real=0.41 secs] 
125.684: #285: [GC (CMS Final Remark) [YG occupancy: 2692887 K (3774912 K)]{Heap before GC invocations=266 (full 20):
 par new generation   total 3774912K, used 2692887K [0x0000000680000000, 0x0000000780000000, 0x0000000780000000)
  eden space 3355520K,  79% used [0x0000000680000000, 0x00000007230d3ad8, 0x000000074cce0000)
  from space 419392K,   5% used [0x000000074cce0000, 0x000000074e1d2340, 0x0000000766670000)
  to   space 419392K,   0% used [0x0000000766670000, 0x0000000766670000, 0x0000000780000000)
 concurrent mark-sweep generation total 1048576K, used 10803K [0x0000000780000000, 0x00000007c0000000, 0x00000007c0000000)
 Metaspace       used 2785K, capacity 4496K, committed 4864K, reserved 1056768K
  class space    used 293K, capacity 388K, committed 512K, reserved 1048576K
125.684: #286: [GC (CMS Final Remark) 125.684: #286: [ParNew: 2692887K->27711K(3774912K), 0.0093048 secs] 2703690K->38514K(4823488K), 0.0093351 secs] [Times: user=0.02 sys=0.00 real=0.01 secs] 
Heap after GC invocations=267 (full 20):
 par new generation   total 3774912K, used 27711K [0x0000000680000000, 0x0000000780000000, 0x0000000780000000)
  eden space 3355520K,   0% used [0x0000000680000000, 0x0000000680000000, 0x000000074cce0000)
  from space 419392K,   6% used [0x0000000766670000, 0x000000076817fdc0, 0x0000000780000000)
  to   space 419392K,   0% used [0x000000074cce0000, 0x000000074cce0000, 0x0000000766670000)
 concurrent mark-sweep generation total 1048576K, used 10803K [0x0000000780000000, 0x00000007c0000000, 0x00000007c0000000)
 Metaspace       used 2785K, capacity 4496K, committed 4864K, reserved 1056768K
  class space    used 293K, capacity 388K, committed 512K, reserved 1048576K
}
125.694: #285: [Rescan (parallel) , 0.0018068 secs]125.696: #285: [weak refs processing, 0.0000131 secs]125.696: #285: [class unloading, 0.0002680 secs]125.696: #285: [scrub symbol table, 0.0003920 secs]125.696: #285: [scrub string table, 0.0001470 secs][1 CMS-remark: 10803K(1048576K)] 38514K(4823488K), 0.0121540 secs] [Times: user=0.03 sys=0.00 real=0.01 secs] 
125.697: #285: [CMS-concurrent-sweep-start]
125.703: #285: [CMS-concurrent-sweep: 0.007/0.007 secs] [Times: user=0.02 sys=0.01 real=0.01 secs] 
125.703: #285: [CMS-concurrent-reset-start]
SYSTEM_GC AFTER
125.706: #285: [CMS-concurrent-reset: 0.002/0.002 secs] [Times: user=0.01 sys=0.00 real=0.00 secs] 
{Heap before GC invocations=267 (full 20):
 par new generation   total 3774912K, used 3383231K [0x0000000680000000, 0x0000000780000000, 0x0000000780000000)
  eden space 3355520K, 100% used [0x0000000680000000, 0x000000074cce0000, 0x000000074cce0000)
  from space 419392K,   6% used [0x0000000766670000, 0x000000076817fdc0, 0x0000000780000000)
  to   space 419392K,   0% used [0x000000074cce0000, 0x000000074cce0000, 0x0000000766670000)
 concurrent mark-sweep generation total 1048576K, used 10803K [0x0000000780000000, 0x00000007c0000000, 0x00000007c0000000)
 Metaspace       used 2785K, capacity 4496K, committed 4864K, reserved 1056768K
  class space    used 293K, capacity 388K, committed 512K, reserved 1048576K
126.218: #287: [GC (Allocation Failure) 126.218: #287: [ParNew: 3383231K->30291K(3774912K), 0.0102524 secs] 3394034K->41095K(4823488K), 0.0103000 secs] [Times: user=0.02 sys=0.00 real=0.01 secs] 
Heap after GC invocations=268 (full 20):
 par new generation   total 3774912K, used 30291K [0x0000000680000000, 0x0000000780000000, 0x0000000780000000)
  eden space 3355520K,   0% used [0x0000000680000000, 0x0000000680000000, 0x000000074cce0000)
  from space 419392K,   7% used [0x000000074cce0000, 0x000000074ea74ff8, 0x0000000766670000)
  to   space 419392K,   0% used [0x0000000766670000, 0x0000000766670000, 0x0000000780000000)
 concurrent mark-sweep generation total 1048576K, used 10803K [0x0000000780000000, 0x00000007c0000000, 0x00000007c0000000)
 Metaspace       used 2785K, capacity 4496K, committed 4864K, reserved 1056768K
  class space    used 293K, capacity 388K, committed 512K, reserved 1048576K
}
{Heap before GC invocations=268 (full 20):
 par new generation   total 3774912K, used 3387962K [0x0000000680000000, 0x0000000780000000, 0x0000000780000000)
  eden space 3355520K, 100% used [0x0000000680000000, 0x000000074cce0000, 0x000000074cce0000)
  from space 419392K,   7% used [0x000000074cce0000, 0x000000074ec8eab0, 0x0000000766670000)
  to   space 419392K,   0% used [0x0000000766670000, 0x0000000766670000, 0x0000000780000000)
 concurrent mark-sweep generation total 1048576K, used 10803K [0x0000000780000000, 0x00000007c0000000, 0x00000007c0000000)
 Metaspace       used 2785K, capacity 4496K, committed 4864K, reserved 1056768K
  class space    used 293K, capacity 388K, committed 512K, reserved 1048576K
126.761: #288: [GC (Allocation Failure) 126.761: #288: [ParNew: 3387962K->31015K(3774912K), 0.0105578 secs] 3398766K->41819K(4823488K), 0.0106043 secs] [Times: user=0.03 sys=0.00 real=0.01 secs] 
Heap after GC invocations=269 (full 20):
 par new generation   total 3774912K, used 31015K [0x0000000680000000, 0x0000000780000000, 0x0000000780000000)
  eden space 3355520K,   0% used [0x0000000680000000, 0x0000000680000000, 0x000000074cce0000)
  from space 419392K,   7% used [0x0000000766670000, 0x00000007684b9f80, 0x0000000780000000)
  to   space 419392K,   0% used [0x000000074cce0000, 0x000000074cce0000, 0x0000000766670000)
 concurrent mark-sweep generation total 1048576K, used 10803K [0x0000000780000000, 0x00000007c0000000, 0x00000007c0000000)
 Metaspace       used 2785K, capacity 4496K, committed 4864K, reserved 1056768K
  class space    used 293K, capacity 388K, committed 512K, reserved 1048576K
}
{Heap before GC invocations=269 (full 20):
 par new generation   total 3774912K, used 128574K [0x0000000680000000, 0x0000000780000000, 0x0000000780000000)
  eden space 3355520K,   2% used [0x0000000680000000, 0x0000000685f45988, 0x000000074cce0000)
  from space 419392K,   7% used [0x0000000766670000, 0x00000007684b9f80, 0x0000000780000000)
  to   space 419392K,   0% used [0x000000074cce0000, 0x000000074cce0000, 0x0000000766670000)
 concurrent mark-sweep generation total 1048576K, used 10803K [0x0000000780000000, 0x00000007c0000000, 0x00000007c0000000)
 Metaspace       used 2785K, capacity 4496K, committed 4864K, reserved 1056768K
  class space    used 293K, capacity 388K, committed 512K, reserved 1048576K
126.782: #289: [GC (GCLocker Initiated GC) 126.782: #289: [ParNew: 128574K->23428K(3774912K), 0.0066389 secs] 139377K->34231K(4823488K), 0.0066773 secs] [Times: user=0.02 sys=0.00 real=0.01 secs] 
Heap after GC invocations=270 (full 20):
 par new generation   total 3774912K, used 23428K [0x0000000680000000, 0x0000000780000000, 0x0000000780000000)
  eden space 3355520K,   0% used [0x0000000680000000, 0x0000000680000000, 0x000000074cce0000)
  from space 419392K,   5% used [0x000000074cce0000, 0x000000074e3c1128, 0x0000000766670000)
  to   space 419392K,   0% used [0x0000000766670000, 0x0000000766670000, 0x0000000780000000)
 concurrent mark-sweep generation total 1048576K, used 10803K [0x0000000780000000, 0x00000007c0000000, 0x00000007c0000000)
 Metaspace       used 2785K, capacity 4496K, committed 4864K, reserved 1056768K
  class space    used 293K, capacity 388K, committed 512K, reserved 1048576K
}
{Heap before GC invocations=270 (full 20):
 par new generation   total 3774912K, used 3378948K [0x0000000680000000, 0x0000000780000000, 0x0000000780000000)
  eden space 3355520K, 100% used [0x0000000680000000, 0x000000074cce0000, 0x000000074cce0000)
  from space 419392K,   5% used [0x000000074cce0000, 0x000000074e3c1128, 0x0000000766670000)
  to   space 419392K,   0% used [0x0000000766670000, 0x0000000766670000, 0x0000000780000000)
 concurrent mark-sweep generation total 1048576K, used 10803K [0x0000000780000000, 0x00000007c0000000, 0x00000007c0000000)
 Metaspace       used 2785K, capacity 4496K, committed 4864K, reserved 1056768K
  class space    used 293K, capacity 388K, committed 512K, reserved 1048576K
127.328: #290: [GC (Allocation Failure) 127.328: #290: [ParNew: 3378948K->43930K(3774912K), 0.0111320 secs] 3389751K->54733K(4823488K), 0.0111793 secs] [Times: user=0.02 sys=0.00 real=0.01 secs] 
Heap after GC invocations=271 (full 20):
 par new generation   total 3774912K, used 43930K [0x0000000680000000, 0x0000000780000000, 0x0000000780000000)
  eden space 3355520K,   0% used [0x0000000680000000, 0x0000000680000000, 0x000000074cce0000)
  from space 419392K,  10% used [0x0000000766670000, 0x0000000769156a00, 0x0000000780000000)
  to   space 419392K,   0% used [0x000000074cce0000, 0x000000074cce0000, 0x0000000766670000)
 concurrent mark-sweep generation total 1048576K, used 10803K [0x0000000780000000, 0x00000007c0000000, 0x00000007c0000000)
 Metaspace       used 2785K, capacity 4496K, committed 4864K, reserved 1056768K
  class space    used 293K, capacity 388K, committed 512K, reserved 1048576K
}
{Heap before GC invocations=271 (full 20):
 par new generation   total 3774912K, used 3401482K [0x0000000680000000, 0x0000000780000000, 0x0000000780000000)
  eden space 3355520K, 100% used [0x0000000680000000, 0x000000074cce0000, 0x000000074cce0000)
  from space 419392K,  10% used [0x0000000766670000, 0x0000000769352b20, 0x0000000780000000)
  to   space 419392K,   0% used [0x000000074cce0000, 0x000000074cce0000, 0x0000000766670000)
 concurrent mark-sweep generation total 1048576K, used 10803K [0x0000000780000000, 0x00000007c0000000, 0x00000007c0000000)
 Metaspace       used 2785K, capacity 4496K, committed 4864K, reserved 1056768K
  class space    used 293K, capacity 388K, committed 512K, reserved 1048576K
127.897: #291: [GC (GCLocker Initiated GC) 127.897: #291: [ParNew: 3401482K->31815K(3774912K), 0.0104044 secs] 3412286K->42618K(4823488K), 0.0104369 secs] [Times: user=0.03 sys=0.00 real=0.01 secs] 
Heap after GC invocations=272 (full 20):
 par new generation   total 3774912K, used 31815K [0x0000000680000000, 0x0000000780000000, 0x0000000780000000)
  eden space 3355520K,   0% used [0x0000000680000000, 0x0000000680000000, 0x000000074cce0000)
  from space 419392K,   7% used [0x000000074cce0000, 0x000000074ebf1ce0, 0x0000000766670000)
  to   space 419392K,   0% used [0x0000000766670000, 0x0000000766670000, 0x0000000780000000)
 concurrent mark-sweep generation total 1048576K, used 10803K [0x0000000780000000, 0x00000007c0000000, 0x00000007c0000000)
 Metaspace       used 2785K, capacity 4496K, committed 4864K, reserved 1056768K
  class space    used 293K, capacity 388K, committed 512K, reserved 1048576K
}
{Heap before GC invocations=272 (full 20):
 par new generation   total 3774912K, used 3387335K [0x0000000680000000, 0x0000000780000000, 0x0000000780000000)
  eden space 3355520K, 100% used [0x0000000680000000, 0x000000074cce0000, 0x000000074cce0000)
  from space 419392K,   7% used [0x000000074cce0000, 0x000000074ebf1d10, 0x0000000766670000)
  to   space 419392K,   0% used [0x0000000766670000, 0x0000000766670000, 0x0000000780000000)
 concurrent mark-sweep generation total 1048576K, used 10803K [0x0000000780000000, 0x00000007c0000000, 0x00000007c0000000)
 Metaspace       used 2785K, capacity 4496K, committed 4864K, reserved 1056768K
  class space    used 293K, capacity 388K, committed 512K, reserved 1048576K
128.512: #292: [GC (Allocation Failure) 128.512: #292: [ParNew: 3387335K->30860K(3774912K), 0.0106692 secs] 3398138K->41663K(4823488K), 0.0107326 secs] [Times: user=0.03 sys=0.00 real=0.02 secs] 
Heap after GC invocations=273 (full 20):
 par new generation   total 3774912K, used 30860K [0x0000000680000000, 0x0000000780000000, 0x0000000780000000)
  eden space 3355520K,   0% used [0x0000000680000000, 0x0000000680000000, 0x000000074cce0000)
  from space 419392K,   7% used [0x0000000766670000, 0x0000000768493168, 0x0000000780000000)
  to   space 419392K,   0% used [0x000000074cce0000, 0x000000074cce0000, 0x0000000766670000)
 concurrent mark-sweep generation total 1048576K, used 10803K [0x0000000780000000, 0x00000007c0000000, 0x00000007c0000000)
 Metaspace       used 2785K, capacity 4496K, committed 4864K, reserved 1056768K
  class space    used 293K, capacity 388K, committed 512K, reserved 1048576K
}
{Heap before GC invocations=273 (full 20):
 par new generation   total 3774912K, used 111990K [0x0000000680000000, 0x0000000780000000, 0x0000000780000000)
  eden space 3355520K,   2% used [0x0000000680000000, 0x0000000684f3a7c8, 0x000000074cce0000)
  from space 419392K,   7% used [0x0000000766670000, 0x0000000768493168, 0x0000000780000000)
  to   space 419392K,   0% used [0x000000074cce0000, 0x000000074cce0000, 0x0000000766670000)
 concurrent mark-sweep generation total 1048576K, used 10803K [0x0000000780000000, 0x00000007c0000000, 0x00000007c0000000)
 Metaspace       used 2785K, capacity 4496K, committed 4864K, reserved 1056768K
  class space    used 293K, capacity 388K, committed 512K, reserved 1048576K
128.534: #293: [GC (GCLocker Initiated GC) 128.534: #293: [ParNew: 111990K->25252K(3774912K), 0.0067884 secs] 122793K->36055K(4823488K), 0.0068286 secs] [Times: user=0.03 sys=0.00 real=0.00 secs] 
Heap after GC invocations=274 (full 20):
 par new generation   total 3774912K, used 25252K [0x0000000680000000, 0x0000000780000000, 0x0000000780000000)
  eden space 3355520K,   0% used [0x0000000680000000, 0x0000000680000000, 0x000000074cce0000)
  from space 419392K,   6% used [0x000000074cce0000, 0x000000074e589020, 0x0000000766670000)
  to   space 419392K,   0% used [0x0000000766670000, 0x0000000766670000, 0x0000000780000000)
 concurrent mark-sweep generation total 1048576K, used 10803K [0x0000000780000000, 0x00000007c0000000, 0x00000007c0000000)
 Metaspace       used 2785K, capacity 4496K, committed 4864K, reserved 1056768K
  class space    used 293K, capacity 388K, committed 512K, reserved 1048576K
}
{Heap before GC invocations=274 (full 20):
 par new generation   total 3774912K, used 3381630K [0x0000000680000000, 0x0000000780000000, 0x0000000780000000)
  eden space 3355520K, 100% used [0x0000000680000000, 0x000000074cce0000, 0x000000074cce0000)
  from space 419392K,   6% used [0x000000074cce0000, 0x000000074e65f900, 0x0000000766670000)
  to   space 419392K,   0% used [0x0000000766670000, 0x0000000766670000, 0x0000000780000000)
 concurrent mark-sweep generation total 1048576K, used 10803K [0x0000000780000000, 0x00000007c0000000, 0x00000007c0000000)
 Metaspace       used 2785K, capacity 4496K, committed 4864K, reserved 1056768K
  class space    used 293K, capacity 388K, committed 512K, reserved 1048576K
129.116: #294: [GC (GCLocker Initiated GC) 129.116: #294: [ParNew: 3381630K->44935K(3774912K), 0.0110952 secs] 3392433K->55738K(4823488K), 0.0111356 secs] [Times: user=0.02 sys=0.00 real=0.01 secs] 
Heap after GC invocations=275 (full 20):
 par new generation   total 3774912K, used 44935K [0x0000000680000000, 0x0000000780000000, 0x0000000780000000)
  eden space 3355520K,   0% used [0x0000000680000000, 0x0000000680000000, 0x000000074cce0000)
  from space 419392K,  10% used [0x0000000766670000, 0x0000000769251d40, 0x0000000780000000)
  to   space 419392K,   0% used [0x000000074cce0000, 0x000000074cce0000, 0x0000000766670000)
 concurrent mark-sweep generation total 1048576K, used 10803K [0x0000000780000000, 0x00000007c0000000, 0x00000007c0000000)
 Metaspace       used 2785K, capacity 4496K, committed 4864K, reserved 1056768K
  class space    used 293K, capacity 388K, committed 512K, reserved 1048576K
}
{Heap before GC invocations=275 (full 20):
 par new generation   total 3774912K, used 3400465K [0x0000000680000000, 0x0000000780000000, 0x0000000780000000)
  eden space 3355520K, 100% used [0x0000000680000000, 0x000000074cce0000, 0x000000074cce0000)
  from space 419392K,  10% used [0x0000000766670000, 0x0000000769254738, 0x0000000780000000)
  to   space 419392K,   0% used [0x000000074cce0000, 0x000000074cce0000, 0x0000000766670000)
 concurrent mark-sweep generation total 1048576K, used 10803K [0x0000000780000000, 0x00000007c0000000, 0x00000007c0000000)
 Metaspace       used 2785K, capacity 4496K, committed 4864K, reserved 1056768K
  class space    used 293K, capacity 388K, committed 512K, reserved 1048576K
129.731: #295: [GC (Allocation Failure) 129.731: #295: [ParNew: 3400465K->31586K(3774912K), 0.0129816 secs] 3411269K->42389K(4823488K), 0.0130205 secs] [Times: user=0.02 sys=0.00 real=0.02 secs] 
Heap after GC invocations=276 (full 20):
 par new generation   total 3774912K, used 31586K [0x0000000680000000, 0x0000000780000000, 0x0000000780000000)
  eden space 3355520K,   0% used [0x0000000680000000, 0x0000000680000000, 0x000000074cce0000)
  from space 419392K,   7% used [0x000000074cce0000, 0x000000074ebb8820, 0x0000000766670000)
  to   space 419392K,   0% used [0x0000000766670000, 0x0000000766670000, 0x0000000780000000)
 concurrent mark-sweep generation total 1048576K, used 10803K [0x0000000780000000, 0x00000007c0000000, 0x00000007c0000000)
 Metaspace       used 2785K, capacity 4496K, committed 4864K, reserved 1056768K
  class space    used 293K, capacity 388K, committed 512K, reserved 1048576K
}
{Heap before GC invocations=276 (full 20):
 par new generation   total 3774912K, used 145287K [0x0000000680000000, 0x0000000780000000, 0x0000000780000000)
  eden space 3355520K,   3% used [0x0000000680000000, 0x0000000686f09678, 0x000000074cce0000)
  from space 419392K,   7% used [0x000000074cce0000, 0x000000074ebb8820, 0x0000000766670000)
  to   space 419392K,   0% used [0x0000000766670000, 0x0000000766670000, 0x0000000780000000)
 concurrent mark-sweep generation total 1048576K, used 10803K [0x0000000780000000, 0x00000007c0000000, 0x00000007c0000000)
 Metaspace       used 2785K, capacity 4496K, committed 4864K, reserved 1056768K
  class space    used 293K, capacity 388K, committed 512K, reserved 1048576K
129.755: #296: [GC (GCLocker Initiated GC) 129.755: #296: [ParNew: 145287K->24667K(3774912K), 0.0075871 secs] 156091K->35470K(4823488K), 0.0076565 secs] [Times: user=0.03 sys=0.00 real=0.01 secs] 
Heap after GC invocations=277 (full 20):
 par new generation   total 3774912K, used 24667K [0x0000000680000000, 0x0000000780000000, 0x0000000780000000)
  eden space 3355520K,   0% used [0x0000000680000000, 0x0000000680000000, 0x000000074cce0000)
  from space 419392K,   5% used [0x0000000766670000, 0x0000000767e86c90, 0x0000000780000000)
  to   space 419392K,   0% used [0x000000074cce0000, 0x000000074cce0000, 0x0000000766670000)
 concurrent mark-sweep generation total 1048576K, used 10803K [0x0000000780000000, 0x00000007c0000000, 0x00000007c0000000)
 Metaspace       used 2785K, capacity 4496K, committed 4864K, reserved 1056768K
  class space    used 293K, capacity 388K, committed 512K, reserved 1048576K
}
{Heap before GC invocations=277 (full 20):
 par new generation   total 3774912K, used 3380187K [0x0000000680000000, 0x0000000780000000, 0x0000000780000000)
  eden space 3355520K, 100% used [0x0000000680000000, 0x000000074cce0000, 0x000000074cce0000)
  from space 419392K,   5% used [0x0000000766670000, 0x0000000767e86c90, 0x0000000780000000)
  to   space 419392K,   0% used [0x000000074cce0000, 0x000000074cce0000, 0x0000000766670000)
 concurrent mark-sweep generation total 1048576K, used 10803K [0x0000000780000000, 0x00000007c0000000, 0x00000007c0000000)
 Metaspace       used 2785K, capacity 4496K, committed 4864K, reserved 1056768K
  class space    used 293K, capacity 388K, committed 512K, reserved 1048576K
130.341: #297: [GC (Allocation Failure) 130.341: #297: [ParNew: 3380187K->45633K(3774912K), 0.0118683 secs] 3390990K->56436K(4823488K), 0.0119108 secs] [Times: user=0.02 sys=0.00 real=0.01 secs] 
Heap after GC invocations=278 (full 20):
 par new generation   total 3774912K, used 45633K [0x0000000680000000, 0x0000000780000000, 0x0000000780000000)
  eden space 3355520K,   0% used [0x0000000680000000, 0x0000000680000000, 0x000000074cce0000)
  from space 419392K,  10% used [0x000000074cce0000, 0x000000074f970480, 0x0000000766670000)
  to   space 419392K,   0% used [0x0000000766670000, 0x0000000766670000, 0x0000000780000000)
 concurrent mark-sweep generation total 1048576K, used 10803K [0x0000000780000000, 0x00000007c0000000, 0x00000007c0000000)
 Metaspace       used 2785K, capacity 4496K, committed 4864K, reserved 1056768K
  class space    used 293K, capacity 388K, committed 512K, reserved 1048576K
}
SYSTEM_GC BEFORE
130.705: #298: [GC (CMS Initial Mark) [1 CMS-initial-mark: 10803K(1048576K)] 1889748K(4823488K), 0.5120144 secs] [Times: user=1.79 sys=0.01 real=0.51 secs] 
131.217: #298: [CMS-concurrent-mark-start]
{Heap before GC invocations=278 (full 21):
 par new generation   total 3774912K, used 1878944K [0x0000000680000000, 0x0000000780000000, 0x0000000780000000)
  eden space 3355520K,  54% used [0x0000000680000000, 0x00000006efe57e28, 0x000000074cce0000)
  from space 419392K,  10% used [0x000000074cce0000, 0x000000074f970480, 0x0000000766670000)
  to   space 419392K,   0% used [0x0000000766670000, 0x0000000766670000, 0x0000000780000000)
 concurrent mark-sweep generation total 1048576K, used 10803K [0x0000000780000000, 0x00000007c0000000, 0x00000007c0000000)
 Metaspace       used 2785K, capacity 4496K, committed 4864K, reserved 1056768K
  class space    used 293K, capacity 388K, committed 512K, reserved 1048576K
131.218: #299: [GC (GCLocker Initiated GC) 131.218: #299: [ParNew: 1878944K->19788K(3774912K), 0.0078833 secs] 1889748K->30591K(4823488K), 0.0079139 secs] [Times: user=0.02 sys=0.00 real=0.01 secs] 
Heap after GC invocations=279 (full 21):
 par new generation   total 3774912K, used 19788K [0x0000000680000000, 0x0000000780000000, 0x0000000780000000)
  eden space 3355520K,   0% used [0x0000000680000000, 0x0000000680000000, 0x000000074cce0000)
  from space 419392K,   4% used [0x0000000766670000, 0x00000007679c3080, 0x0000000780000000)
  to   space 419392K,   0% used [0x000000074cce0000, 0x000000074cce0000, 0x0000000766670000)
 concurrent mark-sweep generation total 1048576K, used 10803K [0x0000000780000000, 0x00000007c0000000, 0x00000007c0000000)
 Metaspace       used 2785K, capacity 4496K, committed 4864K, reserved 1056768K
  class space    used 293K, capacity 388K, committed 512K, reserved 1048576K
}
131.250: #298: [CMS-concurrent-mark: 0.025/0.033 secs] [Times: user=0.09 sys=0.02 real=0.03 secs] 
131.250: #298: [CMS-concurrent-preclean-start]
131.253: #298: [CMS-concurrent-preclean: 0.003/0.003 secs] [Times: user=0.00 sys=0.00 real=0.00 secs] 
131.253: #298: [CMS-concurrent-abortable-preclean-start]
131.696: #298: [CMS-concurrent-abortable-preclean: 0.137/0.444 secs] [Times: user=1.57 sys=0.06 real=0.45 secs] 
131.698: #298: [GC (CMS Final Remark) [YG occupancy: 2752299 K (3774912 K)]{Heap before GC invocations=279 (full 21):
 par new generation   total 3774912K, used 2752299K [0x0000000680000000, 0x0000000780000000, 0x0000000780000000)
  eden space 3355520K,  81% used [0x0000000680000000, 0x0000000726c77e18, 0x000000074cce0000)
  from space 419392K,   4% used [0x0000000766670000, 0x00000007679c3080, 0x0000000780000000)
  to   space 419392K,   0% used [0x000000074cce0000, 0x000000074cce0000, 0x0000000766670000)
 concurrent mark-sweep generation total 1048576K, used 10803K [0x0000000780000000, 0x00000007c0000000, 0x00000007c0000000)
 Metaspace       used 2785K, capacity 4496K, committed 4864K, reserved 1056768K
  class space    used 293K, capacity 388K, committed 512K, reserved 1048576K
131.698: #300: [GC (CMS Final Remark) 131.698: #300: [ParNew: 2752299K->26844K(3774912K), 0.0094851 secs] 2763103K->37648K(4823488K), 0.0095197 secs] [Times: user=0.03 sys=0.00 real=0.01 secs] 
Heap after GC invocations=280 (full 21):
 par new generation   total 3774912K, used 26844K [0x0000000680000000, 0x0000000780000000, 0x0000000780000000)
  eden space 3355520K,   0% used [0x0000000680000000, 0x0000000680000000, 0x000000074cce0000)
  from space 419392K,   6% used [0x000000074cce0000, 0x000000074e717288, 0x0000000766670000)
  to   space 419392K,   0% used [0x0000000766670000, 0x0000000766670000, 0x0000000780000000)
 concurrent mark-sweep generation total 1048576K, used 10803K [0x0000000780000000, 0x00000007c0000000, 0x00000007c0000000)
 Metaspace       used 2785K, capacity 4496K, committed 4864K, reserved 1056768K
  class space    used 293K, capacity 388K, committed 512K, reserved 1048576K
}
131.707: #298: [Rescan (parallel) , 0.0018551 secs]131.709: #298: [weak refs processing, 0.0000133 secs]131.709: #298: [class unloading, 0.0003138 secs]131.709: #298: [scrub symbol table, 0.0004199 secs]131.710: #298: [scrub string table, 0.0001855 secs][1 CMS-remark: 10803K(1048576K)] 37648K(4823488K), 0.0125595 secs] [Times: user=0.03 sys=0.00 real=0.01 secs] 
131.710: #298: [CMS-concurrent-sweep-start]
131.717: #298: [CMS-concurrent-sweep: 0.007/0.007 secs] [Times: user=0.02 sys=0.01 real=0.01 secs] 
131.717: #298: [CMS-concurrent-reset-start]
SYSTEM_GC AFTER
131.719: #298: [CMS-concurrent-reset: 0.002/0.002 secs] [Times: user=0.01 sys=0.00 real=0.00 secs] 
{Heap before GC invocations=280 (full 21):
 par new generation   total 3774912K, used 3383859K [0x0000000680000000, 0x0000000780000000, 0x0000000780000000)
  eden space 3355520K, 100% used [0x0000000680000000, 0x000000074cce0000, 0x000000074cce0000)
  from space 419392K,   6% used [0x000000074cce0000, 0x000000074e88cea0, 0x0000000766670000)
  to   space 419392K,   0% used [0x0000000766670000, 0x0000000766670000, 0x0000000780000000)
 concurrent mark-sweep generation total 1048576K, used 10803K [0x0000000780000000, 0x00000007c0000000, 0x00000007c0000000)
 Metaspace       used 2785K, capacity 4496K, committed 4864K, reserved 1056768K
  class space    used 293K, capacity 388K, committed 512K, reserved 1048576K
132.284: #301: [GC (GCLocker Initiated GC) 132.284: #301: [ParNew: 3383859K->29461K(3774912K), 0.0129980 secs] 3394663K->40265K(4823488K), 0.0130395 secs] [Times: user=0.02 sys=0.00 real=0.01 secs] 
Heap after GC invocations=281 (full 21):
 par new generation   total 3774912K, used 29461K [0x0000000680000000, 0x0000000780000000, 0x0000000780000000)
  eden space 3355520K,   0% used [0x0000000680000000, 0x0000000680000000, 0x000000074cce0000)
  from space 419392K,   7% used [0x0000000766670000, 0x0000000768335710, 0x0000000780000000)
  to   space 419392K,   0% used [0x000000074cce0000, 0x000000074cce0000, 0x0000000766670000)
 concurrent mark-sweep generation total 1048576K, used 10803K [0x0000000780000000, 0x00000007c0000000, 0x00000007c0000000)
 Metaspace       used 2785K, capacity 4496K, committed 4864K, reserved 1056768K
  class space    used 293K, capacity 388K, committed 512K, reserved 1048576K
}
{Heap before GC invocations=281 (full 21):
 par new generation   total 3774912K, used 3385193K [0x0000000680000000, 0x0000000780000000, 0x0000000780000000)
  eden space 3355520K, 100% used [0x0000000680000000, 0x000000074cce0000, 0x000000074cce0000)
  from space 419392K,   7% used [0x0000000766670000, 0x000000076836a5f8, 0x0000000780000000)
  to   space 419392K,   0% used [0x000000074cce0000, 0x000000074cce0000, 0x0000000766670000)
 concurrent mark-sweep generation total 1048576K, used 10803K [0x0000000780000000, 0x00000007c0000000, 0x00000007c0000000)
 Metaspace       used 2785K, capacity 4496K, committed 4864K, reserved 1056768K
  class space    used 293K, capacity 388K, committed 512K, reserved 1048576K
132.919: #302: [GC (GCLocker Initiated GC) 132.919: #302: [ParNew: 3385193K->30703K(3774912K), 0.0138486 secs] 3395996K->41506K(4823488K), 0.0139015 secs] [Times: user=0.03 sys=0.00 real=0.01 secs] 
Heap after GC invocations=282 (full 21):
 par new generation   total 3774912K, used 30703K [0x0000000680000000, 0x0000000780000000, 0x0000000780000000)
  eden space 3355520K,   0% used [0x0000000680000000, 0x0000000680000000, 0x000000074cce0000)
  from space 419392K,   7% used [0x000000074cce0000, 0x000000074eadbd78, 0x0000000766670000)
  to   space 419392K,   0% used [0x0000000766670000, 0x0000000766670000, 0x0000000780000000)
 concurrent mark-sweep generation total 1048576K, used 10803K [0x0000000780000000, 0x00000007c0000000, 0x00000007c0000000)
 Metaspace       used 2785K, capacity 4496K, committed 4864K, reserved 1056768K
  class space    used 293K, capacity 388K, committed 512K, reserved 1048576K
}
{Heap before GC invocations=282 (full 21):
 par new generation   total 3774912K, used 3386306K [0x0000000680000000, 0x0000000780000000, 0x0000000780000000)
  eden space 3355520K, 100% used [0x0000000680000000, 0x000000074cce0000, 0x000000074cce0000)
  from space 419392K,   7% used [0x000000074cce0000, 0x000000074eaf0b10, 0x0000000766670000)
  to   space 419392K,   0% used [0x0000000766670000, 0x0000000766670000, 0x0000000780000000)
 concurrent mark-sweep generation total 1048576K, used 10803K [0x0000000780000000, 0x00000007c0000000, 0x00000007c0000000)
 Metaspace       used 2785K, capacity 4496K, committed 4864K, reserved 1056768K
  class space    used 293K, capacity 388K, committed 512K, reserved 1048576K
133.705: #303: [GC (GCLocker Initiated GC) 133.705: #303: [ParNew: 3386306K->29893K(3774912K), 0.0139209 secs] 3397110K->40696K(4823488K), 0.0139660 secs] [Times: user=0.02 sys=0.00 real=0.01 secs] 
Heap after GC invocations=283 (full 21):
 par new generation   total 3774912K, used 29893K [0x0000000680000000, 0x0000000780000000, 0x0000000780000000)
  eden space 3355520K,   0% used [0x0000000680000000, 0x0000000680000000, 0x000000074cce0000)
  from space 419392K,   7% used [0x0000000766670000, 0x00000007683a1570, 0x0000000780000000)
  to   space 419392K,   0% used [0x000000074cce0000, 0x000000074cce0000, 0x0000000766670000)
 concurrent mark-sweep generation total 1048576K, used 10803K [0x0000000780000000, 0x00000007c0000000, 0x00000007c0000000)
 Metaspace       used 2785K, capacity 4496K, committed 4864K, reserved 1056768K
  class space    used 293K, capacity 388K, committed 512K, reserved 1048576K
}
{Heap before GC invocations=283 (full 21):
 par new generation   total 3774912K, used 3386090K [0x0000000680000000, 0x0000000780000000, 0x0000000780000000)
  eden space 3355520K, 100% used [0x0000000680000000, 0x000000074cce0000, 0x000000074cce0000)
  from space 419392K,   7% used [0x0000000766670000, 0x000000076844a9a8, 0x0000000780000000)
  to   space 419392K,   0% used [0x000000074cce0000, 0x000000074cce0000, 0x0000000766670000)
 concurrent mark-sweep generation total 1048576K, used 10803K [0x0000000780000000, 0x00000007c0000000, 0x00000007c0000000)
 Metaspace       used 2785K, capacity 4496K, committed 4864K, reserved 1056768K
  class space    used 293K, capacity 388K, committed 512K, reserved 1048576K
134.534: #304: [GC (Allocation Failure) 134.534: #304: [ParNew: 3386090K->26821K(3774912K), 0.0155891 secs] 3396893K->37625K(4823488K), 0.0156360 secs] [Times: user=0.03 sys=0.00 real=0.01 secs] 
Heap after GC invocations=284 (full 21):
 par new generation   total 3774912K, used 26821K [0x0000000680000000, 0x0000000780000000, 0x0000000780000000)
  eden space 3355520K,   0% used [0x0000000680000000, 0x0000000680000000, 0x000000074cce0000)
  from space 419392K,   6% used [0x000000074cce0000, 0x000000074e7116b8, 0x0000000766670000)
  to   space 419392K,   0% used [0x0000000766670000, 0x0000000766670000, 0x0000000780000000)
 concurrent mark-sweep generation total 1048576K, used 10803K [0x0000000780000000, 0x00000007c0000000, 0x00000007c0000000)
 Metaspace       used 2785K, capacity 4496K, committed 4864K, reserved 1056768K
  class space    used 293K, capacity 388K, committed 512K, reserved 1048576K
}
{Heap before GC invocations=284 (full 21):
 par new generation   total 3774912K, used 59661K [0x0000000680000000, 0x0000000780000000, 0x0000000780000000)
  eden space 3355520K,   0% used [0x0000000680000000, 0x0000000682012110, 0x000000074cce0000)
  from space 419392K,   6% used [0x000000074cce0000, 0x000000074e7116b8, 0x0000000766670000)
  to   space 419392K,   0% used [0x0000000766670000, 0x0000000766670000, 0x0000000780000000)
 concurrent mark-sweep generation total 1048576K, used 10803K [0x0000000780000000, 0x00000007c0000000, 0x00000007c0000000)
 Metaspace       used 2785K, capacity 4496K, committed 4864K, reserved 1056768K
  class space    used 293K, capacity 388K, committed 512K, reserved 1048576K
134.551: #305: [GC (GCLocker Initiated GC) 134.551: #305: [ParNew: 59661K->26838K(3774912K), 0.0207507 secs] 70465K->37641K(4823488K), 0.0208087 secs] [Times: user=0.03 sys=0.00 real=0.02 secs] 
Heap after GC invocations=285 (full 21):
 par new generation   total 3774912K, used 26838K [0x0000000680000000, 0x0000000780000000, 0x0000000780000000)
  eden space 3355520K,   0% used [0x0000000680000000, 0x0000000680000000, 0x000000074cce0000)
  from space 419392K,   6% used [0x0000000766670000, 0x00000007680a5920, 0x0000000780000000)
  to   space 419392K,   0% used [0x000000074cce0000, 0x000000074cce0000, 0x0000000766670000)
 concurrent mark-sweep generation total 1048576K, used 10803K [0x0000000780000000, 0x00000007c0000000, 0x00000007c0000000)
 Metaspace       used 2785K, capacity 4496K, committed 4864K, reserved 1056768K
  class space    used 293K, capacity 388K, committed 512K, reserved 1048576K
}
{Heap before GC invocations=285 (full 21):
 par new generation   total 3774912K, used 3382358K [0x0000000680000000, 0x0000000780000000, 0x0000000780000000)
  eden space 3355520K, 100% used [0x0000000680000000, 0x000000074cce0000, 0x000000074cce0000)
  from space 419392K,   6% used [0x0000000766670000, 0x00000007680a5950, 0x0000000780000000)
  to   space 419392K,   0% used [0x000000074cce0000, 0x000000074cce0000, 0x0000000766670000)
 concurrent mark-sweep generation total 1048576K, used 10803K [0x0000000780000000, 0x00000007c0000000, 0x00000007c0000000)
 Metaspace       used 2785K, capacity 4496K, committed 4864K, reserved 1056768K
  class space    used 293K, capacity 388K, committed 512K, reserved 1048576K
135.340: #306: [GC (GCLocker Initiated GC) 135.340: #306: [ParNew: 3382358K->48907K(3774912K), 0.0110368 secs] 3393161K->59711K(4823488K), 0.0110731 secs] [Times: user=0.02 sys=0.01 real=0.01 secs] 
Heap after GC invocations=286 (full 21):
 par new generation   total 3774912K, used 48907K [0x0000000680000000, 0x0000000780000000, 0x0000000780000000)
  eden space 3355520K,   0% used [0x0000000680000000, 0x0000000680000000, 0x000000074cce0000)
  from space 419392K,  11% used [0x000000074cce0000, 0x000000074fca2ea0, 0x0000000766670000)
  to   space 419392K,   0% used [0x0000000766670000, 0x0000000766670000, 0x0000000780000000)
 concurrent mark-sweep generation total 1048576K, used 10803K [0x0000000780000000, 0x00000007c0000000, 0x00000007c0000000)
 Metaspace       used 2785K, capacity 4496K, committed 4864K, reserved 1056768K
  class space    used 293K, capacity 388K, committed 512K, reserved 1048576K
}
{Heap before GC invocations=286 (full 21):
 par new generation   total 3774912K, used 3404431K [0x0000000680000000, 0x0000000780000000, 0x0000000780000000)
  eden space 3355520K, 100% used [0x0000000680000000, 0x000000074cce0000, 0x000000074cce0000)
  from space 419392K,  11% used [0x000000074cce0000, 0x000000074fca3eb0, 0x0000000766670000)
  to   space 419392K,   0% used [0x0000000766670000, 0x0000000766670000, 0x0000000780000000)
 concurrent mark-sweep generation total 1048576K, used 10803K [0x0000000780000000, 0x00000007c0000000, 0x00000007c0000000)
 Metaspace       used 2785K, capacity 4496K, committed 4864K, reserved 1056768K
  class space    used 293K, capacity 388K, committed 512K, reserved 1048576K
135.902: #307: [GC (Allocation Failure) 135.902: #307: [ParNew: 3404431K->30287K(3774912K), 0.0100565 secs] 3415235K->41091K(4823488K), 0.0100952 secs] [Times: user=0.02 sys=0.00 real=0.01 secs] 
Heap after GC invocations=287 (full 21):
 par new generation   total 3774912K, used 30287K [0x0000000680000000, 0x0000000780000000, 0x0000000780000000)
  eden space 3355520K,   0% used [0x0000000680000000, 0x0000000680000000, 0x000000074cce0000)
  from space 419392K,   7% used [0x0000000766670000, 0x0000000768403ee0, 0x0000000780000000)
  to   space 419392K,   0% used [0x000000074cce0000, 0x000000074cce0000, 0x0000000766670000)
 concurrent mark-sweep generation total 1048576K, used 10803K [0x0000000780000000, 0x00000007c0000000, 0x00000007c0000000)
 Metaspace       used 2785K, capacity 4496K, committed 4864K, reserved 1056768K
  class space    used 293K, capacity 388K, committed 512K, reserved 1048576K
}
{Heap before GC invocations=287 (full 21):
 par new generation   total 3774912K, used 144182K [0x0000000680000000, 0x0000000780000000, 0x0000000780000000)
  eden space 3355520K,   3% used [0x0000000680000000, 0x0000000686f39cc8, 0x000000074cce0000)
  from space 419392K,   7% used [0x0000000766670000, 0x0000000768403ee0, 0x0000000780000000)
  to   space 419392K,   0% used [0x000000074cce0000, 0x000000074cce0000, 0x0000000766670000)
 concurrent mark-sweep generation total 1048576K, used 10803K [0x0000000780000000, 0x00000007c0000000, 0x00000007c0000000)
 Metaspace       used 2785K, capacity 4496K, committed 4864K, reserved 1056768K
  class space    used 293K, capacity 388K, committed 512K, reserved 1048576K
135.923: #308: [GC (GCLocker Initiated GC) 135.923: #308: [ParNew: 144182K->21914K(3774912K), 0.0070611 secs] 154986K->32717K(4823488K), 0.0071215 secs] [Times: user=0.03 sys=0.00 real=0.00 secs] 
Heap after GC invocations=288 (full 21):
 par new generation   total 3774912K, used 21914K [0x0000000680000000, 0x0000000780000000, 0x0000000780000000)
  eden space 3355520K,   0% used [0x0000000680000000, 0x0000000680000000, 0x000000074cce0000)
  from space 419392K,   5% used [0x000000074cce0000, 0x000000074e246960, 0x0000000766670000)
  to   space 419392K,   0% used [0x0000000766670000, 0x0000000766670000, 0x0000000780000000)
 concurrent mark-sweep generation total 1048576K, used 10803K [0x0000000780000000, 0x00000007c0000000, 0x00000007c0000000)
 Metaspace       used 2785K, capacity 4496K, committed 4864K, reserved 1056768K
  class space    used 293K, capacity 388K, committed 512K, reserved 1048576K
}
{Heap before GC invocations=288 (full 21):
 par new generation   total 3774912K, used 3377434K [0x0000000680000000, 0x0000000780000000, 0x0000000780000000)
  eden space 3355520K, 100% used [0x0000000680000000, 0x000000074cce0000, 0x000000074cce0000)
  from space 419392K,   5% used [0x000000074cce0000, 0x000000074e246990, 0x0000000766670000)
  to   space 419392K,   0% used [0x0000000766670000, 0x0000000766670000, 0x0000000780000000)
 concurrent mark-sweep generation total 1048576K, used 10803K [0x0000000780000000, 0x00000007c0000000, 0x00000007c0000000)
 Metaspace       used 2785K, capacity 4496K, committed 4864K, reserved 1056768K
  class space    used 293K, capacity 388K, committed 512K, reserved 1048576K
136.461: #309: [GC (Allocation Failure) 136.461: #309: [ParNew: 3377434K->42430K(3774912K), 0.0101479 secs] 3388237K->53233K(4823488K), 0.0101942 secs] [Times: user=0.03 sys=0.00 real=0.01 secs] 
Heap after GC invocations=289 (full 21):
 par new generation   total 3774912K, used 42430K [0x0000000680000000, 0x0000000780000000, 0x0000000780000000)
  eden space 3355520K,   0% used [0x0000000680000000, 0x0000000680000000, 0x000000074cce0000)
  from space 419392K,  10% used [0x0000000766670000, 0x0000000768fdf820, 0x0000000780000000)
  to   space 419392K,   0% used [0x000000074cce0000, 0x000000074cce0000, 0x0000000766670000)
 concurrent mark-sweep generation total 1048576K, used 10803K [0x0000000780000000, 0x00000007c0000000, 0x00000007c0000000)
 Metaspace       used 2785K, capacity 4496K, committed 4864K, reserved 1056768K
  class space    used 293K, capacity 388K, committed 512K, reserved 1048576K
}
{Heap before GC invocations=289 (full 21):
 par new generation   total 3774912K, used 139870K [0x0000000680000000, 0x0000000780000000, 0x0000000780000000)
  eden space 3355520K,   2% used [0x0000000680000000, 0x0000000685f27fe0, 0x000000074cce0000)
  from space 419392K,  10% used [0x0000000766670000, 0x0000000768fdf820, 0x0000000780000000)
  to   space 419392K,   0% used [0x000000074cce0000, 0x000000074cce0000, 0x0000000766670000)
 concurrent mark-sweep generation total 1048576K, used 10803K [0x0000000780000000, 0x00000007c0000000, 0x00000007c0000000)
 Metaspace       used 2785K, capacity 4496K, committed 4864K, reserved 1056768K
  class space    used 293K, capacity 388K, committed 512K, reserved 1048576K
136.481: #310: [GC (GCLocker Initiated GC) 136.481: #310: [ParNew: 139870K->23649K(3774912K), 0.0072564 secs] 150673K->34453K(4823488K), 0.0073066 secs] [Times: user=0.02 sys=0.00 real=0.01 secs] 
Heap after GC invocations=290 (full 21):
 par new generation   total 3774912K, used 23649K [0x0000000680000000, 0x0000000780000000, 0x0000000780000000)
  eden space 3355520K,   0% used [0x0000000680000000, 0x0000000680000000, 0x000000074cce0000)
  from space 419392K,   5% used [0x000000074cce0000, 0x000000074e3f87c0, 0x0000000766670000)
  to   space 419392K,   0% used [0x0000000766670000, 0x0000000766670000, 0x0000000780000000)
 concurrent mark-sweep generation total 1048576K, used 10803K [0x0000000780000000, 0x00000007c0000000, 0x00000007c0000000)
 Metaspace       used 2785K, capacity 4496K, committed 4864K, reserved 1056768K
  class space    used 293K, capacity 388K, committed 512K, reserved 1048576K
}
SYSTEM_GC BEFORE
{Heap before GC invocations=290 (full 21):
 par new generation   total 3774912K, used 1375497K [0x0000000680000000, 0x0000000780000000, 0x0000000780000000)
  eden space 3355520K,  40% used [0x0000000680000000, 0x00000006d2829e28, 0x000000074cce0000)
  from space 419392K,   5% used [0x000000074cce0000, 0x000000074e3f87c0, 0x0000000766670000)
  to   space 419392K,   0% used [0x0000000766670000, 0x0000000766670000, 0x0000000780000000)
 concurrent mark-sweep generation total 1048576K, used 10803K [0x0000000780000000, 0x00000007c0000000, 0x00000007c0000000)
 Metaspace       used 2785K, capacity 4496K, committed 4864K, reserved 1056768K
  class space    used 293K, capacity 388K, committed 512K, reserved 1048576K
136.718: #311: [GC (GCLocker Initiated GC) 136.718: #311: [ParNew: 1375497K->28520K(3774912K), 0.0068730 secs] 1386300K->39323K(4823488K), 0.0069128 secs] [Times: user=0.02 sys=0.00 real=0.01 secs] 
Heap after GC invocations=291 (full 21):
 par new generation   total 3774912K, used 28520K [0x0000000680000000, 0x0000000780000000, 0x0000000780000000)
  eden space 3355520K,   0% used [0x0000000680000000, 0x0000000680000000, 0x000000074cce0000)
  from space 419392K,   6% used [0x0000000766670000, 0x000000076824a0e0, 0x0000000780000000)
  to   space 419392K,   0% used [0x000000074cce0000, 0x000000074cce0000, 0x0000000766670000)
 concurrent mark-sweep generation total 1048576K, used 10803K [0x0000000780000000, 0x00000007c0000000, 0x00000007c0000000)
 Metaspace       used 2785K, capacity 4496K, committed 4864K, reserved 1056768K
  class space    used 293K, capacity 388K, committed 512K, reserved 1048576K
}
136.725: #312: [GC (CMS Initial Mark) [1 CMS-initial-mark: 10803K(1048576K)] 73563K(4823488K), 0.0010432 secs] [Times: user=0.01 sys=0.00 real=0.00 secs] 
136.726: #312: [CMS-concurrent-mark-start]
136.750: #312: [CMS-concurrent-mark: 0.023/0.023 secs] [Times: user=0.08 sys=0.01 real=0.02 secs] 
136.750: #312: [CMS-concurrent-preclean-start]
136.752: #312: [CMS-concurrent-preclean: 0.002/0.002 secs] [Times: user=0.00 sys=0.00 real=0.00 secs] 
136.752: #312: [CMS-concurrent-abortable-preclean-start]
137.164: #312: [CMS-concurrent-abortable-preclean: 0.108/0.413 secs] [Times: user=1.45 sys=0.07 real=0.42 secs] 
137.165: #312: [GC (CMS Final Remark) [YG occupancy: 2610624 K (3774912 K)]137.165: #312: [Rescan (parallel) , 0.7294744 secs]137.895: #312: [weak refs processing, 0.0000148 secs]137.895: #312: [class unloading, 0.0003288 secs]137.895: #312: [scrub symbol table, 0.0004298 secs]137.895: #312: [scrub string table, 0.0001811 secs][1 CMS-remark: 10803K(1048576K)] 2621428K(4823488K), 0.7305330 secs] [Times: user=2.73 sys=0.01 real=0.73 secs] 
137.896: #312: [CMS-concurrent-sweep-start]
137.902: #312: [CMS-concurrent-sweep: 0.007/0.007 secs] [Times: user=0.01 sys=0.00 real=0.00 secs] 
137.902: #312: [CMS-concurrent-reset-start]
SYSTEM_GC AFTER
137.905: #312: [CMS-concurrent-reset: 0.002/0.002 secs] [Times: user=0.01 sys=0.00 real=0.01 secs] 
{Heap before GC invocations=291 (full 22):
 par new generation   total 3774912K, used 2659447K [0x0000000680000000, 0x0000000780000000, 0x0000000780000000)
  eden space 3355520K,  78% used [0x0000000680000000, 0x0000000720943dd0, 0x000000074cce0000)
  from space 419392K,   6% used [0x0000000766670000, 0x000000076824a0e0, 0x0000000780000000)
  to   space 419392K,   0% used [0x000000074cce0000, 0x000000074cce0000, 0x0000000766670000)
 concurrent mark-sweep generation total 1048576K, used 10803K [0x0000000780000000, 0x00000007c0000000, 0x00000007c0000000)
 Metaspace       used 2785K, capacity 4496K, committed 4864K, reserved 1056768K
  class space    used 293K, capacity 388K, committed 512K, reserved 1048576K
137.906: #313: [GC (GCLocker Initiated GC) 137.906: #313: [ParNew: 2659447K->25145K(3774912K), 0.0090142 secs] 2670251K->35948K(4823488K), 0.0090577 secs] [Times: user=0.03 sys=0.00 real=0.01 secs] 
Heap after GC invocations=292 (full 22):
 par new generation   total 3774912K, used 25145K [0x0000000680000000, 0x0000000780000000, 0x0000000780000000)
  eden space 3355520K,   0% used [0x0000000680000000, 0x0000000680000000, 0x000000074cce0000)
  from space 419392K,   5% used [0x000000074cce0000, 0x000000074e56e600, 0x0000000766670000)
  to   space 419392K,   0% used [0x0000000766670000, 0x0000000766670000, 0x0000000780000000)
 concurrent mark-sweep generation total 1048576K, used 10803K [0x0000000780000000, 0x00000007c0000000, 0x00000007c0000000)
 Metaspace       used 2785K, capacity 4496K, committed 4864K, reserved 1056768K
  class space    used 293K, capacity 388K, committed 512K, reserved 1048576K
}
{Heap before GC invocations=292 (full 22):
 par new generation   total 3774912K, used 3380673K [0x0000000680000000, 0x0000000780000000, 0x0000000780000000)
  eden space 3355520K, 100% used [0x0000000680000000, 0x000000074cce0000, 0x000000074cce0000)
  from space 419392K,   5% used [0x000000074cce0000, 0x000000074e570610, 0x0000000766670000)
  to   space 419392K,   0% used [0x0000000766670000, 0x0000000766670000, 0x0000000780000000)
 concurrent mark-sweep generation total 1048576K, used 10803K [0x0000000780000000, 0x00000007c0000000, 0x00000007c0000000)
 Metaspace       used 2785K, capacity 4496K, committed 4864K, reserved 1056768K
  class space    used 293K, capacity 388K, committed 512K, reserved 1048576K
138.498: #314: [GC (Allocation Failure) 138.498: #314: [ParNew: 3380673K->30732K(3774912K), 0.0108765 secs] 3391476K->41536K(4823488K), 0.0109106 secs] [Times: user=0.02 sys=0.00 real=0.01 secs] 
Heap after GC invocations=293 (full 22):
 par new generation   total 3774912K, used 30732K [0x0000000680000000, 0x0000000780000000, 0x0000000780000000)
  eden space 3355520K,   0% used [0x0000000680000000, 0x0000000680000000, 0x000000074cce0000)
  from space 419392K,   7% used [0x0000000766670000, 0x00000007684733b8, 0x0000000780000000)
  to   space 419392K,   0% used [0x000000074cce0000, 0x000000074cce0000, 0x0000000766670000)
 concurrent mark-sweep generation total 1048576K, used 10803K [0x0000000780000000, 0x00000007c0000000, 0x00000007c0000000)
 Metaspace       used 2785K, capacity 4496K, committed 4864K, reserved 1056768K
  class space    used 293K, capacity 388K, committed 512K, reserved 1048576K
}
{Heap before GC invocations=293 (full 22):
 par new generation   total 3774912K, used 63101K [0x0000000680000000, 0x0000000780000000, 0x0000000780000000)
  eden space 3355520K,   0% used [0x0000000680000000, 0x0000000681f9c0e8, 0x000000074cce0000)
  from space 419392K,   7% used [0x0000000766670000, 0x00000007684733b8, 0x0000000780000000)
  to   space 419392K,   0% used [0x000000074cce0000, 0x000000074cce0000, 0x0000000766670000)
 concurrent mark-sweep generation total 1048576K, used 10803K [0x0000000780000000, 0x00000007c0000000, 0x00000007c0000000)
 Metaspace       used 2785K, capacity 4496K, committed 4864K, reserved 1056768K
  class space    used 293K, capacity 388K, committed 512K, reserved 1048576K
138.509: #315: [GC (GCLocker Initiated GC) 138.509: #315: [ParNew: 63101K->31062K(3774912K), 0.0080330 secs] 73904K->41866K(4823488K), 0.0080773 secs] [Times: user=0.03 sys=0.00 real=0.01 secs] 
Heap after GC invocations=294 (full 22):
 par new generation   total 3774912K, used 31062K [0x0000000680000000, 0x0000000780000000, 0x0000000780000000)
  eden space 3355520K,   0% used [0x0000000680000000, 0x0000000680000000, 0x000000074cce0000)
  from space 419392K,   7% used [0x000000074cce0000, 0x000000074eb35a38, 0x0000000766670000)
  to   space 419392K,   0% used [0x0000000766670000, 0x0000000766670000, 0x0000000780000000)
 concurrent mark-sweep generation total 1048576K, used 10803K [0x0000000780000000, 0x00000007c0000000, 0x00000007c0000000)
 Metaspace       used 2785K, capacity 4496K, committed 4864K, reserved 1056768K
  class space    used 293K, capacity 388K, committed 512K, reserved 1048576K
}
{Heap before GC invocations=294 (full 22):
 par new generation   total 3774912K, used 3386582K [0x0000000680000000, 0x0000000780000000, 0x0000000780000000)
  eden space 3355520K, 100% used [0x0000000680000000, 0x000000074cce0000, 0x000000074cce0000)
  from space 419392K,   7% used [0x000000074cce0000, 0x000000074eb35a38, 0x0000000766670000)
  to   space 419392K,   0% used [0x0000000766670000, 0x0000000766670000, 0x0000000780000000)
 concurrent mark-sweep generation total 1048576K, used 10803K [0x0000000780000000, 0x00000007c0000000, 0x00000007c0000000)
 Metaspace       used 2785K, capacity 4496K, committed 4864K, reserved 1056768K
  class space    used 293K, capacity 388K, committed 512K, reserved 1048576K
139.135: #316: [GC (Allocation Failure) 139.135: #316: [ParNew: 3386582K->49733K(3774912K), 0.0223854 secs] 3397386K->60536K(4823488K), 0.0225063 secs] [Times: user=0.02 sys=0.00 real=0.02 secs] 
Heap after GC invocations=295 (full 22):
 par new generation   total 3774912K, used 49733K [0x0000000680000000, 0x0000000780000000, 0x0000000780000000)
  eden space 3355520K,   0% used [0x0000000680000000, 0x0000000680000000, 0x000000074cce0000)
  from space 419392K,  11% used [0x0000000766670000, 0x0000000769701480, 0x0000000780000000)
  to   space 419392K,   0% used [0x000000074cce0000, 0x000000074cce0000, 0x0000000766670000)
 concurrent mark-sweep generation total 1048576K, used 10803K [0x0000000780000000, 0x00000007c0000000, 0x00000007c0000000)
 Metaspace       used 2785K, capacity 4496K, committed 4864K, reserved 1056768K
  class space    used 293K, capacity 388K, committed 512K, reserved 1048576K
}
{Heap before GC invocations=295 (full 22):
 par new generation   total 3774912K, used 3406571K [0x0000000680000000, 0x0000000780000000, 0x0000000780000000)
  eden space 3355520K, 100% used [0x0000000680000000, 0x000000074cce0000, 0x000000074cce0000)
  from space 419392K,  12% used [0x0000000766670000, 0x000000076984ae50, 0x0000000780000000)
  to   space 419392K,   0% used [0x000000074cce0000, 0x000000074cce0000, 0x0000000766670000)
 concurrent mark-sweep generation total 1048576K, used 10803K [0x0000000780000000, 0x00000007c0000000, 0x00000007c0000000)
 Metaspace       used 2785K, capacity 4496K, committed 4864K, reserved 1056768K
  class space    used 293K, capacity 388K, committed 512K, reserved 1048576K
139.835: #317: [GC (Allocation Failure) 139.835: #317: [ParNew: 3406571K->32054K(3774912K), 0.0117920 secs] 3417375K->42857K(4823488K), 0.0118389 secs] [Times: user=0.03 sys=0.00 real=0.01 secs] 
Heap after GC invocations=296 (full 22):
 par new generation   total 3774912K, used 32054K [0x0000000680000000, 0x0000000780000000, 0x0000000780000000)
  eden space 3355520K,   0% used [0x0000000680000000, 0x0000000680000000, 0x000000074cce0000)
  from space 419392K,   7% used [0x000000074cce0000, 0x000000074ec2da20, 0x0000000766670000)
  to   space 419392K,   0% used [0x0000000766670000, 0x0000000766670000, 0x0000000780000000)
 concurrent mark-sweep generation total 1048576K, used 10803K [0x0000000780000000, 0x00000007c0000000, 0x00000007c0000000)
 Metaspace       used 2785K, capacity 4496K, committed 4864K, reserved 1056768K
  class space    used 293K, capacity 388K, committed 512K, reserved 1048576K
}
{Heap before GC invocations=296 (full 22):
 par new generation   total 3774912K, used 146623K [0x0000000680000000, 0x0000000780000000, 0x0000000780000000)
  eden space 3355520K,   3% used [0x0000000680000000, 0x0000000686fe2528, 0x000000074cce0000)
  from space 419392K,   7% used [0x000000074cce0000, 0x000000074ec2da20, 0x0000000766670000)
  to   space 419392K,   0% used [0x0000000766670000, 0x0000000766670000, 0x0000000780000000)
 concurrent mark-sweep generation total 1048576K, used 10803K [0x0000000780000000, 0x00000007c0000000, 0x00000007c0000000)
 Metaspace       used 2785K, capacity 4496K, committed 4864K, reserved 1056768K
  class space    used 293K, capacity 388K, committed 512K, reserved 1048576K
139.865: #318: [GC (GCLocker Initiated GC) 139.865: #318: [ParNew: 146623K->20241K(3774912K), 0.0072192 secs] 157427K->31044K(4823488K), 0.0072648 secs] [Times: user=0.03 sys=0.00 real=0.00 secs] 
Heap after GC invocations=297 (full 22):
 par new generation   total 3774912K, used 20241K [0x0000000680000000, 0x0000000780000000, 0x0000000780000000)
  eden space 3355520K,   0% used [0x0000000680000000, 0x0000000680000000, 0x000000074cce0000)
  from space 419392K,   4% used [0x0000000766670000, 0x0000000767a344f0, 0x0000000780000000)
  to   space 419392K,   0% used [0x000000074cce0000, 0x000000074cce0000, 0x0000000766670000)
 concurrent mark-sweep generation total 1048576K, used 10803K [0x0000000780000000, 0x00000007c0000000, 0x00000007c0000000)
 Metaspace       used 2785K, capacity 4496K, committed 4864K, reserved 1056768K
  class space    used 293K, capacity 388K, committed 512K, reserved 1048576K
}
{Heap before GC invocations=297 (full 22):
 par new generation   total 3774912K, used 3375761K [0x0000000680000000, 0x0000000780000000, 0x0000000780000000)
  eden space 3355520K, 100% used [0x0000000680000000, 0x000000074cce0000, 0x000000074cce0000)
  from space 419392K,   4% used [0x0000000766670000, 0x0000000767a344f0, 0x0000000780000000)
  to   space 419392K,   0% used [0x000000074cce0000, 0x000000074cce0000, 0x0000000766670000)
 concurrent mark-sweep generation total 1048576K, used 10803K [0x0000000780000000, 0x00000007c0000000, 0x00000007c0000000)
 Metaspace       used 2785K, capacity 4496K, committed 4864K, reserved 1056768K
  class space    used 293K, capacity 388K, committed 512K, reserved 1048576K
140.802: #319: [GC (Allocation Failure) 140.802: #319: [ParNew: 3375761K->40354K(3774912K), 0.0147422 secs] 3386564K->51157K(4823488K), 0.0147912 secs] [Times: user=0.03 sys=0.00 real=0.02 secs] 
Heap after GC invocations=298 (full 22):
 par new generation   total 3774912K, used 40354K [0x0000000680000000, 0x0000000780000000, 0x0000000780000000)
  eden space 3355520K,   0% used [0x0000000680000000, 0x0000000680000000, 0x000000074cce0000)
  from space 419392K,   9% used [0x000000074cce0000, 0x000000074f448908, 0x0000000766670000)
  to   space 419392K,   0% used [0x0000000766670000, 0x0000000766670000, 0x0000000780000000)
 concurrent mark-sweep generation total 1048576K, used 10803K [0x0000000780000000, 0x00000007c0000000, 0x00000007c0000000)
 Metaspace       used 2785K, capacity 4496K, committed 4864K, reserved 1056768K
  class space    used 293K, capacity 388K, committed 512K, reserved 1048576K
}
{Heap before GC invocations=298 (full 22):
 par new generation   total 3774912K, used 3395874K [0x0000000680000000, 0x0000000780000000, 0x0000000780000000)
  eden space 3355520K, 100% used [0x0000000680000000, 0x000000074cce0000, 0x000000074cce0000)
  from space 419392K,   9% used [0x000000074cce0000, 0x000000074f448908, 0x0000000766670000)
  to   space 419392K,   0% used [0x0000000766670000, 0x0000000766670000, 0x0000000780000000)
 concurrent mark-sweep generation total 1048576K, used 10803K [0x0000000780000000, 0x00000007c0000000, 0x00000007c0000000)
 Metaspace       used 2785K, capacity 4496K, committed 4864K, reserved 1056768K
  class space    used 293K, capacity 388K, committed 512K, reserved 1048576K
141.737: #320: [GC (Allocation Failure) 141.737: #320: [ParNew: 3395874K->32292K(3774912K), 0.0132071 secs] 3406677K->43095K(4823488K), 0.0132531 secs] [Times: user=0.03 sys=0.00 real=0.01 secs] 
Heap after GC invocations=299 (full 22):
 par new generation   total 3774912K, used 32292K [0x0000000680000000, 0x0000000780000000, 0x0000000780000000)
  eden space 3355520K,   0% used [0x0000000680000000, 0x0000000680000000, 0x000000074cce0000)
  from space 419392K,   7% used [0x0000000766670000, 0x00000007685f9200, 0x0000000780000000)
  to   space 419392K,   0% used [0x000000074cce0000, 0x000000074cce0000, 0x0000000766670000)
 concurrent mark-sweep generation total 1048576K, used 10803K [0x0000000780000000, 0x00000007c0000000, 0x00000007c0000000)
 Metaspace       used 2785K, capacity 4496K, committed 4864K, reserved 1056768K
  class space    used 293K, capacity 388K, committed 512K, reserved 1048576K
}
{Heap before GC invocations=299 (full 22):
 par new generation   total 3774912K, used 3388463K [0x0000000680000000, 0x0000000780000000, 0x0000000780000000)
  eden space 3355520K, 100% used [0x0000000680000000, 0x000000074cce0000, 0x000000074cce0000)
  from space 419392K,   7% used [0x0000000766670000, 0x000000076869bd80, 0x0000000780000000)
  to   space 419392K,   0% used [0x000000074cce0000, 0x000000074cce0000, 0x0000000766670000)
 concurrent mark-sweep generation total 1048576K, used 10803K [0x0000000780000000, 0x00000007c0000000, 0x00000007c0000000)
 Metaspace       used 2785K, capacity 4496K, committed 4864K, reserved 1056768K
  class space    used 293K, capacity 388K, committed 512K, reserved 1048576K
142.537: #321: [GC (Allocation Failure) 142.537: #321: [ParNew: 3388463K->30431K(3774912K), 0.0109512 secs] 3399266K->41235K(4823488K), 0.0109894 secs] [Times: user=0.03 sys=0.00 real=0.01 secs] 
Heap after GC invocations=300 (full 22):
 par new generation   total 3774912K, used 30431K [0x0000000680000000, 0x0000000780000000, 0x0000000780000000)
  eden space 3355520K,   0% used [0x0000000680000000, 0x0000000680000000, 0x000000074cce0000)
  from space 419392K,   7% used [0x000000074cce0000, 0x000000074ea97ff0, 0x0000000766670000)
  to   space 419392K,   0% used [0x0000000766670000, 0x0000000766670000, 0x0000000780000000)
 concurrent mark-sweep generation total 1048576K, used 10803K [0x0000000780000000, 0x00000007c0000000, 0x00000007c0000000)
 Metaspace       used 2785K, capacity 4496K, committed 4864K, reserved 1056768K
  class space    used 293K, capacity 388K, committed 512K, reserved 1048576K
}
{Heap before GC invocations=300 (full 22):
 par new generation   total 3774912K, used 62924K [0x0000000680000000, 0x0000000780000000, 0x0000000780000000)
  eden space 3355520K,   0% used [0x0000000680000000, 0x0000000681fbb260, 0x000000074cce0000)
  from space 419392K,   7% used [0x000000074cce0000, 0x000000074ea97ff0, 0x0000000766670000)
  to   space 419392K,   0% used [0x0000000766670000, 0x0000000766670000, 0x0000000780000000)
 concurrent mark-sweep generation total 1048576K, used 10803K [0x0000000780000000, 0x00000007c0000000, 0x00000007c0000000)
 Metaspace       used 2785K, capacity 4496K, committed 4864K, reserved 1056768K
  class space    used 293K, capacity 388K, committed 512K, reserved 1048576K
142.548: #322: [GC (GCLocker Initiated GC) 142.548: #322: [ParNew: 62924K->29871K(3774912K), 0.0085064 secs] 73728K->40675K(4823488K), 0.0085394 secs] [Times: user=0.03 sys=0.00 real=0.01 secs] 
Heap after GC invocations=301 (full 22):
 par new generation   total 3774912K, used 29871K [0x0000000680000000, 0x0000000780000000, 0x0000000780000000)
  eden space 3355520K,   0% used [0x0000000680000000, 0x0000000680000000, 0x000000074cce0000)
  from space 419392K,   7% used [0x0000000766670000, 0x000000076839be40, 0x0000000780000000)
  to   space 419392K,   0% used [0x000000074cce0000, 0x000000074cce0000, 0x0000000766670000)
 concurrent mark-sweep generation total 1048576K, used 10803K [0x0000000780000000, 0x00000007c0000000, 0x00000007c0000000)
 Metaspace       used 2785K, capacity 4496K, committed 4864K, reserved 1056768K
  class space    used 293K, capacity 388K, committed 512K, reserved 1048576K
}
SYSTEM_GC BEFORE
142.904: #323: [GC (CMS Initial Mark) [1 CMS-initial-mark: 10803K(1048576K)] 1939644K(4823488K), 0.5261750 secs] [Times: user=1.86 sys=0.00 real=0.52 secs] 
143.430: #323: [CMS-concurrent-mark-start]
{Heap before GC invocations=301 (full 23):
 par new generation   total 3774912K, used 1978358K [0x0000000680000000, 0x0000000780000000, 0x0000000780000000)
  eden space 3355520K,  58% used [0x0000000680000000, 0x00000006f6ed1c50, 0x000000074cce0000)
  from space 419392K,   7% used [0x0000000766670000, 0x000000076839be40, 0x0000000780000000)
  to   space 419392K,   0% used [0x000000074cce0000, 0x000000074cce0000, 0x0000000766670000)
 concurrent mark-sweep generation total 1048576K, used 10803K [0x0000000780000000, 0x00000007c0000000, 0x00000007c0000000)
 Metaspace       used 2785K, capacity 4496K, committed 4864K, reserved 1056768K
  class space    used 293K, capacity 388K, committed 512K, reserved 1048576K
143.441: #324: [GC (GCLocker Initiated GC) 143.441: #324: [ParNew: 1978358K->38600K(3774912K), 0.0107910 secs] 1989162K->49404K(4823488K), 0.0108432 secs] [Times: user=0.02 sys=0.00 real=0.01 secs] 
Heap after GC invocations=302 (full 23):
 par new generation   total 3774912K, used 38600K [0x0000000680000000, 0x0000000780000000, 0x0000000780000000)
  eden space 3355520K,   0% used [0x0000000680000000, 0x0000000680000000, 0x000000074cce0000)
  from space 419392K,   9% used [0x000000074cce0000, 0x000000074f292280, 0x0000000766670000)
  to   space 419392K,   0% used [0x0000000766670000, 0x0000000766670000, 0x0000000780000000)
 concurrent mark-sweep generation total 1048576K, used 10803K [0x0000000780000000, 0x00000007c0000000, 0x00000007c0000000)
 Metaspace       used 2785K, capacity 4496K, committed 4864K, reserved 1056768K
  class space    used 293K, capacity 388K, committed 512K, reserved 1048576K
}
143.476: #323: [CMS-concurrent-mark: 0.035/0.046 secs] [Times: user=0.09 sys=0.01 real=0.05 secs] 
143.476: #323: [CMS-concurrent-preclean-start]
143.479: #323: [CMS-concurrent-preclean: 0.002/0.002 secs] [Times: user=0.01 sys=0.00 real=0.00 secs] 
143.479: #323: [CMS-concurrent-abortable-preclean-start]
143.926: #323: [CMS-concurrent-abortable-preclean: 0.144/0.448 secs] [Times: user=1.51 sys=0.08 real=0.45 secs] 
143.927: #323: [GC (CMS Final Remark) [YG occupancy: 2624598 K (3774912 K)]143.927: #323: [Rescan (parallel) , 0.8358553 secs]144.763: #323: [weak refs processing, 0.0000157 secs]144.763: #323: [class unloading, 0.0003603 secs]144.763: #323: [scrub symbol table, 0.0004496 secs]144.763: #323: [scrub string table, 0.0001801 secs][1 CMS-remark: 10803K(1048576K)] 2635402K(4823488K), 0.8369788 secs] [Times: user=2.73 sys=0.01 real=0.84 secs] 
144.764: #323: [CMS-concurrent-sweep-start]
{Heap before GC invocations=302 (full 23):
 par new generation   total 3774912K, used 2624598K [0x0000000680000000, 0x0000000780000000, 0x0000000780000000)
  eden space 3355520K,  77% used [0x0000000680000000, 0x000000071dd63910, 0x000000074cce0000)
  from space 419392K,   9% used [0x000000074cce0000, 0x000000074f292280, 0x0000000766670000)
  to   space 419392K,   0% used [0x0000000766670000, 0x0000000766670000, 0x0000000780000000)
 concurrent mark-sweep generation total 1048576K, used 10803K [0x0000000780000000, 0x00000007c0000000, 0x00000007c0000000)
 Metaspace       used 2785K, capacity 4496K, committed 4864K, reserved 1056768K
  class space    used 293K, capacity 388K, committed 512K, reserved 1048576K
144.764: #325: [GC (GCLocker Initiated GC) 144.764: #325: [ParNew: 2624598K->27622K(3774912K), 0.0128111 secs] 2635402K->38426K(4823488K), 0.0128429 secs] [Times: user=0.02 sys=0.00 real=0.01 secs] 
Heap after GC invocations=303 (full 23):
 par new generation   total 3774912K, used 27622K [0x0000000680000000, 0x0000000780000000, 0x0000000780000000)
  eden space 3355520K,   0% used [0x0000000680000000, 0x0000000680000000, 0x000000074cce0000)
  from space 419392K,   6% used [0x0000000766670000, 0x0000000768169a60, 0x0000000780000000)
  to   space 419392K,   0% used [0x000000074cce0000, 0x000000074cce0000, 0x0000000766670000)
 concurrent mark-sweep generation total 1048576K, used 10803K [0x0000000780000000, 0x00000007c0000000, 0x00000007c0000000)
 Metaspace       used 2785K, capacity 4496K, committed 4864K, reserved 1056768K
  class space    used 293K, capacity 388K, committed 512K, reserved 1048576K
}
144.783: #323: [CMS-concurrent-sweep: 0.020/0.020 secs] [Times: user=0.04 sys=0.01 real=0.02 secs] 
144.783: #323: [CMS-concurrent-reset-start]
144.785: #323: [CMS-concurrent-reset: 0.002/0.002 secs] [Times: user=0.00 sys=0.00 real=0.00 secs] 
SYSTEM_GC AFTER
{Heap before GC invocations=303 (full 23):
 par new generation   total 3774912K, used 3383155K [0x0000000680000000, 0x0000000780000000, 0x0000000780000000)
  eden space 3355520K, 100% used [0x0000000680000000, 0x000000074cce0000, 0x000000074cce0000)
  from space 419392K,   6% used [0x0000000766670000, 0x000000076816cc80, 0x0000000780000000)
  to   space 419392K,   0% used [0x000000074cce0000, 0x000000074cce0000, 0x0000000766670000)
 concurrent mark-sweep generation total 1048576K, used 10803K [0x0000000780000000, 0x00000007c0000000, 0x00000007c0000000)
 Metaspace       used 2785K, capacity 4496K, committed 4864K, reserved 1056768K
  class space    used 293K, capacity 388K, committed 512K, reserved 1048576K
145.326: #326: [GC (GCLocker Initiated GC) 145.326: #326: [ParNew: 3383155K->31689K(3774912K), 0.0118161 secs] 3393958K->42492K(4823488K), 0.0118576 secs] [Times: user=0.02 sys=0.00 real=0.01 secs] 
Heap after GC invocations=304 (full 23):
 par new generation   total 3774912K, used 31689K [0x0000000680000000, 0x0000000780000000, 0x0000000780000000)
  eden space 3355520K,   0% used [0x0000000680000000, 0x0000000680000000, 0x000000074cce0000)
  from space 419392K,   7% used [0x000000074cce0000, 0x000000074ebd2438, 0x0000000766670000)
  to   space 419392K,   0% used [0x0000000766670000, 0x0000000766670000, 0x0000000780000000)
 concurrent mark-sweep generation total 1048576K, used 10803K [0x0000000780000000, 0x00000007c0000000, 0x00000007c0000000)
 Metaspace       used 2785K, capacity 4496K, committed 4864K, reserved 1056768K
  class space    used 293K, capacity 388K, committed 512K, reserved 1048576K
}
{Heap before GC invocations=304 (full 23):
 par new generation   total 3774912K, used 3387209K [0x0000000680000000, 0x0000000780000000, 0x0000000780000000)
  eden space 3355520K, 100% used [0x0000000680000000, 0x000000074cce0000, 0x000000074cce0000)
  from space 419392K,   7% used [0x000000074cce0000, 0x000000074ebd2438, 0x0000000766670000)
  to   space 419392K,   0% used [0x0000000766670000, 0x0000000766670000, 0x0000000780000000)
 concurrent mark-sweep generation total 1048576K, used 10803K [0x0000000780000000, 0x00000007c0000000, 0x00000007c0000000)
 Metaspace       used 2785K, capacity 4496K, committed 4864K, reserved 1056768K
  class space    used 293K, capacity 388K, committed 512K, reserved 1048576K
145.887: #327: [GC (Allocation Failure) 145.887: #327: [ParNew: 3387209K->30290K(3774912K), 0.0105457 secs] 3398012K->41094K(4823488K), 0.0106063 secs] [Times: user=0.02 sys=0.00 real=0.01 secs] 
Heap after GC invocations=305 (full 23):
 par new generation   total 3774912K, used 30290K [0x0000000680000000, 0x0000000780000000, 0x0000000780000000)
  eden space 3355520K,   0% used [0x0000000680000000, 0x0000000680000000, 0x000000074cce0000)
  from space 419392K,   7% used [0x0000000766670000, 0x0000000768404b80, 0x0000000780000000)
  to   space 419392K,   0% used [0x000000074cce0000, 0x000000074cce0000, 0x0000000766670000)
 concurrent mark-sweep generation total 1048576K, used 10803K [0x0000000780000000, 0x00000007c0000000, 0x00000007c0000000)
 Metaspace       used 2785K, capacity 4496K, committed 4864K, reserved 1056768K
  class space    used 293K, capacity 388K, committed 512K, reserved 1048576K
}
{Heap before GC invocations=305 (full 23):
 par new generation   total 3774912K, used 3385810K [0x0000000680000000, 0x0000000780000000, 0x0000000780000000)
  eden space 3355520K, 100% used [0x0000000680000000, 0x000000074cce0000, 0x000000074cce0000)
  from space 419392K,   7% used [0x0000000766670000, 0x0000000768404b80, 0x0000000780000000)
  to   space 419392K,   0% used [0x000000074cce0000, 0x000000074cce0000, 0x0000000766670000)
 concurrent mark-sweep generation total 1048576K, used 10803K [0x0000000780000000, 0x00000007c0000000, 0x00000007c0000000)
 Metaspace       used 2785K, capacity 4496K, committed 4864K, reserved 1056768K
  class space    used 293K, capacity 388K, committed 512K, reserved 1048576K
146.445: #328: [GC (Allocation Failure) 146.445: #328: [ParNew: 3385810K->31719K(3774912K), 0.0102796 secs] 3396614K->42522K(4823488K), 0.0103184 secs] [Times: user=0.02 sys=0.00 real=0.01 secs] 
Heap after GC invocations=306 (full 23):
 par new generation   total 3774912K, used 31719K [0x0000000680000000, 0x0000000780000000, 0x0000000780000000)
  eden space 3355520K,   0% used [0x0000000680000000, 0x0000000680000000, 0x000000074cce0000)
  from space 419392K,   7% used [0x000000074cce0000, 0x000000074ebd9c78, 0x0000000766670000)
  to   space 419392K,   0% used [0x0000000766670000, 0x0000000766670000, 0x0000000780000000)
 concurrent mark-sweep generation total 1048576K, used 10803K [0x0000000780000000, 0x00000007c0000000, 0x00000007c0000000)
 Metaspace       used 2785K, capacity 4496K, committed 4864K, reserved 1056768K
  class space    used 293K, capacity 388K, committed 512K, reserved 1048576K
}
{Heap before GC invocations=306 (full 23):
 par new generation   total 3774912K, used 3387239K [0x0000000680000000, 0x0000000780000000, 0x0000000780000000)
  eden space 3355520K, 100% used [0x0000000680000000, 0x000000074cce0000, 0x000000074cce0000)
  from space 419392K,   7% used [0x000000074cce0000, 0x000000074ebd9d88, 0x0000000766670000)
  to   space 419392K,   0% used [0x0000000766670000, 0x0000000766670000, 0x0000000780000000)
 concurrent mark-sweep generation total 1048576K, used 10803K [0x0000000780000000, 0x00000007c0000000, 0x00000007c0000000)
 Metaspace       used 2785K, capacity 4496K, committed 4864K, reserved 1056768K
  class space    used 293K, capacity 388K, committed 512K, reserved 1048576K
146.994: #329: [GC (GCLocker Initiated GC) 146.994: #329: [ParNew: 3387239K->27969K(3774912K), 0.0097456 secs] 3398042K->38772K(4823488K), 0.0097785 secs] [Times: user=0.03 sys=0.00 real=0.01 secs] 
Heap after GC invocations=307 (full 23):
 par new generation   total 3774912K, used 27969K [0x0000000680000000, 0x0000000780000000, 0x0000000780000000)
  eden space 3355520K,   0% used [0x0000000680000000, 0x0000000680000000, 0x000000074cce0000)
  from space 419392K,   6% used [0x0000000766670000, 0x00000007681c05e0, 0x0000000780000000)
  to   space 419392K,   0% used [0x000000074cce0000, 0x000000074cce0000, 0x0000000766670000)
 concurrent mark-sweep generation total 1048576K, used 10803K [0x0000000780000000, 0x00000007c0000000, 0x00000007c0000000)
 Metaspace       used 2785K, capacity 4496K, committed 4864K, reserved 1056768K
  class space    used 293K, capacity 388K, committed 512K, reserved 1048576K
}
{Heap before GC invocations=307 (full 23):
 par new generation   total 3774912K, used 3383489K [0x0000000680000000, 0x0000000780000000, 0x0000000780000000)
  eden space 3355520K, 100% used [0x0000000680000000, 0x000000074cce0000, 0x000000074cce0000)
  from space 419392K,   6% used [0x0000000766670000, 0x00000007681c05e0, 0x0000000780000000)
  to   space 419392K,   0% used [0x000000074cce0000, 0x000000074cce0000, 0x0000000766670000)
 concurrent mark-sweep generation total 1048576K, used 10803K [0x0000000780000000, 0x00000007c0000000, 0x00000007c0000000)
 Metaspace       used 2785K, capacity 4496K, committed 4864K, reserved 1056768K
  class space    used 293K, capacity 388K, committed 512K, reserved 1048576K
147.543: #330: [GC (Allocation Failure) 147.543: #330: [ParNew: 3383489K->30606K(3774912K), 0.0104403 secs] 3394292K->41409K(4823488K), 0.0104833 secs] [Times: user=0.02 sys=0.00 real=0.02 secs] 
Heap after GC invocations=308 (full 23):
 par new generation   total 3774912K, used 30606K [0x0000000680000000, 0x0000000780000000, 0x0000000780000000)
  eden space 3355520K,   0% used [0x0000000680000000, 0x0000000680000000, 0x000000074cce0000)
  from space 419392K,   7% used [0x000000074cce0000, 0x000000074eac3a00, 0x0000000766670000)
  to   space 419392K,   0% used [0x0000000766670000, 0x0000000766670000, 0x0000000780000000)
 concurrent mark-sweep generation total 1048576K, used 10803K [0x0000000780000000, 0x00000007c0000000, 0x00000007c0000000)
 Metaspace       used 2785K, capacity 4496K, committed 4864K, reserved 1056768K
  class space    used 293K, capacity 388K, committed 512K, reserved 1048576K
}
{Heap before GC invocations=308 (full 23):
 par new generation   total 3774912K, used 3386126K [0x0000000680000000, 0x0000000780000000, 0x0000000780000000)
  eden space 3355520K, 100% used [0x0000000680000000, 0x000000074cce0000, 0x000000074cce0000)
  from space 419392K,   7% used [0x000000074cce0000, 0x000000074eac3a00, 0x0000000766670000)
  to   space 419392K,   0% used [0x0000000766670000, 0x0000000766670000, 0x0000000780000000)
 concurrent mark-sweep generation total 1048576K, used 10803K [0x0000000780000000, 0x00000007c0000000, 0x00000007c0000000)
 Metaspace       used 2785K, capacity 4496K, committed 4864K, reserved 1056768K
  class space    used 293K, capacity 388K, committed 512K, reserved 1048576K
148.096: #331: [GC (Allocation Failure) 148.096: #331: [ParNew: 3386126K->28601K(3774912K), 0.0107672 secs] 3396929K->39404K(4823488K), 0.0108062 secs] [Times: user=0.03 sys=0.00 real=0.01 secs] 
Heap after GC invocations=309 (full 23):
 par new generation   total 3774912K, used 28601K [0x0000000680000000, 0x0000000780000000, 0x0000000780000000)
  eden space 3355520K,   0% used [0x0000000680000000, 0x0000000680000000, 0x000000074cce0000)
  from space 419392K,   6% used [0x0000000766670000, 0x000000076825e4c0, 0x0000000780000000)
  to   space 419392K,   0% used [0x000000074cce0000, 0x000000074cce0000, 0x0000000766670000)
 concurrent mark-sweep generation total 1048576K, used 10803K [0x0000000780000000, 0x00000007c0000000, 0x00000007c0000000)
 Metaspace       used 2785K, capacity 4496K, committed 4864K, reserved 1056768K
  class space    used 293K, capacity 388K, committed 512K, reserved 1048576K
}
{Heap before GC invocations=309 (full 23):
 par new generation   total 3774912K, used 3384567K [0x0000000680000000, 0x0000000780000000, 0x0000000780000000)
  eden space 3355520K, 100% used [0x0000000680000000, 0x000000074cce0000, 0x000000074cce0000)
  from space 419392K,   6% used [0x0000000766670000, 0x00000007682cdc28, 0x0000000780000000)
  to   space 419392K,   0% used [0x000000074cce0000, 0x000000074cce0000, 0x0000000766670000)
 concurrent mark-sweep generation total 1048576K, used 10803K [0x0000000780000000, 0x00000007c0000000, 0x00000007c0000000)
 Metaspace       used 2785K, capacity 4496K, committed 4864K, reserved 1056768K
  class space    used 293K, capacity 388K, committed 512K, reserved 1048576K
148.655: #332: [GC (GCLocker Initiated GC) 148.655: #332: [ParNew: 3384567K->30183K(3774912K), 0.0100481 secs] 3395370K->40986K(4823488K), 0.0101235 secs] [Times: user=0.02 sys=0.00 real=0.01 secs] 
Heap after GC invocations=310 (full 23):
 par new generation   total 3774912K, used 30183K [0x0000000680000000, 0x0000000780000000, 0x0000000780000000)
  eden space 3355520K,   0% used [0x0000000680000000, 0x0000000680000000, 0x000000074cce0000)
  from space 419392K,   7% used [0x000000074cce0000, 0x000000074ea59cb8, 0x0000000766670000)
  to   space 419392K,   0% used [0x0000000766670000, 0x0000000766670000, 0x0000000780000000)
 concurrent mark-sweep generation total 1048576K, used 10803K [0x0000000780000000, 0x00000007c0000000, 0x00000007c0000000)
 Metaspace       used 2785K, capacity 4496K, committed 4864K, reserved 1056768K
  class space    used 293K, capacity 388K, committed 512K, reserved 1048576K
}
{Heap before GC invocations=310 (full 23):
 par new generation   total 3774912K, used 3385703K [0x0000000680000000, 0x0000000780000000, 0x0000000780000000)
  eden space 3355520K, 100% used [0x0000000680000000, 0x000000074cce0000, 0x000000074cce0000)
  from space 419392K,   7% used [0x000000074cce0000, 0x000000074ea59cb8, 0x0000000766670000)
  to   space 419392K,   0% used [0x0000000766670000, 0x0000000766670000, 0x0000000780000000)
 concurrent mark-sweep generation total 1048576K, used 10803K [0x0000000780000000, 0x00000007c0000000, 0x00000007c0000000)
 Metaspace       used 2785K, capacity 4496K, committed 4864K, reserved 1056768K
  class space    used 293K, capacity 388K, committed 512K, reserved 1048576K
149.214: #333: [GC (Allocation Failure) 149.214: #333: [ParNew: 3385703K->29373K(3774912K), 0.0103574 secs] 3396506K->40176K(4823488K), 0.0103912 secs] [Times: user=0.02 sys=0.00 real=0.01 secs] 
Heap after GC invocations=311 (full 23):
 par new generation   total 3774912K, used 29373K [0x0000000680000000, 0x0000000780000000, 0x0000000780000000)
  eden space 3355520K,   0% used [0x0000000680000000, 0x0000000680000000, 0x000000074cce0000)
  from space 419392K,   7% used [0x0000000766670000, 0x000000076831f520, 0x0000000780000000)
  to   space 419392K,   0% used [0x000000074cce0000, 0x000000074cce0000, 0x0000000766670000)
 concurrent mark-sweep generation total 1048576K, used 10803K [0x0000000780000000, 0x00000007c0000000, 0x00000007c0000000)
 Metaspace       used 2785K, capacity 4496K, committed 4864K, reserved 1056768K
  class space    used 293K, capacity 388K, committed 512K, reserved 1048576K
}
{Heap before GC invocations=311 (full 23):
 par new generation   total 3774912K, used 3384930K [0x0000000680000000, 0x0000000780000000, 0x0000000780000000)
  eden space 3355520K, 100% used [0x0000000680000000, 0x000000074cce0000, 0x000000074cce0000)
  from space 419392K,   7% used [0x0000000766670000, 0x00000007683289b8, 0x0000000780000000)
  to   space 419392K,   0% used [0x000000074cce0000, 0x000000074cce0000, 0x0000000766670000)
 concurrent mark-sweep generation total 1048576K, used 10803K [0x0000000780000000, 0x00000007c0000000, 0x00000007c0000000)
 Metaspace       used 2785K, capacity 4496K, committed 4864K, reserved 1056768K
  class space    used 293K, capacity 388K, committed 512K, reserved 1048576K
149.771: #334: [GC (Allocation Failure) 149.771: #334: [ParNew: 3384930K->30519K(3774912K), 0.0114950 secs] 3395733K->41323K(4823488K), 0.0115760 secs] [Times: user=0.03 sys=0.00 real=0.01 secs] 
Heap after GC invocations=312 (full 23):
 par new generation   total 3774912K, used 30519K [0x0000000680000000, 0x0000000780000000, 0x0000000780000000)
  eden space 3355520K,   0% used [0x0000000680000000, 0x0000000680000000, 0x000000074cce0000)
  from space 419392K,   7% used [0x000000074cce0000, 0x000000074eaadef0, 0x0000000766670000)
  to   space 419392K,   0% used [0x0000000766670000, 0x0000000766670000, 0x0000000780000000)
 concurrent mark-sweep generation total 1048576K, used 10803K [0x0000000780000000, 0x00000007c0000000, 0x00000007c0000000)
 Metaspace       used 2785K, capacity 4496K, committed 4864K, reserved 1056768K
  class space    used 293K, capacity 388K, committed 512K, reserved 1048576K
}
{Heap before GC invocations=312 (full 23):
 par new generation   total 3774912K, used 46867K [0x0000000680000000, 0x0000000780000000, 0x0000000780000000)
  eden space 3355520K,   0% used [0x0000000680000000, 0x0000000680ff6f70, 0x000000074cce0000)
  from space 419392K,   7% used [0x000000074cce0000, 0x000000074eaadef0, 0x0000000766670000)
  to   space 419392K,   0% used [0x0000000766670000, 0x0000000766670000, 0x0000000780000000)
 concurrent mark-sweep generation total 1048576K, used 10803K [0x0000000780000000, 0x00000007c0000000, 0x00000007c0000000)
 Metaspace       used 2785K, capacity 4496K, committed 4864K, reserved 1056768K
  class space    used 293K, capacity 388K, committed 512K, reserved 1048576K
149.783: #335: [GC (GCLocker Initiated GC) 149.783: #335: [ParNew: 46867K->30851K(3774912K), 0.0095758 secs] 57671K->41655K(4823488K), 0.0096104 secs] [Times: user=0.03 sys=0.00 real=0.01 secs] 
Heap after GC invocations=313 (full 23):
 par new generation   total 3774912K, used 30851K [0x0000000680000000, 0x0000000780000000, 0x0000000780000000)
  eden space 3355520K,   0% used [0x0000000680000000, 0x0000000680000000, 0x000000074cce0000)
  from space 419392K,   7% used [0x0000000766670000, 0x0000000768490f30, 0x0000000780000000)
  to   space 419392K,   0% used [0x000000074cce0000, 0x000000074cce0000, 0x0000000766670000)
 concurrent mark-sweep generation total 1048576K, used 10803K [0x0000000780000000, 0x00000007c0000000, 0x00000007c0000000)
 Metaspace       used 2785K, capacity 4496K, committed 4864K, reserved 1056768K
  class space    used 293K, capacity 388K, committed 512K, reserved 1048576K
}
SYSTEM_GC BEFORE
149.803: #336: [GC (CMS Initial Mark) [1 CMS-initial-mark: 10803K(1048576K)] 140451K(4823488K), 0.0225504 secs] [Times: user=0.06 sys=0.00 real=0.03 secs] 
149.826: #336: [CMS-concurrent-mark-start]
149.849: #336: [CMS-concurrent-mark: 0.023/0.023 secs] [Times: user=0.07 sys=0.00 real=0.02 secs] 
{Heap before GC invocations=313 (full 24):
 par new generation   total 3774912K, used 227246K [0x0000000680000000, 0x0000000780000000, 0x0000000780000000)
  eden space 3355520K,   5% used [0x0000000680000000, 0x000000068bfca9f8, 0x000000074cce0000)
  from space 419392K,   7% used [0x0000000766670000, 0x0000000768490f30, 0x0000000780000000)
  to   space 419392K,   0% used [0x000000074cce0000, 0x000000074cce0000, 0x0000000766670000)
 concurrent mark-sweep generation total 1048576K, used 10803K [0x0000000780000000, 0x00000007c0000000, 0x00000007c0000000)
 Metaspace       used 2785K, capacity 4496K, committed 4864K, reserved 1056768K
  class space    used 293K, capacity 388K, committed 512K, reserved 1048576K
149.850: #337: [GC (GCLocker Initiated GC) 149.850: #337: [ParNew: 227246K->34329K(3774912K), 0.0083938 secs] 238049K->45133K(4823488K), 0.0084359 secs] [Times: user=0.03 sys=0.01 real=0.01 secs] 
Heap after GC invocations=314 (full 24):
 par new generation   total 3774912K, used 34329K [0x0000000680000000, 0x0000000780000000, 0x0000000780000000)
  eden space 3355520K,   0% used [0x0000000680000000, 0x0000000680000000, 0x000000074cce0000)
  from space 419392K,   8% used [0x000000074cce0000, 0x000000074ee667f0, 0x0000000766670000)
  to   space 419392K,   0% used [0x0000000766670000, 0x0000000766670000, 0x0000000780000000)
 concurrent mark-sweep generation total 1048576K, used 10803K [0x0000000780000000, 0x00000007c0000000, 0x00000007c0000000)
 Metaspace       used 2785K, capacity 4496K, committed 4864K, reserved 1056768K
  class space    used 293K, capacity 388K, committed 512K, reserved 1048576K
}
149.858: #336: [CMS-concurrent-preclean-start]
149.861: #336: [CMS-concurrent-preclean: 0.002/0.002 secs] [Times: user=0.01 sys=0.00 real=0.00 secs] 
149.861: #336: [CMS-concurrent-abortable-preclean-start]
150.286: #336: [CMS-concurrent-abortable-preclean: 0.121/0.425 secs] [Times: user=1.46 sys=0.11 real=0.43 secs] 
150.286: #336: [GC (CMS Final Remark) [YG occupancy: 2487902 K (3774912 K)]150.287: #336: [Rescan (parallel) , 0.7112118 secs]150.998: #336: [weak refs processing, 0.0000145 secs]150.998: #336: [class unloading, 0.0003502 secs]150.998: #336: [scrub symbol table, 0.0004334 secs]150.999: #336: [scrub string table, 0.0001754 secs][1 CMS-remark: 10803K(1048576K)] 2498706K(4823488K), 0.7122886 secs] [Times: user=2.60 sys=0.01 real=0.71 secs] 
150.999: #336: [CMS-concurrent-sweep-start]
151.005: #336: [CMS-concurrent-sweep: 0.006/0.006 secs] [Times: user=0.02 sys=0.00 real=0.01 secs] 
151.005: #336: [CMS-concurrent-reset-start]
SYSTEM_GC AFTER
151.007: #336: [CMS-concurrent-reset: 0.002/0.002 secs] [Times: user=0.00 sys=0.00 real=0.00 secs] 
{Heap before GC invocations=314 (full 24):
 par new generation   total 3774912K, used 2553034K [0x0000000680000000, 0x0000000780000000, 0x0000000780000000)
  eden space 3355520K,  75% used [0x0000000680000000, 0x0000000719bac0a0, 0x000000074cce0000)
  from space 419392K,   8% used [0x000000074cce0000, 0x000000074ee667f0, 0x0000000766670000)
  to   space 419392K,   0% used [0x0000000766670000, 0x0000000766670000, 0x0000000780000000)
 concurrent mark-sweep generation total 1048576K, used 10803K [0x0000000780000000, 0x00000007c0000000, 0x00000007c0000000)
 Metaspace       used 2785K, capacity 4496K, committed 4864K, reserved 1056768K
  class space    used 293K, capacity 388K, committed 512K, reserved 1048576K
151.009: #338: [GC (GCLocker Initiated GC) 151.009: #338: [ParNew: 2553034K->45098K(3774912K), 0.0100643 secs] 2563837K->55902K(4823488K), 0.0100974 secs] [Times: user=0.02 sys=0.00 real=0.01 secs] 
Heap after GC invocations=315 (full 24):
 par new generation   total 3774912K, used 45098K [0x0000000680000000, 0x0000000780000000, 0x0000000780000000)
  eden space 3355520K,   0% used [0x0000000680000000, 0x0000000680000000, 0x000000074cce0000)
  from space 419392K,  10% used [0x0000000766670000, 0x000000076927aae0, 0x0000000780000000)
  to   space 419392K,   0% used [0x000000074cce0000, 0x000000074cce0000, 0x0000000766670000)
 concurrent mark-sweep generation total 1048576K, used 10803K [0x0000000780000000, 0x00000007c0000000, 0x00000007c0000000)
 Metaspace       used 2785K, capacity 4496K, committed 4864K, reserved 1056768K
  class space    used 293K, capacity 388K, committed 512K, reserved 1048576K
}
{Heap before GC invocations=315 (full 24):
 par new generation   total 3774912K, used 3400975K [0x0000000680000000, 0x0000000780000000, 0x0000000780000000)
  eden space 3355520K, 100% used [0x0000000680000000, 0x000000074cce0000, 0x000000074cce0000)
  from space 419392K,  10% used [0x0000000766670000, 0x00000007692d3ea0, 0x0000000780000000)
  to   space 419392K,   0% used [0x000000074cce0000, 0x000000074cce0000, 0x0000000766670000)
 concurrent mark-sweep generation total 1048576K, used 10803K [0x0000000780000000, 0x00000007c0000000, 0x00000007c0000000)
 Metaspace       used 2785K, capacity 4496K, committed 4864K, reserved 1056768K
  class space    used 293K, capacity 388K, committed 512K, reserved 1048576K
151.566: #339: [GC (Allocation Failure) 151.566: #339: [ParNew: 3400975K->34288K(3774912K), 0.0114409 secs] 3411779K->45092K(4823488K), 0.0114787 secs] [Times: user=0.02 sys=0.01 real=0.01 secs] 
Heap after GC invocations=316 (full 24):
 par new generation   total 3774912K, used 34288K [0x0000000680000000, 0x0000000780000000, 0x0000000780000000)
  eden space 3355520K,   0% used [0x0000000680000000, 0x0000000680000000, 0x000000074cce0000)
  from space 419392K,   8% used [0x000000074cce0000, 0x000000074ee5c320, 0x0000000766670000)
  to   space 419392K,   0% used [0x0000000766670000, 0x0000000766670000, 0x0000000780000000)
 concurrent mark-sweep generation total 1048576K, used 10803K [0x0000000780000000, 0x00000007c0000000, 0x00000007c0000000)
 Metaspace       used 2785K, capacity 4496K, committed 4864K, reserved 1056768K
  class space    used 293K, capacity 388K, committed 512K, reserved 1048576K
}
{Heap before GC invocations=316 (full 24):
 par new generation   total 3774912K, used 148562K [0x0000000680000000, 0x0000000780000000, 0x0000000780000000)
  eden space 3355520K,   3% used [0x0000000680000000, 0x0000000686f987b0, 0x000000074cce0000)
  from space 419392K,   8% used [0x000000074cce0000, 0x000000074ee5c320, 0x0000000766670000)
  to   space 419392K,   0% used [0x0000000766670000, 0x0000000766670000, 0x0000000780000000)
 concurrent mark-sweep generation total 1048576K, used 10803K [0x0000000780000000, 0x00000007c0000000, 0x00000007c0000000)
 Metaspace       used 2785K, capacity 4496K, committed 4864K, reserved 1056768K
  class space    used 293K, capacity 388K, committed 512K, reserved 1048576K
151.589: #340: [GC (GCLocker Initiated GC) 151.589: #340: [ParNew: 148562K->24689K(3774912K), 0.0067436 secs] 159366K->35492K(4823488K), 0.0067948 secs] [Times: user=0.02 sys=0.00 real=0.01 secs] 
Heap after GC invocations=317 (full 24):
 par new generation   total 3774912K, used 24689K [0x0000000680000000, 0x0000000780000000, 0x0000000780000000)
  eden space 3355520K,   0% used [0x0000000680000000, 0x0000000680000000, 0x000000074cce0000)
  from space 419392K,   5% used [0x0000000766670000, 0x0000000767e8c4a0, 0x0000000780000000)
  to   space 419392K,   0% used [0x000000074cce0000, 0x000000074cce0000, 0x0000000766670000)
 concurrent mark-sweep generation total 1048576K, used 10803K [0x0000000780000000, 0x00000007c0000000, 0x00000007c0000000)
 Metaspace       used 2785K, capacity 4496K, committed 4864K, reserved 1056768K
  class space    used 293K, capacity 388K, committed 512K, reserved 1048576K
}
{Heap before GC invocations=317 (full 24):
 par new generation   total 3774912K, used 3380209K [0x0000000680000000, 0x0000000780000000, 0x0000000780000000)
  eden space 3355520K, 100% used [0x0000000680000000, 0x000000074cce0000, 0x000000074cce0000)
  from space 419392K,   5% used [0x0000000766670000, 0x0000000767e8c548, 0x0000000780000000)
  to   space 419392K,   0% used [0x000000074cce0000, 0x000000074cce0000, 0x0000000766670000)
 concurrent mark-sweep generation total 1048576K, used 10803K [0x0000000780000000, 0x00000007c0000000, 0x00000007c0000000)
 Metaspace       used 2785K, capacity 4496K, committed 4864K, reserved 1056768K
  class space    used 293K, capacity 388K, committed 512K, reserved 1048576K
152.141: #341: [GC (Allocation Failure) 152.141: #341: [ParNew: 3380209K->44831K(3774912K), 0.0105046 secs] 3391012K->55634K(4823488K), 0.0105376 secs] [Times: user=0.03 sys=0.00 real=0.01 secs] 
Heap after GC invocations=318 (full 24):
 par new generation   total 3774912K, used 44831K [0x0000000680000000, 0x0000000780000000, 0x0000000780000000)
  eden space 3355520K,   0% used [0x0000000680000000, 0x0000000680000000, 0x000000074cce0000)
  from space 419392K,  10% used [0x000000074cce0000, 0x000000074f8a7da0, 0x0000000766670000)
  to   space 419392K,   0% used [0x0000000766670000, 0x0000000766670000, 0x0000000780000000)
 concurrent mark-sweep generation total 1048576K, used 10803K [0x0000000780000000, 0x00000007c0000000, 0x00000007c0000000)
 Metaspace       used 2785K, capacity 4496K, committed 4864K, reserved 1056768K
  class space    used 293K, capacity 388K, committed 512K, reserved 1048576K
}
{Heap before GC invocations=318 (full 24):
 par new generation   total 3774912K, used 142241K [0x0000000680000000, 0x0000000780000000, 0x0000000780000000)
  eden space 3355520K,   2% used [0x0000000680000000, 0x0000000685f20a20, 0x000000074cce0000)
  from space 419392K,  10% used [0x000000074cce0000, 0x000000074f8a7da0, 0x0000000766670000)
  to   space 419392K,   0% used [0x0000000766670000, 0x0000000766670000, 0x0000000780000000)
 concurrent mark-sweep generation total 1048576K, used 10803K [0x0000000780000000, 0x00000007c0000000, 0x00000007c0000000)
 Metaspace       used 2785K, capacity 4496K, committed 4864K, reserved 1056768K
  class space    used 293K, capacity 388K, committed 512K, reserved 1048576K
152.169: #342: [GC (GCLocker Initiated GC) 152.169: #342: [ParNew: 142241K->25850K(3774912K), 0.0069789 secs] 153045K->36653K(4823488K), 0.0070234 secs] [Times: user=0.02 sys=0.00 real=0.01 secs] 
Heap after GC invocations=319 (full 24):
 par new generation   total 3774912K, used 25850K [0x0000000680000000, 0x0000000780000000, 0x0000000780000000)
  eden space 3355520K,   0% used [0x0000000680000000, 0x0000000680000000, 0x000000074cce0000)
  from space 419392K,   6% used [0x0000000766670000, 0x0000000767faea08, 0x0000000780000000)
  to   space 419392K,   0% used [0x000000074cce0000, 0x000000074cce0000, 0x0000000766670000)
 concurrent mark-sweep generation total 1048576K, used 10803K [0x0000000780000000, 0x00000007c0000000, 0x00000007c0000000)
 Metaspace       used 2785K, capacity 4496K, committed 4864K, reserved 1056768K
  class space    used 293K, capacity 388K, committed 512K, reserved 1048576K
}
{Heap before GC invocations=319 (full 24):
 par new generation   total 3774912K, used 3381378K [0x0000000680000000, 0x0000000780000000, 0x0000000780000000)
  eden space 3355520K, 100% used [0x0000000680000000, 0x000000074cce0000, 0x000000074cce0000)
  from space 419392K,   6% used [0x0000000766670000, 0x0000000767fb0a18, 0x0000000780000000)
  to   space 419392K,   0% used [0x000000074cce0000, 0x000000074cce0000, 0x0000000766670000)
 concurrent mark-sweep generation total 1048576K, used 10803K [0x0000000780000000, 0x00000007c0000000, 0x00000007c0000000)
 Metaspace       used 2785K, capacity 4496K, committed 4864K, reserved 1056768K
  class space    used 293K, capacity 388K, committed 512K, reserved 1048576K
152.723: #343: [GC (Allocation Failure) 152.723: #343: [ParNew: 3381378K->45866K(3774912K), 0.0106594 secs] 3392181K->56670K(4823488K), 0.0106990 secs] [Times: user=0.03 sys=0.00 real=0.02 secs] 
Heap after GC invocations=320 (full 24):
 par new generation   total 3774912K, used 45866K [0x0000000680000000, 0x0000000780000000, 0x0000000780000000)
  eden space 3355520K,   0% used [0x0000000680000000, 0x0000000680000000, 0x000000074cce0000)
  from space 419392K,  10% used [0x000000074cce0000, 0x000000074f9aabe0, 0x0000000766670000)
  to   space 419392K,   0% used [0x0000000766670000, 0x0000000766670000, 0x0000000780000000)
 concurrent mark-sweep generation total 1048576K, used 10803K [0x0000000780000000, 0x00000007c0000000, 0x00000007c0000000)
 Metaspace       used 2785K, capacity 4496K, committed 4864K, reserved 1056768K
  class space    used 293K, capacity 388K, committed 512K, reserved 1048576K
}
{Heap before GC invocations=320 (full 24):
 par new generation   total 3774912K, used 159783K [0x0000000680000000, 0x0000000780000000, 0x0000000780000000)
  eden space 3355520K,   3% used [0x0000000680000000, 0x0000000686f3f1a8, 0x000000074cce0000)
  from space 419392K,  10% used [0x000000074cce0000, 0x000000074f9aabe0, 0x0000000766670000)
  to   space 419392K,   0% used [0x0000000766670000, 0x0000000766670000, 0x0000000780000000)
 concurrent mark-sweep generation total 1048576K, used 10803K [0x0000000780000000, 0x00000007c0000000, 0x00000007c0000000)
 Metaspace       used 2785K, capacity 4496K, committed 4864K, reserved 1056768K
  class space    used 293K, capacity 388K, committed 512K, reserved 1048576K
152.744: #344: [GC (GCLocker Initiated GC) 152.744: #344: [ParNew: 159783K->26650K(3774912K), 0.0070580 secs] 170586K->37454K(4823488K), 0.0071010 secs] [Times: user=0.03 sys=0.00 real=0.00 secs] 
Heap after GC invocations=321 (full 24):
 par new generation   total 3774912K, used 26650K [0x0000000680000000, 0x0000000780000000, 0x0000000780000000)
  eden space 3355520K,   0% used [0x0000000680000000, 0x0000000680000000, 0x000000074cce0000)
  from space 419392K,   6% used [0x0000000766670000, 0x0000000768076be0, 0x0000000780000000)
  to   space 419392K,   0% used [0x000000074cce0000, 0x000000074cce0000, 0x0000000766670000)
 concurrent mark-sweep generation total 1048576K, used 10803K [0x0000000780000000, 0x00000007c0000000, 0x00000007c0000000)
 Metaspace       used 2785K, capacity 4496K, committed 4864K, reserved 1056768K
  class space    used 293K, capacity 388K, committed 512K, reserved 1048576K
}
{Heap before GC invocations=321 (full 24):
 par new generation   total 3774912K, used 3383004K [0x0000000680000000, 0x0000000780000000, 0x0000000780000000)
  eden space 3355520K, 100% used [0x0000000680000000, 0x000000074cce0000, 0x000000074cce0000)
  from space 419392K,   6% used [0x0000000766670000, 0x00000007681473f0, 0x0000000780000000)
  to   space 419392K,   0% used [0x000000074cce0000, 0x000000074cce0000, 0x0000000766670000)
 concurrent mark-sweep generation total 1048576K, used 10803K [0x0000000780000000, 0x00000007c0000000, 0x00000007c0000000)
 Metaspace       used 2785K, capacity 4496K, committed 4864K, reserved 1056768K
  class space    used 293K, capacity 388K, committed 512K, reserved 1048576K
153.304: #345: [GC (Allocation Failure) 153.304: #345: [ParNew: 3383004K->46342K(3774912K), 0.0105448 secs] 3393808K->57146K(4823488K), 0.0105848 secs] [Times: user=0.02 sys=0.00 real=0.01 secs] 
Heap after GC invocations=322 (full 24):
 par new generation   total 3774912K, used 46342K [0x0000000680000000, 0x0000000780000000, 0x0000000780000000)
  eden space 3355520K,   0% used [0x0000000680000000, 0x0000000680000000, 0x000000074cce0000)
  from space 419392K,  11% used [0x000000074cce0000, 0x000000074fa21ae0, 0x0000000766670000)
  to   space 419392K,   0% used [0x0000000766670000, 0x0000000766670000, 0x0000000780000000)
 concurrent mark-sweep generation total 1048576K, used 10803K [0x0000000780000000, 0x00000007c0000000, 0x00000007c0000000)
 Metaspace       used 2785K, capacity 4496K, committed 4864K, reserved 1056768K
  class space    used 293K, capacity 388K, committed 512K, reserved 1048576K
}
{Heap before GC invocations=322 (full 24):
 par new generation   total 3774912K, used 144161K [0x0000000680000000, 0x0000000780000000, 0x0000000780000000)
  eden space 3355520K,   2% used [0x0000000680000000, 0x0000000685f869f8, 0x000000074cce0000)
  from space 419392K,  11% used [0x000000074cce0000, 0x000000074fa21ae0, 0x0000000766670000)
  to   space 419392K,   0% used [0x0000000766670000, 0x0000000766670000, 0x0000000780000000)
 concurrent mark-sweep generation total 1048576K, used 10803K [0x0000000780000000, 0x00000007c0000000, 0x00000007c0000000)
 Metaspace       used 2785K, capacity 4496K, committed 4864K, reserved 1056768K
  class space    used 293K, capacity 388K, committed 512K, reserved 1048576K
153.325: #346: [GC (GCLocker Initiated GC) 153.325: #346: [ParNew: 144161K->26811K(3774912K), 0.0074034 secs] 154964K->37615K(4823488K), 0.0074516 secs] [Times: user=0.03 sys=0.00 real=0.00 secs] 
Heap after GC invocations=323 (full 24):
 par new generation   total 3774912K, used 26811K [0x0000000680000000, 0x0000000780000000, 0x0000000780000000)
  eden space 3355520K,   0% used [0x0000000680000000, 0x0000000680000000, 0x000000074cce0000)
  from space 419392K,   6% used [0x0000000766670000, 0x000000076809ef00, 0x0000000780000000)
  to   space 419392K,   0% used [0x000000074cce0000, 0x000000074cce0000, 0x0000000766670000)
 concurrent mark-sweep generation total 1048576K, used 10803K [0x0000000780000000, 0x00000007c0000000, 0x00000007c0000000)
 Metaspace       used 2785K, capacity 4496K, committed 4864K, reserved 1056768K
  class space    used 293K, capacity 388K, committed 512K, reserved 1048576K
}
{Heap before GC invocations=323 (full 24):
 par new generation   total 3774912K, used 3382331K [0x0000000680000000, 0x0000000780000000, 0x0000000780000000)
  eden space 3355520K, 100% used [0x0000000680000000, 0x000000074cce0000, 0x000000074cce0000)
  from space 419392K,   6% used [0x0000000766670000, 0x000000076809ef00, 0x0000000780000000)
  to   space 419392K,   0% used [0x000000074cce0000, 0x000000074cce0000, 0x0000000766670000)
 concurrent mark-sweep generation total 1048576K, used 10803K [0x0000000780000000, 0x00000007c0000000, 0x00000007c0000000)
 Metaspace       used 2785K, capacity 4496K, committed 4864K, reserved 1056768K
  class space    used 293K, capacity 388K, committed 512K, reserved 1048576K
153.896: #347: [GC (Allocation Failure) 153.896: #347: [ParNew: 3382331K->46414K(3774912K), 0.0104543 secs] 3393135K->57217K(4823488K), 0.0104959 secs] [Times: user=0.02 sys=0.00 real=0.01 secs] 
Heap after GC invocations=324 (full 24):
 par new generation   total 3774912K, used 46414K [0x0000000680000000, 0x0000000780000000, 0x0000000780000000)
  eden space 3355520K,   0% used [0x0000000680000000, 0x0000000680000000, 0x000000074cce0000)
  from space 419392K,  11% used [0x000000074cce0000, 0x000000074fa339e0, 0x0000000766670000)
  to   space 419392K,   0% used [0x0000000766670000, 0x0000000766670000, 0x0000000780000000)
 concurrent mark-sweep generation total 1048576K, used 10803K [0x0000000780000000, 0x00000007c0000000, 0x00000007c0000000)
 Metaspace       used 2785K, capacity 4496K, committed 4864K, reserved 1056768K
  class space    used 293K, capacity 388K, committed 512K, reserved 1048576K
}
{Heap before GC invocations=324 (full 24):
 par new generation   total 3774912K, used 3401934K [0x0000000680000000, 0x0000000780000000, 0x0000000780000000)
  eden space 3355520K, 100% used [0x0000000680000000, 0x000000074cce0000, 0x000000074cce0000)
  from space 419392K,  11% used [0x000000074cce0000, 0x000000074fa339e0, 0x0000000766670000)
  to   space 419392K,   0% used [0x0000000766670000, 0x0000000766670000, 0x0000000780000000)
 concurrent mark-sweep generation total 1048576K, used 10803K [0x0000000780000000, 0x00000007c0000000, 0x00000007c0000000)
 Metaspace       used 2785K, capacity 4496K, committed 4864K, reserved 1056768K
  class space    used 293K, capacity 388K, committed 512K, reserved 1048576K
154.491: #348: [GC (Allocation Failure) 154.491: #348: [ParNew: 3401934K->32010K(3774912K), 0.0107393 secs] 3412737K->42813K(4823488K), 0.0107724 secs] [Times: user=0.02 sys=0.00 real=0.01 secs] 
Heap after GC invocations=325 (full 24):
 par new generation   total 3774912K, used 32010K [0x0000000680000000, 0x0000000780000000, 0x0000000780000000)
  eden space 3355520K,   0% used [0x0000000680000000, 0x0000000680000000, 0x000000074cce0000)
  from space 419392K,   7% used [0x0000000766670000, 0x00000007685b2900, 0x0000000780000000)
  to   space 419392K,   0% used [0x000000074cce0000, 0x000000074cce0000, 0x0000000766670000)
 concurrent mark-sweep generation total 1048576K, used 10803K [0x0000000780000000, 0x00000007c0000000, 0x00000007c0000000)
 Metaspace       used 2785K, capacity 4496K, committed 4864K, reserved 1056768K
  class space    used 293K, capacity 388K, committed 512K, reserved 1048576K
}
{Heap before GC invocations=325 (full 24):
 par new generation   total 3774912K, used 3387530K [0x0000000680000000, 0x0000000780000000, 0x0000000780000000)
  eden space 3355520K, 100% used [0x0000000680000000, 0x000000074cce0000, 0x000000074cce0000)
  from space 419392K,   7% used [0x0000000766670000, 0x00000007685b2920, 0x0000000780000000)
  to   space 419392K,   0% used [0x000000074cce0000, 0x000000074cce0000, 0x0000000766670000)
 concurrent mark-sweep generation total 1048576K, used 10803K [0x0000000780000000, 0x00000007c0000000, 0x00000007c0000000)
 Metaspace       used 2785K, capacity 4496K, committed 4864K, reserved 1056768K
  class space    used 293K, capacity 388K, committed 512K, reserved 1048576K
155.051: #349: [GC (GCLocker Initiated GC) 155.051: #349: [ParNew: 3387530K->30427K(3774912K), 0.0102170 secs] 3398333K->41231K(4823488K), 0.0102568 secs] [Times: user=0.02 sys=0.00 real=0.01 secs] 
Heap after GC invocations=326 (full 24):
 par new generation   total 3774912K, used 30427K [0x0000000680000000, 0x0000000780000000, 0x0000000780000000)
  eden space 3355520K,   0% used [0x0000000680000000, 0x0000000680000000, 0x000000074cce0000)
  from space 419392K,   7% used [0x000000074cce0000, 0x000000074ea96ef8, 0x0000000766670000)
  to   space 419392K,   0% used [0x0000000766670000, 0x0000000766670000, 0x0000000780000000)
 concurrent mark-sweep generation total 1048576K, used 10803K [0x0000000780000000, 0x00000007c0000000, 0x00000007c0000000)
 Metaspace       used 2785K, capacity 4496K, committed 4864K, reserved 1056768K
  class space    used 293K, capacity 388K, committed 512K, reserved 1048576K
}
{Heap before GC invocations=326 (full 24):
 par new generation   total 3774912K, used 3385955K [0x0000000680000000, 0x0000000780000000, 0x0000000780000000)
  eden space 3355520K, 100% used [0x0000000680000000, 0x000000074cce0000, 0x000000074cce0000)
  from space 419392K,   7% used [0x000000074cce0000, 0x000000074ea98f08, 0x0000000766670000)
  to   space 419392K,   0% used [0x0000000766670000, 0x0000000766670000, 0x0000000780000000)
 concurrent mark-sweep generation total 1048576K, used 10803K [0x0000000780000000, 0x00000007c0000000, 0x00000007c0000000)
 Metaspace       used 2785K, capacity 4496K, committed 4864K, reserved 1056768K
  class space    used 293K, capacity 388K, committed 512K, reserved 1048576K
155.644: #350: [GC (Allocation Failure) 155.644: #350: [ParNew: 3385955K->30320K(3774912K), 0.0121430 secs] 3396759K->41123K(4823488K), 0.0121865 secs] [Times: user=0.02 sys=0.00 real=0.01 secs] 
Heap after GC invocations=327 (full 24):
 par new generation   total 3774912K, used 30320K [0x0000000680000000, 0x0000000780000000, 0x0000000780000000)
  eden space 3355520K,   0% used [0x0000000680000000, 0x0000000680000000, 0x000000074cce0000)
  from space 419392K,   7% used [0x0000000766670000, 0x000000076840c1b8, 0x0000000780000000)
  to   space 419392K,   0% used [0x000000074cce0000, 0x000000074cce0000, 0x0000000766670000)
 concurrent mark-sweep generation total 1048576K, used 10803K [0x0000000780000000, 0x00000007c0000000, 0x00000007c0000000)
 Metaspace       used 2785K, capacity 4496K, committed 4864K, reserved 1056768K
  class space    used 293K, capacity 388K, committed 512K, reserved 1048576K
}
{Heap before GC invocations=327 (full 24):
 par new generation   total 3774912K, used 144555K [0x0000000680000000, 0x0000000780000000, 0x0000000780000000)
  eden space 3355520K,   3% used [0x0000000680000000, 0x0000000686f8ebc8, 0x000000074cce0000)
  from space 419392K,   7% used [0x0000000766670000, 0x000000076840c1b8, 0x0000000780000000)
  to   space 419392K,   0% used [0x000000074cce0000, 0x000000074cce0000, 0x0000000766670000)
 concurrent mark-sweep generation total 1048576K, used 10803K [0x0000000780000000, 0x00000007c0000000, 0x00000007c0000000)
 Metaspace       used 2785K, capacity 4496K, committed 4864K, reserved 1056768K
  class space    used 293K, capacity 388K, committed 512K, reserved 1048576K
155.668: #351: [GC (GCLocker Initiated GC) 155.668: #351: [ParNew: 144555K->23720K(3774912K), 0.0080269 secs] 155358K->34524K(4823488K), 0.0080846 secs] [Times: user=0.03 sys=0.00 real=0.01 secs] 
Heap after GC invocations=328 (full 24):
 par new generation   total 3774912K, used 23720K [0x0000000680000000, 0x0000000780000000, 0x0000000780000000)
  eden space 3355520K,   0% used [0x0000000680000000, 0x0000000680000000, 0x000000074cce0000)
  from space 419392K,   5% used [0x000000074cce0000, 0x000000074e40a280, 0x0000000766670000)
  to   space 419392K,   0% used [0x0000000766670000, 0x0000000766670000, 0x0000000780000000)
 concurrent mark-sweep generation total 1048576K, used 10803K [0x0000000780000000, 0x00000007c0000000, 0x00000007c0000000)
 Metaspace       used 2785K, capacity 4496K, committed 4864K, reserved 1056768K
  class space    used 293K, capacity 388K, committed 512K, reserved 1048576K
}
SYSTEM_GC BEFORE
{Heap before GC invocations=328 (full 24):
 par new generation   total 3774912K, used 2042908K [0x0000000680000000, 0x0000000780000000, 0x0000000780000000)
  eden space 3355520K,  60% used [0x0000000680000000, 0x00000006fb3dcf90, 0x000000074cce0000)
  from space 419392K,   5% used [0x000000074cce0000, 0x000000074e40a280, 0x0000000766670000)
  to   space 419392K,   0% used [0x0000000766670000, 0x0000000766670000, 0x0000000780000000)
 concurrent mark-sweep generation total 1048576K, used 10803K [0x0000000780000000, 0x00000007c0000000, 0x00000007c0000000)
 Metaspace       used 2785K, capacity 4496K, committed 4864K, reserved 1056768K
  class space    used 293K, capacity 388K, committed 512K, reserved 1048576K
156.006: #352: [GC (System.gc()) 156.006: #352: [ParNew: 2042908K->33820K(3774912K), 0.0082005 secs] 2053711K->44624K(4823488K), 0.0082757 secs] [Times: user=0.02 sys=0.00 real=0.01 secs] 
Heap after GC invocations=329 (full 24):
 par new generation   total 3774912K, used 33820K [0x0000000680000000, 0x0000000780000000, 0x0000000780000000)
  eden space 3355520K,   0% used [0x0000000680000000, 0x0000000680000000, 0x000000074cce0000)
  from space 419392K,   8% used [0x0000000766670000, 0x00000007687772e0, 0x0000000780000000)
  to   space 419392K,   0% used [0x000000074cce0000, 0x000000074cce0000, 0x0000000766670000)
 concurrent mark-sweep generation total 1048576K, used 10803K [0x0000000780000000, 0x00000007c0000000, 0x00000007c0000000)
 Metaspace       used 2785K, capacity 4496K, committed 4864K, reserved 1056768K
  class space    used 293K, capacity 388K, committed 512K, reserved 1048576K
}
156.015: #353: [GC (CMS Initial Mark) [1 CMS-initial-mark: 10803K(1048576K)] 60575K(4823488K), 0.0013841 secs] [Times: user=0.00 sys=0.00 real=0.00 secs] 
156.017: #353: [CMS-concurrent-mark-start]
156.040: #353: [CMS-concurrent-mark: 0.023/0.023 secs] [Times: user=0.08 sys=0.01 real=0.02 secs] 
156.040: #353: [CMS-concurrent-preclean-start]
156.043: #353: [CMS-concurrent-preclean: 0.003/0.003 secs] [Times: user=0.01 sys=0.00 real=0.00 secs] 
156.043: #353: [CMS-concurrent-abortable-preclean-start]
156.482: #353: [CMS-concurrent-abortable-preclean: 0.131/0.439 secs] [Times: user=1.46 sys=0.09 real=0.44 secs] 
156.483: #353: [GC (CMS Final Remark) [YG occupancy: 2619687 K (3774912 K)]156.483: #353: [Rescan (parallel) , 0.7278428 secs]157.211: #353: [weak refs processing, 0.0000194 secs]157.211: #353: [class unloading, 0.0002929 secs]157.211: #353: [scrub symbol table, 0.0004111 secs]157.211: #353: [scrub string table, 0.0001718 secs][1 CMS-remark: 10803K(1048576K)] 2630490K(4823488K), 0.7288274 secs] [Times: user=2.76 sys=0.00 real=0.73 secs] 
157.212: #353: [CMS-concurrent-sweep-start]
157.218: #353: [CMS-concurrent-sweep: 0.006/0.006 secs] [Times: user=0.01 sys=0.00 real=0.01 secs] 
157.218: #353: [CMS-concurrent-reset-start]
SYSTEM_GC AFTER
157.220: #353: [CMS-concurrent-reset: 0.002/0.002 secs] [Times: user=0.01 sys=0.00 real=0.00 secs] 
{Heap before GC invocations=329 (full 25):
 par new generation   total 3774912K, used 2684038K [0x0000000680000000, 0x0000000780000000, 0x0000000780000000)
  eden space 3355520K,  78% used [0x0000000680000000, 0x0000000721c1a848, 0x000000074cce0000)
  from space 419392K,   8% used [0x0000000766670000, 0x00000007687772e0, 0x0000000780000000)
  to   space 419392K,   0% used [0x000000074cce0000, 0x000000074cce0000, 0x0000000766670000)
 concurrent mark-sweep generation total 1048576K, used 10803K [0x0000000780000000, 0x00000007c0000000, 0x00000007c0000000)
 Metaspace       used 2785K, capacity 4496K, committed 4864K, reserved 1056768K
  class space    used 293K, capacity 388K, committed 512K, reserved 1048576K
157.222: #354: [GC (GCLocker Initiated GC) 157.222: #354: [ParNew: 2684038K->25591K(3774912K), 0.0089225 secs] 2694842K->36395K(4823488K), 0.0089645 secs] [Times: user=0.02 sys=0.00 real=0.01 secs] 
Heap after GC invocations=330 (full 25):
 par new generation   total 3774912K, used 25591K [0x0000000680000000, 0x0000000780000000, 0x0000000780000000)
  eden space 3355520K,   0% used [0x0000000680000000, 0x0000000680000000, 0x000000074cce0000)
  from space 419392K,   6% used [0x000000074cce0000, 0x000000074e5ddfa0, 0x0000000766670000)
  to   space 419392K,   0% used [0x0000000766670000, 0x0000000766670000, 0x0000000780000000)
 concurrent mark-sweep generation total 1048576K, used 10803K [0x0000000780000000, 0x00000007c0000000, 0x00000007c0000000)
 Metaspace       used 2785K, capacity 4496K, committed 4864K, reserved 1056768K
  class space    used 293K, capacity 388K, committed 512K, reserved 1048576K
}
{Heap before GC invocations=330 (full 25):
 par new generation   total 3774912K, used 3381393K [0x0000000680000000, 0x0000000780000000, 0x0000000780000000)
  eden space 3355520K, 100% used [0x0000000680000000, 0x000000074cce0000, 0x000000074cce0000)
  from space 419392K,   6% used [0x000000074cce0000, 0x000000074e624578, 0x0000000766670000)
  to   space 419392K,   0% used [0x0000000766670000, 0x0000000766670000, 0x0000000780000000)
 concurrent mark-sweep generation total 1048576K, used 10803K [0x0000000780000000, 0x00000007c0000000, 0x00000007c0000000)
 Metaspace       used 2785K, capacity 4496K, committed 4864K, reserved 1056768K
  class space    used 293K, capacity 388K, committed 512K, reserved 1048576K
157.794: #355: [GC (GCLocker Initiated GC) 157.794: #355: [ParNew: 3381393K->31629K(3774912K), 0.0105689 secs] 3392196K->42432K(4823488K), 0.0106106 secs] [Times: user=0.03 sys=0.00 real=0.01 secs] 
Heap after GC invocations=331 (full 25):
 par new generation   total 3774912K, used 31629K [0x0000000680000000, 0x0000000780000000, 0x0000000780000000)
  eden space 3355520K,   0% used [0x0000000680000000, 0x0000000680000000, 0x000000074cce0000)
  from space 419392K,   7% used [0x0000000766670000, 0x0000000768553440, 0x0000000780000000)
  to   space 419392K,   0% used [0x000000074cce0000, 0x000000074cce0000, 0x0000000766670000)
 concurrent mark-sweep generation total 1048576K, used 10803K [0x0000000780000000, 0x00000007c0000000, 0x00000007c0000000)
 Metaspace       used 2785K, capacity 4496K, committed 4864K, reserved 1056768K
  class space    used 293K, capacity 388K, committed 512K, reserved 1048576K
}
{Heap before GC invocations=331 (full 25):
 par new generation   total 3774912K, used 3389340K [0x0000000680000000, 0x0000000780000000, 0x0000000780000000)
  eden space 3355520K, 100% used [0x0000000680000000, 0x000000074cce0000, 0x000000074cce0000)
  from space 419392K,   8% used [0x0000000766670000, 0x0000000768777248, 0x0000000780000000)
  to   space 419392K,   0% used [0x000000074cce0000, 0x000000074cce0000, 0x0000000766670000)
 concurrent mark-sweep generation total 1048576K, used 10803K [0x0000000780000000, 0x00000007c0000000, 0x00000007c0000000)
 Metaspace       used 2785K, capacity 4496K, committed 4864K, reserved 1056768K
  class space    used 293K, capacity 388K, committed 512K, reserved 1048576K
158.366: #356: [GC (GCLocker Initiated GC) 158.367: #356: [ParNew: 3389340K->29045K(3774912K), 0.0108108 secs] 3400144K->39848K(4823488K), 0.0108475 secs] [Times: user=0.03 sys=0.00 real=0.01 secs] 
Heap after GC invocations=332 (full 25):
 par new generation   total 3774912K, used 29045K [0x0000000680000000, 0x0000000780000000, 0x0000000780000000)
  eden space 3355520K,   0% used [0x0000000680000000, 0x0000000680000000, 0x000000074cce0000)
  from space 419392K,   6% used [0x000000074cce0000, 0x000000074e93d420, 0x0000000766670000)
  to   space 419392K,   0% used [0x0000000766670000, 0x0000000766670000, 0x0000000780000000)
 concurrent mark-sweep generation total 1048576K, used 10803K [0x0000000780000000, 0x00000007c0000000, 0x00000007c0000000)
 Metaspace       used 2785K, capacity 4496K, committed 4864K, reserved 1056768K
  class space    used 293K, capacity 388K, committed 512K, reserved 1048576K
}
{Heap before GC invocations=332 (full 25):
 par new generation   total 3774912K, used 3386702K [0x0000000680000000, 0x0000000780000000, 0x0000000780000000)
  eden space 3355520K, 100% used [0x0000000680000000, 0x000000074cce0000, 0x000000074cce0000)
  from space 419392K,   7% used [0x000000074cce0000, 0x000000074eb53840, 0x0000000766670000)
  to   space 419392K,   0% used [0x0000000766670000, 0x0000000766670000, 0x0000000780000000)
 concurrent mark-sweep generation total 1048576K, used 10803K [0x0000000780000000, 0x00000007c0000000, 0x00000007c0000000)
 Metaspace       used 2785K, capacity 4496K, committed 4864K, reserved 1056768K
  class space    used 293K, capacity 388K, committed 512K, reserved 1048576K
158.939: #357: [GC (GCLocker Initiated GC) 158.939: #357: [ParNew: 3386702K->30674K(3774912K), 0.0106418 secs] 3397505K->41478K(4823488K), 0.0106748 secs] [Times: user=0.02 sys=0.00 real=0.01 secs] 
Heap after GC invocations=333 (full 25):
 par new generation   total 3774912K, used 30674K [0x0000000680000000, 0x0000000780000000, 0x0000000780000000)
  eden space 3355520K,   0% used [0x0000000680000000, 0x0000000680000000, 0x000000074cce0000)
  from space 419392K,   7% used [0x0000000766670000, 0x0000000768464aa0, 0x0000000780000000)
  to   space 419392K,   0% used [0x000000074cce0000, 0x000000074cce0000, 0x0000000766670000)
 concurrent mark-sweep generation total 1048576K, used 10803K [0x0000000780000000, 0x00000007c0000000, 0x00000007c0000000)
 Metaspace       used 2785K, capacity 4496K, committed 4864K, reserved 1056768K
  class space    used 293K, capacity 388K, committed 512K, reserved 1048576K
}
{Heap before GC invocations=333 (full 25):
 par new generation   total 3774912K, used 3386194K [0x0000000680000000, 0x0000000780000000, 0x0000000780000000)
  eden space 3355520K, 100% used [0x0000000680000000, 0x000000074cce0000, 0x000000074cce0000)
  from space 419392K,   7% used [0x0000000766670000, 0x0000000768464ad0, 0x0000000780000000)
  to   space 419392K,   0% used [0x000000074cce0000, 0x000000074cce0000, 0x0000000766670000)
 concurrent mark-sweep generation total 1048576K, used 10803K [0x0000000780000000, 0x00000007c0000000, 0x00000007c0000000)
 Metaspace       used 2785K, capacity 4496K, committed 4864K, reserved 1056768K
  class space    used 293K, capacity 388K, committed 512K, reserved 1048576K
159.494: #358: [GC (GCLocker Initiated GC) 159.494: #358: [ParNew: 3386194K->30271K(3774912K), 0.0114614 secs] 3396998K->41075K(4823488K), 0.0114997 secs] [Times: user=0.03 sys=0.00 real=0.01 secs] 
Heap after GC invocations=334 (full 25):
 par new generation   total 3774912K, used 30271K [0x0000000680000000, 0x0000000780000000, 0x0000000780000000)
  eden space 3355520K,   0% used [0x0000000680000000, 0x0000000680000000, 0x000000074cce0000)
  from space 419392K,   7% used [0x000000074cce0000, 0x000000074ea6fe38, 0x0000000766670000)
  to   space 419392K,   0% used [0x0000000766670000, 0x0000000766670000, 0x0000000780000000)
 concurrent mark-sweep generation total 1048576K, used 10803K [0x0000000780000000, 0x00000007c0000000, 0x00000007c0000000)
 Metaspace       used 2785K, capacity 4496K, committed 4864K, reserved 1056768K
  class space    used 293K, capacity 388K, committed 512K, reserved 1048576K
}
{Heap before GC invocations=334 (full 25):
 par new generation   total 3774912K, used 3385794K [0x0000000680000000, 0x0000000780000000, 0x0000000780000000)
  eden space 3355520K, 100% used [0x0000000680000000, 0x000000074cce0000, 0x000000074cce0000)
  from space 419392K,   7% used [0x000000074cce0000, 0x000000074ea70bb8, 0x0000000766670000)
  to   space 419392K,   0% used [0x0000000766670000, 0x0000000766670000, 0x0000000780000000)
 concurrent mark-sweep generation total 1048576K, used 10803K [0x0000000780000000, 0x00000007c0000000, 0x00000007c0000000)
 Metaspace       used 2785K, capacity 4496K, committed 4864K, reserved 1056768K
  class space    used 293K, capacity 388K, committed 512K, reserved 1048576K
160.062: #359: [GC (Allocation Failure) 160.062: #359: [ParNew: 3385794K->30293K(3774912K), 0.0105044 secs] 3396598K->41096K(4823488K), 0.0105414 secs] [Times: user=0.02 sys=0.00 real=0.01 secs] 
Heap after GC invocations=335 (full 25):
 par new generation   total 3774912K, used 30293K [0x0000000680000000, 0x0000000780000000, 0x0000000780000000)
  eden space 3355520K,   0% used [0x0000000680000000, 0x0000000680000000, 0x000000074cce0000)
  from space 419392K,   7% used [0x0000000766670000, 0x00000007684055a0, 0x0000000780000000)
  to   space 419392K,   0% used [0x000000074cce0000, 0x000000074cce0000, 0x0000000766670000)
 concurrent mark-sweep generation total 1048576K, used 10803K [0x0000000780000000, 0x00000007c0000000, 0x00000007c0000000)
 Metaspace       used 2785K, capacity 4496K, committed 4864K, reserved 1056768K
  class space    used 293K, capacity 388K, committed 512K, reserved 1048576K
}
{Heap before GC invocations=335 (full 25):
 par new generation   total 3774912K, used 128172K [0x0000000680000000, 0x0000000780000000, 0x0000000780000000)
  eden space 3355520K,   2% used [0x0000000680000000, 0x0000000685f95bb0, 0x000000074cce0000)
  from space 419392K,   7% used [0x0000000766670000, 0x00000007684055a0, 0x0000000780000000)
  to   space 419392K,   0% used [0x000000074cce0000, 0x000000074cce0000, 0x0000000766670000)
 concurrent mark-sweep generation total 1048576K, used 10803K [0x0000000780000000, 0x00000007c0000000, 0x00000007c0000000)
 Metaspace       used 2785K, capacity 4496K, committed 4864K, reserved 1056768K
  class space    used 293K, capacity 388K, committed 512K, reserved 1048576K
160.083: #360: [GC (GCLocker Initiated GC) 160.083: #360: [ParNew: 128172K->24534K(3774912K), 0.0090973 secs] 138975K->35337K(4823488K), 0.0092262 secs] [Times: user=0.02 sys=0.00 real=0.01 secs] 
Heap after GC invocations=336 (full 25):
 par new generation   total 3774912K, used 24534K [0x0000000680000000, 0x0000000780000000, 0x0000000780000000)
  eden space 3355520K,   0% used [0x0000000680000000, 0x0000000680000000, 0x000000074cce0000)
  from space 419392K,   5% used [0x000000074cce0000, 0x000000074e4d58b0, 0x0000000766670000)
  to   space 419392K,   0% used [0x0000000766670000, 0x0000000766670000, 0x0000000780000000)
 concurrent mark-sweep generation total 1048576K, used 10803K [0x0000000780000000, 0x00000007c0000000, 0x00000007c0000000)
 Metaspace       used 2785K, capacity 4496K, committed 4864K, reserved 1056768K
  class space    used 293K, capacity 388K, committed 512K, reserved 1048576K
}
{Heap before GC invocations=336 (full 25):
 par new generation   total 3774912K, used 3380054K [0x0000000680000000, 0x0000000780000000, 0x0000000780000000)
  eden space 3355520K, 100% used [0x0000000680000000, 0x000000074cce0000, 0x000000074cce0000)
  from space 419392K,   5% used [0x000000074cce0000, 0x000000074e4d58b0, 0x0000000766670000)
  to   space 419392K,   0% used [0x0000000766670000, 0x0000000766670000, 0x0000000780000000)
 concurrent mark-sweep generation total 1048576K, used 10803K [0x0000000780000000, 0x00000007c0000000, 0x00000007c0000000)
 Metaspace       used 2785K, capacity 4496K, committed 4864K, reserved 1056768K
  class space    used 293K, capacity 388K, committed 512K, reserved 1048576K
160.637: #361: [GC (Allocation Failure) 160.637: #361: [ParNew: 3380054K->45689K(3774912K), 0.0107956 secs] 3390857K->56493K(4823488K), 0.0108391 secs] [Times: user=0.02 sys=0.00 real=0.01 secs] 
Heap after GC invocations=337 (full 25):
 par new generation   total 3774912K, used 45689K [0x0000000680000000, 0x0000000780000000, 0x0000000780000000)
  eden space 3355520K,   0% used [0x0000000680000000, 0x0000000680000000, 0x000000074cce0000)
  from space 419392K,  10% used [0x0000000766670000, 0x000000076930e6a0, 0x0000000780000000)
  to   space 419392K,   0% used [0x000000074cce0000, 0x000000074cce0000, 0x0000000766670000)
 concurrent mark-sweep generation total 1048576K, used 10803K [0x0000000780000000, 0x00000007c0000000, 0x00000007c0000000)
 Metaspace       used 2785K, capacity 4496K, committed 4864K, reserved 1056768K
  class space    used 293K, capacity 388K, committed 512K, reserved 1048576K
}
{Heap before GC invocations=337 (full 25):
 par new generation   total 3774912K, used 3401209K [0x0000000680000000, 0x0000000780000000, 0x0000000780000000)
  eden space 3355520K, 100% used [0x0000000680000000, 0x000000074cce0000, 0x000000074cce0000)
  from space 419392K,  10% used [0x0000000766670000, 0x000000076930e6d0, 0x0000000780000000)
  to   space 419392K,   0% used [0x000000074cce0000, 0x000000074cce0000, 0x0000000766670000)
 concurrent mark-sweep generation total 1048576K, used 10803K [0x0000000780000000, 0x00000007c0000000, 0x00000007c0000000)
 Metaspace       used 2785K, capacity 4496K, committed 4864K, reserved 1056768K
  class space    used 293K, capacity 388K, committed 512K, reserved 1048576K
161.200: #362: [GC (Allocation Failure) 161.200: #362: [ParNew: 3401209K->30764K(3774912K), 0.0106291 secs] 3412013K->41567K(4823488K), 0.0106654 secs] [Times: user=0.02 sys=0.00 real=0.01 secs] 
Heap after GC invocations=338 (full 25):
 par new generation   total 3774912K, used 30764K [0x0000000680000000, 0x0000000780000000, 0x0000000780000000)
  eden space 3355520K,   0% used [0x0000000680000000, 0x0000000680000000, 0x000000074cce0000)
  from space 419392K,   7% used [0x000000074cce0000, 0x000000074eaeb120, 0x0000000766670000)
  to   space 419392K,   0% used [0x0000000766670000, 0x0000000766670000, 0x0000000780000000)
 concurrent mark-sweep generation total 1048576K, used 10803K [0x0000000780000000, 0x00000007c0000000, 0x00000007c0000000)
 Metaspace       used 2785K, capacity 4496K, committed 4864K, reserved 1056768K
  class space    used 293K, capacity 388K, committed 512K, reserved 1048576K
}
{Heap before GC invocations=338 (full 25):
 par new generation   total 3774912K, used 128451K [0x0000000680000000, 0x0000000780000000, 0x0000000780000000)
  eden space 3355520K,   2% used [0x0000000680000000, 0x0000000685f65d40, 0x000000074cce0000)
  from space 419392K,   7% used [0x000000074cce0000, 0x000000074eaeb120, 0x0000000766670000)
  to   space 419392K,   0% used [0x0000000766670000, 0x0000000766670000, 0x0000000780000000)
 concurrent mark-sweep generation total 1048576K, used 10803K [0x0000000780000000, 0x00000007c0000000, 0x00000007c0000000)
 Metaspace       used 2785K, capacity 4496K, committed 4864K, reserved 1056768K
  class space    used 293K, capacity 388K, committed 512K, reserved 1048576K
161.222: #363: [GC (GCLocker Initiated GC) 161.222: #363: [ParNew: 128451K->24171K(3774912K), 0.0067006 secs] 139255K->34975K(4823488K), 0.0067400 secs] [Times: user=0.03 sys=0.00 real=0.01 secs] 
Heap after GC invocations=339 (full 25):
 par new generation   total 3774912K, used 24171K [0x0000000680000000, 0x0000000780000000, 0x0000000780000000)
  eden space 3355520K,   0% used [0x0000000680000000, 0x0000000680000000, 0x000000074cce0000)
  from space 419392K,   5% used [0x0000000766670000, 0x0000000767e0afb0, 0x0000000780000000)
  to   space 419392K,   0% used [0x000000074cce0000, 0x000000074cce0000, 0x0000000766670000)
 concurrent mark-sweep generation total 1048576K, used 10803K [0x0000000780000000, 0x00000007c0000000, 0x00000007c0000000)
 Metaspace       used 2785K, capacity 4496K, committed 4864K, reserved 1056768K
  class space    used 293K, capacity 388K, committed 512K, reserved 1048576K
}
{Heap before GC invocations=339 (full 25):
 par new generation   total 3774912K, used 3379691K [0x0000000680000000, 0x0000000780000000, 0x0000000780000000)
  eden space 3355520K, 100% used [0x0000000680000000, 0x000000074cce0000, 0x000000074cce0000)
  from space 419392K,   5% used [0x0000000766670000, 0x0000000767e0afb0, 0x0000000780000000)
  to   space 419392K,   0% used [0x000000074cce0000, 0x000000074cce0000, 0x0000000766670000)
 concurrent mark-sweep generation total 1048576K, used 10803K [0x0000000780000000, 0x00000007c0000000, 0x00000007c0000000)
 Metaspace       used 2785K, capacity 4496K, committed 4864K, reserved 1056768K
  class space    used 293K, capacity 388K, committed 512K, reserved 1048576K
161.801: #364: [GC (Allocation Failure) 161.802: #364: [ParNew: 3379691K->43381K(3774912K), 0.0113702 secs] 3390495K->54185K(4823488K), 0.0114121 secs] [Times: user=0.02 sys=0.00 real=0.01 secs] 
Heap after GC invocations=340 (full 25):
 par new generation   total 3774912K, used 43381K [0x0000000680000000, 0x0000000780000000, 0x0000000780000000)
  eden space 3355520K,   0% used [0x0000000680000000, 0x0000000680000000, 0x000000074cce0000)
  from space 419392K,  10% used [0x000000074cce0000, 0x000000074f73d680, 0x0000000766670000)
  to   space 419392K,   0% used [0x0000000766670000, 0x0000000766670000, 0x0000000780000000)
 concurrent mark-sweep generation total 1048576K, used 10803K [0x0000000780000000, 0x00000007c0000000, 0x00000007c0000000)
 Metaspace       used 2785K, capacity 4496K, committed 4864K, reserved 1056768K
  class space    used 293K, capacity 388K, committed 512K, reserved 1048576K
}
SYSTEM_GC BEFORE
{Heap before GC invocations=340 (full 25):
 par new generation   total 3774912K, used 2344779K [0x0000000680000000, 0x0000000780000000, 0x0000000780000000)
  eden space 3355520K,  68% used [0x0000000680000000, 0x000000070c775710, 0x000000074cce0000)
  from space 419392K,  10% used [0x000000074cce0000, 0x000000074f73d680, 0x0000000766670000)
  to   space 419392K,   0% used [0x0000000766670000, 0x0000000766670000, 0x0000000780000000)
 concurrent mark-sweep generation total 1048576K, used 10803K [0x0000000780000000, 0x00000007c0000000, 0x00000007c0000000)
 Metaspace       used 2785K, capacity 4496K, committed 4864K, reserved 1056768K
  class space    used 293K, capacity 388K, committed 512K, reserved 1048576K
162.220: #365: [GC (GCLocker Initiated GC) 162.220: #365: [ParNew: 2344779K->23418K(3774912K), 0.0084876 secs] 2355582K->34221K(4823488K), 0.0085325 secs] [Times: user=0.02 sys=0.00 real=0.01 secs] 
Heap after GC invocations=341 (full 25):
 par new generation   total 3774912K, used 23418K [0x0000000680000000, 0x0000000780000000, 0x0000000780000000)
  eden space 3355520K,   0% used [0x0000000680000000, 0x0000000680000000, 0x000000074cce0000)
  from space 419392K,   5% used [0x0000000766670000, 0x0000000767d4e8a0, 0x0000000780000000)
  to   space 419392K,   0% used [0x000000074cce0000, 0x000000074cce0000, 0x0000000766670000)
 concurrent mark-sweep generation total 1048576K, used 10803K [0x0000000780000000, 0x00000007c0000000, 0x00000007c0000000)
 Metaspace       used 2785K, capacity 4496K, committed 4864K, reserved 1056768K
  class space    used 293K, capacity 388K, committed 512K, reserved 1048576K
}
162.229: #366: [GC (CMS Initial Mark) [1 CMS-initial-mark: 10803K(1048576K)] 50223K(4823488K), 0.0009679 secs] [Times: user=0.00 sys=0.00 real=0.00 secs] 
162.230: #366: [CMS-concurrent-mark-start]
162.254: #366: [CMS-concurrent-mark: 0.024/0.024 secs] [Times: user=0.07 sys=0.02 real=0.03 secs] 
162.254: #366: [CMS-concurrent-preclean-start]
162.256: #366: [CMS-concurrent-preclean: 0.002/0.002 secs] [Times: user=0.00 sys=0.00 real=0.00 secs] 
162.256: #366: [CMS-concurrent-abortable-preclean-start]
162.696: #366: [CMS-concurrent-abortable-preclean: 0.135/0.439 secs] [Times: user=1.30 sys=0.07 real=0.44 secs] 
162.696: #366: [GC (CMS Final Remark) [YG occupancy: 2302273 K (3774912 K)]162.696: #366: [Rescan (parallel) , 0.7940654 secs]163.490: #366: [weak refs processing, 0.0000164 secs]163.490: #366: [class unloading, 0.0003190 secs]163.491: #366: [scrub symbol table, 0.0004759 secs]163.491: #366: [scrub string table, 0.0002167 secs][1 CMS-remark: 10803K(1048576K)] 2313077K(4823488K), 0.7952119 secs] [Times: user=2.38 sys=0.01 real=0.79 secs] 
163.492: #366: [CMS-concurrent-sweep-start]
163.498: #366: [CMS-concurrent-sweep: 0.007/0.007 secs] [Times: user=0.01 sys=0.00 real=0.01 secs] 
163.498: #366: [CMS-concurrent-reset-start]
SYSTEM_GC AFTER
163.501: #366: [CMS-concurrent-reset: 0.002/0.002 secs] [Times: user=0.02 sys=0.00 real=0.00 secs] 
{Heap before GC invocations=341 (full 26):
 par new generation   total 3774912K, used 2351049K [0x0000000680000000, 0x0000000780000000, 0x0000000780000000)
  eden space 3355520K,  69% used [0x0000000680000000, 0x000000070e113ef0, 0x000000074cce0000)
  from space 419392K,   5% used [0x0000000766670000, 0x0000000767d4e8a0, 0x0000000780000000)
  to   space 419392K,   0% used [0x000000074cce0000, 0x000000074cce0000, 0x0000000766670000)
 concurrent mark-sweep generation total 1048576K, used 10803K [0x0000000780000000, 0x00000007c0000000, 0x00000007c0000000)
 Metaspace       used 2785K, capacity 4496K, committed 4864K, reserved 1056768K
  class space    used 293K, capacity 388K, committed 512K, reserved 1048576K
163.502: #367: [GC (GCLocker Initiated GC) 163.502: #367: [ParNew: 2351049K->22931K(3774912K), 0.0095463 secs] 2361853K->33735K(4823488K), 0.0095821 secs] [Times: user=0.03 sys=0.00 real=0.01 secs] 
Heap after GC invocations=342 (full 26):
 par new generation   total 3774912K, used 22931K [0x0000000680000000, 0x0000000780000000, 0x0000000780000000)
  eden space 3355520K,   0% used [0x0000000680000000, 0x0000000680000000, 0x000000074cce0000)
  from space 419392K,   5% used [0x000000074cce0000, 0x000000074e344e90, 0x0000000766670000)
  to   space 419392K,   0% used [0x0000000766670000, 0x0000000766670000, 0x0000000780000000)
 concurrent mark-sweep generation total 1048576K, used 10803K [0x0000000780000000, 0x00000007c0000000, 0x00000007c0000000)
 Metaspace       used 2785K, capacity 4496K, committed 4864K, reserved 1056768K
  class space    used 293K, capacity 388K, committed 512K, reserved 1048576K
}
{Heap before GC invocations=342 (full 26):
 par new generation   total 3774912K, used 3378451K [0x0000000680000000, 0x0000000780000000, 0x0000000780000000)
  eden space 3355520K, 100% used [0x0000000680000000, 0x000000074cce0000, 0x000000074cce0000)
  from space 419392K,   5% used [0x000000074cce0000, 0x000000074e344e90, 0x0000000766670000)
  to   space 419392K,   0% used [0x0000000766670000, 0x0000000766670000, 0x0000000780000000)
 concurrent mark-sweep generation total 1048576K, used 10803K [0x0000000780000000, 0x00000007c0000000, 0x00000007c0000000)
 Metaspace       used 2785K, capacity 4496K, committed 4864K, reserved 1056768K
  class space    used 293K, capacity 388K, committed 512K, reserved 1048576K
164.081: #368: [GC (Allocation Failure) 164.081: #368: [ParNew: 3378451K->31602K(3774912K), 0.0116257 secs] 3389255K->42406K(4823488K), 0.0116700 secs] [Times: user=0.02 sys=0.00 real=0.01 secs] 
Heap after GC invocations=343 (full 26):
 par new generation   total 3774912K, used 31602K [0x0000000680000000, 0x0000000780000000, 0x0000000780000000)
  eden space 3355520K,   0% used [0x0000000680000000, 0x0000000680000000, 0x000000074cce0000)
  from space 419392K,   7% used [0x0000000766670000, 0x000000076854cb68, 0x0000000780000000)
  to   space 419392K,   0% used [0x000000074cce0000, 0x000000074cce0000, 0x0000000766670000)
 concurrent mark-sweep generation total 1048576K, used 10803K [0x0000000780000000, 0x00000007c0000000, 0x00000007c0000000)
 Metaspace       used 2785K, capacity 4496K, committed 4864K, reserved 1056768K
  class space    used 293K, capacity 388K, committed 512K, reserved 1048576K
}
{Heap before GC invocations=343 (full 26):
 par new generation   total 3774912K, used 3387122K [0x0000000680000000, 0x0000000780000000, 0x0000000780000000)
  eden space 3355520K, 100% used [0x0000000680000000, 0x000000074cce0000, 0x000000074cce0000)
  from space 419392K,   7% used [0x0000000766670000, 0x000000076854cb68, 0x0000000780000000)
  to   space 419392K,   0% used [0x000000074cce0000, 0x000000074cce0000, 0x0000000766670000)
 concurrent mark-sweep generation total 1048576K, used 10803K [0x0000000780000000, 0x00000007c0000000, 0x00000007c0000000)
 Metaspace       used 2785K, capacity 4496K, committed 4864K, reserved 1056768K
  class space    used 293K, capacity 388K, committed 512K, reserved 1048576K
164.669: #369: [GC (Allocation Failure) 164.669: #369: [ParNew: 3387122K->28708K(3774912K), 0.0104143 secs] 3397926K->39512K(4823488K), 0.0104486 secs] [Times: user=0.02 sys=0.00 real=0.01 secs] 
Heap after GC invocations=344 (full 26):
 par new generation   total 3774912K, used 28708K [0x0000000680000000, 0x0000000780000000, 0x0000000780000000)
  eden space 3355520K,   0% used [0x0000000680000000, 0x0000000680000000, 0x000000074cce0000)
  from space 419392K,   6% used [0x000000074cce0000, 0x000000074e8e9378, 0x0000000766670000)
  to   space 419392K,   0% used [0x0000000766670000, 0x0000000766670000, 0x0000000780000000)
 concurrent mark-sweep generation total 1048576K, used 10803K [0x0000000780000000, 0x00000007c0000000, 0x00000007c0000000)
 Metaspace       used 2785K, capacity 4496K, committed 4864K, reserved 1056768K
  class space    used 293K, capacity 388K, committed 512K, reserved 1048576K
}
{Heap before GC invocations=344 (full 26):
 par new generation   total 3774912K, used 3384228K [0x0000000680000000, 0x0000000780000000, 0x0000000780000000)
  eden space 3355520K, 100% used [0x0000000680000000, 0x000000074cce0000, 0x000000074cce0000)
  from space 419392K,   6% used [0x000000074cce0000, 0x000000074e8e9398, 0x0000000766670000)
  to   space 419392K,   0% used [0x0000000766670000, 0x0000000766670000, 0x0000000780000000)
 concurrent mark-sweep generation total 1048576K, used 10803K [0x0000000780000000, 0x00000007c0000000, 0x00000007c0000000)
 Metaspace       used 2785K, capacity 4496K, committed 4864K, reserved 1056768K
  class space    used 293K, capacity 388K, committed 512K, reserved 1048576K
165.219: #370: [GC (GCLocker Initiated GC) 165.219: #370: [ParNew: 3384228K->28845K(3774912K), 0.0099261 secs] 3395032K->39648K(4823488K), 0.0099627 secs] [Times: user=0.02 sys=0.00 real=0.01 secs] 
Heap after GC invocations=345 (full 26):
 par new generation   total 3774912K, used 28845K [0x0000000680000000, 0x0000000780000000, 0x0000000780000000)
  eden space 3355520K,   0% used [0x0000000680000000, 0x0000000680000000, 0x000000074cce0000)
  from space 419392K,   6% used [0x0000000766670000, 0x000000076829b478, 0x0000000780000000)
  to   space 419392K,   0% used [0x000000074cce0000, 0x000000074cce0000, 0x0000000766670000)
 concurrent mark-sweep generation total 1048576K, used 10803K [0x0000000780000000, 0x00000007c0000000, 0x00000007c0000000)
 Metaspace       used 2785K, capacity 4496K, committed 4864K, reserved 1056768K
  class space    used 293K, capacity 388K, committed 512K, reserved 1048576K
}
{Heap before GC invocations=345 (full 26):
 par new generation   total 3774912K, used 3384365K [0x0000000680000000, 0x0000000780000000, 0x0000000780000000)
  eden space 3355520K, 100% used [0x0000000680000000, 0x000000074cce0000, 0x000000074cce0000)
  from space 419392K,   6% used [0x0000000766670000, 0x000000076829b488, 0x0000000780000000)
  to   space 419392K,   0% used [0x000000074cce0000, 0x000000074cce0000, 0x0000000766670000)
 concurrent mark-sweep generation total 1048576K, used 10803K [0x0000000780000000, 0x00000007c0000000, 0x00000007c0000000)
 Metaspace       used 2785K, capacity 4496K, committed 4864K, reserved 1056768K
  class space    used 293K, capacity 388K, committed 512K, reserved 1048576K
165.775: #371: [GC (Allocation Failure) 165.775: #371: [ParNew: 3384365K->30236K(3774912K), 0.0125655 secs] 3395168K->41039K(4823488K), 0.0126173 secs] [Times: user=0.03 sys=0.00 real=0.01 secs] 
Heap after GC invocations=346 (full 26):
 par new generation   total 3774912K, used 30236K [0x0000000680000000, 0x0000000780000000, 0x0000000780000000)
  eden space 3355520K,   0% used [0x0000000680000000, 0x0000000680000000, 0x000000074cce0000)
  from space 419392K,   7% used [0x000000074cce0000, 0x000000074ea67010, 0x0000000766670000)
  to   space 419392K,   0% used [0x0000000766670000, 0x0000000766670000, 0x0000000780000000)
 concurrent mark-sweep generation total 1048576K, used 10803K [0x0000000780000000, 0x00000007c0000000, 0x00000007c0000000)
 Metaspace       used 2785K, capacity 4496K, committed 4864K, reserved 1056768K
  class space    used 293K, capacity 388K, committed 512K, reserved 1048576K
}
{Heap before GC invocations=346 (full 26):
 par new generation   total 3774912K, used 144139K [0x0000000680000000, 0x0000000780000000, 0x0000000780000000)
  eden space 3355520K,   3% used [0x0000000680000000, 0x0000000686f3beb0, 0x000000074cce0000)
  from space 419392K,   7% used [0x000000074cce0000, 0x000000074ea67010, 0x0000000766670000)
  to   space 419392K,   0% used [0x0000000766670000, 0x0000000766670000, 0x0000000780000000)
 concurrent mark-sweep generation total 1048576K, used 10803K [0x0000000780000000, 0x00000007c0000000, 0x00000007c0000000)
 Metaspace       used 2785K, capacity 4496K, committed 4864K, reserved 1056768K
  class space    used 293K, capacity 388K, committed 512K, reserved 1048576K
165.799: #372: [GC (GCLocker Initiated GC) 165.799: #372: [ParNew: 144139K->22706K(3774912K), 0.0069920 secs] 154943K->33510K(4823488K), 0.0070248 secs] [Times: user=0.03 sys=0.00 real=0.01 secs] 
Heap after GC invocations=347 (full 26):
 par new generation   total 3774912K, used 22706K [0x0000000680000000, 0x0000000780000000, 0x0000000780000000)
  eden space 3355520K,   0% used [0x0000000680000000, 0x0000000680000000, 0x000000074cce0000)
  from space 419392K,   5% used [0x0000000766670000, 0x0000000767c9cb18, 0x0000000780000000)
  to   space 419392K,   0% used [0x000000074cce0000, 0x000000074cce0000, 0x0000000766670000)
 concurrent mark-sweep generation total 1048576K, used 10803K [0x0000000780000000, 0x00000007c0000000, 0x00000007c0000000)
 Metaspace       used 2785K, capacity 4496K, committed 4864K, reserved 1056768K
  class space    used 293K, capacity 388K, committed 512K, reserved 1048576K
}
{Heap before GC invocations=347 (full 26):
 par new generation   total 3774912K, used 3378234K [0x0000000680000000, 0x0000000780000000, 0x0000000780000000)
  eden space 3355520K, 100% used [0x0000000680000000, 0x000000074cce0000, 0x000000074cce0000)
  from space 419392K,   5% used [0x0000000766670000, 0x0000000767c9eb28, 0x0000000780000000)
  to   space 419392K,   0% used [0x000000074cce0000, 0x000000074cce0000, 0x0000000766670000)
 concurrent mark-sweep generation total 1048576K, used 10803K [0x0000000780000000, 0x00000007c0000000, 0x00000007c0000000)
 Metaspace       used 2785K, capacity 4496K, committed 4864K, reserved 1056768K
  class space    used 293K, capacity 388K, committed 512K, reserved 1048576K
166.363: #373: [GC (Allocation Failure) 166.363: #373: [ParNew: 3378234K->43409K(3774912K), 0.0108249 secs] 3389038K->54213K(4823488K), 0.0108596 secs] [Times: user=0.02 sys=0.00 real=0.01 secs] 
Heap after GC invocations=348 (full 26):
 par new generation   total 3774912K, used 43409K [0x0000000680000000, 0x0000000780000000, 0x0000000780000000)
  eden space 3355520K,   0% used [0x0000000680000000, 0x0000000680000000, 0x000000074cce0000)
  from space 419392K,  10% used [0x000000074cce0000, 0x000000074f744700, 0x0000000766670000)
  to   space 419392K,   0% used [0x0000000766670000, 0x0000000766670000, 0x0000000780000000)
 concurrent mark-sweep generation total 1048576K, used 10803K [0x0000000780000000, 0x00000007c0000000, 0x00000007c0000000)
 Metaspace       used 2785K, capacity 4496K, committed 4864K, reserved 1056768K
  class space    used 293K, capacity 388K, committed 512K, reserved 1048576K
}
{Heap before GC invocations=348 (full 26):
 par new generation   total 3774912K, used 157151K [0x0000000680000000, 0x0000000780000000, 0x0000000780000000)
  eden space 3355520K,   3% used [0x0000000680000000, 0x0000000686f138a0, 0x000000074cce0000)
  from space 419392K,  10% used [0x000000074cce0000, 0x000000074f744700, 0x0000000766670000)
  to   space 419392K,   0% used [0x0000000766670000, 0x0000000766670000, 0x0000000780000000)
 concurrent mark-sweep generation total 1048576K, used 10803K [0x0000000780000000, 0x00000007c0000000, 0x00000007c0000000)
 Metaspace       used 2785K, capacity 4496K, committed 4864K, reserved 1056768K
  class space    used 293K, capacity 388K, committed 512K, reserved 1048576K
166.385: #374: [GC (GCLocker Initiated GC) 166.385: #374: [ParNew: 157151K->25958K(3774912K), 0.0071414 secs] 167955K->36761K(4823488K), 0.0071735 secs] [Times: user=0.03 sys=0.00 real=0.00 secs] 
Heap after GC invocations=349 (full 26):
 par new generation   total 3774912K, used 25958K [0x0000000680000000, 0x0000000780000000, 0x0000000780000000)
  eden space 3355520K,   0% used [0x0000000680000000, 0x0000000680000000, 0x000000074cce0000)
  from space 419392K,   6% used [0x0000000766670000, 0x0000000767fc99d0, 0x0000000780000000)
  to   space 419392K,   0% used [0x000000074cce0000, 0x000000074cce0000, 0x0000000766670000)
 concurrent mark-sweep generation total 1048576K, used 10803K [0x0000000780000000, 0x00000007c0000000, 0x00000007c0000000)
 Metaspace       used 2785K, capacity 4496K, committed 4864K, reserved 1056768K
  class space    used 293K, capacity 388K, committed 512K, reserved 1048576K
}
{Heap before GC invocations=349 (full 26):
 par new generation   total 3774912K, used 3381478K [0x0000000680000000, 0x0000000780000000, 0x0000000780000000)
  eden space 3355520K, 100% used [0x0000000680000000, 0x000000074cce0000, 0x000000074cce0000)
  from space 419392K,   6% used [0x0000000766670000, 0x0000000767fc99d0, 0x0000000780000000)
  to   space 419392K,   0% used [0x000000074cce0000, 0x000000074cce0000, 0x0000000766670000)
 concurrent mark-sweep generation total 1048576K, used 10803K [0x0000000780000000, 0x00000007c0000000, 0x00000007c0000000)
 Metaspace       used 2785K, capacity 4496K, committed 4864K, reserved 1056768K
  class space    used 293K, capacity 388K, committed 512K, reserved 1048576K
166.943: #375: [GC (Allocation Failure) 166.943: #375: [ParNew: 3381478K->44472K(3774912K), 0.0110883 secs] 3392281K->55276K(4823488K), 0.0111218 secs] [Times: user=0.02 sys=0.00 real=0.02 secs] 
Heap after GC invocations=350 (full 26):
 par new generation   total 3774912K, used 44472K [0x0000000680000000, 0x0000000780000000, 0x0000000780000000)
  eden space 3355520K,   0% used [0x0000000680000000, 0x0000000680000000, 0x000000074cce0000)
  from space 419392K,  10% used [0x000000074cce0000, 0x000000074f84e2a0, 0x0000000766670000)
  to   space 419392K,   0% used [0x0000000766670000, 0x0000000766670000, 0x0000000780000000)
 concurrent mark-sweep generation total 1048576K, used 10803K [0x0000000780000000, 0x00000007c0000000, 0x00000007c0000000)
 Metaspace       used 2785K, capacity 4496K, committed 4864K, reserved 1056768K
  class space    used 293K, capacity 388K, committed 512K, reserved 1048576K
}
{Heap before GC invocations=350 (full 26):
 par new generation   total 3774912K, used 3401872K [0x0000000680000000, 0x0000000780000000, 0x0000000780000000)
  eden space 3355520K, 100% used [0x0000000680000000, 0x000000074cce0000, 0x000000074cce0000)
  from space 419392K,  11% used [0x000000074cce0000, 0x000000074fa24158, 0x0000000766670000)
  to   space 419392K,   0% used [0x0000000766670000, 0x0000000766670000, 0x0000000780000000)
 concurrent mark-sweep generation total 1048576K, used 10803K [0x0000000780000000, 0x00000007c0000000, 0x00000007c0000000)
 Metaspace       used 2785K, capacity 4496K, committed 4864K, reserved 1056768K
  class space    used 293K, capacity 388K, committed 512K, reserved 1048576K
167.553: #376: [GC (GCLocker Initiated GC) 167.553: #376: [ParNew: 3401872K->31341K(3774912K), 0.0110191 secs] 3412675K->42144K(4823488K), 0.0110584 secs] [Times: user=0.03 sys=0.00 real=0.02 secs] 
Heap after GC invocations=351 (full 26):
 par new generation   total 3774912K, used 31341K [0x0000000680000000, 0x0000000780000000, 0x0000000780000000)
  eden space 3355520K,   0% used [0x0000000680000000, 0x0000000680000000, 0x000000074cce0000)
  from space 419392K,   7% used [0x0000000766670000, 0x000000076850b440, 0x0000000780000000)
  to   space 419392K,   0% used [0x000000074cce0000, 0x000000074cce0000, 0x0000000766670000)
 concurrent mark-sweep generation total 1048576K, used 10803K [0x0000000780000000, 0x00000007c0000000, 0x00000007c0000000)
 Metaspace       used 2785K, capacity 4496K, committed 4864K, reserved 1056768K
  class space    used 293K, capacity 388K, committed 512K, reserved 1048576K
}
{Heap before GC invocations=351 (full 26):
 par new generation   total 3774912K, used 3386861K [0x0000000680000000, 0x0000000780000000, 0x0000000780000000)
  eden space 3355520K, 100% used [0x0000000680000000, 0x000000074cce0000, 0x000000074cce0000)
  from space 419392K,   7% used [0x0000000766670000, 0x000000076850b440, 0x0000000780000000)
  to   space 419392K,   0% used [0x000000074cce0000, 0x000000074cce0000, 0x0000000766670000)
 concurrent mark-sweep generation total 1048576K, used 10803K [0x0000000780000000, 0x00000007c0000000, 0x00000007c0000000)
 Metaspace       used 2785K, capacity 4496K, committed 4864K, reserved 1056768K
  class space    used 293K, capacity 388K, committed 512K, reserved 1048576K
168.123: #377: [GC (Allocation Failure) 168.123: #377: [ParNew: 3386861K->31824K(3774912K), 0.0139039 secs] 3397664K->42627K(4823488K), 0.0139619 secs] [Times: user=0.03 sys=0.00 real=0.02 secs] 
Heap after GC invocations=352 (full 26):
 par new generation   total 3774912K, used 31824K [0x0000000680000000, 0x0000000780000000, 0x0000000780000000)
  eden space 3355520K,   0% used [0x0000000680000000, 0x0000000680000000, 0x000000074cce0000)
  from space 419392K,   7% used [0x000000074cce0000, 0x000000074ebf41a0, 0x0000000766670000)
  to   space 419392K,   0% used [0x0000000766670000, 0x0000000766670000, 0x0000000780000000)
 concurrent mark-sweep generation total 1048576K, used 10803K [0x0000000780000000, 0x00000007c0000000, 0x00000007c0000000)
 Metaspace       used 2785K, capacity 4496K, committed 4864K, reserved 1056768K
  class space    used 293K, capacity 388K, committed 512K, reserved 1048576K
}
SYSTEM_GC BEFORE
168.499: #378: [GC (CMS Initial Mark) [1 CMS-initial-mark: 10803K(1048576K)] 2274442K(4823488K), 0.5783400 secs] [Times: user=2.19 sys=0.01 real=0.58 secs] 
169.078: #378: [CMS-concurrent-mark-start]
{Heap before GC invocations=352 (full 27):
 par new generation   total 3774912K, used 2263638K [0x0000000680000000, 0x0000000780000000, 0x0000000780000000)
  eden space 3355520K,  66% used [0x0000000680000000, 0x00000007083819b0, 0x000000074cce0000)
  from space 419392K,   7% used [0x000000074cce0000, 0x000000074ebf41a0, 0x0000000766670000)
  to   space 419392K,   0% used [0x0000000766670000, 0x0000000766670000, 0x0000000780000000)
 concurrent mark-sweep generation total 1048576K, used 10803K [0x0000000780000000, 0x00000007c0000000, 0x00000007c0000000)
 Metaspace       used 2785K, capacity 4496K, committed 4864K, reserved 1056768K
  class space    used 293K, capacity 388K, committed 512K, reserved 1048576K
169.078: #379: [GC (GCLocker Initiated GC) 169.078: #379: [ParNew: 2263638K->22117K(3774912K), 0.0084716 secs] 2274442K->32920K(4823488K), 0.0085061 secs] [Times: user=0.02 sys=0.00 real=0.01 secs] 
Heap after GC invocations=353 (full 27):
 par new generation   total 3774912K, used 22117K [0x0000000680000000, 0x0000000780000000, 0x0000000780000000)
  eden space 3355520K,   0% used [0x0000000680000000, 0x0000000680000000, 0x000000074cce0000)
  from space 419392K,   5% used [0x0000000766670000, 0x0000000767c09420, 0x0000000780000000)
  to   space 419392K,   0% used [0x000000074cce0000, 0x000000074cce0000, 0x0000000766670000)
 concurrent mark-sweep generation total 1048576K, used 10803K [0x0000000780000000, 0x00000007c0000000, 0x00000007c0000000)
 Metaspace       used 2785K, capacity 4496K, committed 4864K, reserved 1056768K
  class space    used 293K, capacity 388K, committed 512K, reserved 1048576K
}
169.110: #378: [CMS-concurrent-mark: 0.023/0.032 secs] [Times: user=0.09 sys=0.01 real=0.03 secs] 
169.110: #378: [CMS-concurrent-preclean-start]
169.112: #378: [CMS-concurrent-preclean: 0.002/0.002 secs] [Times: user=0.01 sys=0.00 real=0.00 secs] 
169.112: #378: [CMS-concurrent-abortable-preclean-start]
169.545: #378: [CMS-concurrent-abortable-preclean: 0.130/0.433 secs] [Times: user=1.53 sys=0.09 real=0.44 secs] 
169.546: #378: [GC (CMS Final Remark) [YG occupancy: 2713005 K (3774912 K)]169.546: #378: [Rescan (parallel) , 0.7366608 secs]170.282: #378: [weak refs processing, 0.0000188 secs]170.282: #378: [class unloading, 0.0002934 secs]170.283: #378: [scrub symbol table, 0.0003737 secs]170.283: #378: [scrub string table, 0.0001477 secs][1 CMS-remark: 10803K(1048576K)] 2723808K(4823488K), 0.7375714 secs] [Times: user=2.85 sys=0.00 real=0.73 secs] 
170.283: #378: [CMS-concurrent-sweep-start]
{Heap before GC invocations=353 (full 27):
 par new generation   total 3774912K, used 2713005K [0x0000000680000000, 0x0000000780000000, 0x0000000780000000)
  eden space 3355520K,  80% used [0x0000000680000000, 0x00000007243d2028, 0x000000074cce0000)
  from space 419392K,   5% used [0x0000000766670000, 0x0000000767c09420, 0x0000000780000000)
  to   space 419392K,   0% used [0x000000074cce0000, 0x000000074cce0000, 0x0000000766670000)
 concurrent mark-sweep generation total 1048576K, used 10803K [0x0000000780000000, 0x00000007c0000000, 0x00000007c0000000)
 Metaspace       used 2785K, capacity 4496K, committed 4864K, reserved 1056768K
  class space    used 293K, capacity 388K, committed 512K, reserved 1048576K
170.284: #380: [GC (GCLocker Initiated GC) 170.284: #380: [ParNew: 2713005K->26294K(3774912K), 0.0092602 secs] 2723808K->37098K(4823488K), 0.0092910 secs] [Times: user=0.02 sys=0.00 real=0.01 secs] 
Heap after GC invocations=354 (full 27):
 par new generation   total 3774912K, used 26294K [0x0000000680000000, 0x0000000780000000, 0x0000000780000000)
  eden space 3355520K,   0% used [0x0000000680000000, 0x0000000680000000, 0x000000074cce0000)
  from space 419392K,   6% used [0x000000074cce0000, 0x000000074e68db70, 0x0000000766670000)
  to   space 419392K,   0% used [0x0000000766670000, 0x0000000766670000, 0x0000000780000000)
 concurrent mark-sweep generation total 1048576K, used 10803K [0x0000000780000000, 0x00000007c0000000, 0x00000007c0000000)
 Metaspace       used 2785K, capacity 4496K, committed 4864K, reserved 1056768K
  class space    used 293K, capacity 388K, committed 512K, reserved 1048576K
}
170.299: #378: [CMS-concurrent-sweep: 0.006/0.016 secs] [Times: user=0.04 sys=0.01 real=0.02 secs] 
170.299: #378: [CMS-concurrent-reset-start]
170.301: #378: [CMS-concurrent-reset: 0.001/0.001 secs] [Times: user=0.00 sys=0.00 real=0.00 secs] 
SYSTEM_GC AFTER
{Heap before GC invocations=354 (full 27):
 par new generation   total 3774912K, used 3381822K [0x0000000680000000, 0x0000000780000000, 0x0000000780000000)
  eden space 3355520K, 100% used [0x0000000680000000, 0x000000074cce0000, 0x000000074cce0000)
  from space 419392K,   6% used [0x000000074cce0000, 0x000000074e68fb80, 0x0000000766670000)
  to   space 419392K,   0% used [0x0000000766670000, 0x0000000766670000, 0x0000000780000000)
 concurrent mark-sweep generation total 1048576K, used 10803K [0x0000000780000000, 0x00000007c0000000, 0x00000007c0000000)
 Metaspace       used 2785K, capacity 4496K, committed 4864K, reserved 1056768K
  class space    used 293K, capacity 388K, committed 512K, reserved 1048576K
170.829: #381: [GC (Allocation Failure) 170.829: #381: [ParNew: 3381822K->29239K(3774912K), 0.0103251 secs] 3392626K->40043K(4823488K), 0.0103700 secs] [Times: user=0.02 sys=0.00 real=0.01 secs] 
Heap after GC invocations=355 (full 27):
 par new generation   total 3774912K, used 29239K [0x0000000680000000, 0x0000000780000000, 0x0000000780000000)
  eden space 3355520K,   0% used [0x0000000680000000, 0x0000000680000000, 0x000000074cce0000)
  from space 419392K,   6% used [0x0000000766670000, 0x00000007682fde60, 0x0000000780000000)
  to   space 419392K,   0% used [0x000000074cce0000, 0x000000074cce0000, 0x0000000766670000)
 concurrent mark-sweep generation total 1048576K, used 10803K [0x0000000780000000, 0x00000007c0000000, 0x00000007c0000000)
 Metaspace       used 2785K, capacity 4496K, committed 4864K, reserved 1056768K
  class space    used 293K, capacity 388K, committed 512K, reserved 1048576K
}
{Heap before GC invocations=355 (full 27):
 par new generation   total 3774912K, used 77817K [0x0000000680000000, 0x0000000780000000, 0x0000000780000000)
  eden space 3355520K,   1% used [0x0000000680000000, 0x0000000682f707c0, 0x000000074cce0000)
  from space 419392K,   6% used [0x0000000766670000, 0x00000007682fde60, 0x0000000780000000)
  to   space 419392K,   0% used [0x000000074cce0000, 0x000000074cce0000, 0x0000000766670000)
 concurrent mark-sweep generation total 1048576K, used 10803K [0x0000000780000000, 0x00000007c0000000, 0x00000007c0000000)
 Metaspace       used 2785K, capacity 4496K, committed 4864K, reserved 1056768K
  class space    used 293K, capacity 388K, committed 512K, reserved 1048576K
170.840: #382: [GC (GCLocker Initiated GC) 170.840: #382: [ParNew: 77817K->28678K(3774912K), 0.0082219 secs] 88620K->39481K(4823488K), 0.0082590 secs] [Times: user=0.03 sys=0.00 real=0.01 secs] 
Heap after GC invocations=356 (full 27):
 par new generation   total 3774912K, used 28678K [0x0000000680000000, 0x0000000780000000, 0x0000000780000000)
  eden space 3355520K,   0% used [0x0000000680000000, 0x0000000680000000, 0x000000074cce0000)
  from space 419392K,   6% used [0x000000074cce0000, 0x000000074e8e1800, 0x0000000766670000)
  to   space 419392K,   0% used [0x0000000766670000, 0x0000000766670000, 0x0000000780000000)
 concurrent mark-sweep generation total 1048576K, used 10803K [0x0000000780000000, 0x00000007c0000000, 0x00000007c0000000)
 Metaspace       used 2785K, capacity 4496K, committed 4864K, reserved 1056768K
  class space    used 293K, capacity 388K, committed 512K, reserved 1048576K
}
{Heap before GC invocations=356 (full 27):
 par new generation   total 3774912K, used 3384198K [0x0000000680000000, 0x0000000780000000, 0x0000000780000000)
  eden space 3355520K, 100% used [0x0000000680000000, 0x000000074cce0000, 0x000000074cce0000)
  from space 419392K,   6% used [0x000000074cce0000, 0x000000074e8e1830, 0x0000000766670000)
  to   space 419392K,   0% used [0x0000000766670000, 0x0000000766670000, 0x0000000780000000)
 concurrent mark-sweep generation total 1048576K, used 10803K [0x0000000780000000, 0x00000007c0000000, 0x00000007c0000000)
 Metaspace       used 2785K, capacity 4496K, committed 4864K, reserved 1056768K
  class space    used 293K, capacity 388K, committed 512K, reserved 1048576K
171.385: #383: [GC (Allocation Failure) 171.385: #383: [ParNew: 3384198K->47168K(3774912K), 0.0108518 secs] 3395001K->57972K(4823488K), 0.0108899 secs] [Times: user=0.02 sys=0.00 real=0.01 secs] 
Heap after GC invocations=357 (full 27):
 par new generation   total 3774912K, used 47168K [0x0000000680000000, 0x0000000780000000, 0x0000000780000000)
  eden space 3355520K,   0% used [0x0000000680000000, 0x0000000680000000, 0x000000074cce0000)
  from space 419392K,  11% used [0x0000000766670000, 0x00000007694802c0, 0x0000000780000000)
  to   space 419392K,   0% used [0x000000074cce0000, 0x000000074cce0000, 0x0000000766670000)
 concurrent mark-sweep generation total 1048576K, used 10803K [0x0000000780000000, 0x00000007c0000000, 0x00000007c0000000)
 Metaspace       used 2785K, capacity 4496K, committed 4864K, reserved 1056768K
  class space    used 293K, capacity 388K, committed 512K, reserved 1048576K
}
{Heap before GC invocations=357 (full 27):
 par new generation   total 3774912K, used 161102K [0x0000000680000000, 0x0000000780000000, 0x0000000780000000)
  eden space 3355520K,   3% used [0x0000000680000000, 0x0000000686f43558, 0x000000074cce0000)
  from space 419392K,  11% used [0x0000000766670000, 0x00000007694802c0, 0x0000000780000000)
  to   space 419392K,   0% used [0x000000074cce0000, 0x000000074cce0000, 0x0000000766670000)
 concurrent mark-sweep generation total 1048576K, used 10803K [0x0000000780000000, 0x00000007c0000000, 0x00000007c0000000)
 Metaspace       used 2785K, capacity 4496K, committed 4864K, reserved 1056768K
  class space    used 293K, capacity 388K, committed 512K, reserved 1048576K
171.409: #384: [GC (GCLocker Initiated GC) 171.409: #384: [ParNew: 161102K->24264K(3774912K), 0.0070255 secs] 171905K->35067K(4823488K), 0.0070567 secs] [Times: user=0.02 sys=0.00 real=0.01 secs] 
Heap after GC invocations=358 (full 27):
 par new generation   total 3774912K, used 24264K [0x0000000680000000, 0x0000000780000000, 0x0000000780000000)
  eden space 3355520K,   0% used [0x0000000680000000, 0x0000000680000000, 0x000000074cce0000)
  from space 419392K,   5% used [0x000000074cce0000, 0x000000074e4920b8, 0x0000000766670000)
  to   space 419392K,   0% used [0x0000000766670000, 0x0000000766670000, 0x0000000780000000)
 concurrent mark-sweep generation total 1048576K, used 10803K [0x0000000780000000, 0x00000007c0000000, 0x00000007c0000000)
 Metaspace       used 2785K, capacity 4496K, committed 4864K, reserved 1056768K
  class space    used 293K, capacity 388K, committed 512K, reserved 1048576K
}
{Heap before GC invocations=358 (full 27):
 par new generation   total 3774912K, used 3379784K [0x0000000680000000, 0x0000000780000000, 0x0000000780000000)
  eden space 3355520K, 100% used [0x0000000680000000, 0x000000074cce0000, 0x000000074cce0000)
  from space 419392K,   5% used [0x000000074cce0000, 0x000000074e4920b8, 0x0000000766670000)
  to   space 419392K,   0% used [0x0000000766670000, 0x0000000766670000, 0x0000000780000000)
 concurrent mark-sweep generation total 1048576K, used 10803K [0x0000000780000000, 0x00000007c0000000, 0x00000007c0000000)
 Metaspace       used 2785K, capacity 4496K, committed 4864K, reserved 1056768K
  class space    used 293K, capacity 388K, committed 512K, reserved 1048576K
171.960: #385: [GC (Allocation Failure) 171.960: #385: [ParNew: 3379784K->43704K(3774912K), 0.0102995 secs] 3390587K->54507K(4823488K), 0.0103426 secs] [Times: user=0.02 sys=0.00 real=0.01 secs] 
Heap after GC invocations=359 (full 27):
 par new generation   total 3774912K, used 43704K [0x0000000680000000, 0x0000000780000000, 0x0000000780000000)
  eden space 3355520K,   0% used [0x0000000680000000, 0x0000000680000000, 0x000000074cce0000)
  from space 419392K,  10% used [0x0000000766670000, 0x000000076911e100, 0x0000000780000000)
  to   space 419392K,   0% used [0x000000074cce0000, 0x000000074cce0000, 0x0000000766670000)
 concurrent mark-sweep generation total 1048576K, used 10803K [0x0000000780000000, 0x00000007c0000000, 0x00000007c0000000)
 Metaspace       used 2785K, capacity 4496K, committed 4864K, reserved 1056768K
  class space    used 293K, capacity 388K, committed 512K, reserved 1048576K
}
{Heap before GC invocations=359 (full 27):
 par new generation   total 3774912K, used 3399224K [0x0000000680000000, 0x0000000780000000, 0x0000000780000000)
  eden space 3355520K, 100% used [0x0000000680000000, 0x000000074cce0000, 0x000000074cce0000)
  from space 419392K,  10% used [0x0000000766670000, 0x000000076911e100, 0x0000000780000000)
  to   space 419392K,   0% used [0x000000074cce0000, 0x000000074cce0000, 0x0000000766670000)
 concurrent mark-sweep generation total 1048576K, used 10803K [0x0000000780000000, 0x00000007c0000000, 0x00000007c0000000)
 Metaspace       used 2785K, capacity 4496K, committed 4864K, reserved 1056768K
  class space    used 293K, capacity 388K, committed 512K, reserved 1048576K
172.518: #386: [GC (Allocation Failure) 172.518: #386: [ParNew: 3399224K->30880K(3774912K), 0.0108117 secs] 3410027K->41683K(4823488K), 0.0108533 secs] [Times: user=0.02 sys=0.00 real=0.01 secs] 
Heap after GC invocations=360 (full 27):
 par new generation   total 3774912K, used 30880K [0x0000000680000000, 0x0000000780000000, 0x0000000780000000)
  eden space 3355520K,   0% used [0x0000000680000000, 0x0000000680000000, 0x000000074cce0000)
  from space 419392K,   7% used [0x000000074cce0000, 0x000000074eb08060, 0x0000000766670000)
  to   space 419392K,   0% used [0x0000000766670000, 0x0000000766670000, 0x0000000780000000)
 concurrent mark-sweep generation total 1048576K, used 10803K [0x0000000780000000, 0x00000007c0000000, 0x00000007c0000000)
 Metaspace       used 2785K, capacity 4496K, committed 4864K, reserved 1056768K
  class space    used 293K, capacity 388K, committed 512K, reserved 1048576K
}
{Heap before GC invocations=360 (full 27):
 par new generation   total 3774912K, used 3388365K [0x0000000680000000, 0x0000000780000000, 0x0000000780000000)
  eden space 3355520K, 100% used [0x0000000680000000, 0x000000074cce0000, 0x000000074cce0000)
  from space 419392K,   7% used [0x000000074cce0000, 0x000000074ecf37b8, 0x0000000766670000)
  to   space 419392K,   0% used [0x0000000766670000, 0x0000000766670000, 0x0000000780000000)
 concurrent mark-sweep generation total 1048576K, used 10803K [0x0000000780000000, 0x00000007c0000000, 0x00000007c0000000)
 Metaspace       used 2785K, capacity 4496K, committed 4864K, reserved 1056768K
  class space    used 293K, capacity 388K, committed 512K, reserved 1048576K
173.074: #387: [GC (GCLocker Initiated GC) 173.074: #387: [ParNew: 3388365K->29537K(3774912K), 0.0102152 secs] 3399169K->40340K(4823488K), 0.0102484 secs] [Times: user=0.03 sys=0.00 real=0.01 secs] 
Heap after GC invocations=361 (full 27):
 par new generation   total 3774912K, used 29537K [0x0000000680000000, 0x0000000780000000, 0x0000000780000000)
  eden space 3355520K,   0% used [0x0000000680000000, 0x0000000680000000, 0x000000074cce0000)
  from space 419392K,   7% used [0x0000000766670000, 0x0000000768348408, 0x0000000780000000)
  to   space 419392K,   0% used [0x000000074cce0000, 0x000000074cce0000, 0x0000000766670000)
 concurrent mark-sweep generation total 1048576K, used 10803K [0x0000000780000000, 0x00000007c0000000, 0x00000007c0000000)
 Metaspace       used 2785K, capacity 4496K, committed 4864K, reserved 1056768K
  class space    used 293K, capacity 388K, committed 512K, reserved 1048576K
}
{Heap before GC invocations=361 (full 27):
 par new generation   total 3774912K, used 3385057K [0x0000000680000000, 0x0000000780000000, 0x0000000780000000)
  eden space 3355520K, 100% used [0x0000000680000000, 0x000000074cce0000, 0x000000074cce0000)
  from space 419392K,   7% used [0x0000000766670000, 0x0000000768348408, 0x0000000780000000)
  to   space 419392K,   0% used [0x000000074cce0000, 0x000000074cce0000, 0x0000000766670000)
 concurrent mark-sweep generation total 1048576K, used 10803K [0x0000000780000000, 0x00000007c0000000, 0x00000007c0000000)
 Metaspace       used 2785K, capacity 4496K, committed 4864K, reserved 1056768K
  class space    used 293K, capacity 388K, committed 512K, reserved 1048576K
173.626: #388: [GC (Allocation Failure) 173.626: #388: [ParNew: 3385057K->31974K(3774912K), 0.0106568 secs] 3395860K->42777K(4823488K), 0.0106961 secs] [Times: user=0.02 sys=0.00 real=0.01 secs] 
Heap after GC invocations=362 (full 27):
 par new generation   total 3774912K, used 31974K [0x0000000680000000, 0x0000000780000000, 0x0000000780000000)
  eden space 3355520K,   0% used [0x0000000680000000, 0x0000000680000000, 0x000000074cce0000)
  from space 419392K,   7% used [0x000000074cce0000, 0x000000074ec19940, 0x0000000766670000)
  to   space 419392K,   0% used [0x0000000766670000, 0x0000000766670000, 0x0000000780000000)
 concurrent mark-sweep generation total 1048576K, used 10803K [0x0000000780000000, 0x00000007c0000000, 0x00000007c0000000)
 Metaspace       used 2785K, capacity 4496K, committed 4864K, reserved 1056768K
  class space    used 293K, capacity 388K, committed 512K, reserved 1048576K
}
{Heap before GC invocations=362 (full 27):
 par new generation   total 3774912K, used 3387494K [0x0000000680000000, 0x0000000780000000, 0x0000000780000000)
  eden space 3355520K, 100% used [0x0000000680000000, 0x000000074cce0000, 0x000000074cce0000)
  from space 419392K,   7% used [0x000000074cce0000, 0x000000074ec199e8, 0x0000000766670000)
  to   space 419392K,   0% used [0x0000000766670000, 0x0000000766670000, 0x0000000780000000)
 concurrent mark-sweep generation total 1048576K, used 10803K [0x0000000780000000, 0x00000007c0000000, 0x00000007c0000000)
 Metaspace       used 2785K, capacity 4496K, committed 4864K, reserved 1056768K
  class space    used 293K, capacity 388K, committed 512K, reserved 1048576K
174.181: #389: [GC (Allocation Failure) 174.181: #389: [ParNew: 3387494K->29207K(3774912K), 0.0102498 secs] 3398297K->40011K(4823488K), 0.0102879 secs] [Times: user=0.03 sys=0.00 real=0.01 secs] 
Heap after GC invocations=363 (full 27):
 par new generation   total 3774912K, used 29207K [0x0000000680000000, 0x0000000780000000, 0x0000000780000000)
  eden space 3355520K,   0% used [0x0000000680000000, 0x0000000680000000, 0x000000074cce0000)
  from space 419392K,   6% used [0x0000000766670000, 0x00000007682f5ee0, 0x0000000780000000)
  to   space 419392K,   0% used [0x000000074cce0000, 0x000000074cce0000, 0x0000000766670000)
 concurrent mark-sweep generation total 1048576K, used 10803K [0x0000000780000000, 0x00000007c0000000, 0x00000007c0000000)
 Metaspace       used 2785K, capacity 4496K, committed 4864K, reserved 1056768K
  class space    used 293K, capacity 388K, committed 512K, reserved 1048576K
}
{Heap before GC invocations=363 (full 27):
 par new generation   total 3774912K, used 143221K [0x0000000680000000, 0x0000000780000000, 0x0000000780000000)
  eden space 3355520K,   3% used [0x0000000680000000, 0x0000000686f578a0, 0x000000074cce0000)
  from space 419392K,   6% used [0x0000000766670000, 0x00000007682f5ee0, 0x0000000780000000)
  to   space 419392K,   0% used [0x000000074cce0000, 0x000000074cce0000, 0x0000000766670000)
 concurrent mark-sweep generation total 1048576K, used 10803K [0x0000000780000000, 0x00000007c0000000, 0x00000007c0000000)
 Metaspace       used 2785K, capacity 4496K, committed 4864K, reserved 1056768K
  class space    used 293K, capacity 388K, committed 512K, reserved 1048576K
174.203: #390: [GC (GCLocker Initiated GC) 174.203: #390: [ParNew: 143221K->23908K(3774912K), 0.0069582 secs] 154025K->34712K(4823488K), 0.0069983 secs] [Times: user=0.03 sys=0.00 real=0.01 secs] 
Heap after GC invocations=364 (full 27):
 par new generation   total 3774912K, used 23908K [0x0000000680000000, 0x0000000780000000, 0x0000000780000000)
  eden space 3355520K,   0% used [0x0000000680000000, 0x0000000680000000, 0x000000074cce0000)
  from space 419392K,   5% used [0x000000074cce0000, 0x000000074e439360, 0x0000000766670000)
  to   space 419392K,   0% used [0x0000000766670000, 0x0000000766670000, 0x0000000780000000)
 concurrent mark-sweep generation total 1048576K, used 10803K [0x0000000780000000, 0x00000007c0000000, 0x00000007c0000000)
 Metaspace       used 2785K, capacity 4496K, committed 4864K, reserved 1056768K
  class space    used 293K, capacity 388K, committed 512K, reserved 1048576K
}
{Heap before GC invocations=364 (full 27):
 par new generation   total 3774912K, used 3379854K [0x0000000680000000, 0x0000000780000000, 0x0000000780000000)
  eden space 3355520K, 100% used [0x0000000680000000, 0x000000074cce0000, 0x000000074cce0000)
  from space 419392K,   5% used [0x000000074cce0000, 0x000000074e4a3920, 0x0000000766670000)
  to   space 419392K,   0% used [0x0000000766670000, 0x0000000766670000, 0x0000000780000000)
 concurrent mark-sweep generation total 1048576K, used 10803K [0x0000000780000000, 0x00000007c0000000, 0x00000007c0000000)
 Metaspace       used 2785K, capacity 4496K, committed 4864K, reserved 1056768K
  class space    used 293K, capacity 388K, committed 512K, reserved 1048576K
174.741: #391: [GC (Allocation Failure) 174.741: #391: [ParNew: 3379854K->43745K(3774912K), 0.0104361 secs] 3390657K->54549K(4823488K), 0.0104739 secs] [Times: user=0.02 sys=0.00 real=0.01 secs] 
Heap after GC invocations=365 (full 27):
 par new generation   total 3774912K, used 43745K [0x0000000680000000, 0x0000000780000000, 0x0000000780000000)
  eden space 3355520K,   0% used [0x0000000680000000, 0x0000000680000000, 0x000000074cce0000)
  from space 419392K,  10% used [0x0000000766670000, 0x0000000769128760, 0x0000000780000000)
  to   space 419392K,   0% used [0x000000074cce0000, 0x000000074cce0000, 0x0000000766670000)
 concurrent mark-sweep generation total 1048576K, used 10803K [0x0000000780000000, 0x00000007c0000000, 0x00000007c0000000)
 Metaspace       used 2785K, capacity 4496K, committed 4864K, reserved 1056768K
  class space    used 293K, capacity 388K, committed 512K, reserved 1048576K
}
{Heap before GC invocations=365 (full 27):
 par new generation   total 3774912K, used 207190K [0x0000000680000000, 0x0000000780000000, 0x0000000780000000)
  eden space 3355520K,   4% used [0x0000000680000000, 0x0000000689f9d468, 0x000000074cce0000)
  from space 419392K,  10% used [0x0000000766670000, 0x0000000769128760, 0x0000000780000000)
  to   space 419392K,   0% used [0x000000074cce0000, 0x000000074cce0000, 0x0000000766670000)
 concurrent mark-sweep generation total 1048576K, used 10803K [0x0000000780000000, 0x00000007c0000000, 0x00000007c0000000)
 Metaspace       used 2785K, capacity 4496K, committed 4864K, reserved 1056768K
  class space    used 293K, capacity 388K, committed 512K, reserved 1048576K
174.772: #392: [GC (GCLocker Initiated GC) 174.772: #392: [ParNew: 207190K->21788K(3774912K), 0.0071239 secs] 217994K->32592K(4823488K), 0.0071685 secs] [Times: user=0.03 sys=0.00 real=0.01 secs] 
Heap after GC invocations=366 (full 27):
 par new generation   total 3774912K, used 21788K [0x0000000680000000, 0x0000000780000000, 0x0000000780000000)
  eden space 3355520K,   0% used [0x0000000680000000, 0x0000000680000000, 0x000000074cce0000)
  from space 419392K,   5% used [0x000000074cce0000, 0x000000074e227250, 0x0000000766670000)
  to   space 419392K,   0% used [0x0000000766670000, 0x0000000766670000, 0x0000000780000000)
 concurrent mark-sweep generation total 1048576K, used 10803K [0x0000000780000000, 0x00000007c0000000, 0x00000007c0000000)
 Metaspace       used 2785K, capacity 4496K, committed 4864K, reserved 1056768K
  class space    used 293K, capacity 388K, committed 512K, reserved 1048576K
}
SYSTEM_GC BEFORE
{Heap before GC invocations=366 (full 27):
 par new generation   total 3774912K, used 3284999K [0x0000000680000000, 0x0000000780000000, 0x0000000780000000)
  eden space 3355520K,  97% used [0x0000000680000000, 0x00000007472bace8, 0x000000074cce0000)
  from space 419392K,   5% used [0x000000074cce0000, 0x000000074e227250, 0x0000000766670000)
  to   space 419392K,   0% used [0x0000000766670000, 0x0000000766670000, 0x0000000780000000)
 concurrent mark-sweep generation total 1048576K, used 10803K [0x0000000780000000, 0x00000007c0000000, 0x00000007c0000000)
 Metaspace       used 2785K, capacity 4496K, committed 4864K, reserved 1056768K
  class space    used 293K, capacity 388K, committed 512K, reserved 1048576K
175.303: #393: [GC (System.gc()) 175.303: #393: [ParNew: 3284999K->42701K(3774912K), 0.0106632 secs] 3295803K->53504K(4823488K), 0.0107085 secs] [Times: user=0.03 sys=0.00 real=0.01 secs] 
Heap after GC invocations=367 (full 27):
 par new generation   total 3774912K, used 42701K [0x0000000680000000, 0x0000000780000000, 0x0000000780000000)
  eden space 3355520K,   0% used [0x0000000680000000, 0x0000000680000000, 0x000000074cce0000)
  from space 419392K,  10% used [0x0000000766670000, 0x0000000769023520, 0x0000000780000000)
  to   space 419392K,   0% used [0x000000074cce0000, 0x000000074cce0000, 0x0000000766670000)
 concurrent mark-sweep generation total 1048576K, used 10803K [0x0000000780000000, 0x00000007c0000000, 0x00000007c0000000)
 Metaspace       used 2785K, capacity 4496K, committed 4864K, reserved 1056768K
  class space    used 293K, capacity 388K, committed 512K, reserved 1048576K
}
175.314: #394: [GC (CMS Initial Mark) [1 CMS-initial-mark: 10803K(1048576K)] 69736K(4823488K), 0.0015403 secs] [Times: user=0.00 sys=0.00 real=0.01 secs] 
175.315: #394: [CMS-concurrent-mark-start]
175.338: #394: [CMS-concurrent-mark: 0.023/0.023 secs] [Times: user=0.08 sys=0.01 real=0.02 secs] 
175.339: #394: [CMS-concurrent-preclean-start]
175.341: #394: [CMS-concurrent-preclean: 0.003/0.003 secs] [Times: user=0.00 sys=0.00 real=0.00 secs] 
175.341: #394: [CMS-concurrent-abortable-preclean-start]
175.760: #394: [CMS-concurrent-abortable-preclean: 0.115/0.419 secs] [Times: user=1.46 sys=0.11 real=0.42 secs] 
175.760: #394: [GC (CMS Final Remark) [YG occupancy: 2547383 K (3774912 K)]{Heap before GC invocations=367 (full 28):
 par new generation   total 3774912K, used 2547383K [0x0000000680000000, 0x0000000780000000, 0x0000000780000000)
  eden space 3355520K,  74% used [0x0000000680000000, 0x0000000718dfa740, 0x000000074cce0000)
  from space 419392K,  10% used [0x0000000766670000, 0x0000000769023520, 0x0000000780000000)
  to   space 419392K,   0% used [0x000000074cce0000, 0x000000074cce0000, 0x0000000766670000)
 concurrent mark-sweep generation total 1048576K, used 10803K [0x0000000780000000, 0x00000007c0000000, 0x00000007c0000000)
 Metaspace       used 2785K, capacity 4496K, committed 4864K, reserved 1056768K
  class space    used 293K, capacity 388K, committed 512K, reserved 1048576K
175.760: #395: [GC (CMS Final Remark) 175.760: #395: [ParNew: 2547383K->25347K(3774912K), 0.0088941 secs] 2558186K->36150K(4823488K), 0.0089295 secs] [Times: user=0.02 sys=0.00 real=0.01 secs] 
Heap after GC invocations=368 (full 28):
 par new generation   total 3774912K, used 25347K [0x0000000680000000, 0x0000000780000000, 0x0000000780000000)
  eden space 3355520K,   0% used [0x0000000680000000, 0x0000000680000000, 0x000000074cce0000)
  from space 419392K,   6% used [0x000000074cce0000, 0x000000074e5a0da0, 0x0000000766670000)
  to   space 419392K,   0% used [0x0000000766670000, 0x0000000766670000, 0x0000000780000000)
 concurrent mark-sweep generation total 1048576K, used 10803K [0x0000000780000000, 0x00000007c0000000, 0x00000007c0000000)
 Metaspace       used 2785K, capacity 4496K, committed 4864K, reserved 1056768K
  class space    used 293K, capacity 388K, committed 512K, reserved 1048576K
}
175.769: #394: [Rescan (parallel) , 0.0018146 secs]175.771: #394: [weak refs processing, 0.0000192 secs]175.771: #394: [class unloading, 0.0003309 secs]175.772: #394: [scrub symbol table, 0.0003928 secs]175.772: #394: [scrub string table, 0.0001491 secs][1 CMS-remark: 10803K(1048576K)] 36150K(4823488K), 0.0118871 secs] [Times: user=0.03 sys=0.00 real=0.01 secs] 
175.772: #394: [CMS-concurrent-sweep-start]
175.779: #394: [CMS-concurrent-sweep: 0.006/0.006 secs] [Times: user=0.02 sys=0.01 real=0.01 secs] 
175.779: #394: [CMS-concurrent-reset-start]
175.781: #394: [CMS-concurrent-reset: 0.001/0.001 secs] [Times: user=0.00 sys=0.00 real=0.00 secs] 
SYSTEM_GC AFTER
{Heap before GC invocations=368 (full 28):
 par new generation   total 3774912K, used 3380875K [0x0000000680000000, 0x0000000780000000, 0x0000000780000000)
  eden space 3355520K, 100% used [0x0000000680000000, 0x000000074cce0000, 0x000000074cce0000)
  from space 419392K,   6% used [0x000000074cce0000, 0x000000074e5a2db0, 0x0000000766670000)
  to   space 419392K,   0% used [0x0000000766670000, 0x0000000766670000, 0x0000000780000000)
 concurrent mark-sweep generation total 1048576K, used 10803K [0x0000000780000000, 0x00000007c0000000, 0x00000007c0000000)
 Metaspace       used 2785K, capacity 4496K, committed 4864K, reserved 1056768K
  class space    used 293K, capacity 388K, committed 512K, reserved 1048576K
176.396: #396: [GC (GCLocker Initiated GC) 176.396: #396: [ParNew: 3380875K->31468K(3774912K), 0.0122461 secs] 3391678K->42272K(4823488K), 0.0122980 secs] [Times: user=0.02 sys=0.00 real=0.01 secs] 
Heap after GC invocations=369 (full 28):
 par new generation   total 3774912K, used 31468K [0x0000000680000000, 0x0000000780000000, 0x0000000780000000)
  eden space 3355520K,   0% used [0x0000000680000000, 0x0000000680000000, 0x000000074cce0000)
  from space 419392K,   7% used [0x0000000766670000, 0x000000076852b350, 0x0000000780000000)
  to   space 419392K,   0% used [0x000000074cce0000, 0x000000074cce0000, 0x0000000766670000)
 concurrent mark-sweep generation total 1048576K, used 10803K [0x0000000780000000, 0x00000007c0000000, 0x00000007c0000000)
 Metaspace       used 2785K, capacity 4496K, committed 4864K, reserved 1056768K
  class space    used 293K, capacity 388K, committed 512K, reserved 1048576K
}
{Heap before GC invocations=369 (full 28):
 par new generation   total 3774912K, used 3388695K [0x0000000680000000, 0x0000000780000000, 0x0000000780000000)
  eden space 3355520K, 100% used [0x0000000680000000, 0x000000074cce0000, 0x000000074cce0000)
  from space 419392K,   7% used [0x0000000766670000, 0x00000007686d5f30, 0x0000000780000000)
  to   space 419392K,   0% used [0x000000074cce0000, 0x000000074cce0000, 0x0000000766670000)
 concurrent mark-sweep generation total 1048576K, used 10803K [0x0000000780000000, 0x00000007c0000000, 0x00000007c0000000)
 Metaspace       used 2785K, capacity 4496K, committed 4864K, reserved 1056768K
  class space    used 293K, capacity 388K, committed 512K, reserved 1048576K
177.054: #397: [GC (Allocation Failure) 177.054: #397: [ParNew: 3388695K->31073K(3774912K), 0.0127877 secs] 3399499K->41876K(4823488K), 0.0128293 secs] [Times: user=0.03 sys=0.00 real=0.02 secs] 
Heap after GC invocations=370 (full 28):
 par new generation   total 3774912K, used 31073K [0x0000000680000000, 0x0000000780000000, 0x0000000780000000)
  eden space 3355520K,   0% used [0x0000000680000000, 0x0000000680000000, 0x000000074cce0000)
  from space 419392K,   7% used [0x000000074cce0000, 0x000000074eb384e0, 0x0000000766670000)
  to   space 419392K,   0% used [0x0000000766670000, 0x0000000766670000, 0x0000000780000000)
 concurrent mark-sweep generation total 1048576K, used 10803K [0x0000000780000000, 0x00000007c0000000, 0x00000007c0000000)
 Metaspace       used 2785K, capacity 4496K, committed 4864K, reserved 1056768K
  class space    used 293K, capacity 388K, committed 512K, reserved 1048576K
}
{Heap before GC invocations=370 (full 28):
 par new generation   total 3774912K, used 112255K [0x0000000680000000, 0x0000000780000000, 0x0000000780000000)
  eden space 3355520K,   2% used [0x0000000680000000, 0x0000000684f47988, 0x000000074cce0000)
  from space 419392K,   7% used [0x000000074cce0000, 0x000000074eb384e0, 0x0000000766670000)
  to   space 419392K,   0% used [0x0000000766670000, 0x0000000766670000, 0x0000000780000000)
 concurrent mark-sweep generation total 1048576K, used 10803K [0x0000000780000000, 0x00000007c0000000, 0x00000007c0000000)
 Metaspace       used 2785K, capacity 4496K, committed 4864K, reserved 1056768K
  class space    used 293K, capacity 388K, committed 512K, reserved 1048576K
177.077: #398: [GC (GCLocker Initiated GC) 177.077: #398: [ParNew: 112255K->23295K(3774912K), 0.0094485 secs] 123059K->34099K(4823488K), 0.0094986 secs] [Times: user=0.03 sys=0.00 real=0.01 secs] 
Heap after GC invocations=371 (full 28):
 par new generation   total 3774912K, used 23295K [0x0000000680000000, 0x0000000780000000, 0x0000000780000000)
  eden space 3355520K,   0% used [0x0000000680000000, 0x0000000680000000, 0x000000074cce0000)
  from space 419392K,   5% used [0x0000000766670000, 0x0000000767d2ff20, 0x0000000780000000)
  to   space 419392K,   0% used [0x000000074cce0000, 0x000000074cce0000, 0x0000000766670000)
 concurrent mark-sweep generation total 1048576K, used 10803K [0x0000000780000000, 0x00000007c0000000, 0x00000007c0000000)
 Metaspace       used 2785K, capacity 4496K, committed 4864K, reserved 1056768K
  class space    used 293K, capacity 388K, committed 512K, reserved 1048576K
}
{Heap before GC invocations=371 (full 28):
 par new generation   total 3774912K, used 3380625K [0x0000000680000000, 0x0000000780000000, 0x0000000780000000)
  eden space 3355520K, 100% used [0x0000000680000000, 0x000000074cce0000, 0x000000074cce0000)
  from space 419392K,   5% used [0x0000000766670000, 0x0000000767ef4530, 0x0000000780000000)
  to   space 419392K,   0% used [0x000000074cce0000, 0x000000074cce0000, 0x0000000766670000)
 concurrent mark-sweep generation total 1048576K, used 10803K [0x0000000780000000, 0x00000007c0000000, 0x00000007c0000000)
 Metaspace       used 2785K, capacity 4496K, committed 4864K, reserved 1056768K
  class space    used 293K, capacity 388K, committed 512K, reserved 1048576K
177.732: #399: [GC (Allocation Failure) 177.732: #399: [ParNew: 3380625K->41326K(3774912K), 0.0127720 secs] 3391428K->52129K(4823488K), 0.0128183 secs] [Times: user=0.02 sys=0.00 real=0.02 secs] 
Heap after GC invocations=372 (full 28):
 par new generation   total 3774912K, used 41326K [0x0000000680000000, 0x0000000780000000, 0x0000000780000000)
  eden space 3355520K,   0% used [0x0000000680000000, 0x0000000680000000, 0x000000074cce0000)
  from space 419392K,   9% used [0x000000074cce0000, 0x000000074f53b8b0, 0x0000000766670000)
  to   space 419392K,   0% used [0x0000000766670000, 0x0000000766670000, 0x0000000780000000)
 concurrent mark-sweep generation total 1048576K, used 10803K [0x0000000780000000, 0x00000007c0000000, 0x00000007c0000000)
 Metaspace       used 2785K, capacity 4496K, committed 4864K, reserved 1056768K
  class space    used 293K, capacity 388K, committed 512K, reserved 1048576K
}
{Heap before GC invocations=372 (full 28):
 par new generation   total 3774912K, used 139580K [0x0000000680000000, 0x0000000780000000, 0x0000000780000000)
  eden space 3355520K,   2% used [0x0000000680000000, 0x0000000685ff3af0, 0x000000074cce0000)
  from space 419392K,   9% used [0x000000074cce0000, 0x000000074f53b8b0, 0x0000000766670000)
  to   space 419392K,   0% used [0x0000000766670000, 0x0000000766670000, 0x0000000780000000)
 concurrent mark-sweep generation total 1048576K, used 10803K [0x0000000780000000, 0x00000007c0000000, 0x00000007c0000000)
 Metaspace       used 2785K, capacity 4496K, committed 4864K, reserved 1056768K
  class space    used 293K, capacity 388K, committed 512K, reserved 1048576K
177.756: #400: [GC (GCLocker Initiated GC) 177.756: #400: [ParNew: 139580K->26284K(3774912K), 0.0080334 secs] 150384K->37087K(4823488K), 0.0080876 secs] [Times: user=0.03 sys=0.00 real=0.01 secs] 
Heap after GC invocations=373 (full 28):
 par new generation   total 3774912K, used 26284K [0x0000000680000000, 0x0000000780000000, 0x0000000780000000)
  eden space 3355520K,   0% used [0x0000000680000000, 0x0000000680000000, 0x000000074cce0000)
  from space 419392K,   6% used [0x0000000766670000, 0x000000076801b0a0, 0x0000000780000000)
  to   space 419392K,   0% used [0x000000074cce0000, 0x000000074cce0000, 0x0000000766670000)
 concurrent mark-sweep generation total 1048576K, used 10803K [0x0000000780000000, 0x00000007c0000000, 0x00000007c0000000)
 Metaspace       used 2785K, capacity 4496K, committed 4864K, reserved 1056768K
  class space    used 293K, capacity 388K, committed 512K, reserved 1048576K
}
{Heap before GC invocations=373 (full 28):
 par new generation   total 3774912K, used 3381804K [0x0000000680000000, 0x0000000780000000, 0x0000000780000000)
  eden space 3355520K, 100% used [0x0000000680000000, 0x000000074cce0000, 0x000000074cce0000)
  from space 419392K,   6% used [0x0000000766670000, 0x000000076801b0a0, 0x0000000780000000)
  to   space 419392K,   0% used [0x000000074cce0000, 0x000000074cce0000, 0x0000000766670000)
 concurrent mark-sweep generation total 1048576K, used 10803K [0x0000000780000000, 0x00000007c0000000, 0x00000007c0000000)
 Metaspace       used 2785K, capacity 4496K, committed 4864K, reserved 1056768K
  class space    used 293K, capacity 388K, committed 512K, reserved 1048576K
178.398: #401: [GC (Allocation Failure) 178.398: #401: [ParNew: 3381804K->47251K(3774912K), 0.0126745 secs] 3392607K->58055K(4823488K), 0.0127137 secs] [Times: user=0.02 sys=0.00 real=0.01 secs] 
Heap after GC invocations=374 (full 28):
 par new generation   total 3774912K, used 47251K [0x0000000680000000, 0x0000000780000000, 0x0000000780000000)
  eden space 3355520K,   0% used [0x0000000680000000, 0x0000000680000000, 0x000000074cce0000)
  from space 419392K,  11% used [0x000000074cce0000, 0x000000074fb04fe0, 0x0000000766670000)
  to   space 419392K,   0% used [0x0000000766670000, 0x0000000766670000, 0x0000000780000000)
 concurrent mark-sweep generation total 1048576K, used 10803K [0x0000000780000000, 0x00000007c0000000, 0x00000007c0000000)
 Metaspace       used 2785K, capacity 4496K, committed 4864K, reserved 1056768K
  class space    used 293K, capacity 388K, committed 512K, reserved 1048576K
}
{Heap before GC invocations=374 (full 28):
 par new generation   total 3774912K, used 3402771K [0x0000000680000000, 0x0000000780000000, 0x0000000780000000)
  eden space 3355520K, 100% used [0x0000000680000000, 0x000000074cce0000, 0x000000074cce0000)
  from space 419392K,  11% used [0x000000074cce0000, 0x000000074fb04fe0, 0x0000000766670000)
  to   space 419392K,   0% used [0x0000000766670000, 0x0000000766670000, 0x0000000780000000)
 concurrent mark-sweep generation total 1048576K, used 10803K [0x0000000780000000, 0x00000007c0000000, 0x00000007c0000000)
 Metaspace       used 2785K, capacity 4496K, committed 4864K, reserved 1056768K
  class space    used 293K, capacity 388K, committed 512K, reserved 1048576K
179.045: #402: [GC (Allocation Failure) 179.045: #402: [ParNew: 3402771K->33319K(3774912K), 0.0112827 secs] 3413575K->44123K(4823488K), 0.0113268 secs] [Times: user=0.02 sys=0.00 real=0.01 secs] 
Heap after GC invocations=375 (full 28):
 par new generation   total 3774912K, used 33319K [0x0000000680000000, 0x0000000780000000, 0x0000000780000000)
  eden space 3355520K,   0% used [0x0000000680000000, 0x0000000680000000, 0x000000074cce0000)
  from space 419392K,   7% used [0x0000000766670000, 0x00000007686f9e20, 0x0000000780000000)
  to   space 419392K,   0% used [0x000000074cce0000, 0x000000074cce0000, 0x0000000766670000)
 concurrent mark-sweep generation total 1048576K, used 10803K [0x0000000780000000, 0x00000007c0000000, 0x00000007c0000000)
 Metaspace       used 2785K, capacity 4496K, committed 4864K, reserved 1056768K
  class space    used 293K, capacity 388K, committed 512K, reserved 1048576K
}
{Heap before GC invocations=375 (full 28):
 par new generation   total 3774912K, used 3388839K [0x0000000680000000, 0x0000000780000000, 0x0000000780000000)
  eden space 3355520K, 100% used [0x0000000680000000, 0x000000074cce0000, 0x000000074cce0000)
  from space 419392K,   7% used [0x0000000766670000, 0x00000007686f9e20, 0x0000000780000000)
  to   space 419392K,   0% used [0x000000074cce0000, 0x000000074cce0000, 0x0000000766670000)
 concurrent mark-sweep generation total 1048576K, used 10803K [0x0000000780000000, 0x00000007c0000000, 0x00000007c0000000)
 Metaspace       used 2785K, capacity 4496K, committed 4864K, reserved 1056768K
  class space    used 293K, capacity 388K, committed 512K, reserved 1048576K
179.685: #403: [GC (Allocation Failure) 179.685: #403: [ParNew: 3388839K->31535K(3774912K), 0.0130839 secs] 3399643K->42338K(4823488K), 0.0131407 secs] [Times: user=0.03 sys=0.00 real=0.01 secs] 
Heap after GC invocations=376 (full 28):
 par new generation   total 3774912K, used 31535K [0x0000000680000000, 0x0000000780000000, 0x0000000780000000)
  eden space 3355520K,   0% used [0x0000000680000000, 0x0000000680000000, 0x000000074cce0000)
  from space 419392K,   7% used [0x000000074cce0000, 0x000000074ebabcd0, 0x0000000766670000)
  to   space 419392K,   0% used [0x0000000766670000, 0x0000000766670000, 0x0000000780000000)
 concurrent mark-sweep generation total 1048576K, used 10803K [0x0000000780000000, 0x00000007c0000000, 0x00000007c0000000)
 Metaspace       used 2785K, capacity 4496K, committed 4864K, reserved 1056768K
  class space    used 293K, capacity 388K, committed 512K, reserved 1048576K
}
{Heap before GC invocations=376 (full 28):
 par new generation   total 3774912K, used 3388441K [0x0000000680000000, 0x0000000780000000, 0x0000000780000000)
  eden space 3355520K, 100% used [0x0000000680000000, 0x000000074cce0000, 0x000000074cce0000)
  from space 419392K,   7% used [0x000000074cce0000, 0x000000074ed06530, 0x0000000766670000)
  to   space 419392K,   0% used [0x0000000766670000, 0x0000000766670000, 0x0000000780000000)
 concurrent mark-sweep generation total 1048576K, used 10803K [0x0000000780000000, 0x00000007c0000000, 0x00000007c0000000)
 Metaspace       used 2785K, capacity 4496K, committed 4864K, reserved 1056768K
  class space    used 293K, capacity 388K, committed 512K, reserved 1048576K
180.337: #404: [GC (GCLocker Initiated GC) 180.337: #404: [ParNew: 3388441K->30708K(3774912K), 0.0122114 secs] 3399244K->41512K(4823488K), 0.0122539 secs] [Times: user=0.03 sys=0.00 real=0.01 secs] 
Heap after GC invocations=377 (full 28):
 par new generation   total 3774912K, used 30708K [0x0000000680000000, 0x0000000780000000, 0x0000000780000000)
  eden space 3355520K,   0% used [0x0000000680000000, 0x0000000680000000, 0x000000074cce0000)
  from space 419392K,   7% used [0x0000000766670000, 0x000000076846d2d8, 0x0000000780000000)
  to   space 419392K,   0% used [0x000000074cce0000, 0x000000074cce0000, 0x0000000766670000)
 concurrent mark-sweep generation total 1048576K, used 10803K [0x0000000780000000, 0x00000007c0000000, 0x00000007c0000000)
 Metaspace       used 2785K, capacity 4496K, committed 4864K, reserved 1056768K
  class space    used 293K, capacity 388K, committed 512K, reserved 1048576K
}
SYSTEM_GC BEFORE
180.782: #405: [GC (CMS Initial Mark) [1 CMS-initial-mark: 10803K(1048576K)] 2402258K(4823488K), 0.7506008 secs] [Times: user=2.31 sys=0.01 real=0.75 secs] 
181.533: #405: [CMS-concurrent-mark-start]
{Heap before GC invocations=377 (full 29):
 par new generation   total 3774912K, used 2391455K [0x0000000680000000, 0x0000000780000000, 0x0000000780000000)
  eden space 3355520K,  70% used [0x0000000680000000, 0x000000071016a998, 0x000000074cce0000)
  from space 419392K,   7% used [0x0000000766670000, 0x000000076846d2d8, 0x0000000780000000)
  to   space 419392K,   0% used [0x000000074cce0000, 0x000000074cce0000, 0x0000000766670000)
 concurrent mark-sweep generation total 1048576K, used 10803K [0x0000000780000000, 0x00000007c0000000, 0x00000007c0000000)
 Metaspace       used 2785K, capacity 4496K, committed 4864K, reserved 1056768K
  class space    used 293K, capacity 388K, committed 512K, reserved 1048576K
181.534: #406: [GC (GCLocker Initiated GC) 181.534: #406: [ParNew: 2391455K->23112K(3774912K), 0.0118288 secs] 2402258K->33915K(4823488K), 0.0118665 secs] [Times: user=0.03 sys=0.00 real=0.02 secs] 
Heap after GC invocations=378 (full 29):
 par new generation   total 3774912K, used 23112K [0x0000000680000000, 0x0000000780000000, 0x0000000780000000)
  eden space 3355520K,   0% used [0x0000000680000000, 0x0000000680000000, 0x000000074cce0000)
  from space 419392K,   5% used [0x000000074cce0000, 0x000000074e372030, 0x0000000766670000)
  to   space 419392K,   0% used [0x0000000766670000, 0x0000000766670000, 0x0000000780000000)
 concurrent mark-sweep generation total 1048576K, used 10803K [0x0000000780000000, 0x00000007c0000000, 0x00000007c0000000)
 Metaspace       used 2785K, capacity 4496K, committed 4864K, reserved 1056768K
  class space    used 293K, capacity 388K, committed 512K, reserved 1048576K
}
181.581: #405: [CMS-concurrent-mark: 0.035/0.047 secs] [Times: user=0.12 sys=0.02 real=0.05 secs] 
181.581: #405: [CMS-concurrent-preclean-start]
181.583: #405: [CMS-concurrent-preclean: 0.002/0.002 secs] [Times: user=0.01 sys=0.00 real=0.00 secs] 
181.583: #405: [CMS-concurrent-abortable-preclean-start]
182.038: #405: [CMS-concurrent-abortable-preclean: 0.152/0.455 secs] [Times: user=1.45 sys=0.07 real=0.46 secs] 
182.038: #405: [GC (CMS Final Remark) [YG occupancy: 2630980 K (3774912 K)]182.038: #405: [Rescan (parallel) , 0.8956370 secs]182.934: #405: [weak refs processing, 0.0000160 secs]182.934: #405: [class unloading, 0.0003703 secs]182.934: #405: [scrub symbol table, 0.0006068 secs]182.935: #405: [scrub string table, 0.0002371 secs][1 CMS-remark: 10803K(1048576K)] 2641784K(4823488K), 0.8969781 secs] [Times: user=2.74 sys=0.01 real=0.90 secs] 
182.935: #405: [CMS-concurrent-sweep-start]
182.942: #405: [CMS-concurrent-sweep: 0.006/0.006 secs] [Times: user=0.01 sys=0.00 real=0.00 secs] 
182.942: #405: [CMS-concurrent-reset-start]
SYSTEM_GC AFTER
182.943: #405: [CMS-concurrent-reset: 0.002/0.002 secs] [Times: user=0.01 sys=0.00 real=0.00 secs] 
{Heap before GC invocations=378 (full 29):
 par new generation   total 3774912K, used 2663225K [0x0000000680000000, 0x0000000780000000, 0x0000000780000000)
  eden space 3355520K,  78% used [0x0000000680000000, 0x000000072123c478, 0x000000074cce0000)
  from space 419392K,   5% used [0x000000074cce0000, 0x000000074e372030, 0x0000000766670000)
  to   space 419392K,   0% used [0x0000000766670000, 0x0000000766670000, 0x0000000780000000)
 concurrent mark-sweep generation total 1048576K, used 10803K [0x0000000780000000, 0x00000007c0000000, 0x00000007c0000000)
 Metaspace       used 2785K, capacity 4496K, committed 4864K, reserved 1056768K
  class space    used 293K, capacity 388K, committed 512K, reserved 1048576K
182.946: #407: [GC (GCLocker Initiated GC) 182.946: #407: [ParNew: 2663225K->26326K(3774912K), 0.0112128 secs] 2674028K->37129K(4823488K), 0.0112591 secs] [Times: user=0.02 sys=0.00 real=0.01 secs] 
Heap after GC invocations=379 (full 29):
 par new generation   total 3774912K, used 26326K [0x0000000680000000, 0x0000000780000000, 0x0000000780000000)
  eden space 3355520K,   0% used [0x0000000680000000, 0x0000000680000000, 0x000000074cce0000)
  from space 419392K,   6% used [0x0000000766670000, 0x00000007680258f0, 0x0000000780000000)
  to   space 419392K,   0% used [0x000000074cce0000, 0x000000074cce0000, 0x0000000766670000)
 concurrent mark-sweep generation total 1048576K, used 10803K [0x0000000780000000, 0x00000007c0000000, 0x00000007c0000000)
 Metaspace       used 2785K, capacity 4496K, committed 4864K, reserved 1056768K
  class space    used 293K, capacity 388K, committed 512K, reserved 1048576K
}
{Heap before GC invocations=379 (full 29):
 par new generation   total 3774912K, used 3381846K [0x0000000680000000, 0x0000000780000000, 0x0000000780000000)
  eden space 3355520K, 100% used [0x0000000680000000, 0x000000074cce0000, 0x000000074cce0000)
  from space 419392K,   6% used [0x0000000766670000, 0x00000007680258f0, 0x0000000780000000)
  to   space 419392K,   0% used [0x000000074cce0000, 0x000000074cce0000, 0x0000000766670000)
 concurrent mark-sweep generation total 1048576K, used 10803K [0x0000000780000000, 0x00000007c0000000, 0x00000007c0000000)
 Metaspace       used 2785K, capacity 4496K, committed 4864K, reserved 1056768K
  class space    used 293K, capacity 388K, committed 512K, reserved 1048576K
183.578: #408: [GC (Allocation Failure) 183.578: #408: [ParNew: 3381846K->31424K(3774912K), 0.0128507 secs] 3392649K->42228K(4823488K), 0.0128963 secs] [Times: user=0.03 sys=0.00 real=0.01 secs] 
Heap after GC invocations=380 (full 29):
 par new generation   total 3774912K, used 31424K [0x0000000680000000, 0x0000000780000000, 0x0000000780000000)
  eden space 3355520K,   0% used [0x0000000680000000, 0x0000000680000000, 0x000000074cce0000)
  from space 419392K,   7% used [0x000000074cce0000, 0x000000074eb90250, 0x0000000766670000)
  to   space 419392K,   0% used [0x0000000766670000, 0x0000000766670000, 0x0000000780000000)
 concurrent mark-sweep generation total 1048576K, used 10803K [0x0000000780000000, 0x00000007c0000000, 0x00000007c0000000)
 Metaspace       used 2785K, capacity 4496K, committed 4864K, reserved 1056768K
  class space    used 293K, capacity 388K, committed 512K, reserved 1048576K
}
{Heap before GC invocations=380 (full 29):
 par new generation   total 3774912K, used 3386944K [0x0000000680000000, 0x0000000780000000, 0x0000000780000000)
  eden space 3355520K, 100% used [0x0000000680000000, 0x000000074cce0000, 0x000000074cce0000)
  from space 419392K,   7% used [0x000000074cce0000, 0x000000074eb90250, 0x0000000766670000)
  to   space 419392K,   0% used [0x0000000766670000, 0x0000000766670000, 0x0000000780000000)
 concurrent mark-sweep generation total 1048576K, used 10803K [0x0000000780000000, 0x00000007c0000000, 0x00000007c0000000)
 Metaspace       used 2785K, capacity 4496K, committed 4864K, reserved 1056768K
  class space    used 293K, capacity 388K, committed 512K, reserved 1048576K
184.233: #409: [GC (Allocation Failure) 184.233: #409: [ParNew: 3386944K->30084K(3774912K), 0.0137031 secs] 3397748K->40888K(4823488K), 0.0137496 secs] [Times: user=0.02 sys=0.00 real=0.02 secs] 
Heap after GC invocations=381 (full 29):
 par new generation   total 3774912K, used 30084K [0x0000000680000000, 0x0000000780000000, 0x0000000780000000)
  eden space 3355520K,   0% used [0x0000000680000000, 0x0000000680000000, 0x000000074cce0000)
  from space 419392K,   7% used [0x0000000766670000, 0x00000007683d1280, 0x0000000780000000)
  to   space 419392K,   0% used [0x000000074cce0000, 0x000000074cce0000, 0x0000000766670000)
 concurrent mark-sweep generation total 1048576K, used 10803K [0x0000000780000000, 0x00000007c0000000, 0x00000007c0000000)
 Metaspace       used 2785K, capacity 4496K, committed 4864K, reserved 1056768K
  class space    used 293K, capacity 388K, committed 512K, reserved 1048576K
}
{Heap before GC invocations=381 (full 29):
 par new generation   total 3774912K, used 3387276K [0x0000000680000000, 0x0000000780000000, 0x0000000780000000)
  eden space 3355520K, 100% used [0x0000000680000000, 0x000000074cce0000, 0x000000074cce0000)
  from space 419392K,   7% used [0x0000000766670000, 0x00000007685733b0, 0x0000000780000000)
  to   space 419392K,   0% used [0x000000074cce0000, 0x000000074cce0000, 0x0000000766670000)
 concurrent mark-sweep generation total 1048576K, used 10803K [0x0000000780000000, 0x00000007c0000000, 0x00000007c0000000)
 Metaspace       used 2785K, capacity 4496K, committed 4864K, reserved 1056768K
  class space    used 293K, capacity 388K, committed 512K, reserved 1048576K
184.899: #410: [GC (GCLocker Initiated GC) 184.899: #410: [ParNew: 3387276K->31341K(3774912K), 0.0124056 secs] 3398080K->42144K(4823488K), 0.0124450 secs] [Times: user=0.02 sys=0.00 real=0.01 secs] 
Heap after GC invocations=382 (full 29):
 par new generation   total 3774912K, used 31341K [0x0000000680000000, 0x0000000780000000, 0x0000000780000000)
  eden space 3355520K,   0% used [0x0000000680000000, 0x0000000680000000, 0x000000074cce0000)
  from space 419392K,   7% used [0x000000074cce0000, 0x000000074eb7b480, 0x0000000766670000)
  to   space 419392K,   0% used [0x0000000766670000, 0x0000000766670000, 0x0000000780000000)
 concurrent mark-sweep generation total 1048576K, used 10803K [0x0000000780000000, 0x00000007c0000000, 0x00000007c0000000)
 Metaspace       used 2785K, capacity 4496K, committed 4864K, reserved 1056768K
  class space    used 293K, capacity 388K, committed 512K, reserved 1048576K
}
{Heap before GC invocations=382 (full 29):
 par new generation   total 3774912K, used 3386861K [0x0000000680000000, 0x0000000780000000, 0x0000000780000000)
  eden space 3355520K, 100% used [0x0000000680000000, 0x000000074cce0000, 0x000000074cce0000)
  from space 419392K,   7% used [0x000000074cce0000, 0x000000074eb7b480, 0x0000000766670000)
  to   space 419392K,   0% used [0x0000000766670000, 0x0000000766670000, 0x0000000780000000)
 concurrent mark-sweep generation total 1048576K, used 10803K [0x0000000780000000, 0x00000007c0000000, 0x00000007c0000000)
 Metaspace       used 2785K, capacity 4496K, committed 4864K, reserved 1056768K
  class space    used 293K, capacity 388K, committed 512K, reserved 1048576K
185.547: #411: [GC (Allocation Failure) 185.547: #411: [ParNew: 3386861K->30117K(3774912K), 0.0110819 secs] 3397664K->40920K(4823488K), 0.0111428 secs] [Times: user=0.02 sys=0.00 real=0.01 secs] 
Heap after GC invocations=383 (full 29):
 par new generation   total 3774912K, used 30117K [0x0000000680000000, 0x0000000780000000, 0x0000000780000000)
  eden space 3355520K,   0% used [0x0000000680000000, 0x0000000680000000, 0x000000074cce0000)
  from space 419392K,   7% used [0x0000000766670000, 0x00000007683d9440, 0x0000000780000000)
  to   space 419392K,   0% used [0x000000074cce0000, 0x000000074cce0000, 0x0000000766670000)
 concurrent mark-sweep generation total 1048576K, used 10803K [0x0000000780000000, 0x00000007c0000000, 0x00000007c0000000)
 Metaspace       used 2785K, capacity 4496K, committed 4864K, reserved 1056768K
  class space    used 293K, capacity 388K, committed 512K, reserved 1048576K
}
{Heap before GC invocations=383 (full 29):
 par new generation   total 3774912K, used 3385637K [0x0000000680000000, 0x0000000780000000, 0x0000000780000000)
  eden space 3355520K, 100% used [0x0000000680000000, 0x000000074cce0000, 0x000000074cce0000)
  from space 419392K,   7% used [0x0000000766670000, 0x00000007683d9440, 0x0000000780000000)
  to   space 419392K,   0% used [0x000000074cce0000, 0x000000074cce0000, 0x0000000766670000)
 concurrent mark-sweep generation total 1048576K, used 10803K [0x0000000780000000, 0x00000007c0000000, 0x00000007c0000000)
 Metaspace       used 2785K, capacity 4496K, committed 4864K, reserved 1056768K
  class space    used 293K, capacity 388K, committed 512K, reserved 1048576K
186.110: #412: [GC (Allocation Failure) 186.110: #412: [ParNew: 3385637K->31082K(3774912K), 0.0104177 secs] 3396440K->41886K(4823488K), 0.0104520 secs] [Times: user=0.02 sys=0.00 real=0.01 secs] 
Heap after GC invocations=384 (full 29):
 par new generation   total 3774912K, used 31082K [0x0000000680000000, 0x0000000780000000, 0x0000000780000000)
  eden space 3355520K,   0% used [0x0000000680000000, 0x0000000680000000, 0x000000074cce0000)
  from space 419392K,   7% used [0x000000074cce0000, 0x000000074eb3abb0, 0x0000000766670000)
  to   space 419392K,   0% used [0x0000000766670000, 0x0000000766670000, 0x0000000780000000)
 concurrent mark-sweep generation total 1048576K, used 10803K [0x0000000780000000, 0x00000007c0000000, 0x00000007c0000000)
 Metaspace       used 2785K, capacity 4496K, committed 4864K, reserved 1056768K
  class space    used 293K, capacity 388K, committed 512K, reserved 1048576K
}
{Heap before GC invocations=384 (full 29):
 par new generation   total 3774912K, used 3386602K [0x0000000680000000, 0x0000000780000000, 0x0000000780000000)
  eden space 3355520K, 100% used [0x0000000680000000, 0x000000074cce0000, 0x000000074cce0000)
  from space 419392K,   7% used [0x000000074cce0000, 0x000000074eb3abb0, 0x0000000766670000)
  to   space 419392K,   0% used [0x0000000766670000, 0x0000000766670000, 0x0000000780000000)
 concurrent mark-sweep generation total 1048576K, used 10803K [0x0000000780000000, 0x00000007c0000000, 0x00000007c0000000)
 Metaspace       used 2785K, capacity 4496K, committed 4864K, reserved 1056768K
  class space    used 293K, capacity 388K, committed 512K, reserved 1048576K
186.674: #413: [GC (Allocation Failure) 186.674: #413: [ParNew: 3386602K->29684K(3774912K), 0.0107081 secs] 3397406K->40487K(4823488K), 0.0107474 secs] [Times: user=0.02 sys=0.00 real=0.01 secs] 
Heap after GC invocations=385 (full 29):
 par new generation   total 3774912K, used 29684K [0x0000000680000000, 0x0000000780000000, 0x0000000780000000)
  eden space 3355520K,   0% used [0x0000000680000000, 0x0000000680000000, 0x000000074cce0000)
  from space 419392K,   7% used [0x0000000766670000, 0x000000076836d1a0, 0x0000000780000000)
  to   space 419392K,   0% used [0x000000074cce0000, 0x000000074cce0000, 0x0000000766670000)
 concurrent mark-sweep generation total 1048576K, used 10803K [0x0000000780000000, 0x00000007c0000000, 0x00000007c0000000)
 Metaspace       used 2785K, capacity 4496K, committed 4864K, reserved 1056768K
  class space    used 293K, capacity 388K, committed 512K, reserved 1048576K
}
{Heap before GC invocations=385 (full 29):
 par new generation   total 3774912K, used 3385212K [0x0000000680000000, 0x0000000780000000, 0x0000000780000000)
  eden space 3355520K, 100% used [0x0000000680000000, 0x000000074cce0000, 0x000000074cce0000)
  from space 419392K,   7% used [0x0000000766670000, 0x000000076836f1b0, 0x0000000780000000)
  to   space 419392K,   0% used [0x000000074cce0000, 0x000000074cce0000, 0x0000000766670000)
 concurrent mark-sweep generation total 1048576K, used 10803K [0x0000000780000000, 0x00000007c0000000, 0x00000007c0000000)
 Metaspace       used 2785K, capacity 4496K, committed 4864K, reserved 1056768K
  class space    used 293K, capacity 388K, committed 512K, reserved 1048576K
187.242: #414: [GC (Allocation Failure) 187.242: #414: [ParNew: 3385212K->32026K(3774912K), 0.0106838 secs] 3396015K->42830K(4823488K), 0.0107209 secs] [Times: user=0.02 sys=0.00 real=0.01 secs] 
Heap after GC invocations=386 (full 29):
 par new generation   total 3774912K, used 32026K [0x0000000680000000, 0x0000000780000000, 0x0000000780000000)
  eden space 3355520K,   0% used [0x0000000680000000, 0x0000000680000000, 0x000000074cce0000)
  from space 419392K,   7% used [0x000000074cce0000, 0x000000074ec26b48, 0x0000000766670000)
  to   space 419392K,   0% used [0x0000000766670000, 0x0000000766670000, 0x0000000780000000)
 concurrent mark-sweep generation total 1048576K, used 10803K [0x0000000780000000, 0x00000007c0000000, 0x00000007c0000000)
 Metaspace       used 2785K, capacity 4496K, committed 4864K, reserved 1056768K
  class space    used 293K, capacity 388K, committed 512K, reserved 1048576K
}
{Heap before GC invocations=386 (full 29):
 par new generation   total 3774912K, used 64563K [0x0000000680000000, 0x0000000780000000, 0x0000000780000000)
  eden space 3355520K,   0% used [0x0000000680000000, 0x0000000681fc62e0, 0x000000074cce0000)
  from space 419392K,   7% used [0x000000074cce0000, 0x000000074ec26b48, 0x0000000766670000)
  to   space 419392K,   0% used [0x0000000766670000, 0x0000000766670000, 0x0000000780000000)
 concurrent mark-sweep generation total 1048576K, used 10803K [0x0000000780000000, 0x00000007c0000000, 0x00000007c0000000)
 Metaspace       used 2785K, capacity 4496K, committed 4864K, reserved 1056768K
  class space    used 293K, capacity 388K, committed 512K, reserved 1048576K
187.253: #415: [GC (GCLocker Initiated GC) 187.253: #415: [ParNew: 64563K->31728K(3774912K), 0.0083976 secs] 75367K->42531K(4823488K), 0.0084372 secs] [Times: user=0.03 sys=0.00 real=0.01 secs] 
Heap after GC invocations=387 (full 29):
 par new generation   total 3774912K, used 31728K [0x0000000680000000, 0x0000000780000000, 0x0000000780000000)
  eden space 3355520K,   0% used [0x0000000680000000, 0x0000000680000000, 0x000000074cce0000)
  from space 419392K,   7% used [0x0000000766670000, 0x000000076856c178, 0x0000000780000000)
  to   space 419392K,   0% used [0x000000074cce0000, 0x000000074cce0000, 0x0000000766670000)
 concurrent mark-sweep generation total 1048576K, used 10803K [0x0000000780000000, 0x00000007c0000000, 0x00000007c0000000)
 Metaspace       used 2785K, capacity 4496K, committed 4864K, reserved 1056768K
  class space    used 293K, capacity 388K, committed 512K, reserved 1048576K
}
{Heap before GC invocations=387 (full 29):
 par new generation   total 3774912K, used 3387248K [0x0000000680000000, 0x0000000780000000, 0x0000000780000000)
  eden space 3355520K, 100% used [0x0000000680000000, 0x000000074cce0000, 0x000000074cce0000)
  from space 419392K,   7% used [0x0000000766670000, 0x000000076856c178, 0x0000000780000000)
  to   space 419392K,   0% used [0x000000074cce0000, 0x000000074cce0000, 0x0000000766670000)
 concurrent mark-sweep generation total 1048576K, used 10803K [0x0000000780000000, 0x00000007c0000000, 0x00000007c0000000)
 Metaspace       used 2785K, capacity 4496K, committed 4864K, reserved 1056768K
  class space    used 293K, capacity 388K, committed 512K, reserved 1048576K
187.817: #416: [GC (Allocation Failure) 187.817: #416: [ParNew: 3387248K->50676K(3774912K), 0.0107908 secs] 3398051K->61479K(4823488K), 0.0108337 secs] [Times: user=0.03 sys=0.00 real=0.01 secs] 
Heap after GC invocations=388 (full 29):
 par new generation   total 3774912K, used 50676K [0x0000000680000000, 0x0000000780000000, 0x0000000780000000)
  eden space 3355520K,   0% used [0x0000000680000000, 0x0000000680000000, 0x000000074cce0000)
  from space 419392K,  12% used [0x000000074cce0000, 0x000000074fe5d1a0, 0x0000000766670000)
  to   space 419392K,   0% used [0x0000000766670000, 0x0000000766670000, 0x0000000780000000)
 concurrent mark-sweep generation total 1048576K, used 10803K [0x0000000780000000, 0x00000007c0000000, 0x00000007c0000000)
 Metaspace       used 2785K, capacity 4496K, committed 4864K, reserved 1056768K
  class space    used 293K, capacity 388K, committed 512K, reserved 1048576K
}
SYSTEM_GC BEFORE
187.944: #417: [GC (CMS Initial Mark) [1 CMS-initial-mark: 10803K(1048576K)] 660713K(4823488K), 0.1565594 secs] [Times: user=0.57 sys=0.00 real=0.16 secs] 
188.100: #417: [CMS-concurrent-mark-start]
{Heap before GC invocations=388 (full 30):
 par new generation   total 3774912K, used 649910K [0x0000000680000000, 0x0000000780000000, 0x0000000780000000)
  eden space 3355520K,  17% used [0x0000000680000000, 0x00000006a4930838, 0x000000074cce0000)
  from space 419392K,  12% used [0x000000074cce0000, 0x000000074fe5d1a0, 0x0000000766670000)
  to   space 419392K,   0% used [0x0000000766670000, 0x0000000766670000, 0x0000000780000000)
 concurrent mark-sweep generation total 1048576K, used 10803K [0x0000000780000000, 0x00000007c0000000, 0x00000007c0000000)
 Metaspace       used 2785K, capacity 4496K, committed 4864K, reserved 1056768K
  class space    used 293K, capacity 388K, committed 512K, reserved 1048576K
188.101: #418: [GC (GCLocker Initiated GC) 188.101: #418: [ParNew: 649910K->11016K(3774912K), 0.0056349 secs] 660713K->21819K(4823488K), 0.0056883 secs] [Times: user=0.01 sys=0.00 real=0.01 secs] 
Heap after GC invocations=389 (full 30):
 par new generation   total 3774912K, used 11016K [0x0000000680000000, 0x0000000780000000, 0x0000000780000000)
  eden space 3355520K,   0% used [0x0000000680000000, 0x0000000680000000, 0x000000074cce0000)
  from space 419392K,   2% used [0x0000000766670000, 0x00000007671320e0, 0x0000000780000000)
  to   space 419392K,   0% used [0x000000074cce0000, 0x000000074cce0000, 0x0000000766670000)
 concurrent mark-sweep generation total 1048576K, used 10803K [0x0000000780000000, 0x00000007c0000000, 0x00000007c0000000)
 Metaspace       used 2785K, capacity 4496K, committed 4864K, reserved 1056768K
  class space    used 293K, capacity 388K, committed 512K, reserved 1048576K
}
188.129: #417: [CMS-concurrent-mark: 0.023/0.029 secs] [Times: user=0.08 sys=0.03 real=0.03 secs] 
188.129: #417: [CMS-concurrent-preclean-start]
188.132: #417: [CMS-concurrent-preclean: 0.003/0.003 secs] [Times: user=0.01 sys=0.00 real=0.00 secs] 
188.132: #417: [CMS-concurrent-abortable-preclean-start]
188.549: #417: [CMS-concurrent-abortable-preclean: 0.114/0.417 secs] [Times: user=1.47 sys=0.04 real=0.42 secs] 
188.550: #417: [GC (CMS Final Remark) [YG occupancy: 2606793 K (3774912 K)]188.550: #417: [Rescan (parallel) , 0.7182767 secs]189.268: #417: [weak refs processing, 0.0000139 secs]189.268: #417: [class unloading, 0.0002699 secs]189.268: #417: [scrub symbol table, 0.0003853 secs]189.269: #417: [scrub string table, 0.0001508 secs][1 CMS-remark: 10803K(1048576K)] 2617596K(4823488K), 0.7191773 secs] [Times: user=2.74 sys=0.01 real=0.72 secs] 
189.269: #417: [CMS-concurrent-sweep-start]
189.275: #417: [CMS-concurrent-sweep: 0.006/0.006 secs] [Times: user=0.01 sys=0.00 real=0.01 secs] 
189.275: #417: [CMS-concurrent-reset-start]
SYSTEM_GC AFTER
189.278: #417: [CMS-concurrent-reset: 0.002/0.002 secs] [Times: user=0.01 sys=0.00 real=0.00 secs] 
{Heap before GC invocations=389 (full 30):
 par new generation   total 3774912K, used 2655246K [0x0000000680000000, 0x0000000780000000, 0x0000000780000000)
  eden space 3355520K,  78% used [0x0000000680000000, 0x00000007216419a8, 0x000000074cce0000)
  from space 419392K,   2% used [0x0000000766670000, 0x00000007671320e0, 0x0000000780000000)
  to   space 419392K,   0% used [0x000000074cce0000, 0x000000074cce0000, 0x0000000766670000)
 concurrent mark-sweep generation total 1048576K, used 10803K [0x0000000780000000, 0x00000007c0000000, 0x00000007c0000000)
 Metaspace       used 2785K, capacity 4496K, committed 4864K, reserved 1056768K
  class space    used 293K, capacity 388K, committed 512K, reserved 1048576K
189.279: #419: [GC (GCLocker Initiated GC) 189.279: #419: [ParNew: 2655246K->25256K(3774912K), 0.0093924 secs] 2666050K->36059K(4823488K), 0.0094328 secs] [Times: user=0.02 sys=0.00 real=0.01 secs] 
Heap after GC invocations=390 (full 30):
 par new generation   total 3774912K, used 25256K [0x0000000680000000, 0x0000000780000000, 0x0000000780000000)
  eden space 3355520K,   0% used [0x0000000680000000, 0x0000000680000000, 0x000000074cce0000)
  from space 419392K,   6% used [0x000000074cce0000, 0x000000074e58a040, 0x0000000766670000)
  to   space 419392K,   0% used [0x0000000766670000, 0x0000000766670000, 0x0000000780000000)
 concurrent mark-sweep generation total 1048576K, used 10803K [0x0000000780000000, 0x00000007c0000000, 0x00000007c0000000)
 Metaspace       used 2785K, capacity 4496K, committed 4864K, reserved 1056768K
  class space    used 293K, capacity 388K, committed 512K, reserved 1048576K
}
{Heap before GC invocations=390 (full 30):
 par new generation   total 3774912K, used 3380776K [0x0000000680000000, 0x0000000780000000, 0x0000000780000000)
  eden space 3355520K, 100% used [0x0000000680000000, 0x000000074cce0000, 0x000000074cce0000)
  from space 419392K,   6% used [0x000000074cce0000, 0x000000074e58a040, 0x0000000766670000)
  to   space 419392K,   0% used [0x0000000766670000, 0x0000000766670000, 0x0000000780000000)
 concurrent mark-sweep generation total 1048576K, used 10803K [0x0000000780000000, 0x00000007c0000000, 0x00000007c0000000)
 Metaspace       used 2785K, capacity 4496K, committed 4864K, reserved 1056768K
  class space    used 293K, capacity 388K, committed 512K, reserved 1048576K
189.821: #420: [GC (Allocation Failure) 189.821: #420: [ParNew: 3380776K->30879K(3774912K), 0.0108351 secs] 3391579K->41682K(4823488K), 0.0108752 secs] [Times: user=0.03 sys=0.00 real=0.01 secs] 
Heap after GC invocations=391 (full 30):
 par new generation   total 3774912K, used 30879K [0x0000000680000000, 0x0000000780000000, 0x0000000780000000)
  eden space 3355520K,   0% used [0x0000000680000000, 0x0000000680000000, 0x000000074cce0000)
  from space 419392K,   7% used [0x0000000766670000, 0x0000000768497ce8, 0x0000000780000000)
  to   space 419392K,   0% used [0x000000074cce0000, 0x000000074cce0000, 0x0000000766670000)
 concurrent mark-sweep generation total 1048576K, used 10803K [0x0000000780000000, 0x00000007c0000000, 0x00000007c0000000)
 Metaspace       used 2785K, capacity 4496K, committed 4864K, reserved 1056768K
  class space    used 293K, capacity 388K, committed 512K, reserved 1048576K
}
{Heap before GC invocations=391 (full 30):
 par new generation   total 3774912K, used 3386399K [0x0000000680000000, 0x0000000780000000, 0x0000000780000000)
  eden space 3355520K, 100% used [0x0000000680000000, 0x000000074cce0000, 0x000000074cce0000)
  from space 419392K,   7% used [0x0000000766670000, 0x0000000768497ce8, 0x0000000780000000)
  to   space 419392K,   0% used [0x000000074cce0000, 0x000000074cce0000, 0x0000000766670000)
 concurrent mark-sweep generation total 1048576K, used 10803K [0x0000000780000000, 0x00000007c0000000, 0x00000007c0000000)
 Metaspace       used 2785K, capacity 4496K, committed 4864K, reserved 1056768K
  class space    used 293K, capacity 388K, committed 512K, reserved 1048576K
190.428: #421: [GC (Allocation Failure) 190.428: #421: [ParNew: 3386399K->31204K(3774912K), 0.0107774 secs] 3397202K->42008K(4823488K), 0.0108165 secs] [Times: user=0.02 sys=0.00 real=0.01 secs] 
Heap after GC invocations=392 (full 30):
 par new generation   total 3774912K, used 31204K [0x0000000680000000, 0x0000000780000000, 0x0000000780000000)
  eden space 3355520K,   0% used [0x0000000680000000, 0x0000000680000000, 0x000000074cce0000)
  from space 419392K,   7% used [0x000000074cce0000, 0x000000074eb59340, 0x0000000766670000)
  to   space 419392K,   0% used [0x0000000766670000, 0x0000000766670000, 0x0000000780000000)
 concurrent mark-sweep generation total 1048576K, used 10803K [0x0000000780000000, 0x00000007c0000000, 0x00000007c0000000)
 Metaspace       used 2785K, capacity 4496K, committed 4864K, reserved 1056768K
  class space    used 293K, capacity 388K, committed 512K, reserved 1048576K
}
{Heap before GC invocations=392 (full 30):
 par new generation   total 3774912K, used 3387195K [0x0000000680000000, 0x0000000780000000, 0x0000000780000000)
  eden space 3355520K, 100% used [0x0000000680000000, 0x000000074cce0000, 0x000000074cce0000)
  from space 419392K,   7% used [0x000000074cce0000, 0x000000074ebcedc8, 0x0000000766670000)
  to   space 419392K,   0% used [0x0000000766670000, 0x0000000766670000, 0x0000000780000000)
 concurrent mark-sweep generation total 1048576K, used 10803K [0x0000000780000000, 0x00000007c0000000, 0x00000007c0000000)
 Metaspace       used 2785K, capacity 4496K, committed 4864K, reserved 1056768K
  class space    used 293K, capacity 388K, committed 512K, reserved 1048576K
191.051: #422: [GC (GCLocker Initiated GC) 191.051: #422: [ParNew: 3387195K->30725K(3774912K), 0.0136572 secs] 3397998K->41528K(4823488K), 0.0136923 secs] [Times: user=0.02 sys=0.00 real=0.01 secs] 
Heap after GC invocations=393 (full 30):
 par new generation   total 3774912K, used 30725K [0x0000000680000000, 0x0000000780000000, 0x0000000780000000)
  eden space 3355520K,   0% used [0x0000000680000000, 0x0000000680000000, 0x000000074cce0000)
  from space 419392K,   7% used [0x0000000766670000, 0x00000007684714d0, 0x0000000780000000)
  to   space 419392K,   0% used [0x000000074cce0000, 0x000000074cce0000, 0x0000000766670000)
 concurrent mark-sweep generation total 1048576K, used 10803K [0x0000000780000000, 0x00000007c0000000, 0x00000007c0000000)
 Metaspace       used 2785K, capacity 4496K, committed 4864K, reserved 1056768K
  class space    used 293K, capacity 388K, committed 512K, reserved 1048576K
}
{Heap before GC invocations=393 (full 30):
 par new generation   total 3774912K, used 3386245K [0x0000000680000000, 0x0000000780000000, 0x0000000780000000)
  eden space 3355520K, 100% used [0x0000000680000000, 0x000000074cce0000, 0x000000074cce0000)
  from space 419392K,   7% used [0x0000000766670000, 0x00000007684714d0, 0x0000000780000000)
  to   space 419392K,   0% used [0x000000074cce0000, 0x000000074cce0000, 0x0000000766670000)
 concurrent mark-sweep generation total 1048576K, used 10803K [0x0000000780000000, 0x00000007c0000000, 0x00000007c0000000)
 Metaspace       used 2785K, capacity 4496K, committed 4864K, reserved 1056768K
  class space    used 293K, capacity 388K, committed 512K, reserved 1048576K
191.655: #423: [GC (Allocation Failure) 191.656: #423: [ParNew: 3386245K->32076K(3774912K), 0.0134541 secs] 3397048K->42879K(4823488K), 0.0134980 secs] [Times: user=0.02 sys=0.00 real=0.01 secs] 
Heap after GC invocations=394 (full 30):
 par new generation   total 3774912K, used 32076K [0x0000000680000000, 0x0000000780000000, 0x0000000780000000)
  eden space 3355520K,   0% used [0x0000000680000000, 0x0000000680000000, 0x000000074cce0000)
  from space 419392K,   7% used [0x000000074cce0000, 0x000000074ec331d0, 0x0000000766670000)
  to   space 419392K,   0% used [0x0000000766670000, 0x0000000766670000, 0x0000000780000000)
 concurrent mark-sweep generation total 1048576K, used 10803K [0x0000000780000000, 0x00000007c0000000, 0x00000007c0000000)
 Metaspace       used 2785K, capacity 4496K, committed 4864K, reserved 1056768K
  class space    used 293K, capacity 388K, committed 512K, reserved 1048576K
}
{Heap before GC invocations=394 (full 30):
 par new generation   total 3774912K, used 3388705K [0x0000000680000000, 0x0000000780000000, 0x0000000780000000)
  eden space 3355520K, 100% used [0x0000000680000000, 0x000000074cce0000, 0x000000074cce0000)
  from space 419392K,   7% used [0x000000074cce0000, 0x000000074ed48548, 0x0000000766670000)
  to   space 419392K,   0% used [0x0000000766670000, 0x0000000766670000, 0x0000000780000000)
 concurrent mark-sweep generation total 1048576K, used 10803K [0x0000000780000000, 0x00000007c0000000, 0x00000007c0000000)
 Metaspace       used 2785K, capacity 4496K, committed 4864K, reserved 1056768K
  class space    used 293K, capacity 388K, committed 512K, reserved 1048576K
192.435: #424: [GC (GCLocker Initiated GC) 192.435: #424: [ParNew: 3388705K->30857K(3774912K), 0.0288536 secs] 3399508K->41661K(4823488K), 0.0288960 secs] [Times: user=0.02 sys=0.01 real=0.02 secs] 
Heap after GC invocations=395 (full 30):
 par new generation   total 3774912K, used 30857K [0x0000000680000000, 0x0000000780000000, 0x0000000780000000)
  eden space 3355520K,   0% used [0x0000000680000000, 0x0000000680000000, 0x000000074cce0000)
  from space 419392K,   7% used [0x0000000766670000, 0x0000000768492660, 0x0000000780000000)
  to   space 419392K,   0% used [0x000000074cce0000, 0x000000074cce0000, 0x0000000766670000)
 concurrent mark-sweep generation total 1048576K, used 10803K [0x0000000780000000, 0x00000007c0000000, 0x00000007c0000000)
 Metaspace       used 2785K, capacity 4496K, committed 4864K, reserved 1056768K
  class space    used 293K, capacity 388K, committed 512K, reserved 1048576K
}
{Heap before GC invocations=395 (full 30):
 par new generation   total 3774912K, used 3388374K [0x0000000680000000, 0x0000000780000000, 0x0000000780000000)
  eden space 3355520K, 100% used [0x0000000680000000, 0x000000074cce0000, 0x000000074cce0000)
  from space 419392K,   7% used [0x0000000766670000, 0x0000000768685888, 0x0000000780000000)
  to   space 419392K,   0% used [0x000000074cce0000, 0x000000074cce0000, 0x0000000766670000)
 concurrent mark-sweep generation total 1048576K, used 10803K [0x0000000780000000, 0x00000007c0000000, 0x00000007c0000000)
 Metaspace       used 2785K, capacity 4496K, committed 4864K, reserved 1056768K
  class space    used 293K, capacity 388K, committed 512K, reserved 1048576K
193.344: #425: [GC (GCLocker Initiated GC) 193.344: #425: [ParNew: 3388374K->32481K(3774912K), 0.0137351 secs] 3399177K->43285K(4823488K), 0.0137752 secs] [Times: user=0.03 sys=0.00 real=0.02 secs] 
Heap after GC invocations=396 (full 30):
 par new generation   total 3774912K, used 32481K [0x0000000680000000, 0x0000000780000000, 0x0000000780000000)
  eden space 3355520K,   0% used [0x0000000680000000, 0x0000000680000000, 0x000000074cce0000)
  from space 419392K,   7% used [0x000000074cce0000, 0x000000074ec98670, 0x0000000766670000)
  to   space 419392K,   0% used [0x0000000766670000, 0x0000000766670000, 0x0000000780000000)
 concurrent mark-sweep generation total 1048576K, used 10803K [0x0000000780000000, 0x00000007c0000000, 0x00000007c0000000)
 Metaspace       used 2785K, capacity 4496K, committed 4864K, reserved 1056768K
  class space    used 293K, capacity 388K, committed 512K, reserved 1048576K
}
{Heap before GC invocations=396 (full 30):
 par new generation   total 3774912K, used 3388001K [0x0000000680000000, 0x0000000780000000, 0x0000000780000000)
  eden space 3355520K, 100% used [0x0000000680000000, 0x000000074cce0000, 0x000000074cce0000)
  from space 419392K,   7% used [0x000000074cce0000, 0x000000074ec98670, 0x0000000766670000)
  to   space 419392K,   0% used [0x0000000766670000, 0x0000000766670000, 0x0000000780000000)
 concurrent mark-sweep generation total 1048576K, used 10803K [0x0000000780000000, 0x00000007c0000000, 0x00000007c0000000)
 Metaspace       used 2785K, capacity 4496K, committed 4864K, reserved 1056768K
  class space    used 293K, capacity 388K, committed 512K, reserved 1048576K
193.905: #426: [GC (Allocation Failure) 193.905: #426: [ParNew: 3388001K->31326K(3774912K), 0.0122496 secs] 3398805K->42129K(4823488K), 0.0122855 secs] [Times: user=0.03 sys=0.00 real=0.01 secs] 
Heap after GC invocations=397 (full 30):
 par new generation   total 3774912K, used 31326K [0x0000000680000000, 0x0000000780000000, 0x0000000780000000)
  eden space 3355520K,   0% used [0x0000000680000000, 0x0000000680000000, 0x000000074cce0000)
  from space 419392K,   7% used [0x0000000766670000, 0x0000000768507920, 0x0000000780000000)
  to   space 419392K,   0% used [0x000000074cce0000, 0x000000074cce0000, 0x0000000766670000)
 concurrent mark-sweep generation total 1048576K, used 10803K [0x0000000780000000, 0x00000007c0000000, 0x00000007c0000000)
 Metaspace       used 2785K, capacity 4496K, committed 4864K, reserved 1056768K
  class space    used 293K, capacity 388K, committed 512K, reserved 1048576K
}
SYSTEM_GC BEFORE
194.278: #427: [GC (CMS Initial Mark) [1 CMS-initial-mark: 10803K(1048576K)] 2172937K(4823488K), 0.6046066 secs] [Times: user=2.09 sys=0.01 real=0.60 secs] 
194.883: #427: [CMS-concurrent-mark-start]
{Heap before GC invocations=397 (full 31):
 par new generation   total 3774912K, used 2162134K [0x0000000680000000, 0x0000000780000000, 0x0000000780000000)
  eden space 3355520K,  63% used [0x0000000680000000, 0x00000007020ddf08, 0x000000074cce0000)
  from space 419392K,   7% used [0x0000000766670000, 0x0000000768507920, 0x0000000780000000)
  to   space 419392K,   0% used [0x000000074cce0000, 0x000000074cce0000, 0x0000000766670000)
 concurrent mark-sweep generation total 1048576K, used 10803K [0x0000000780000000, 0x00000007c0000000, 0x00000007c0000000)
 Metaspace       used 2786K, capacity 4496K, committed 4864K, reserved 1056768K
  class space    used 293K, capacity 388K, committed 512K, reserved 1048576K
194.883: #428: [GC (GCLocker Initiated GC) 194.883: #428: [ParNew: 2162134K->19473K(3774912K), 0.0083842 secs] 2172937K->30276K(4823488K), 0.0084139 secs] [Times: user=0.02 sys=0.00 real=0.01 secs] 
Heap after GC invocations=398 (full 31):
 par new generation   total 3774912K, used 19473K [0x0000000680000000, 0x0000000780000000, 0x0000000780000000)
  eden space 3355520K,   0% used [0x0000000680000000, 0x0000000680000000, 0x000000074cce0000)
  from space 419392K,   4% used [0x000000074cce0000, 0x000000074dfe4428, 0x0000000766670000)
  to   space 419392K,   0% used [0x0000000766670000, 0x0000000766670000, 0x0000000780000000)
 concurrent mark-sweep generation total 1048576K, used 10803K [0x0000000780000000, 0x00000007c0000000, 0x00000007c0000000)
 Metaspace       used 2786K, capacity 4496K, committed 4864K, reserved 1056768K
  class space    used 293K, capacity 388K, committed 512K, reserved 1048576K
}
194.918: #427: [CMS-concurrent-mark: 0.026/0.035 secs] [Times: user=0.09 sys=0.02 real=0.04 secs] 
194.918: #427: [CMS-concurrent-preclean-start]
194.920: #427: [CMS-concurrent-preclean: 0.002/0.002 secs] [Times: user=0.00 sys=0.00 real=0.00 secs] 
194.920: #427: [CMS-concurrent-abortable-preclean-start]
195.363: #427: [CMS-concurrent-abortable-preclean: 0.138/0.443 secs] [Times: user=1.38 sys=0.07 real=0.44 secs] 
195.364: #427: [GC (CMS Final Remark) [YG occupancy: 2483812 K (3774912 K)]195.364: #427: [Rescan (parallel) , 0.7941939 secs]196.158: #427: [weak refs processing, 0.0000154 secs]196.158: #427: [class unloading, 0.0003389 secs]196.159: #427: [scrub symbol table, 0.0004292 secs]196.159: #427: [scrub string table, 0.0001770 secs][1 CMS-remark: 10803K(1048576K)] 2494615K(4823488K), 0.7952700 secs] [Times: user=2.60 sys=0.01 real=0.80 secs] 
196.159: #427: [CMS-concurrent-sweep-start]
{Heap before GC invocations=398 (full 31):
 par new generation   total 3774912K, used 2483812K [0x0000000680000000, 0x0000000780000000, 0x0000000780000000)
  eden space 3355520K,  73% used [0x0000000680000000, 0x0000000716694c90, 0x000000074cce0000)
  from space 419392K,   4% used [0x000000074cce0000, 0x000000074dfe4428, 0x0000000766670000)
  to   space 419392K,   0% used [0x0000000766670000, 0x0000000766670000, 0x0000000780000000)
 concurrent mark-sweep generation total 1048576K, used 10803K [0x0000000780000000, 0x00000007c0000000, 0x00000007c0000000)
 Metaspace       used 2786K, capacity 4496K, committed 4864K, reserved 1056768K
  class space    used 293K, capacity 388K, committed 512K, reserved 1048576K
196.160: #429: [GC (GCLocker Initiated GC) 196.160: #429: [ParNew: 2483812K->24545K(3774912K), 0.0091045 secs] 2494615K->35349K(4823488K), 0.0091413 secs] [Times: user=0.02 sys=0.00 real=0.01 secs] 
Heap after GC invocations=399 (full 31):
 par new generation   total 3774912K, used 24545K [0x0000000680000000, 0x0000000780000000, 0x0000000780000000)
  eden space 3355520K,   0% used [0x0000000680000000, 0x0000000680000000, 0x000000074cce0000)
  from space 419392K,   5% used [0x0000000766670000, 0x0000000767e68630, 0x0000000780000000)
  to   space 419392K,   0% used [0x000000074cce0000, 0x000000074cce0000, 0x0000000766670000)
 concurrent mark-sweep generation total 1048576K, used 10803K [0x0000000780000000, 0x00000007c0000000, 0x00000007c0000000)
 Metaspace       used 2786K, capacity 4496K, committed 4864K, reserved 1056768K
  class space    used 293K, capacity 388K, committed 512K, reserved 1048576K
}
196.175: #427: [CMS-concurrent-sweep: 0.016/0.016 secs] [Times: user=0.04 sys=0.01 real=0.02 secs] 
196.175: #427: [CMS-concurrent-reset-start]
SYSTEM_GC AFTER
196.177: #427: [CMS-concurrent-reset: 0.002/0.002 secs] [Times: user=0.00 sys=0.00 real=0.00 secs] 
{Heap before GC invocations=399 (full 31):
 par new generation   total 3774912K, used 3380065K [0x0000000680000000, 0x0000000780000000, 0x0000000780000000)
  eden space 3355520K, 100% used [0x0000000680000000, 0x000000074cce0000, 0x000000074cce0000)
  from space 419392K,   5% used [0x0000000766670000, 0x0000000767e68650, 0x0000000780000000)
  to   space 419392K,   0% used [0x000000074cce0000, 0x000000074cce0000, 0x0000000766670000)
 concurrent mark-sweep generation total 1048576K, used 10803K [0x0000000780000000, 0x00000007c0000000, 0x00000007c0000000)
 Metaspace       used 2786K, capacity 4496K, committed 4864K, reserved 1056768K
  class space    used 293K, capacity 388K, committed 512K, reserved 1048576K
196.737: #430: [GC (Allocation Failure) 196.737: #430: [ParNew: 3380065K->30422K(3774912K), 0.0127015 secs] 3390869K->41225K(4823488K), 0.0127492 secs] [Times: user=0.03 sys=0.00 real=0.01 secs] 
Heap after GC invocations=400 (full 31):
 par new generation   total 3774912K, used 30422K [0x0000000680000000, 0x0000000780000000, 0x0000000780000000)
  eden space 3355520K,   0% used [0x0000000680000000, 0x0000000680000000, 0x000000074cce0000)
  from space 419392K,   7% used [0x000000074cce0000, 0x000000074ea95860, 0x0000000766670000)
  to   space 419392K,   0% used [0x0000000766670000, 0x0000000766670000, 0x0000000780000000)
 concurrent mark-sweep generation total 1048576K, used 10803K [0x0000000780000000, 0x00000007c0000000, 0x00000007c0000000)
 Metaspace       used 2786K, capacity 4496K, committed 4864K, reserved 1056768K
  class space    used 293K, capacity 388K, committed 512K, reserved 1048576K
}
{Heap before GC invocations=400 (full 31):
 par new generation   total 3774912K, used 111762K [0x0000000680000000, 0x0000000780000000, 0x0000000780000000)
  eden space 3355520K,   2% used [0x0000000680000000, 0x0000000684f6efe0, 0x000000074cce0000)
  from space 419392K,   7% used [0x000000074cce0000, 0x000000074ea95860, 0x0000000766670000)
  to   space 419392K,   0% used [0x0000000766670000, 0x0000000766670000, 0x0000000780000000)
 concurrent mark-sweep generation total 1048576K, used 10803K [0x0000000780000000, 0x00000007c0000000, 0x00000007c0000000)
 Metaspace       used 2786K, capacity 4496K, committed 4864K, reserved 1056768K
  class space    used 293K, capacity 388K, committed 512K, reserved 1048576K
196.761: #431: [GC (GCLocker Initiated GC) 196.761: #431: [ParNew: 111762K->24116K(3774912K), 0.0079167 secs] 122565K->34919K(4823488K), 0.0079746 secs] [Times: user=0.03 sys=0.00 real=0.01 secs] 
Heap after GC invocations=401 (full 31):
 par new generation   total 3774912K, used 24116K [0x0000000680000000, 0x0000000780000000, 0x0000000780000000)
  eden space 3355520K,   0% used [0x0000000680000000, 0x0000000680000000, 0x000000074cce0000)
  from space 419392K,   5% used [0x0000000766670000, 0x0000000767dfd150, 0x0000000780000000)
  to   space 419392K,   0% used [0x000000074cce0000, 0x000000074cce0000, 0x0000000766670000)
 concurrent mark-sweep generation total 1048576K, used 10803K [0x0000000780000000, 0x00000007c0000000, 0x00000007c0000000)
 Metaspace       used 2786K, capacity 4496K, committed 4864K, reserved 1056768K
  class space    used 293K, capacity 388K, committed 512K, reserved 1048576K
}
{Heap before GC invocations=401 (full 31):
 par new generation   total 3774912K, used 3380250K [0x0000000680000000, 0x0000000780000000, 0x0000000780000000)
  eden space 3355520K, 100% used [0x0000000680000000, 0x000000074cce0000, 0x000000074cce0000)
  from space 419392K,   5% used [0x0000000766670000, 0x0000000767e96948, 0x0000000780000000)
  to   space 419392K,   0% used [0x000000074cce0000, 0x000000074cce0000, 0x0000000766670000)
 concurrent mark-sweep generation total 1048576K, used 10803K [0x0000000780000000, 0x00000007c0000000, 0x00000007c0000000)
 Metaspace       used 2786K, capacity 4496K, committed 4864K, reserved 1056768K
  class space    used 293K, capacity 388K, committed 512K, reserved 1048576K
197.347: #432: [GC (Allocation Failure) 197.347: #432: [ParNew: 3380250K->45392K(3774912K), 0.0138795 secs] 3391053K->56195K(4823488K), 0.0139294 secs] [Times: user=0.02 sys=0.00 real=0.01 secs] 
Heap after GC invocations=402 (full 31):
 par new generation   total 3774912K, used 45392K [0x0000000680000000, 0x0000000780000000, 0x0000000780000000)
  eden space 3355520K,   0% used [0x0000000680000000, 0x0000000680000000, 0x000000074cce0000)
  from space 419392K,  10% used [0x000000074cce0000, 0x000000074f934080, 0x0000000766670000)
  to   space 419392K,   0% used [0x0000000766670000, 0x0000000766670000, 0x0000000780000000)
 concurrent mark-sweep generation total 1048576K, used 10803K [0x0000000780000000, 0x00000007c0000000, 0x00000007c0000000)
 Metaspace       used 2786K, capacity 4496K, committed 4864K, reserved 1056768K
  class space    used 293K, capacity 388K, committed 512K, reserved 1048576K
}
{Heap before GC invocations=402 (full 31):
 par new generation   total 3774912K, used 111027K [0x0000000680000000, 0x0000000780000000, 0x0000000780000000)
  eden space 3355520K,   1% used [0x0000000680000000, 0x0000000684018d58, 0x000000074cce0000)
  from space 419392K,  10% used [0x000000074cce0000, 0x000000074f934080, 0x0000000766670000)
  to   space 419392K,   0% used [0x0000000766670000, 0x0000000766670000, 0x0000000780000000)
 concurrent mark-sweep generation total 1048576K, used 10803K [0x0000000780000000, 0x00000007c0000000, 0x00000007c0000000)
 Metaspace       used 2786K, capacity 4496K, committed 4864K, reserved 1056768K
  class space    used 293K, capacity 388K, committed 512K, reserved 1048576K
197.372: #433: [GC (GCLocker Initiated GC) 197.372: #433: [ParNew: 111027K->26808K(3774912K), 0.0085353 secs] 121830K->37611K(4823488K), 0.0085937 secs] [Times: user=0.03 sys=0.00 real=0.01 secs] 
Heap after GC invocations=403 (full 31):
 par new generation   total 3774912K, used 26808K [0x0000000680000000, 0x0000000780000000, 0x0000000780000000)
  eden space 3355520K,   0% used [0x0000000680000000, 0x0000000680000000, 0x000000074cce0000)
  from space 419392K,   6% used [0x0000000766670000, 0x000000076809e0d0, 0x0000000780000000)
  to   space 419392K,   0% used [0x000000074cce0000, 0x000000074cce0000, 0x0000000766670000)
 concurrent mark-sweep generation total 1048576K, used 10803K [0x0000000780000000, 0x00000007c0000000, 0x00000007c0000000)
 Metaspace       used 2786K, capacity 4496K, committed 4864K, reserved 1056768K
  class space    used 293K, capacity 388K, committed 512K, reserved 1048576K
}
{Heap before GC invocations=403 (full 31):
 par new generation   total 3774912K, used 3384223K [0x0000000680000000, 0x0000000780000000, 0x0000000780000000)
  eden space 3355520K, 100% used [0x0000000680000000, 0x000000074cce0000, 0x000000074cce0000)
  from space 419392K,   6% used [0x0000000766670000, 0x0000000768277e78, 0x0000000780000000)
  to   space 419392K,   0% used [0x000000074cce0000, 0x000000074cce0000, 0x0000000766670000)
 concurrent mark-sweep generation total 1048576K, used 10803K [0x0000000780000000, 0x00000007c0000000, 0x00000007c0000000)
 Metaspace       used 2786K, capacity 4496K, committed 4864K, reserved 1056768K
  class space    used 293K, capacity 388K, committed 512K, reserved 1048576K
198.049: #434: [GC (GCLocker Initiated GC) 198.049: #434: [ParNew: 3384223K->36485K(3774912K), 0.0164664 secs] 3395027K->47288K(4823488K), 0.0165230 secs] [Times: user=0.03 sys=0.00 real=0.02 secs] 
Heap after GC invocations=404 (full 31):
 par new generation   total 3774912K, used 36485K [0x0000000680000000, 0x0000000780000000, 0x0000000780000000)
  eden space 3355520K,   0% used [0x0000000680000000, 0x0000000680000000, 0x000000074cce0000)
  from space 419392K,   8% used [0x000000074cce0000, 0x000000074f081560, 0x0000000766670000)
  to   space 419392K,   0% used [0x0000000766670000, 0x0000000766670000, 0x0000000780000000)
 concurrent mark-sweep generation total 1048576K, used 10803K [0x0000000780000000, 0x00000007c0000000, 0x00000007c0000000)
 Metaspace       used 2786K, capacity 4496K, committed 4864K, reserved 1056768K
  class space    used 293K, capacity 388K, committed 512K, reserved 1048576K
}
{Heap before GC invocations=404 (full 31):
 par new generation   total 3774912K, used 3392005K [0x0000000680000000, 0x0000000780000000, 0x0000000780000000)
  eden space 3355520K, 100% used [0x0000000680000000, 0x000000074cce0000, 0x000000074cce0000)
  from space 419392K,   8% used [0x000000074cce0000, 0x000000074f081570, 0x0000000766670000)
  to   space 419392K,   0% used [0x0000000766670000, 0x0000000766670000, 0x0000000780000000)
 concurrent mark-sweep generation total 1048576K, used 10803K [0x0000000780000000, 0x00000007c0000000, 0x00000007c0000000)
 Metaspace       used 2786K, capacity 4496K, committed 4864K, reserved 1056768K
  class space    used 293K, capacity 388K, committed 512K, reserved 1048576K
198.752: #435: [GC (Allocation Failure) 198.752: #435: [ParNew: 3392005K->33559K(3774912K), 0.0129445 secs] 3402808K->44363K(4823488K), 0.0130033 secs] [Times: user=0.02 sys=0.00 real=0.02 secs] 
Heap after GC invocations=405 (full 31):
 par new generation   total 3774912K, used 33559K [0x0000000680000000, 0x0000000780000000, 0x0000000780000000)
  eden space 3355520K,   0% used [0x0000000680000000, 0x0000000680000000, 0x000000074cce0000)
  from space 419392K,   8% used [0x0000000766670000, 0x0000000768735f60, 0x0000000780000000)
  to   space 419392K,   0% used [0x000000074cce0000, 0x000000074cce0000, 0x0000000766670000)
 concurrent mark-sweep generation total 1048576K, used 10803K [0x0000000780000000, 0x00000007c0000000, 0x00000007c0000000)
 Metaspace       used 2786K, capacity 4496K, committed 4864K, reserved 1056768K
  class space    used 293K, capacity 388K, committed 512K, reserved 1048576K
}
{Heap before GC invocations=405 (full 31):
 par new generation   total 3774912K, used 115349K [0x0000000680000000, 0x0000000780000000, 0x0000000780000000)
  eden space 3355520K,   2% used [0x0000000680000000, 0x0000000684fdf5c8, 0x000000074cce0000)
  from space 419392K,   8% used [0x0000000766670000, 0x0000000768735f60, 0x0000000780000000)
  to   space 419392K,   0% used [0x000000074cce0000, 0x000000074cce0000, 0x0000000766670000)
 concurrent mark-sweep generation total 1048576K, used 10803K [0x0000000780000000, 0x00000007c0000000, 0x00000007c0000000)
 Metaspace       used 2786K, capacity 4496K, committed 4864K, reserved 1056768K
  class space    used 293K, capacity 388K, committed 512K, reserved 1048576K
198.776: #436: [GC (GCLocker Initiated GC) 198.776: #436: [ParNew: 115349K->26261K(3774912K), 0.0074035 secs] 126152K->37064K(4823488K), 0.0074480 secs] [Times: user=0.02 sys=0.00 real=0.00 secs] 
Heap after GC invocations=406 (full 31):
 par new generation   total 3774912K, used 26261K [0x0000000680000000, 0x0000000780000000, 0x0000000780000000)
  eden space 3355520K,   0% used [0x0000000680000000, 0x0000000680000000, 0x000000074cce0000)
  from space 419392K,   6% used [0x000000074cce0000, 0x000000074e685550, 0x0000000766670000)
  to   space 419392K,   0% used [0x0000000766670000, 0x0000000766670000, 0x0000000780000000)
 concurrent mark-sweep generation total 1048576K, used 10803K [0x0000000780000000, 0x00000007c0000000, 0x00000007c0000000)
 Metaspace       used 2786K, capacity 4496K, committed 4864K, reserved 1056768K
  class space    used 293K, capacity 388K, committed 512K, reserved 1048576K
}
{Heap before GC invocations=406 (full 31):
 par new generation   total 3774912K, used 3381781K [0x0000000680000000, 0x0000000780000000, 0x0000000780000000)
  eden space 3355520K, 100% used [0x0000000680000000, 0x000000074cce0000, 0x000000074cce0000)
  from space 419392K,   6% used [0x000000074cce0000, 0x000000074e685550, 0x0000000766670000)
  to   space 419392K,   0% used [0x0000000766670000, 0x0000000766670000, 0x0000000780000000)
 concurrent mark-sweep generation total 1048576K, used 10803K [0x0000000780000000, 0x00000007c0000000, 0x00000007c0000000)
 Metaspace       used 2786K, capacity 4496K, committed 4864K, reserved 1056768K
  class space    used 293K, capacity 388K, committed 512K, reserved 1048576K
199.381: #437: [GC (Allocation Failure) 199.381: #437: [ParNew: 3381781K->45435K(3774912K), 0.0126864 secs] 3392584K->56239K(4823488K), 0.0127445 secs] [Times: user=0.02 sys=0.00 real=0.01 secs] 
Heap after GC invocations=407 (full 31):
 par new generation   total 3774912K, used 45435K [0x0000000680000000, 0x0000000780000000, 0x0000000780000000)
  eden space 3355520K,   0% used [0x0000000680000000, 0x0000000680000000, 0x000000074cce0000)
  from space 419392K,  10% used [0x0000000766670000, 0x00000007692cef00, 0x0000000780000000)
  to   space 419392K,   0% used [0x000000074cce0000, 0x000000074cce0000, 0x0000000766670000)
 concurrent mark-sweep generation total 1048576K, used 10803K [0x0000000780000000, 0x00000007c0000000, 0x00000007c0000000)
 Metaspace       used 2786K, capacity 4496K, committed 4864K, reserved 1056768K
  class space    used 293K, capacity 388K, committed 512K, reserved 1048576K
}
{Heap before GC invocations=407 (full 31):
 par new generation   total 3774912K, used 3400955K [0x0000000680000000, 0x0000000780000000, 0x0000000780000000)
  eden space 3355520K, 100% used [0x0000000680000000, 0x000000074cce0000, 0x000000074cce0000)
  from space 419392K,  10% used [0x0000000766670000, 0x00000007692cef30, 0x0000000780000000)
  to   space 419392K,   0% used [0x000000074cce0000, 0x000000074cce0000, 0x0000000766670000)
 concurrent mark-sweep generation total 1048576K, used 10803K [0x0000000780000000, 0x00000007c0000000, 0x00000007c0000000)
 Metaspace       used 2786K, capacity 4496K, committed 4864K, reserved 1056768K
  class space    used 293K, capacity 388K, committed 512K, reserved 1048576K
200.032: #438: [GC (Allocation Failure) 200.032: #438: [ParNew: 3400955K->31100K(3774912K), 0.0141017 secs] 3411759K->41903K(4823488K), 0.0141551 secs] [Times: user=0.02 sys=0.00 real=0.02 secs] 
Heap after GC invocations=408 (full 31):
 par new generation   total 3774912K, used 31100K [0x0000000680000000, 0x0000000780000000, 0x0000000780000000)
  eden space 3355520K,   0% used [0x0000000680000000, 0x0000000680000000, 0x000000074cce0000)
  from space 419392K,   7% used [0x000000074cce0000, 0x000000074eb3f170, 0x0000000766670000)
  to   space 419392K,   0% used [0x0000000766670000, 0x0000000766670000, 0x0000000780000000)
 concurrent mark-sweep generation total 1048576K, used 10803K [0x0000000780000000, 0x00000007c0000000, 0x00000007c0000000)
 Metaspace       used 2786K, capacity 4496K, committed 4864K, reserved 1056768K
  class space    used 293K, capacity 388K, committed 512K, reserved 1048576K
}
{Heap before GC invocations=408 (full 31):
 par new generation   total 3774912K, used 112374K [0x0000000680000000, 0x0000000780000000, 0x0000000780000000)
  eden space 3355520K,   2% used [0x0000000680000000, 0x0000000684f5e6a8, 0x000000074cce0000)
  from space 419392K,   7% used [0x000000074cce0000, 0x000000074eb3f170, 0x0000000766670000)
  to   space 419392K,   0% used [0x0000000766670000, 0x0000000766670000, 0x0000000780000000)
 concurrent mark-sweep generation total 1048576K, used 10803K [0x0000000780000000, 0x00000007c0000000, 0x00000007c0000000)
 Metaspace       used 2786K, capacity 4496K, committed 4864K, reserved 1056768K
  class space    used 293K, capacity 388K, committed 512K, reserved 1048576K
200.057: #439: [GC (GCLocker Initiated GC) 200.057: #439: [ParNew: 112374K->23878K(3774912K), 0.0080753 secs] 123177K->34681K(4823488K), 0.0081350 secs] [Times: user=0.03 sys=0.00 real=0.01 secs] 
Heap after GC invocations=409 (full 31):
 par new generation   total 3774912K, used 23878K [0x0000000680000000, 0x0000000780000000, 0x0000000780000000)
  eden space 3355520K,   0% used [0x0000000680000000, 0x0000000680000000, 0x000000074cce0000)
  from space 419392K,   5% used [0x0000000766670000, 0x0000000767dc18f0, 0x0000000780000000)
  to   space 419392K,   0% used [0x000000074cce0000, 0x000000074cce0000, 0x0000000766670000)
 concurrent mark-sweep generation total 1048576K, used 10803K [0x0000000780000000, 0x00000007c0000000, 0x00000007c0000000)
 Metaspace       used 2786K, capacity 4496K, committed 4864K, reserved 1056768K
  class space    used 293K, capacity 388K, committed 512K, reserved 1048576K
}
{Heap before GC invocations=409 (full 31):
 par new generation   total 3774912K, used 3379398K [0x0000000680000000, 0x0000000780000000, 0x0000000780000000)
  eden space 3355520K, 100% used [0x0000000680000000, 0x000000074cce0000, 0x000000074cce0000)
  from space 419392K,   5% used [0x0000000766670000, 0x0000000767dc18f0, 0x0000000780000000)
  to   space 419392K,   0% used [0x000000074cce0000, 0x000000074cce0000, 0x0000000766670000)
 concurrent mark-sweep generation total 1048576K, used 10803K [0x0000000780000000, 0x00000007c0000000, 0x00000007c0000000)
 Metaspace       used 2786K, capacity 4496K, committed 4864K, reserved 1056768K
  class space    used 293K, capacity 388K, committed 512K, reserved 1048576K
200.676: #440: [GC (Allocation Failure) 200.676: #440: [ParNew: 3379398K->45008K(3774912K), 0.0107808 secs] 3390201K->55811K(4823488K), 0.0108198 secs] [Times: user=0.02 sys=0.00 real=0.01 secs] 
Heap after GC invocations=410 (full 31):
 par new generation   total 3774912K, used 45008K [0x0000000680000000, 0x0000000780000000, 0x0000000780000000)
  eden space 3355520K,   0% used [0x0000000680000000, 0x0000000680000000, 0x000000074cce0000)
  from space 419392K,  10% used [0x000000074cce0000, 0x000000074f8d41c0, 0x0000000766670000)
  to   space 419392K,   0% used [0x0000000766670000, 0x0000000766670000, 0x0000000780000000)
 concurrent mark-sweep generation total 1048576K, used 10803K [0x0000000780000000, 0x00000007c0000000, 0x00000007c0000000)
 Metaspace       used 2786K, capacity 4496K, committed 4864K, reserved 1056768K
  class space    used 293K, capacity 388K, committed 512K, reserved 1048576K
}
SYSTEM_GC BEFORE
201.177: #441: [GC (CMS Initial Mark) [1 CMS-initial-mark: 10803K(1048576K)] 2873559K(4823488K), 0.8461907 secs] [Times: user=2.77 sys=0.01 real=0.84 secs] 
202.024: #441: [CMS-concurrent-mark-start]
{Heap before GC invocations=410 (full 32):
 par new generation   total 3774912K, used 2862756K [0x0000000680000000, 0x0000000780000000, 0x0000000780000000)
  eden space 3355520K,  83% used [0x0000000680000000, 0x000000072bfb4e80, 0x000000074cce0000)
  from space 419392K,  10% used [0x000000074cce0000, 0x000000074f8d41c0, 0x0000000766670000)
  to   space 419392K,   0% used [0x0000000766670000, 0x0000000766670000, 0x0000000780000000)
 concurrent mark-sweep generation total 1048576K, used 10803K [0x0000000780000000, 0x00000007c0000000, 0x00000007c0000000)
 Metaspace       used 2786K, capacity 4496K, committed 4864K, reserved 1056768K
  class space    used 293K, capacity 388K, committed 512K, reserved 1048576K
202.024: #442: [GC (GCLocker Initiated GC) 202.024: #442: [ParNew: 2862756K->28450K(3774912K), 0.0112549 secs] 2873559K->39254K(4823488K), 0.0112884 secs] [Times: user=0.03 sys=0.00 real=0.02 secs] 
Heap after GC invocations=411 (full 32):
 par new generation   total 3774912K, used 28450K [0x0000000680000000, 0x0000000780000000, 0x0000000780000000)
  eden space 3355520K,   0% used [0x0000000680000000, 0x0000000680000000, 0x000000074cce0000)
  from space 419392K,   6% used [0x0000000766670000, 0x0000000768238aa0, 0x0000000780000000)
  to   space 419392K,   0% used [0x000000074cce0000, 0x000000074cce0000, 0x0000000766670000)
 concurrent mark-sweep generation total 1048576K, used 10803K [0x0000000780000000, 0x00000007c0000000, 0x00000007c0000000)
 Metaspace       used 2786K, capacity 4496K, committed 4864K, reserved 1056768K
  class space    used 293K, capacity 388K, committed 512K, reserved 1048576K
}
202.069: #441: [CMS-concurrent-mark: 0.034/0.046 secs] [Times: user=0.13 sys=0.02 real=0.05 secs] 
202.069: #441: [CMS-concurrent-preclean-start]
202.072: #441: [CMS-concurrent-preclean: 0.002/0.002 secs] [Times: user=0.00 sys=0.00 real=0.00 secs] 
202.072: #441: [CMS-concurrent-abortable-preclean-start]
202.534: #441: [CMS-concurrent-abortable-preclean: 0.155/0.462 secs] [Times: user=1.57 sys=0.10 real=0.46 secs] 
202.534: #441: [GC (CMS Final Remark) [YG occupancy: 2836672 K (3774912 K)]202.534: #441: [Rescan (parallel) , 0.8717714 secs]203.406: #441: [weak refs processing, 0.0000205 secs]203.406: #441: [class unloading, 0.0004168 secs]203.407: #441: [scrub symbol table, 0.0006341 secs]203.407: #441: [scrub string table, 0.0002377 secs][1 CMS-remark: 10803K(1048576K)] 2847475K(4823488K), 0.8732222 secs] [Times: user=2.96 sys=0.01 real=0.88 secs] 
203.408: #441: [CMS-concurrent-sweep-start]
203.414: #441: [CMS-concurrent-sweep: 0.006/0.006 secs] [Times: user=0.02 sys=0.00 real=0.00 secs] 
203.414: #441: [CMS-concurrent-reset-start]
SYSTEM_GC AFTER
203.417: #441: [CMS-concurrent-reset: 0.003/0.003 secs] [Times: user=0.01 sys=0.00 real=0.01 secs] 
{Heap before GC invocations=411 (full 32):
 par new generation   total 3774912K, used 2885360K [0x0000000680000000, 0x0000000780000000, 0x0000000780000000)
  eden space 3355520K,  85% used [0x0000000680000000, 0x000000072e5f36f8, 0x000000074cce0000)
  from space 419392K,   6% used [0x0000000766670000, 0x0000000768238aa0, 0x0000000780000000)
  to   space 419392K,   0% used [0x000000074cce0000, 0x000000074cce0000, 0x0000000766670000)
 concurrent mark-sweep generation total 1048576K, used 10803K [0x0000000780000000, 0x00000007c0000000, 0x00000007c0000000)
 Metaspace       used 2786K, capacity 4496K, committed 4864K, reserved 1056768K
  class space    used 293K, capacity 388K, committed 512K, reserved 1048576K
203.418: #443: [GC (GCLocker Initiated GC) 203.418: #443: [ParNew: 2885360K->26211K(3774912K), 0.0136170 secs] 2896163K->37014K(4823488K), 0.0136641 secs] [Times: user=0.03 sys=0.00 real=0.01 secs] 
Heap after GC invocations=412 (full 32):
 par new generation   total 3774912K, used 26211K [0x0000000680000000, 0x0000000780000000, 0x0000000780000000)
  eden space 3355520K,   0% used [0x0000000680000000, 0x0000000680000000, 0x000000074cce0000)
  from space 419392K,   6% used [0x000000074cce0000, 0x000000074e678d10, 0x0000000766670000)
  to   space 419392K,   0% used [0x0000000766670000, 0x0000000766670000, 0x0000000780000000)
 concurrent mark-sweep generation total 1048576K, used 10803K [0x0000000780000000, 0x00000007c0000000, 0x00000007c0000000)
 Metaspace       used 2786K, capacity 4496K, committed 4864K, reserved 1056768K
  class space    used 293K, capacity 388K, committed 512K, reserved 1048576K
}
{Heap before GC invocations=412 (full 32):
 par new generation   total 3774912K, used 3381731K [0x0000000680000000, 0x0000000780000000, 0x0000000780000000)
  eden space 3355520K, 100% used [0x0000000680000000, 0x000000074cce0000, 0x000000074cce0000)
  from space 419392K,   6% used [0x000000074cce0000, 0x000000074e678d10, 0x0000000766670000)
  to   space 419392K,   0% used [0x0000000766670000, 0x0000000766670000, 0x0000000780000000)
 concurrent mark-sweep generation total 1048576K, used 10803K [0x0000000780000000, 0x00000007c0000000, 0x00000007c0000000)
 Metaspace       used 2786K, capacity 4496K, committed 4864K, reserved 1056768K
  class space    used 293K, capacity 388K, committed 512K, reserved 1048576K
204.001: #444: [GC (Allocation Failure) 204.001: #444: [ParNew: 3381731K->30558K(3774912K), 0.0104449 secs] 3392534K->41361K(4823488K), 0.0104792 secs] [Times: user=0.02 sys=0.00 real=0.01 secs] 
Heap after GC invocations=413 (full 32):
 par new generation   total 3774912K, used 30558K [0x0000000680000000, 0x0000000780000000, 0x0000000780000000)
  eden space 3355520K,   0% used [0x0000000680000000, 0x0000000680000000, 0x000000074cce0000)
  from space 419392K,   7% used [0x0000000766670000, 0x0000000768447970, 0x0000000780000000)
  to   space 419392K,   0% used [0x000000074cce0000, 0x000000074cce0000, 0x0000000766670000)
 concurrent mark-sweep generation total 1048576K, used 10803K [0x0000000780000000, 0x00000007c0000000, 0x00000007c0000000)
 Metaspace       used 2786K, capacity 4496K, committed 4864K, reserved 1056768K
  class space    used 293K, capacity 388K, committed 512K, reserved 1048576K
}
{Heap before GC invocations=413 (full 32):
 par new generation   total 3774912K, used 3388079K [0x0000000680000000, 0x0000000780000000, 0x0000000780000000)
  eden space 3355520K, 100% used [0x0000000680000000, 0x000000074cce0000, 0x000000074cce0000)
  from space 419392K,   7% used [0x0000000766670000, 0x000000076863be70, 0x0000000780000000)
  to   space 419392K,   0% used [0x000000074cce0000, 0x000000074cce0000, 0x0000000766670000)
 concurrent mark-sweep generation total 1048576K, used 10803K [0x0000000780000000, 0x00000007c0000000, 0x00000007c0000000)
 Metaspace       used 2786K, capacity 4496K, committed 4864K, reserved 1056768K
  class space    used 293K, capacity 388K, committed 512K, reserved 1048576K
204.663: #445: [GC (Allocation Failure) 204.663: #445: [ParNew: 3388079K->29549K(3774912K), 0.0115168 secs] 3398883K->40352K(4823488K), 0.0115572 secs] [Times: user=0.02 sys=0.00 real=0.01 secs] 
Heap after GC invocations=414 (full 32):
 par new generation   total 3774912K, used 29549K [0x0000000680000000, 0x0000000780000000, 0x0000000780000000)
  eden space 3355520K,   0% used [0x0000000680000000, 0x0000000680000000, 0x000000074cce0000)
  from space 419392K,   7% used [0x000000074cce0000, 0x000000074e9bb590, 0x0000000766670000)
  to   space 419392K,   0% used [0x0000000766670000, 0x0000000766670000, 0x0000000780000000)
 concurrent mark-sweep generation total 1048576K, used 10803K [0x0000000780000000, 0x00000007c0000000, 0x00000007c0000000)
 Metaspace       used 2786K, capacity 4496K, committed 4864K, reserved 1056768K
  class space    used 293K, capacity 388K, committed 512K, reserved 1048576K
}
{Heap before GC invocations=414 (full 32):
 par new generation   total 3774912K, used 127354K [0x0000000680000000, 0x0000000780000000, 0x0000000780000000)
  eden space 3355520K,   2% used [0x0000000680000000, 0x0000000685f83560, 0x000000074cce0000)
  from space 419392K,   7% used [0x000000074cce0000, 0x000000074e9bb590, 0x0000000766670000)
  to   space 419392K,   0% used [0x0000000766670000, 0x0000000766670000, 0x0000000780000000)
 concurrent mark-sweep generation total 1048576K, used 10803K [0x0000000780000000, 0x00000007c0000000, 0x00000007c0000000)
 Metaspace       used 2786K, capacity 4496K, committed 4864K, reserved 1056768K
  class space    used 293K, capacity 388K, committed 512K, reserved 1048576K
204.685: #446: [GC (GCLocker Initiated GC) 204.685: #446: [ParNew: 127354K->22634K(3774912K), 0.0066292 secs] 138158K->33438K(4823488K), 0.0066778 secs] [Times: user=0.03 sys=0.00 real=0.00 secs] 
Heap after GC invocations=415 (full 32):
 par new generation   total 3774912K, used 22634K [0x0000000680000000, 0x0000000780000000, 0x0000000780000000)
  eden space 3355520K,   0% used [0x0000000680000000, 0x0000000680000000, 0x000000074cce0000)
  from space 419392K,   5% used [0x0000000766670000, 0x0000000767c8ab88, 0x0000000780000000)
  to   space 419392K,   0% used [0x000000074cce0000, 0x000000074cce0000, 0x0000000766670000)
 concurrent mark-sweep generation total 1048576K, used 10803K [0x0000000780000000, 0x00000007c0000000, 0x00000007c0000000)
 Metaspace       used 2786K, capacity 4496K, committed 4864K, reserved 1056768K
  class space    used 293K, capacity 388K, committed 512K, reserved 1048576K
}
{Heap before GC invocations=415 (full 32):
 par new generation   total 3774912K, used 3379847K [0x0000000680000000, 0x0000000780000000, 0x0000000780000000)
  eden space 3355520K, 100% used [0x0000000680000000, 0x000000074cce0000, 0x000000074cce0000)
  from space 419392K,   5% used [0x0000000766670000, 0x0000000767e31c90, 0x0000000780000000)
  to   space 419392K,   0% used [0x000000074cce0000, 0x000000074cce0000, 0x0000000766670000)
 concurrent mark-sweep generation total 1048576K, used 10803K [0x0000000780000000, 0x00000007c0000000, 0x00000007c0000000)
 Metaspace       used 2786K, capacity 4496K, committed 4864K, reserved 1056768K
  class space    used 293K, capacity 388K, committed 512K, reserved 1048576K
205.530: #447: [GC (Allocation Failure) 205.530: #447: [ParNew: 3379847K->43745K(3774912K), 0.0111830 secs] 3390650K->54548K(4823488K), 0.0112358 secs] [Times: user=0.02 sys=0.00 real=0.01 secs] 
Heap after GC invocations=416 (full 32):
 par new generation   total 3774912K, used 43745K [0x0000000680000000, 0x0000000780000000, 0x0000000780000000)
  eden space 3355520K,   0% used [0x0000000680000000, 0x0000000680000000, 0x000000074cce0000)
  from space 419392K,  10% used [0x000000074cce0000, 0x000000074f798600, 0x0000000766670000)
  to   space 419392K,   0% used [0x0000000766670000, 0x0000000766670000, 0x0000000780000000)
 concurrent mark-sweep generation total 1048576K, used 10803K [0x0000000780000000, 0x00000007c0000000, 0x00000007c0000000)
 Metaspace       used 2786K, capacity 4496K, committed 4864K, reserved 1056768K
  class space    used 293K, capacity 388K, committed 512K, reserved 1048576K
}
{Heap before GC invocations=416 (full 32):
 par new generation   total 3774912K, used 76342K [0x0000000680000000, 0x0000000780000000, 0x0000000780000000)
  eden space 3355520K,   0% used [0x0000000680000000, 0x0000000681fd5230, 0x000000074cce0000)
  from space 419392K,  10% used [0x000000074cce0000, 0x000000074f798600, 0x0000000766670000)
  to   space 419392K,   0% used [0x0000000766670000, 0x0000000766670000, 0x0000000780000000)
 concurrent mark-sweep generation total 1048576K, used 10803K [0x0000000780000000, 0x00000007c0000000, 0x00000007c0000000)
 Metaspace       used 2786K, capacity 4496K, committed 4864K, reserved 1056768K
  class space    used 293K, capacity 388K, committed 512K, reserved 1048576K
205.544: #448: [GC (GCLocker Initiated GC) 205.544: #448: [ParNew: 76342K->28073K(3774912K), 0.0092834 secs] 87145K->38877K(4823488K), 0.0093256 secs] [Times: user=0.02 sys=0.00 real=0.01 secs] 
Heap after GC invocations=417 (full 32):
 par new generation   total 3774912K, used 28073K [0x0000000680000000, 0x0000000780000000, 0x0000000780000000)
  eden space 3355520K,   0% used [0x0000000680000000, 0x0000000680000000, 0x000000074cce0000)
  from space 419392K,   6% used [0x0000000766670000, 0x00000007681da680, 0x0000000780000000)
  to   space 419392K,   0% used [0x000000074cce0000, 0x000000074cce0000, 0x0000000766670000)
 concurrent mark-sweep generation total 1048576K, used 10803K [0x0000000780000000, 0x00000007c0000000, 0x00000007c0000000)
 Metaspace       used 2786K, capacity 4496K, committed 4864K, reserved 1056768K
  class space    used 293K, capacity 388K, committed 512K, reserved 1048576K
}
{Heap before GC invocations=417 (full 32):
 par new generation   total 3774912K, used 3385729K [0x0000000680000000, 0x0000000780000000, 0x0000000780000000)
  eden space 3355520K, 100% used [0x0000000680000000, 0x000000074cce0000, 0x000000074cce0000)
  from space 419392K,   7% used [0x0000000766670000, 0x00000007683f04d8, 0x0000000780000000)
  to   space 419392K,   0% used [0x000000074cce0000, 0x000000074cce0000, 0x0000000766670000)
 concurrent mark-sweep generation total 1048576K, used 10803K [0x0000000780000000, 0x00000007c0000000, 0x00000007c0000000)
 Metaspace       used 2786K, capacity 4496K, committed 4864K, reserved 1056768K
  class space    used 293K, capacity 388K, committed 512K, reserved 1048576K
206.259: #449: [GC (Allocation Failure) 206.259: #449: [ParNew: 3385729K->47783K(3774912K), 0.0106172 secs] 3396532K->58586K(4823488K), 0.0106568 secs] [Times: user=0.03 sys=0.00 real=0.01 secs] 
Heap after GC invocations=418 (full 32):
 par new generation   total 3774912K, used 47783K [0x0000000680000000, 0x0000000780000000, 0x0000000780000000)
  eden space 3355520K,   0% used [0x0000000680000000, 0x0000000680000000, 0x000000074cce0000)
  from space 419392K,  11% used [0x000000074cce0000, 0x000000074fb89de0, 0x0000000766670000)
  to   space 419392K,   0% used [0x0000000766670000, 0x0000000766670000, 0x0000000780000000)
 concurrent mark-sweep generation total 1048576K, used 10803K [0x0000000780000000, 0x00000007c0000000, 0x00000007c0000000)
 Metaspace       used 2786K, capacity 4496K, committed 4864K, reserved 1056768K
  class space    used 293K, capacity 388K, committed 512K, reserved 1048576K
}
{Heap before GC invocations=418 (full 32):
 par new generation   total 3774912K, used 80545K [0x0000000680000000, 0x0000000780000000, 0x0000000780000000)
  eden space 3355520K,   0% used [0x0000000680000000, 0x0000000681ffe8d0, 0x000000074cce0000)
  from space 419392K,  11% used [0x000000074cce0000, 0x000000074fb89de0, 0x0000000766670000)
  to   space 419392K,   0% used [0x0000000766670000, 0x0000000766670000, 0x0000000780000000)
 concurrent mark-sweep generation total 1048576K, used 10803K [0x0000000780000000, 0x00000007c0000000, 0x00000007c0000000)
 Metaspace       used 2786K, capacity 4496K, committed 4864K, reserved 1056768K
  class space    used 293K, capacity 388K, committed 512K, reserved 1048576K
206.270: #450: [GC (GCLocker Initiated GC) 206.270: #450: [ParNew: 80545K->34454K(3774912K), 0.0085642 secs] 91349K->45258K(4823488K), 0.0085966 secs] [Times: user=0.03 sys=0.01 real=0.01 secs] 
Heap after GC invocations=419 (full 32):
 par new generation   total 3774912K, used 34454K [0x0000000680000000, 0x0000000780000000, 0x0000000780000000)
  eden space 3355520K,   0% used [0x0000000680000000, 0x0000000680000000, 0x000000074cce0000)
  from space 419392K,   8% used [0x0000000766670000, 0x0000000768815ac0, 0x0000000780000000)
  to   space 419392K,   0% used [0x000000074cce0000, 0x000000074cce0000, 0x0000000766670000)
 concurrent mark-sweep generation total 1048576K, used 10803K [0x0000000780000000, 0x00000007c0000000, 0x00000007c0000000)
 Metaspace       used 2786K, capacity 4496K, committed 4864K, reserved 1056768K
  class space    used 293K, capacity 388K, committed 512K, reserved 1048576K
}
{Heap before GC invocations=419 (full 32):
 par new generation   total 3774912K, used 3389974K [0x0000000680000000, 0x0000000780000000, 0x0000000780000000)
  eden space 3355520K, 100% used [0x0000000680000000, 0x000000074cce0000, 0x000000074cce0000)
  from space 419392K,   8% used [0x0000000766670000, 0x0000000768815ac0, 0x0000000780000000)
  to   space 419392K,   0% used [0x000000074cce0000, 0x000000074cce0000, 0x0000000766670000)
 concurrent mark-sweep generation total 1048576K, used 10803K [0x0000000780000000, 0x00000007c0000000, 0x00000007c0000000)
 Metaspace       used 2786K, capacity 4496K, committed 4864K, reserved 1056768K
  class space    used 293K, capacity 388K, committed 512K, reserved 1048576K
206.812: #451: [GC (Allocation Failure) 206.812: #451: [ParNew: 3389974K->50812K(3774912K), 0.0105584 secs] 3400778K->61615K(4823488K), 0.0106027 secs] [Times: user=0.03 sys=0.00 real=0.01 secs] 
Heap after GC invocations=420 (full 32):
 par new generation   total 3774912K, used 50812K [0x0000000680000000, 0x0000000780000000, 0x0000000780000000)
  eden space 3355520K,   0% used [0x0000000680000000, 0x0000000680000000, 0x000000074cce0000)
  from space 419392K,  12% used [0x000000074cce0000, 0x000000074fe7f220, 0x0000000766670000)
  to   space 419392K,   0% used [0x0000000766670000, 0x0000000766670000, 0x0000000780000000)
 concurrent mark-sweep generation total 1048576K, used 10803K [0x0000000780000000, 0x00000007c0000000, 0x00000007c0000000)
 Metaspace       used 2786K, capacity 4496K, committed 4864K, reserved 1056768K
  class space    used 293K, capacity 388K, committed 512K, reserved 1048576K
}
{Heap before GC invocations=420 (full 32):
 par new generation   total 3774912K, used 3406580K [0x0000000680000000, 0x0000000780000000, 0x0000000780000000)
  eden space 3355520K, 100% used [0x0000000680000000, 0x000000074cce0000, 0x000000074cce0000)
  from space 419392K,  12% used [0x000000074cce0000, 0x000000074febd030, 0x0000000766670000)
  to   space 419392K,   0% used [0x0000000766670000, 0x0000000766670000, 0x0000000780000000)
 concurrent mark-sweep generation total 1048576K, used 10803K [0x0000000780000000, 0x00000007c0000000, 0x00000007c0000000)
 Metaspace       used 2786K, capacity 4496K, committed 4864K, reserved 1056768K
  class space    used 293K, capacity 388K, committed 512K, reserved 1048576K
207.363: #452: [GC (GCLocker Initiated GC) 207.363: #452: [ParNew: 3406580K->32955K(3774912K), 0.0103961 secs] 3417383K->43759K(4823488K), 0.0104305 secs] [Times: user=0.02 sys=0.00 real=0.01 secs] 
Heap after GC invocations=421 (full 32):
 par new generation   total 3774912K, used 32955K [0x0000000680000000, 0x0000000780000000, 0x0000000780000000)
  eden space 3355520K,   0% used [0x0000000680000000, 0x0000000680000000, 0x000000074cce0000)
  from space 419392K,   7% used [0x0000000766670000, 0x000000076869eee0, 0x0000000780000000)
  to   space 419392K,   0% used [0x000000074cce0000, 0x000000074cce0000, 0x0000000766670000)
 concurrent mark-sweep generation total 1048576K, used 10803K [0x0000000780000000, 0x00000007c0000000, 0x00000007c0000000)
 Metaspace       used 2786K, capacity 4496K, committed 4864K, reserved 1056768K
  class space    used 293K, capacity 388K, committed 512K, reserved 1048576K
}
{Heap before GC invocations=421 (full 32):
 par new generation   total 3774912K, used 3388475K [0x0000000680000000, 0x0000000780000000, 0x0000000780000000)
  eden space 3355520K, 100% used [0x0000000680000000, 0x000000074cce0000, 0x000000074cce0000)
  from space 419392K,   7% used [0x0000000766670000, 0x000000076869eef0, 0x0000000780000000)
  to   space 419392K,   0% used [0x000000074cce0000, 0x000000074cce0000, 0x0000000766670000)
 concurrent mark-sweep generation total 1048576K, used 10803K [0x0000000780000000, 0x00000007c0000000, 0x00000007c0000000)
 Metaspace       used 2786K, capacity 4496K, committed 4864K, reserved 1056768K
  class space    used 293K, capacity 388K, committed 512K, reserved 1048576K
207.910: #453: [GC (Allocation Failure) 207.910: #453: [ParNew: 3388475K->30081K(3774912K), 0.0109087 secs] 3399279K->40884K(4823488K), 0.0109496 secs] [Times: user=0.03 sys=0.00 real=0.01 secs] 
Heap after GC invocations=422 (full 32):
 par new generation   total 3774912K, used 30081K [0x0000000680000000, 0x0000000780000000, 0x0000000780000000)
  eden space 3355520K,   0% used [0x0000000680000000, 0x0000000680000000, 0x000000074cce0000)
  from space 419392K,   7% used [0x000000074cce0000, 0x000000074ea40610, 0x0000000766670000)
  to   space 419392K,   0% used [0x0000000766670000, 0x0000000766670000, 0x0000000780000000)
 concurrent mark-sweep generation total 1048576K, used 10803K [0x0000000780000000, 0x00000007c0000000, 0x00000007c0000000)
 Metaspace       used 2786K, capacity 4496K, committed 4864K, reserved 1056768K
  class space    used 293K, capacity 388K, committed 512K, reserved 1048576K
}
{Heap before GC invocations=422 (full 32):
 par new generation   total 3774912K, used 144313K [0x0000000680000000, 0x0000000780000000, 0x0000000780000000)
  eden space 3355520K,   3% used [0x0000000680000000, 0x0000000686f8e120, 0x000000074cce0000)
  from space 419392K,   7% used [0x000000074cce0000, 0x000000074ea40610, 0x0000000766670000)
  to   space 419392K,   0% used [0x0000000766670000, 0x0000000766670000, 0x0000000780000000)
 concurrent mark-sweep generation total 1048576K, used 10803K [0x0000000780000000, 0x00000007c0000000, 0x00000007c0000000)
 Metaspace       used 2786K, capacity 4496K, committed 4864K, reserved 1056768K
  class space    used 293K, capacity 388K, committed 512K, reserved 1048576K
207.933: #454: [GC (GCLocker Initiated GC) 207.933: #454: [ParNew: 144313K->22872K(3774912K), 0.0066704 secs] 155117K->33675K(4823488K), 0.0067035 secs] [Times: user=0.03 sys=0.00 real=0.01 secs] 
Heap after GC invocations=423 (full 32):
 par new generation   total 3774912K, used 22872K [0x0000000680000000, 0x0000000780000000, 0x0000000780000000)
  eden space 3355520K,   0% used [0x0000000680000000, 0x0000000680000000, 0x000000074cce0000)
  from space 419392K,   5% used [0x0000000766670000, 0x0000000767cc6090, 0x0000000780000000)
  to   space 419392K,   0% used [0x000000074cce0000, 0x000000074cce0000, 0x0000000766670000)
 concurrent mark-sweep generation total 1048576K, used 10803K [0x0000000780000000, 0x00000007c0000000, 0x00000007c0000000)
 Metaspace       used 2786K, capacity 4496K, committed 4864K, reserved 1056768K
  class space    used 293K, capacity 388K, committed 512K, reserved 1048576K
}
SYSTEM_GC BEFORE
208.417: #455: [GC (CMS Initial Mark) [1 CMS-initial-mark: 10803K(1048576K)] 2711917K(4823488K), 0.7141337 secs] [Times: user=2.63 sys=0.01 real=0.71 secs] 
209.131: #455: [CMS-concurrent-mark-start]
{Heap before GC invocations=423 (full 33):
 par new generation   total 3774912K, used 2701113K [0x0000000680000000, 0x0000000780000000, 0x0000000780000000)
  eden space 3355520K,  79% used [0x0000000680000000, 0x0000000723778618, 0x000000074cce0000)
  from space 419392K,   5% used [0x0000000766670000, 0x0000000767cc6090, 0x0000000780000000)
  to   space 419392K,   0% used [0x000000074cce0000, 0x000000074cce0000, 0x0000000766670000)
 concurrent mark-sweep generation total 1048576K, used 10803K [0x0000000780000000, 0x00000007c0000000, 0x00000007c0000000)
 Metaspace       used 2786K, capacity 4496K, committed 4864K, reserved 1056768K
  class space    used 293K, capacity 388K, committed 512K, reserved 1048576K
209.131: #456: [GC (GCLocker Initiated GC) 209.131: #456: [ParNew: 2701113K->39800K(3774912K), 0.0092676 secs] 2711917K->50604K(4823488K), 0.0093036 secs] [Times: user=0.03 sys=0.00 real=0.01 secs] 
Heap after GC invocations=424 (full 33):
 par new generation   total 3774912K, used 39800K [0x0000000680000000, 0x0000000780000000, 0x0000000780000000)
  eden space 3355520K,   0% used [0x0000000680000000, 0x0000000680000000, 0x000000074cce0000)
  from space 419392K,   9% used [0x000000074cce0000, 0x000000074f3be380, 0x0000000766670000)
  to   space 419392K,   0% used [0x0000000766670000, 0x0000000766670000, 0x0000000780000000)
 concurrent mark-sweep generation total 1048576K, used 10803K [0x0000000780000000, 0x00000007c0000000, 0x00000007c0000000)
 Metaspace       used 2786K, capacity 4496K, committed 4864K, reserved 1056768K
  class space    used 293K, capacity 388K, committed 512K, reserved 1048576K
}
209.164: #455: [CMS-concurrent-mark: 0.023/0.033 secs] [Times: user=0.10 sys=0.02 real=0.04 secs] 
209.166: #455: [CMS-concurrent-preclean-start]
209.169: #455: [CMS-concurrent-preclean: 0.003/0.003 secs] [Times: user=0.01 sys=0.00 real=0.00 secs] 
209.169: #455: [CMS-concurrent-abortable-preclean-start]
209.625: #455: [CMS-concurrent-abortable-preclean: 0.149/0.457 secs] [Times: user=1.38 sys=0.08 real=0.46 secs] 
209.626: #455: [GC (CMS Final Remark) [YG occupancy: 2506379 K (3774912 K)]209.626: #455: [Rescan (parallel) , 0.7787747 secs]210.405: #455: [weak refs processing, 0.0000178 secs]210.405: #455: [class unloading, 0.0004782 secs]210.406: #455: [scrub symbol table, 0.0004564 secs]210.406: #455: [scrub string table, 0.0001989 secs][1 CMS-remark: 10803K(1048576K)] 2517183K(4823488K), 0.7800732 secs] [Times: user=2.63 sys=0.01 real=0.78 secs] 
210.407: #455: [CMS-concurrent-sweep-start]
{Heap before GC invocations=424 (full 33):
 par new generation   total 3774912K, used 2506379K [0x0000000680000000, 0x0000000780000000, 0x0000000780000000)
  eden space 3355520K,  73% used [0x0000000680000000, 0x00000007168c4c40, 0x000000074cce0000)
  from space 419392K,   9% used [0x000000074cce0000, 0x000000074f3be380, 0x0000000766670000)
  to   space 419392K,   0% used [0x0000000766670000, 0x0000000766670000, 0x0000000780000000)
 concurrent mark-sweep generation total 1048576K, used 10803K [0x0000000780000000, 0x00000007c0000000, 0x00000007c0000000)
 Metaspace       used 2786K, capacity 4496K, committed 4864K, reserved 1056768K
  class space    used 293K, capacity 388K, committed 512K, reserved 1048576K
210.407: #457: [GC (GCLocker Initiated GC) 210.407: #457: [ParNew: 2506379K->25739K(3774912K), 0.0121128 secs] 2517183K->36543K(4823488K), 0.0121477 secs] [Times: user=0.02 sys=0.00 real=0.01 secs] 
Heap after GC invocations=425 (full 33):
 par new generation   total 3774912K, used 25739K [0x0000000680000000, 0x0000000780000000, 0x0000000780000000)
  eden space 3355520K,   0% used [0x0000000680000000, 0x0000000680000000, 0x000000074cce0000)
  from space 419392K,   6% used [0x0000000766670000, 0x0000000767f92e60, 0x0000000780000000)
  to   space 419392K,   0% used [0x000000074cce0000, 0x000000074cce0000, 0x0000000766670000)
 concurrent mark-sweep generation total 1048576K, used 10803K [0x0000000780000000, 0x00000007c0000000, 0x00000007c0000000)
 Metaspace       used 2786K, capacity 4496K, committed 4864K, reserved 1056768K
  class space    used 293K, capacity 388K, committed 512K, reserved 1048576K
}
210.426: #455: [CMS-concurrent-sweep: 0.007/0.020 secs] [Times: user=0.03 sys=0.01 real=0.02 secs] 
210.426: #455: [CMS-concurrent-reset-start]
210.429: #455: [CMS-concurrent-reset: 0.003/0.003 secs] [Times: user=0.01 sys=0.00 real=0.00 secs] 
SYSTEM_GC AFTER
{Heap before GC invocations=425 (full 33):
 par new generation   total 3774912K, used 3381259K [0x0000000680000000, 0x0000000780000000, 0x0000000780000000)
  eden space 3355520K, 100% used [0x0000000680000000, 0x000000074cce0000, 0x000000074cce0000)
  from space 419392K,   6% used [0x0000000766670000, 0x0000000767f92e60, 0x0000000780000000)
  to   space 419392K,   0% used [0x000000074cce0000, 0x000000074cce0000, 0x0000000766670000)
 concurrent mark-sweep generation total 1048576K, used 10803K [0x0000000780000000, 0x00000007c0000000, 0x00000007c0000000)
 Metaspace       used 2786K, capacity 4496K, committed 4864K, reserved 1056768K
  class space    used 293K, capacity 388K, committed 512K, reserved 1048576K
211.033: #458: [GC (Allocation Failure) 211.033: #458: [ParNew: 3381259K->30175K(3774912K), 0.0102990 secs] 3392063K->40979K(4823488K), 0.0103313 secs] [Times: user=0.02 sys=0.00 real=0.01 secs] 
Heap after GC invocations=426 (full 33):
 par new generation   total 3774912K, used 30175K [0x0000000680000000, 0x0000000780000000, 0x0000000780000000)
  eden space 3355520K,   0% used [0x0000000680000000, 0x0000000680000000, 0x000000074cce0000)
  from space 419392K,   7% used [0x000000074cce0000, 0x000000074ea57ef8, 0x0000000766670000)
  to   space 419392K,   0% used [0x0000000766670000, 0x0000000766670000, 0x0000000780000000)
 concurrent mark-sweep generation total 1048576K, used 10803K [0x0000000780000000, 0x00000007c0000000, 0x00000007c0000000)
 Metaspace       used 2786K, capacity 4496K, committed 4864K, reserved 1056768K
  class space    used 293K, capacity 388K, committed 512K, reserved 1048576K
}
{Heap before GC invocations=426 (full 33):
 par new generation   total 3774912K, used 3385695K [0x0000000680000000, 0x0000000780000000, 0x0000000780000000)
  eden space 3355520K, 100% used [0x0000000680000000, 0x000000074cce0000, 0x000000074cce0000)
  from space 419392K,   7% used [0x000000074cce0000, 0x000000074ea57ef8, 0x0000000766670000)
  to   space 419392K,   0% used [0x0000000766670000, 0x0000000766670000, 0x0000000780000000)
 concurrent mark-sweep generation total 1048576K, used 10803K [0x0000000780000000, 0x00000007c0000000, 0x00000007c0000000)
 Metaspace       used 2786K, capacity 4496K, committed 4864K, reserved 1056768K
  class space    used 293K, capacity 388K, committed 512K, reserved 1048576K
211.630: #459: [GC (Allocation Failure) 211.630: #459: [ParNew: 3385695K->29625K(3774912K), 0.0111113 secs] 3396499K->40428K(4823488K), 0.0111507 secs] [Times: user=0.02 sys=0.00 real=0.01 secs] 
Heap after GC invocations=427 (full 33):
 par new generation   total 3774912K, used 29625K [0x0000000680000000, 0x0000000780000000, 0x0000000780000000)
  eden space 3355520K,   0% used [0x0000000680000000, 0x0000000680000000, 0x000000074cce0000)
  from space 419392K,   7% used [0x0000000766670000, 0x000000076835e580, 0x0000000780000000)
  to   space 419392K,   0% used [0x000000074cce0000, 0x000000074cce0000, 0x0000000766670000)
 concurrent mark-sweep generation total 1048576K, used 10803K [0x0000000780000000, 0x00000007c0000000, 0x00000007c0000000)
 Metaspace       used 2786K, capacity 4496K, committed 4864K, reserved 1056768K
  class space    used 293K, capacity 388K, committed 512K, reserved 1048576K
}
{Heap before GC invocations=427 (full 33):
 par new generation   total 3774912K, used 3385616K [0x0000000680000000, 0x0000000780000000, 0x0000000780000000)
  eden space 3355520K, 100% used [0x0000000680000000, 0x000000074cce0000, 0x000000074cce0000)
  from space 419392K,   7% used [0x0000000766670000, 0x00000007683d4108, 0x0000000780000000)
  to   space 419392K,   0% used [0x000000074cce0000, 0x000000074cce0000, 0x0000000766670000)
 concurrent mark-sweep generation total 1048576K, used 10803K [0x0000000780000000, 0x00000007c0000000, 0x00000007c0000000)
 Metaspace       used 2786K, capacity 4496K, committed 4864K, reserved 1056768K
  class space    used 293K, capacity 388K, committed 512K, reserved 1048576K
212.195: #460: [GC (GCLocker Initiated GC) 212.195: #460: [ParNew: 3385616K->30274K(3774912K), 0.0104303 secs] 3396419K->41077K(4823488K), 0.0104672 secs] [Times: user=0.02 sys=0.00 real=0.01 secs] 
Heap after GC invocations=428 (full 33):
 par new generation   total 3774912K, used 30274K [0x0000000680000000, 0x0000000780000000, 0x0000000780000000)
  eden space 3355520K,   0% used [0x0000000680000000, 0x0000000680000000, 0x000000074cce0000)
  from space 419392K,   7% used [0x000000074cce0000, 0x000000074ea70900, 0x0000000766670000)
  to   space 419392K,   0% used [0x0000000766670000, 0x0000000766670000, 0x0000000780000000)
 concurrent mark-sweep generation total 1048576K, used 10803K [0x0000000780000000, 0x00000007c0000000, 0x00000007c0000000)
 Metaspace       used 2786K, capacity 4496K, committed 4864K, reserved 1056768K
  class space    used 293K, capacity 388K, committed 512K, reserved 1048576K
}
{Heap before GC invocations=428 (full 33):
 par new generation   total 3774912K, used 3387290K [0x0000000680000000, 0x0000000780000000, 0x0000000780000000)
  eden space 3355520K, 100% used [0x0000000680000000, 0x000000074cce0000, 0x000000074cce0000)
  from space 419392K,   7% used [0x000000074cce0000, 0x000000074ebe6b68, 0x0000000766670000)
  to   space 419392K,   0% used [0x0000000766670000, 0x0000000766670000, 0x0000000780000000)
 concurrent mark-sweep generation total 1048576K, used 10803K [0x0000000780000000, 0x00000007c0000000, 0x00000007c0000000)
 Metaspace       used 2786K, capacity 4496K, committed 4864K, reserved 1056768K
  class space    used 293K, capacity 388K, committed 512K, reserved 1048576K
212.760: #461: [GC (Allocation Failure) 212.760: #461: [ParNew: 3387290K->31516K(3774912K), 0.0141679 secs] 3398094K->42319K(4823488K), 0.0142074 secs] [Times: user=0.03 sys=0.00 real=0.01 secs] 
Heap after GC invocations=429 (full 33):
 par new generation   total 3774912K, used 31516K [0x0000000680000000, 0x0000000780000000, 0x0000000780000000)
  eden space 3355520K,   0% used [0x0000000680000000, 0x0000000680000000, 0x000000074cce0000)
  from space 419392K,   7% used [0x0000000766670000, 0x0000000768537048, 0x0000000780000000)
  to   space 419392K,   0% used [0x000000074cce0000, 0x000000074cce0000, 0x0000000766670000)
 concurrent mark-sweep generation total 1048576K, used 10803K [0x0000000780000000, 0x00000007c0000000, 0x00000007c0000000)
 Metaspace       used 2786K, capacity 4496K, committed 4864K, reserved 1056768K
  class space    used 293K, capacity 388K, committed 512K, reserved 1048576K
}
{Heap before GC invocations=429 (full 33):
 par new generation   total 3774912K, used 80347K [0x0000000680000000, 0x0000000780000000, 0x0000000780000000)
  eden space 3355520K,   1% used [0x0000000680000000, 0x0000000682fafc50, 0x000000074cce0000)
  from space 419392K,   7% used [0x0000000766670000, 0x0000000768537048, 0x0000000780000000)
  to   space 419392K,   0% used [0x000000074cce0000, 0x000000074cce0000, 0x0000000766670000)
 concurrent mark-sweep generation total 1048576K, used 10803K [0x0000000780000000, 0x00000007c0000000, 0x00000007c0000000)
 Metaspace       used 2786K, capacity 4496K, committed 4864K, reserved 1056768K
  class space    used 293K, capacity 388K, committed 512K, reserved 1048576K
212.785: #462: [GC (GCLocker Initiated GC) 212.786: #462: [ParNew: 80347K->24263K(3774912K), 0.0166042 secs] 91150K->35066K(4823488K), 0.0170840 secs] [Times: user=0.02 sys=0.00 real=0.02 secs] 
Heap after GC invocations=430 (full 33):
 par new generation   total 3774912K, used 24263K [0x0000000680000000, 0x0000000780000000, 0x0000000780000000)
  eden space 3355520K,   0% used [0x0000000680000000, 0x0000000680000000, 0x000000074cce0000)
  from space 419392K,   5% used [0x000000074cce0000, 0x000000074e491c00, 0x0000000766670000)
  to   space 419392K,   0% used [0x0000000766670000, 0x0000000766670000, 0x0000000780000000)
 concurrent mark-sweep generation total 1048576K, used 10803K [0x0000000780000000, 0x00000007c0000000, 0x00000007c0000000)
 Metaspace       used 2786K, capacity 4496K, committed 4864K, reserved 1056768K
  class space    used 293K, capacity 388K, committed 512K, reserved 1048576K
}
{Heap before GC invocations=430 (full 33):
 par new generation   total 3774912K, used 3380028K [0x0000000680000000, 0x0000000780000000, 0x0000000780000000)
  eden space 3355520K, 100% used [0x0000000680000000, 0x000000074cce0000, 0x000000074cce0000)
  from space 419392K,   5% used [0x000000074cce0000, 0x000000074e4cf220, 0x0000000766670000)
  to   space 419392K,   0% used [0x0000000766670000, 0x0000000766670000, 0x0000000780000000)
 concurrent mark-sweep generation total 1048576K, used 10803K [0x0000000780000000, 0x00000007c0000000, 0x00000007c0000000)
 Metaspace       used 2786K, capacity 4496K, committed 4864K, reserved 1056768K
  class space    used 293K, capacity 388K, committed 512K, reserved 1048576K
213.365: #463: [GC (GCLocker Initiated GC) 213.365: #463: [ParNew: 3380028K->43881K(3774912K), 0.0104010 secs] 3390831K->54684K(4823488K), 0.0104594 secs] [Times: user=0.03 sys=0.00 real=0.01 secs] 
Heap after GC invocations=431 (full 33):
 par new generation   total 3774912K, used 43881K [0x0000000680000000, 0x0000000780000000, 0x0000000780000000)
  eden space 3355520K,   0% used [0x0000000680000000, 0x0000000680000000, 0x000000074cce0000)
  from space 419392K,  10% used [0x0000000766670000, 0x000000076914a420, 0x0000000780000000)
  to   space 419392K,   0% used [0x000000074cce0000, 0x000000074cce0000, 0x0000000766670000)
 concurrent mark-sweep generation total 1048576K, used 10803K [0x0000000780000000, 0x00000007c0000000, 0x00000007c0000000)
 Metaspace       used 2786K, capacity 4496K, committed 4864K, reserved 1056768K
  class space    used 293K, capacity 388K, committed 512K, reserved 1048576K
}
{Heap before GC invocations=431 (full 33):
 par new generation   total 3774912K, used 3399401K [0x0000000680000000, 0x0000000780000000, 0x0000000780000000)
  eden space 3355520K, 100% used [0x0000000680000000, 0x000000074cce0000, 0x000000074cce0000)
  from space 419392K,  10% used [0x0000000766670000, 0x000000076914a450, 0x0000000780000000)
  to   space 419392K,   0% used [0x000000074cce0000, 0x000000074cce0000, 0x0000000766670000)
 concurrent mark-sweep generation total 1048576K, used 10803K [0x0000000780000000, 0x00000007c0000000, 0x00000007c0000000)
 Metaspace       used 2786K, capacity 4496K, committed 4864K, reserved 1056768K
  class space    used 293K, capacity 388K, committed 512K, reserved 1048576K
213.955: #464: [GC (Allocation Failure) 213.955: #464: [ParNew: 3399401K->32929K(3774912K), 0.0111075 secs] 3410204K->43732K(4823488K), 0.0111454 secs] [Times: user=0.02 sys=0.00 real=0.02 secs] 
Heap after GC invocations=432 (full 33):
 par new generation   total 3774912K, used 32929K [0x0000000680000000, 0x0000000780000000, 0x0000000780000000)
  eden space 3355520K,   0% used [0x0000000680000000, 0x0000000680000000, 0x000000074cce0000)
  from space 419392K,   7% used [0x000000074cce0000, 0x000000074ed084a0, 0x0000000766670000)
  to   space 419392K,   0% used [0x0000000766670000, 0x0000000766670000, 0x0000000780000000)
 concurrent mark-sweep generation total 1048576K, used 10803K [0x0000000780000000, 0x00000007c0000000, 0x00000007c0000000)
 Metaspace       used 2786K, capacity 4496K, committed 4864K, reserved 1056768K
  class space    used 293K, capacity 388K, committed 512K, reserved 1048576K
}
{Heap before GC invocations=432 (full 33):
 par new generation   total 3774912K, used 130360K [0x0000000680000000, 0x0000000780000000, 0x0000000780000000)
  eden space 3355520K,   2% used [0x0000000680000000, 0x0000000685f25cf8, 0x000000074cce0000)
  from space 419392K,   7% used [0x000000074cce0000, 0x000000074ed084a0, 0x0000000766670000)
  to   space 419392K,   0% used [0x0000000766670000, 0x0000000766670000, 0x0000000780000000)
 concurrent mark-sweep generation total 1048576K, used 10803K [0x0000000780000000, 0x00000007c0000000, 0x00000007c0000000)
 Metaspace       used 2786K, capacity 4496K, committed 4864K, reserved 1056768K
  class space    used 293K, capacity 388K, committed 512K, reserved 1048576K
213.977: #465: [GC (GCLocker Initiated GC) 213.978: #465: [ParNew: 130360K->24382K(3774912K), 0.0079994 secs] 141163K->35185K(4823488K), 0.0080529 secs] [Times: user=0.03 sys=0.00 real=0.01 secs] 
Heap after GC invocations=433 (full 33):
 par new generation   total 3774912K, used 24382K [0x0000000680000000, 0x0000000780000000, 0x0000000780000000)
  eden space 3355520K,   0% used [0x0000000680000000, 0x0000000680000000, 0x000000074cce0000)
  from space 419392K,   5% used [0x0000000766670000, 0x0000000767e3f968, 0x0000000780000000)
  to   space 419392K,   0% used [0x000000074cce0000, 0x000000074cce0000, 0x0000000766670000)
 concurrent mark-sweep generation total 1048576K, used 10803K [0x0000000780000000, 0x00000007c0000000, 0x00000007c0000000)
 Metaspace       used 2786K, capacity 4496K, committed 4864K, reserved 1056768K
  class space    used 293K, capacity 388K, committed 512K, reserved 1048576K
}
{Heap before GC invocations=433 (full 33):
 par new generation   total 3774912K, used 3379902K [0x0000000680000000, 0x0000000780000000, 0x0000000780000000)
  eden space 3355520K, 100% used [0x0000000680000000, 0x000000074cce0000, 0x000000074cce0000)
  from space 419392K,   5% used [0x0000000766670000, 0x0000000767e3f968, 0x0000000780000000)
  to   space 419392K,   0% used [0x000000074cce0000, 0x000000074cce0000, 0x0000000766670000)
 concurrent mark-sweep generation total 1048576K, used 10803K [0x0000000780000000, 0x00000007c0000000, 0x00000007c0000000)
 Metaspace       used 2786K, capacity 4496K, committed 4864K, reserved 1056768K
  class space    used 293K, capacity 388K, committed 512K, reserved 1048576K
214.531: #466: [GC (Allocation Failure) 214.531: #466: [ParNew: 3379902K->45045K(3774912K), 0.0103287 secs] 3390705K->55849K(4823488K), 0.0103643 secs] [Times: user=0.02 sys=0.00 real=0.01 secs] 
Heap after GC invocations=434 (full 33):
 par new generation   total 3774912K, used 45045K [0x0000000680000000, 0x0000000780000000, 0x0000000780000000)
  eden space 3355520K,   0% used [0x0000000680000000, 0x0000000680000000, 0x000000074cce0000)
  from space 419392K,  10% used [0x000000074cce0000, 0x000000074f8dd6a0, 0x0000000766670000)
  to   space 419392K,   0% used [0x0000000766670000, 0x0000000766670000, 0x0000000780000000)
 concurrent mark-sweep generation total 1048576K, used 10803K [0x0000000780000000, 0x00000007c0000000, 0x00000007c0000000)
 Metaspace       used 2786K, capacity 4496K, committed 4864K, reserved 1056768K
  class space    used 293K, capacity 388K, committed 512K, reserved 1048576K
}
{Heap before GC invocations=434 (full 33):
 par new generation   total 3774912K, used 3400565K [0x0000000680000000, 0x0000000780000000, 0x0000000780000000)
  eden space 3355520K, 100% used [0x0000000680000000, 0x000000074cce0000, 0x000000074cce0000)
  from space 419392K,  10% used [0x000000074cce0000, 0x000000074f8dd6d0, 0x0000000766670000)
  to   space 419392K,   0% used [0x0000000766670000, 0x0000000766670000, 0x0000000780000000)
 concurrent mark-sweep generation total 1048576K, used 10803K [0x0000000780000000, 0x00000007c0000000, 0x00000007c0000000)
 Metaspace       used 2786K, capacity 4496K, committed 4864K, reserved 1056768K
  class space    used 293K, capacity 388K, committed 512K, reserved 1048576K
215.085: #467: [GC (Allocation Failure) 215.085: #467: [ParNew: 3400565K->31806K(3774912K), 0.0106751 secs] 3411369K->42609K(4823488K), 0.0107130 secs] [Times: user=0.02 sys=0.00 real=0.02 secs] 
Heap after GC invocations=435 (full 33):
 par new generation   total 3774912K, used 31806K [0x0000000680000000, 0x0000000780000000, 0x0000000780000000)
  eden space 3355520K,   0% used [0x0000000680000000, 0x0000000680000000, 0x000000074cce0000)
  from space 419392K,   7% used [0x0000000766670000, 0x000000076857f840, 0x0000000780000000)
  to   space 419392K,   0% used [0x000000074cce0000, 0x000000074cce0000, 0x0000000766670000)
 concurrent mark-sweep generation total 1048576K, used 10803K [0x0000000780000000, 0x00000007c0000000, 0x00000007c0000000)
 Metaspace       used 2786K, capacity 4496K, committed 4864K, reserved 1056768K
  class space    used 293K, capacity 388K, committed 512K, reserved 1048576K
}
{Heap before GC invocations=435 (full 33):
 par new generation   total 3774912K, used 146204K [0x0000000680000000, 0x0000000780000000, 0x0000000780000000)
  eden space 3355520K,   3% used [0x0000000680000000, 0x0000000686fb7938, 0x000000074cce0000)
  from space 419392K,   7% used [0x0000000766670000, 0x000000076857f840, 0x0000000780000000)
  to   space 419392K,   0% used [0x000000074cce0000, 0x000000074cce0000, 0x0000000766670000)
 concurrent mark-sweep generation total 1048576K, used 10803K [0x0000000780000000, 0x00000007c0000000, 0x00000007c0000000)
 Metaspace       used 2786K, capacity 4496K, committed 4864K, reserved 1056768K
  class space    used 293K, capacity 388K, committed 512K, reserved 1048576K
215.106: #468: [GC (GCLocker Initiated GC) 215.106: #468: [ParNew: 146204K->23174K(3774912K), 0.0068437 secs] 157007K->33978K(4823488K), 0.0068979 secs] [Times: user=0.02 sys=0.00 real=0.00 secs] 
Heap after GC invocations=436 (full 33):
 par new generation   total 3774912K, used 23174K [0x0000000680000000, 0x0000000780000000, 0x0000000780000000)
  eden space 3355520K,   0% used [0x0000000680000000, 0x0000000680000000, 0x000000074cce0000)
  from space 419392K,   5% used [0x000000074cce0000, 0x000000074e381bf0, 0x0000000766670000)
  to   space 419392K,   0% used [0x0000000766670000, 0x0000000766670000, 0x0000000780000000)
 concurrent mark-sweep generation total 1048576K, used 10803K [0x0000000780000000, 0x00000007c0000000, 0x00000007c0000000)
 Metaspace       used 2786K, capacity 4496K, committed 4864K, reserved 1056768K
  class space    used 293K, capacity 388K, committed 512K, reserved 1048576K
}
SYSTEM_GC BEFORE
{Heap before GC invocations=436 (full 33):
 par new generation   total 3774912K, used 1993500K [0x0000000680000000, 0x0000000780000000, 0x0000000780000000)
  eden space 3355520K,  58% used [0x0000000680000000, 0x00000006f8425570, 0x000000074cce0000)
  from space 419392K,   5% used [0x000000074cce0000, 0x000000074e381bf0, 0x0000000766670000)
  to   space 419392K,   0% used [0x0000000766670000, 0x0000000766670000, 0x0000000780000000)
 concurrent mark-sweep generation total 1048576K, used 10803K [0x0000000780000000, 0x00000007c0000000, 0x00000007c0000000)
 Metaspace       used 2786K, capacity 4496K, committed 4864K, reserved 1056768K
  class space    used 293K, capacity 388K, committed 512K, reserved 1048576K
215.431: #469: [GC (System.gc()) 215.431: #469: [ParNew: 1993500K->33225K(3774912K), 0.0083271 secs] 2004303K->44028K(4823488K), 0.0083727 secs] [Times: user=0.02 sys=0.00 real=0.01 secs] 
Heap after GC invocations=437 (full 33):
 par new generation   total 3774912K, used 33225K [0x0000000680000000, 0x0000000780000000, 0x0000000780000000)
  eden space 3355520K,   0% used [0x0000000680000000, 0x0000000680000000, 0x000000074cce0000)
  from space 419392K,   7% used [0x0000000766670000, 0x00000007686e2620, 0x0000000780000000)
  to   space 419392K,   0% used [0x000000074cce0000, 0x000000074cce0000, 0x0000000766670000)
 concurrent mark-sweep generation total 1048576K, used 10803K [0x0000000780000000, 0x00000007c0000000, 0x00000007c0000000)
 Metaspace       used 2786K, capacity 4496K, committed 4864K, reserved 1056768K
  class space    used 293K, capacity 388K, committed 512K, reserved 1048576K
}
215.439: #470: [GC (CMS Initial Mark) [1 CMS-initial-mark: 10803K(1048576K)] 45632K(4823488K), 0.0009129 secs] [Times: user=0.00 sys=0.00 real=0.00 secs] 
215.440: #470: [CMS-concurrent-mark-start]
215.465: #470: [CMS-concurrent-mark: 0.025/0.025 secs] [Times: user=0.08 sys=0.01 real=0.03 secs] 
215.466: #470: [CMS-concurrent-preclean-start]
215.474: #470: [CMS-concurrent-preclean: 0.008/0.008 secs] [Times: user=0.01 sys=0.00 real=0.00 secs] 
215.474: #470: [CMS-concurrent-abortable-preclean-start]
215.889: #470: [CMS-concurrent-abortable-preclean: 0.109/0.415 secs] [Times: user=1.48 sys=0.07 real=0.42 secs] 
215.889: #470: [GC (CMS Final Remark) [YG occupancy: 2653764 K (3774912 K)]{Heap before GC invocations=437 (full 34):
 par new generation   total 3774912K, used 2653764K [0x0000000680000000, 0x0000000780000000, 0x0000000780000000)
  eden space 3355520K,  78% used [0x0000000680000000, 0x000000071ff1ea30, 0x000000074cce0000)
  from space 419392K,   7% used [0x0000000766670000, 0x00000007686e2620, 0x0000000780000000)
  to   space 419392K,   0% used [0x000000074cce0000, 0x000000074cce0000, 0x0000000766670000)
 concurrent mark-sweep generation total 1048576K, used 10803K [0x0000000780000000, 0x00000007c0000000, 0x00000007c0000000)
 Metaspace       used 2786K, capacity 4496K, committed 4864K, reserved 1056768K
  class space    used 293K, capacity 388K, committed 512K, reserved 1048576K
215.889: #471: [GC (CMS Final Remark) 215.889: #471: [ParNew: 2653764K->26057K(3774912K), 0.0091107 secs] 2664567K->36860K(4823488K), 0.0091450 secs] [Times: user=0.02 sys=0.00 real=0.01 secs] 
Heap after GC invocations=438 (full 34):
 par new generation   total 3774912K, used 26057K [0x0000000680000000, 0x0000000780000000, 0x0000000780000000)
  eden space 3355520K,   0% used [0x0000000680000000, 0x0000000680000000, 0x000000074cce0000)
  from space 419392K,   6% used [0x000000074cce0000, 0x000000074e652500, 0x0000000766670000)
  to   space 419392K,   0% used [0x0000000766670000, 0x0000000766670000, 0x0000000780000000)
 concurrent mark-sweep generation total 1048576K, used 10803K [0x0000000780000000, 0x00000007c0000000, 0x00000007c0000000)
 Metaspace       used 2786K, capacity 4496K, committed 4864K, reserved 1056768K
  class space    used 293K, capacity 388K, committed 512K, reserved 1048576K
}
215.898: #470: [Rescan (parallel) , 0.0017605 secs]215.900: #470: [weak refs processing, 0.0000113 secs]215.900: #470: [class unloading, 0.0002648 secs]215.900: #470: [scrub symbol table, 0.0003841 secs]215.901: #470: [scrub string table, 0.0001496 secs][1 CMS-remark: 10803K(1048576K)] 36860K(4823488K), 0.0119088 secs] [Times: user=0.03 sys=0.00 real=0.01 secs] 
215.901: #470: [CMS-concurrent-sweep-start]
215.908: #470: [CMS-concurrent-sweep: 0.006/0.006 secs] [Times: user=0.02 sys=0.01 real=0.01 secs] 
215.908: #470: [CMS-concurrent-reset-start]
SYSTEM_GC AFTER
215.910: #470: [CMS-concurrent-reset: 0.002/0.002 secs] [Times: user=0.00 sys=0.00 real=0.00 secs] 
{Heap before GC invocations=438 (full 34):
 par new generation   total 3774912K, used 3381577K [0x0000000680000000, 0x0000000780000000, 0x0000000780000000)
  eden space 3355520K, 100% used [0x0000000680000000, 0x000000074cce0000, 0x000000074cce0000)
  from space 419392K,   6% used [0x000000074cce0000, 0x000000074e652500, 0x0000000766670000)
  to   space 419392K,   0% used [0x0000000766670000, 0x0000000766670000, 0x0000000780000000)
 concurrent mark-sweep generation total 1048576K, used 10803K [0x0000000780000000, 0x00000007c0000000, 0x00000007c0000000)
 Metaspace       used 2786K, capacity 4496K, committed 4864K, reserved 1056768K
  class space    used 293K, capacity 388K, committed 512K, reserved 1048576K
216.444: #472: [GC (Allocation Failure) 216.444: #472: [ParNew: 3381577K->30856K(3774912K), 0.0104627 secs] 3392380K->41659K(4823488K), 0.0105001 secs] [Times: user=0.02 sys=0.00 real=0.01 secs] 
Heap after GC invocations=439 (full 34):
 par new generation   total 3774912K, used 30856K [0x0000000680000000, 0x0000000780000000, 0x0000000780000000)
  eden space 3355520K,   0% used [0x0000000680000000, 0x0000000680000000, 0x000000074cce0000)
  from space 419392K,   7% used [0x0000000766670000, 0x00000007684920a0, 0x0000000780000000)
  to   space 419392K,   0% used [0x000000074cce0000, 0x000000074cce0000, 0x0000000766670000)
 concurrent mark-sweep generation total 1048576K, used 10803K [0x0000000780000000, 0x00000007c0000000, 0x00000007c0000000)
 Metaspace       used 2786K, capacity 4496K, committed 4864K, reserved 1056768K
  class space    used 293K, capacity 388K, committed 512K, reserved 1048576K
}
{Heap before GC invocations=439 (full 34):
 par new generation   total 3774912K, used 3387968K [0x0000000680000000, 0x0000000780000000, 0x0000000780000000)
  eden space 3355520K, 100% used [0x0000000680000000, 0x000000074cce0000, 0x000000074cce0000)
  from space 419392K,   7% used [0x0000000766670000, 0x0000000768620060, 0x0000000780000000)
  to   space 419392K,   0% used [0x000000074cce0000, 0x000000074cce0000, 0x0000000766670000)
 concurrent mark-sweep generation total 1048576K, used 10803K [0x0000000780000000, 0x00000007c0000000, 0x00000007c0000000)
 Metaspace       used 2786K, capacity 4496K, committed 4864K, reserved 1056768K
  class space    used 293K, capacity 388K, committed 512K, reserved 1048576K
217.020: #473: [GC (Allocation Failure) 217.020: #473: [ParNew: 3387968K->30764K(3774912K), 0.0109312 secs] 3398771K->41567K(4823488K), 0.0109665 secs] [Times: user=0.02 sys=0.00 real=0.01 secs] 
Heap after GC invocations=440 (full 34):
 par new generation   total 3774912K, used 30764K [0x0000000680000000, 0x0000000780000000, 0x0000000780000000)
  eden space 3355520K,   0% used [0x0000000680000000, 0x0000000680000000, 0x000000074cce0000)
  from space 419392K,   7% used [0x000000074cce0000, 0x000000074eaeb160, 0x0000000766670000)
  to   space 419392K,   0% used [0x0000000766670000, 0x0000000766670000, 0x0000000780000000)
 concurrent mark-sweep generation total 1048576K, used 10803K [0x0000000780000000, 0x00000007c0000000, 0x00000007c0000000)
 Metaspace       used 2786K, capacity 4496K, committed 4864K, reserved 1056768K
  class space    used 293K, capacity 388K, committed 512K, reserved 1048576K
}
{Heap before GC invocations=440 (full 34):
 par new generation   total 3774912K, used 111920K [0x0000000680000000, 0x0000000780000000, 0x0000000780000000)
  eden space 3355520K,   2% used [0x0000000680000000, 0x0000000684f40f68, 0x000000074cce0000)
  from space 419392K,   7% used [0x000000074cce0000, 0x000000074eaeb160, 0x0000000766670000)
  to   space 419392K,   0% used [0x0000000766670000, 0x0000000766670000, 0x0000000780000000)
 concurrent mark-sweep generation total 1048576K, used 10803K [0x0000000780000000, 0x00000007c0000000, 0x00000007c0000000)
 Metaspace       used 2786K, capacity 4496K, committed 4864K, reserved 1056768K
  class space    used 293K, capacity 388K, committed 512K, reserved 1048576K
217.042: #474: [GC (GCLocker Initiated GC) 217.042: #474: [ParNew: 111920K->22934K(3774912K), 0.0079351 secs] 122723K->33737K(4823488K), 0.0079747 secs] [Times: user=0.02 sys=0.00 real=0.01 secs] 
Heap after GC invocations=441 (full 34):
 par new generation   total 3774912K, used 22934K [0x0000000680000000, 0x0000000780000000, 0x0000000780000000)
  eden space 3355520K,   0% used [0x0000000680000000, 0x0000000680000000, 0x000000074cce0000)
  from space 419392K,   5% used [0x0000000766670000, 0x0000000767cd5a20, 0x0000000780000000)
  to   space 419392K,   0% used [0x000000074cce0000, 0x000000074cce0000, 0x0000000766670000)
 concurrent mark-sweep generation total 1048576K, used 10803K [0x0000000780000000, 0x00000007c0000000, 0x00000007c0000000)
 Metaspace       used 2786K, capacity 4496K, committed 4864K, reserved 1056768K
  class space    used 293K, capacity 388K, committed 512K, reserved 1048576K
}
{Heap before GC invocations=441 (full 34):
 par new generation   total 3774912K, used 3378454K [0x0000000680000000, 0x0000000780000000, 0x0000000780000000)
  eden space 3355520K, 100% used [0x0000000680000000, 0x000000074cce0000, 0x000000074cce0000)
  from space 419392K,   5% used [0x0000000766670000, 0x0000000767cd5a50, 0x0000000780000000)
  to   space 419392K,   0% used [0x000000074cce0000, 0x000000074cce0000, 0x0000000766670000)
 concurrent mark-sweep generation total 1048576K, used 10803K [0x0000000780000000, 0x00000007c0000000, 0x00000007c0000000)
 Metaspace       used 2786K, capacity 4496K, committed 4864K, reserved 1056768K
  class space    used 293K, capacity 388K, committed 512K, reserved 1048576K
217.605: #475: [GC (Allocation Failure) 217.605: #475: [ParNew: 3378454K->44556K(3774912K), 0.0122275 secs] 3389258K->55359K(4823488K), 0.0122733 secs] [Times: user=0.02 sys=0.00 real=0.02 secs] 
Heap after GC invocations=442 (full 34):
 par new generation   total 3774912K, used 44556K [0x0000000680000000, 0x0000000780000000, 0x0000000780000000)
  eden space 3355520K,   0% used [0x0000000680000000, 0x0000000680000000, 0x000000074cce0000)
  from space 419392K,  10% used [0x000000074cce0000, 0x000000074f863060, 0x0000000766670000)
  to   space 419392K,   0% used [0x0000000766670000, 0x0000000766670000, 0x0000000780000000)
 concurrent mark-sweep generation total 1048576K, used 10803K [0x0000000780000000, 0x00000007c0000000, 0x00000007c0000000)
 Metaspace       used 2786K, capacity 4496K, committed 4864K, reserved 1056768K
  class space    used 293K, capacity 388K, committed 512K, reserved 1048576K
}
{Heap before GC invocations=442 (full 34):
 par new generation   total 3774912K, used 77406K [0x0000000680000000, 0x0000000780000000, 0x0000000780000000)
  eden space 3355520K,   0% used [0x0000000680000000, 0x0000000682014af8, 0x000000074cce0000)
  from space 419392K,  10% used [0x000000074cce0000, 0x000000074f863060, 0x0000000766670000)
  to   space 419392K,   0% used [0x0000000766670000, 0x0000000766670000, 0x0000000780000000)
 concurrent mark-sweep generation total 1048576K, used 10803K [0x0000000780000000, 0x00000007c0000000, 0x00000007c0000000)
 Metaspace       used 2786K, capacity 4496K, committed 4864K, reserved 1056768K
  class space    used 293K, capacity 388K, committed 512K, reserved 1048576K
217.617: #476: [GC (GCLocker Initiated GC) 217.617: #476: [ParNew: 77406K->31316K(3774912K), 0.0082569 secs] 88210K->42119K(4823488K), 0.0083088 secs] [Times: user=0.03 sys=0.00 real=0.01 secs] 
Heap after GC invocations=443 (full 34):
 par new generation   total 3774912K, used 31316K [0x0000000680000000, 0x0000000780000000, 0x0000000780000000)
  eden space 3355520K,   0% used [0x0000000680000000, 0x0000000680000000, 0x000000074cce0000)
  from space 419392K,   7% used [0x0000000766670000, 0x00000007685051a8, 0x0000000780000000)
  to   space 419392K,   0% used [0x000000074cce0000, 0x000000074cce0000, 0x0000000766670000)
 concurrent mark-sweep generation total 1048576K, used 10803K [0x0000000780000000, 0x00000007c0000000, 0x00000007c0000000)
 Metaspace       used 2786K, capacity 4496K, committed 4864K, reserved 1056768K
  class space    used 293K, capacity 388K, committed 512K, reserved 1048576K
}
{Heap before GC invocations=443 (full 34):
 par new generation   total 3774912K, used 3386836K [0x0000000680000000, 0x0000000780000000, 0x0000000780000000)
  eden space 3355520K, 100% used [0x0000000680000000, 0x000000074cce0000, 0x000000074cce0000)
  from space 419392K,   7% used [0x0000000766670000, 0x00000007685051b8, 0x0000000780000000)
  to   space 419392K,   0% used [0x000000074cce0000, 0x000000074cce0000, 0x0000000766670000)
 concurrent mark-sweep generation total 1048576K, used 10803K [0x0000000780000000, 0x00000007c0000000, 0x00000007c0000000)
 Metaspace       used 2786K, capacity 4496K, committed 4864K, reserved 1056768K
  class space    used 293K, capacity 388K, committed 512K, reserved 1048576K
218.197: #477: [GC (Allocation Failure) 218.197: #477: [ParNew: 3386836K->51222K(3774912K), 0.0125907 secs] 3397639K->62025K(4823488K), 0.0126318 secs] [Times: user=0.02 sys=0.00 real=0.01 secs] 
Heap after GC invocations=444 (full 34):
 par new generation   total 3774912K, used 51222K [0x0000000680000000, 0x0000000780000000, 0x0000000780000000)
  eden space 3355520K,   0% used [0x0000000680000000, 0x0000000680000000, 0x000000074cce0000)
  from space 419392K,  12% used [0x000000074cce0000, 0x000000074fee5940, 0x0000000766670000)
  to   space 419392K,   0% used [0x0000000766670000, 0x0000000766670000, 0x0000000780000000)
 concurrent mark-sweep generation total 1048576K, used 10803K [0x0000000780000000, 0x00000007c0000000, 0x00000007c0000000)
 Metaspace       used 2786K, capacity 4496K, committed 4864K, reserved 1056768K
  class space    used 293K, capacity 388K, committed 512K, reserved 1048576K
}
{Heap before GC invocations=444 (full 34):
 par new generation   total 3774912K, used 148284K [0x0000000680000000, 0x0000000780000000, 0x0000000780000000)
  eden space 3355520K,   2% used [0x0000000680000000, 0x0000000685ec9918, 0x000000074cce0000)
  from space 419392K,  12% used [0x000000074cce0000, 0x000000074fee5940, 0x0000000766670000)
  to   space 419392K,   0% used [0x0000000766670000, 0x0000000766670000, 0x0000000780000000)
 concurrent mark-sweep generation total 1048576K, used 10803K [0x0000000780000000, 0x00000007c0000000, 0x00000007c0000000)
 Metaspace       used 2786K, capacity 4496K, committed 4864K, reserved 1056768K
  class space    used 293K, capacity 388K, committed 512K, reserved 1048576K
218.220: #478: [GC (GCLocker Initiated GC) 218.220: #478: [ParNew: 148284K->27214K(3774912K), 0.0093940 secs] 159088K->38018K(4823488K), 0.0094294 secs] [Times: user=0.03 sys=0.00 real=0.01 secs] 
Heap after GC invocations=445 (full 34):
 par new generation   total 3774912K, used 27214K [0x0000000680000000, 0x0000000780000000, 0x0000000780000000)
  eden space 3355520K,   0% used [0x0000000680000000, 0x0000000680000000, 0x000000074cce0000)
  from space 419392K,   6% used [0x0000000766670000, 0x0000000768103b80, 0x0000000780000000)
  to   space 419392K,   0% used [0x000000074cce0000, 0x000000074cce0000, 0x0000000766670000)
 concurrent mark-sweep generation total 1048576K, used 10803K [0x0000000780000000, 0x00000007c0000000, 0x00000007c0000000)
 Metaspace       used 2786K, capacity 4496K, committed 4864K, reserved 1056768K
  class space    used 293K, capacity 388K, committed 512K, reserved 1048576K
}
{Heap before GC invocations=445 (full 34):
 par new generation   total 3774912K, used 3382734K [0x0000000680000000, 0x0000000780000000, 0x0000000780000000)
  eden space 3355520K, 100% used [0x0000000680000000, 0x000000074cce0000, 0x000000074cce0000)
  from space 419392K,   6% used [0x0000000766670000, 0x0000000768103bb0, 0x0000000780000000)
  to   space 419392K,   0% used [0x000000074cce0000, 0x000000074cce0000, 0x0000000766670000)
 concurrent mark-sweep generation total 1048576K, used 10803K [0x0000000780000000, 0x00000007c0000000, 0x00000007c0000000)
 Metaspace       used 2786K, capacity 4496K, committed 4864K, reserved 1056768K
  class space    used 293K, capacity 388K, committed 512K, reserved 1048576K
218.813: #479: [GC (Allocation Failure) 218.813: #479: [ParNew: 3382734K->47879K(3774912K), 0.0117923 secs] 3393538K->58682K(4823488K), 0.0118539 secs] [Times: user=0.02 sys=0.00 real=0.01 secs] 
Heap after GC invocations=446 (full 34):
 par new generation   total 3774912K, used 47879K [0x0000000680000000, 0x0000000780000000, 0x0000000780000000)
  eden space 3355520K,   0% used [0x0000000680000000, 0x0000000680000000, 0x000000074cce0000)
  from space 419392K,  11% used [0x000000074cce0000, 0x000000074fba1d80, 0x0000000766670000)
  to   space 419392K,   0% used [0x0000000766670000, 0x0000000766670000, 0x0000000780000000)
 concurrent mark-sweep generation total 1048576K, used 10803K [0x0000000780000000, 0x00000007c0000000, 0x00000007c0000000)
 Metaspace       used 2786K, capacity 4496K, committed 4864K, reserved 1056768K
  class space    used 293K, capacity 388K, committed 512K, reserved 1048576K
}
{Heap before GC invocations=446 (full 34):
 par new generation   total 3774912K, used 145121K [0x0000000680000000, 0x0000000780000000, 0x0000000780000000)
  eden space 3355520K,   2% used [0x0000000680000000, 0x0000000685ef67a8, 0x000000074cce0000)
  from space 419392K,  11% used [0x000000074cce0000, 0x000000074fba1d80, 0x0000000766670000)
  to   space 419392K,   0% used [0x0000000766670000, 0x0000000766670000, 0x0000000780000000)
 concurrent mark-sweep generation total 1048576K, used 10803K [0x0000000780000000, 0x00000007c0000000, 0x00000007c0000000)
 Metaspace       used 2786K, capacity 4496K, committed 4864K, reserved 1056768K
  class space    used 293K, capacity 388K, committed 512K, reserved 1048576K
218.836: #480: [GC (GCLocker Initiated GC) 218.836: #480: [ParNew: 145121K->24714K(3774912K), 0.0081746 secs] 155924K->35517K(4823488K), 0.0082209 secs] [Times: user=0.03 sys=0.00 real=0.00 secs] 
Heap after GC invocations=447 (full 34):
 par new generation   total 3774912K, used 24714K [0x0000000680000000, 0x0000000780000000, 0x0000000780000000)
  eden space 3355520K,   0% used [0x0000000680000000, 0x0000000680000000, 0x000000074cce0000)
  from space 419392K,   5% used [0x0000000766670000, 0x0000000767e92890, 0x0000000780000000)
  to   space 419392K,   0% used [0x000000074cce0000, 0x000000074cce0000, 0x0000000766670000)
 concurrent mark-sweep generation total 1048576K, used 10803K [0x0000000780000000, 0x00000007c0000000, 0x00000007c0000000)
 Metaspace       used 2786K, capacity 4496K, committed 4864K, reserved 1056768K
  class space    used 293K, capacity 388K, committed 512K, reserved 1048576K
}
{Heap before GC invocations=447 (full 34):
 par new generation   total 3774912K, used 3381991K [0x0000000680000000, 0x0000000780000000, 0x0000000780000000)
  eden space 3355520K, 100% used [0x0000000680000000, 0x000000074cce0000, 0x000000074cce0000)
  from space 419392K,   6% used [0x0000000766670000, 0x0000000768049ea8, 0x0000000780000000)
  to   space 419392K,   0% used [0x000000074cce0000, 0x000000074cce0000, 0x0000000766670000)
 concurrent mark-sweep generation total 1048576K, used 10803K [0x0000000780000000, 0x00000007c0000000, 0x00000007c0000000)
 Metaspace       used 2786K, capacity 4496K, committed 4864K, reserved 1056768K
  class space    used 293K, capacity 388K, committed 512K, reserved 1048576K
219.401: #481: [GC (Allocation Failure) 219.401: #481: [ParNew: 3381991K->46025K(3774912K), 0.0106474 secs] 3392795K->56828K(4823488K), 0.0106911 secs] [Times: user=0.03 sys=0.00 real=0.01 secs] 
Heap after GC invocations=448 (full 34):
 par new generation   total 3774912K, used 46025K [0x0000000680000000, 0x0000000780000000, 0x0000000780000000)
  eden space 3355520K,   0% used [0x0000000680000000, 0x0000000680000000, 0x000000074cce0000)
  from space 419392K,  10% used [0x000000074cce0000, 0x000000074f9d2420, 0x0000000766670000)
  to   space 419392K,   0% used [0x0000000766670000, 0x0000000766670000, 0x0000000780000000)
 concurrent mark-sweep generation total 1048576K, used 10803K [0x0000000780000000, 0x00000007c0000000, 0x00000007c0000000)
 Metaspace       used 2786K, capacity 4496K, committed 4864K, reserved 1056768K
  class space    used 293K, capacity 388K, committed 512K, reserved 1048576K
}
{Heap before GC invocations=448 (full 34):
 par new generation   total 3774912K, used 143739K [0x0000000680000000, 0x0000000780000000, 0x0000000780000000)
  eden space 3355520K,   2% used [0x0000000680000000, 0x0000000685f6ca78, 0x000000074cce0000)
  from space 419392K,  10% used [0x000000074cce0000, 0x000000074f9d2420, 0x0000000766670000)
  to   space 419392K,   0% used [0x0000000766670000, 0x0000000766670000, 0x0000000780000000)
 concurrent mark-sweep generation total 1048576K, used 10803K [0x0000000780000000, 0x00000007c0000000, 0x00000007c0000000)
 Metaspace       used 2786K, capacity 4496K, committed 4864K, reserved 1056768K
  class space    used 293K, capacity 388K, committed 512K, reserved 1048576K
219.422: #482: [GC (GCLocker Initiated GC) 219.423: #482: [ParNew: 143739K->25807K(3774912K), 0.0073301 secs] 154543K->36611K(4823488K), 0.0073761 secs] [Times: user=0.02 sys=0.00 real=0.01 secs] 
Heap after GC invocations=449 (full 34):
 par new generation   total 3774912K, used 25807K [0x0000000680000000, 0x0000000780000000, 0x0000000780000000)
  eden space 3355520K,   0% used [0x0000000680000000, 0x0000000680000000, 0x000000074cce0000)
  from space 419392K,   6% used [0x0000000766670000, 0x0000000767fa3ea0, 0x0000000780000000)
  to   space 419392K,   0% used [0x000000074cce0000, 0x000000074cce0000, 0x0000000766670000)
 concurrent mark-sweep generation total 1048576K, used 10803K [0x0000000780000000, 0x00000007c0000000, 0x00000007c0000000)
 Metaspace       used 2786K, capacity 4496K, committed 4864K, reserved 1056768K
  class space    used 293K, capacity 388K, committed 512K, reserved 1048576K
}
{Heap before GC invocations=449 (full 34):
 par new generation   total 3774912K, used 3381327K [0x0000000680000000, 0x0000000780000000, 0x0000000780000000)
  eden space 3355520K, 100% used [0x0000000680000000, 0x000000074cce0000, 0x000000074cce0000)
  from space 419392K,   6% used [0x0000000766670000, 0x0000000767fa3eb0, 0x0000000780000000)
  to   space 419392K,   0% used [0x000000074cce0000, 0x000000074cce0000, 0x0000000766670000)
 concurrent mark-sweep generation total 1048576K, used 10803K [0x0000000780000000, 0x00000007c0000000, 0x00000007c0000000)
 Metaspace       used 2786K, capacity 4496K, committed 4864K, reserved 1056768K
  class space    used 293K, capacity 388K, committed 512K, reserved 1048576K
220.043: #483: [GC (Allocation Failure) 220.043: #483: [ParNew: 3381327K->44773K(3774912K), 0.0102622 secs] 3392131K->55576K(4823488K), 0.0103008 secs] [Times: user=0.02 sys=0.00 real=0.01 secs] 
Heap after GC invocations=450 (full 34):
 par new generation   total 3774912K, used 44773K [0x0000000680000000, 0x0000000780000000, 0x0000000780000000)
  eden space 3355520K,   0% used [0x0000000680000000, 0x0000000680000000, 0x000000074cce0000)
  from space 419392K,  10% used [0x000000074cce0000, 0x000000074f8995a0, 0x0000000766670000)
  to   space 419392K,   0% used [0x0000000766670000, 0x0000000766670000, 0x0000000780000000)
 concurrent mark-sweep generation total 1048576K, used 10803K [0x0000000780000000, 0x00000007c0000000, 0x00000007c0000000)
 Metaspace       used 2786K, capacity 4496K, committed 4864K, reserved 1056768K
  class space    used 293K, capacity 388K, committed 512K, reserved 1048576K
}
{Heap before GC invocations=450 (full 34):
 par new generation   total 3774912K, used 142472K [0x0000000680000000, 0x0000000780000000, 0x0000000780000000)
  eden space 3355520K,   2% used [0x0000000680000000, 0x0000000685f68e18, 0x000000074cce0000)
  from space 419392K,  10% used [0x000000074cce0000, 0x000000074f8995a0, 0x0000000766670000)
  to   space 419392K,   0% used [0x0000000766670000, 0x0000000766670000, 0x0000000780000000)
 concurrent mark-sweep generation total 1048576K, used 10803K [0x0000000780000000, 0x00000007c0000000, 0x00000007c0000000)
 Metaspace       used 2786K, capacity 4496K, committed 4864K, reserved 1056768K
  class space    used 293K, capacity 388K, committed 512K, reserved 1048576K
220.065: #484: [GC (GCLocker Initiated GC) 220.065: #484: [ParNew: 142472K->24593K(3774912K), 0.0096978 secs] 153276K->35396K(4823488K), 0.0097547 secs] [Times: user=0.03 sys=0.00 real=0.01 secs] 
Heap after GC invocations=451 (full 34):
 par new generation   total 3774912K, used 24593K [0x0000000680000000, 0x0000000780000000, 0x0000000780000000)
  eden space 3355520K,   0% used [0x0000000680000000, 0x0000000680000000, 0x000000074cce0000)
  from space 419392K,   5% used [0x0000000766670000, 0x0000000767e74518, 0x0000000780000000)
  to   space 419392K,   0% used [0x000000074cce0000, 0x000000074cce0000, 0x0000000766670000)
 concurrent mark-sweep generation total 1048576K, used 10803K [0x0000000780000000, 0x00000007c0000000, 0x00000007c0000000)
 Metaspace       used 2786K, capacity 4496K, committed 4864K, reserved 1056768K
  class space    used 293K, capacity 388K, committed 512K, reserved 1048576K
}
{Heap before GC invocations=451 (full 34):
 par new generation   total 3774912K, used 3380113K [0x0000000680000000, 0x0000000780000000, 0x0000000780000000)
  eden space 3355520K, 100% used [0x0000000680000000, 0x000000074cce0000, 0x000000074cce0000)
  from space 419392K,   5% used [0x0000000766670000, 0x0000000767e74518, 0x0000000780000000)
  to   space 419392K,   0% used [0x000000074cce0000, 0x000000074cce0000, 0x0000000766670000)
 concurrent mark-sweep generation total 1048576K, used 10803K [0x0000000780000000, 0x00000007c0000000, 0x00000007c0000000)
 Metaspace       used 2786K, capacity 4496K, committed 4864K, reserved 1056768K
  class space    used 293K, capacity 388K, committed 512K, reserved 1048576K
220.678: #485: [GC (Allocation Failure) 220.678: #485: [ParNew: 3380113K->45090K(3774912K), 0.0118120 secs] 3390916K->55894K(4823488K), 0.0118525 secs] [Times: user=0.02 sys=0.00 real=0.01 secs] 
Heap after GC invocations=452 (full 34):
 par new generation   total 3774912K, used 45090K [0x0000000680000000, 0x0000000780000000, 0x0000000780000000)
  eden space 3355520K,   0% used [0x0000000680000000, 0x0000000680000000, 0x000000074cce0000)
  from space 419392K,  10% used [0x000000074cce0000, 0x000000074f8e8a60, 0x0000000766670000)
  to   space 419392K,   0% used [0x0000000766670000, 0x0000000766670000, 0x0000000780000000)
 concurrent mark-sweep generation total 1048576K, used 10803K [0x0000000780000000, 0x00000007c0000000, 0x00000007c0000000)
 Metaspace       used 2786K, capacity 4496K, committed 4864K, reserved 1056768K
  class space    used 293K, capacity 388K, committed 512K, reserved 1048576K
}
SYSTEM_GC BEFORE
220.909: #486: [GC (CMS Initial Mark) [1 CMS-initial-mark: 10803K(1048576K)] 1321546K(4823488K), 0.4216032 secs] [Times: user=1.23 sys=0.00 real=0.42 secs] 
221.331: #486: [CMS-concurrent-mark-start]
{Heap before GC invocations=452 (full 35):
 par new generation   total 3774912K, used 1310743K [0x0000000680000000, 0x0000000780000000, 0x0000000780000000)
  eden space 3355520K,  37% used [0x0000000680000000, 0x00000006cd3fd2f8, 0x000000074cce0000)
  from space 419392K,  10% used [0x000000074cce0000, 0x000000074f8e8a60, 0x0000000766670000)
  to   space 419392K,   0% used [0x0000000766670000, 0x0000000766670000, 0x0000000780000000)
 concurrent mark-sweep generation total 1048576K, used 10803K [0x0000000780000000, 0x00000007c0000000, 0x00000007c0000000)
 Metaspace       used 2786K, capacity 4496K, committed 4864K, reserved 1056768K
  class space    used 293K, capacity 388K, committed 512K, reserved 1048576K
221.332: #487: [GC (GCLocker Initiated GC) 221.332: #487: [ParNew: 1310743K->13739K(3774912K), 0.0094406 secs] 1321546K->24543K(4823488K), 0.0095053 secs] [Times: user=0.02 sys=0.00 real=0.01 secs] 
Heap after GC invocations=453 (full 35):
 par new generation   total 3774912K, used 13739K [0x0000000680000000, 0x0000000780000000, 0x0000000780000000)
  eden space 3355520K,   0% used [0x0000000680000000, 0x0000000680000000, 0x000000074cce0000)
  from space 419392K,   3% used [0x0000000766670000, 0x00000007673dae80, 0x0000000780000000)
  to   space 419392K,   0% used [0x000000074cce0000, 0x000000074cce0000, 0x0000000766670000)
 concurrent mark-sweep generation total 1048576K, used 10803K [0x0000000780000000, 0x00000007c0000000, 0x00000007c0000000)
 Metaspace       used 2786K, capacity 4496K, committed 4864K, reserved 1056768K
  class space    used 293K, capacity 388K, committed 512K, reserved 1048576K
}
221.367: #486: [CMS-concurrent-mark: 0.026/0.036 secs] [Times: user=0.09 sys=0.02 real=0.04 secs] 
221.367: #486: [CMS-concurrent-preclean-start]
221.369: #486: [CMS-concurrent-preclean: 0.002/0.002 secs] [Times: user=0.00 sys=0.01 real=0.00 secs] 
221.369: #486: [CMS-concurrent-abortable-preclean-start]
221.803: #486: [CMS-concurrent-abortable-preclean: 0.130/0.434 secs] [Times: user=1.40 sys=0.05 real=0.43 secs] 
221.803: #486: [GC (CMS Final Remark) [YG occupancy: 2478333 K (3774912 K)]221.803: #486: [Rescan (parallel) , 0.8059352 secs]222.609: #486: [weak refs processing, 0.0000206 secs]222.609: #486: [class unloading, 0.0003787 secs]222.610: #486: [scrub symbol table, 0.0006397 secs]222.610: #486: [scrub string table, 0.0001939 secs][1 CMS-remark: 10803K(1048576K)] 2489137K(4823488K), 0.8073574 secs] [Times: user=2.63 sys=0.00 real=0.81 secs] 
222.611: #486: [CMS-concurrent-sweep-start]
222.617: #486: [CMS-concurrent-sweep: 0.006/0.006 secs] [Times: user=0.01 sys=0.00 real=0.01 secs] 
222.617: #486: [CMS-concurrent-reset-start]
SYSTEM_GC AFTER
222.619: #486: [CMS-concurrent-reset: 0.002/0.002 secs] [Times: user=0.01 sys=0.00 real=0.00 secs] 
{Heap before GC invocations=453 (full 35):
 par new generation   total 3774912K, used 2543287K [0x0000000680000000, 0x0000000780000000, 0x0000000780000000)
  eden space 3355520K,  75% used [0x0000000680000000, 0x000000071a642fc0, 0x000000074cce0000)
  from space 419392K,   3% used [0x0000000766670000, 0x00000007673dae80, 0x0000000780000000)
  to   space 419392K,   0% used [0x000000074cce0000, 0x000000074cce0000, 0x0000000766670000)
 concurrent mark-sweep generation total 1048576K, used 10803K [0x0000000780000000, 0x00000007c0000000, 0x00000007c0000000)
 Metaspace       used 2786K, capacity 4496K, committed 4864K, reserved 1056768K
  class space    used 293K, capacity 388K, committed 512K, reserved 1048576K
222.622: #488: [GC (GCLocker Initiated GC) 222.622: #488: [ParNew: 2543287K->23488K(3774912K), 0.0119754 secs] 2554091K->34292K(4823488K), 0.0120317 secs] [Times: user=0.02 sys=0.00 real=0.01 secs] 
Heap after GC invocations=454 (full 35):
 par new generation   total 3774912K, used 23488K [0x0000000680000000, 0x0000000780000000, 0x0000000780000000)
  eden space 3355520K,   0% used [0x0000000680000000, 0x0000000680000000, 0x000000074cce0000)
  from space 419392K,   5% used [0x000000074cce0000, 0x000000074e3d0328, 0x0000000766670000)
  to   space 419392K,   0% used [0x0000000766670000, 0x0000000766670000, 0x0000000780000000)
 concurrent mark-sweep generation total 1048576K, used 10803K [0x0000000780000000, 0x00000007c0000000, 0x00000007c0000000)
 Metaspace       used 2786K, capacity 4496K, committed 4864K, reserved 1056768K
  class space    used 293K, capacity 388K, committed 512K, reserved 1048576K
}
{Heap before GC invocations=454 (full 35):
 par new generation   total 3774912K, used 3379008K [0x0000000680000000, 0x0000000780000000, 0x0000000780000000)
  eden space 3355520K, 100% used [0x0000000680000000, 0x000000074cce0000, 0x000000074cce0000)
  from space 419392K,   5% used [0x000000074cce0000, 0x000000074e3d0328, 0x0000000766670000)
  to   space 419392K,   0% used [0x0000000766670000, 0x0000000766670000, 0x0000000780000000)
 concurrent mark-sweep generation total 1048576K, used 10803K [0x0000000780000000, 0x00000007c0000000, 0x00000007c0000000)
 Metaspace       used 2786K, capacity 4496K, committed 4864K, reserved 1056768K
  class space    used 293K, capacity 388K, committed 512K, reserved 1048576K
223.351: #489: [GC (Allocation Failure) 223.351: #489: [ParNew: 3379008K->30810K(3774912K), 0.0166004 secs] 3389812K->41614K(4823488K), 0.0166487 secs] [Times: user=0.03 sys=0.00 real=0.02 secs] 
Heap after GC invocations=455 (full 35):
 par new generation   total 3774912K, used 30810K [0x0000000680000000, 0x0000000780000000, 0x0000000780000000)
  eden space 3355520K,   0% used [0x0000000680000000, 0x0000000680000000, 0x000000074cce0000)
  from space 419392K,   7% used [0x0000000766670000, 0x0000000768486a80, 0x0000000780000000)
  to   space 419392K,   0% used [0x000000074cce0000, 0x000000074cce0000, 0x0000000766670000)
 concurrent mark-sweep generation total 1048576K, used 10803K [0x0000000780000000, 0x00000007c0000000, 0x00000007c0000000)
 Metaspace       used 2786K, capacity 4496K, committed 4864K, reserved 1056768K
  class space    used 293K, capacity 388K, committed 512K, reserved 1048576K
}
{Heap before GC invocations=455 (full 35):
 par new generation   total 3774912K, used 3386330K [0x0000000680000000, 0x0000000780000000, 0x0000000780000000)
  eden space 3355520K, 100% used [0x0000000680000000, 0x000000074cce0000, 0x000000074cce0000)
  from space 419392K,   7% used [0x0000000766670000, 0x0000000768486ab0, 0x0000000780000000)
  to   space 419392K,   0% used [0x000000074cce0000, 0x000000074cce0000, 0x0000000766670000)
 concurrent mark-sweep generation total 1048576K, used 10803K [0x0000000780000000, 0x00000007c0000000, 0x00000007c0000000)
 Metaspace       used 2786K, capacity 4496K, committed 4864K, reserved 1056768K
  class space    used 293K, capacity 388K, committed 512K, reserved 1048576K
224.042: #490: [GC (Allocation Failure) 224.042: #490: [ParNew: 3386330K->31320K(3774912K), 0.0106561 secs] 3397134K->42124K(4823488K), 0.0106942 secs] [Times: user=0.03 sys=0.00 real=0.01 secs] 
Heap after GC invocations=456 (full 35):
 par new generation   total 3774912K, used 31320K [0x0000000680000000, 0x0000000780000000, 0x0000000780000000)
  eden space 3355520K,   0% used [0x0000000680000000, 0x0000000680000000, 0x000000074cce0000)
  from space 419392K,   7% used [0x000000074cce0000, 0x000000074eb762e8, 0x0000000766670000)
  to   space 419392K,   0% used [0x0000000766670000, 0x0000000766670000, 0x0000000780000000)
 concurrent mark-sweep generation total 1048576K, used 10803K [0x0000000780000000, 0x00000007c0000000, 0x00000007c0000000)
 Metaspace       used 2786K, capacity 4496K, committed 4864K, reserved 1056768K
  class space    used 293K, capacity 388K, committed 512K, reserved 1048576K
}
{Heap before GC invocations=456 (full 35):
 par new generation   total 3774912K, used 111828K [0x0000000680000000, 0x0000000780000000, 0x0000000780000000)
  eden space 3355520K,   2% used [0x0000000680000000, 0x0000000684e9ee98, 0x000000074cce0000)
  from space 419392K,   7% used [0x000000074cce0000, 0x000000074eb762e8, 0x0000000766670000)
  to   space 419392K,   0% used [0x0000000766670000, 0x0000000766670000, 0x0000000780000000)
 concurrent mark-sweep generation total 1048576K, used 10803K [0x0000000780000000, 0x00000007c0000000, 0x00000007c0000000)
 Metaspace       used 2786K, capacity 4496K, committed 4864K, reserved 1056768K
  class space    used 293K, capacity 388K, committed 512K, reserved 1048576K
224.065: #491: [GC (GCLocker Initiated GC) 224.065: #491: [ParNew: 111828K->22929K(3774912K), 0.0080237 secs] 122631K->33733K(4823488K), 0.0081094 secs] [Times: user=0.03 sys=0.00 real=0.01 secs] 
Heap after GC invocations=457 (full 35):
 par new generation   total 3774912K, used 22929K [0x0000000680000000, 0x0000000780000000, 0x0000000780000000)
  eden space 3355520K,   0% used [0x0000000680000000, 0x0000000680000000, 0x000000074cce0000)
  from space 419392K,   5% used [0x0000000766670000, 0x0000000767cd4730, 0x0000000780000000)
  to   space 419392K,   0% used [0x000000074cce0000, 0x000000074cce0000, 0x0000000766670000)
 concurrent mark-sweep generation total 1048576K, used 10803K [0x0000000780000000, 0x00000007c0000000, 0x00000007c0000000)
 Metaspace       used 2786K, capacity 4496K, committed 4864K, reserved 1056768K
  class space    used 293K, capacity 388K, committed 512K, reserved 1048576K
}
{Heap before GC invocations=457 (full 35):
 par new generation   total 3774912K, used 3378449K [0x0000000680000000, 0x0000000780000000, 0x0000000780000000)
  eden space 3355520K, 100% used [0x0000000680000000, 0x000000074cce0000, 0x000000074cce0000)
  from space 419392K,   5% used [0x0000000766670000, 0x0000000767cd4730, 0x0000000780000000)
  to   space 419392K,   0% used [0x000000074cce0000, 0x000000074cce0000, 0x0000000766670000)
 concurrent mark-sweep generation total 1048576K, used 10803K [0x0000000780000000, 0x00000007c0000000, 0x00000007c0000000)
 Metaspace       used 2786K, capacity 4496K, committed 4864K, reserved 1056768K
  class space    used 293K, capacity 388K, committed 512K, reserved 1048576K
224.700: #492: [GC (Allocation Failure) 224.700: #492: [ParNew: 3378449K->44321K(3774912K), 0.0134219 secs] 3389253K->55124K(4823488K), 0.0134651 secs] [Times: user=0.02 sys=0.00 real=0.01 secs] 
Heap after GC invocations=458 (full 35):
 par new generation   total 3774912K, used 44321K [0x0000000680000000, 0x0000000780000000, 0x0000000780000000)
  eden space 3355520K,   0% used [0x0000000680000000, 0x0000000680000000, 0x000000074cce0000)
  from space 419392K,  10% used [0x000000074cce0000, 0x000000074f828440, 0x0000000766670000)
  to   space 419392K,   0% used [0x0000000766670000, 0x0000000766670000, 0x0000000780000000)
 concurrent mark-sweep generation total 1048576K, used 10803K [0x0000000780000000, 0x00000007c0000000, 0x00000007c0000000)
 Metaspace       used 2786K, capacity 4496K, committed 4864K, reserved 1056768K
  class space    used 293K, capacity 388K, committed 512K, reserved 1048576K
}
{Heap before GC invocations=458 (full 35):
 par new generation   total 3774912K, used 3400953K [0x0000000680000000, 0x0000000780000000, 0x0000000780000000)
  eden space 3355520K, 100% used [0x0000000680000000, 0x000000074cce0000, 0x000000074cce0000)
  from space 419392K,  10% used [0x000000074cce0000, 0x000000074f93e430, 0x0000000766670000)
  to   space 419392K,   0% used [0x0000000766670000, 0x0000000766670000, 0x0000000780000000)
 concurrent mark-sweep generation total 1048576K, used 10803K [0x0000000780000000, 0x00000007c0000000, 0x00000007c0000000)
 Metaspace       used 2786K, capacity 4496K, committed 4864K, reserved 1056768K
  class space    used 293K, capacity 388K, committed 512K, reserved 1048576K
225.305: #493: [GC (Allocation Failure) 225.305: #493: [ParNew: 3400953K->30258K(3774912K), 0.0101555 secs] 3411756K->41062K(4823488K), 0.0102066 secs] [Times: user=0.02 sys=0.00 real=0.01 secs] 
Heap after GC invocations=459 (full 35):
 par new generation   total 3774912K, used 30258K [0x0000000680000000, 0x0000000780000000, 0x0000000780000000)
  eden space 3355520K,   0% used [0x0000000680000000, 0x0000000680000000, 0x000000074cce0000)
  from space 419392K,   7% used [0x0000000766670000, 0x00000007683fcba0, 0x0000000780000000)
  to   space 419392K,   0% used [0x000000074cce0000, 0x000000074cce0000, 0x0000000766670000)
 concurrent mark-sweep generation total 1048576K, used 10803K [0x0000000780000000, 0x00000007c0000000, 0x00000007c0000000)
 Metaspace       used 2786K, capacity 4496K, committed 4864K, reserved 1056768K
  class space    used 293K, capacity 388K, committed 512K, reserved 1048576K
}
{Heap before GC invocations=459 (full 35):
 par new generation   total 3774912K, used 128073K [0x0000000680000000, 0x0000000780000000, 0x0000000780000000)
  eden space 3355520K,   2% used [0x0000000680000000, 0x0000000685f85a00, 0x000000074cce0000)
  from space 419392K,   7% used [0x0000000766670000, 0x00000007683fcba0, 0x0000000780000000)
  to   space 419392K,   0% used [0x000000074cce0000, 0x000000074cce0000, 0x0000000766670000)
 concurrent mark-sweep generation total 1048576K, used 10803K [0x0000000780000000, 0x00000007c0000000, 0x00000007c0000000)
 Metaspace       used 2786K, capacity 4496K, committed 4864K, reserved 1056768K
  class space    used 293K, capacity 388K, committed 512K, reserved 1048576K
225.325: #494: [GC (GCLocker Initiated GC) 225.326: #494: [ParNew: 128073K->23360K(3774912K), 0.0068548 secs] 138876K->34163K(4823488K), 0.0069135 secs] [Times: user=0.03 sys=0.00 real=0.01 secs] 
Heap after GC invocations=460 (full 35):
 par new generation   total 3774912K, used 23360K [0x0000000680000000, 0x0000000780000000, 0x0000000780000000)
  eden space 3355520K,   0% used [0x0000000680000000, 0x0000000680000000, 0x000000074cce0000)
  from space 419392K,   5% used [0x000000074cce0000, 0x000000074e3b0060, 0x0000000766670000)
  to   space 419392K,   0% used [0x0000000766670000, 0x0000000766670000, 0x0000000780000000)
 concurrent mark-sweep generation total 1048576K, used 10803K [0x0000000780000000, 0x00000007c0000000, 0x00000007c0000000)
 Metaspace       used 2786K, capacity 4496K, committed 4864K, reserved 1056768K
  class space    used 293K, capacity 388K, committed 512K, reserved 1048576K
}
{Heap before GC invocations=460 (full 35):
 par new generation   total 3774912K, used 3378880K [0x0000000680000000, 0x0000000780000000, 0x0000000780000000)
  eden space 3355520K, 100% used [0x0000000680000000, 0x000000074cce0000, 0x000000074cce0000)
  from space 419392K,   5% used [0x000000074cce0000, 0x000000074e3b0060, 0x0000000766670000)
  to   space 419392K,   0% used [0x0000000766670000, 0x0000000766670000, 0x0000000780000000)
 concurrent mark-sweep generation total 1048576K, used 10803K [0x0000000780000000, 0x00000007c0000000, 0x00000007c0000000)
 Metaspace       used 2786K, capacity 4496K, committed 4864K, reserved 1056768K
  class space    used 293K, capacity 388K, committed 512K, reserved 1048576K
225.933: #495: [GC (Allocation Failure) 225.933: #495: [ParNew: 3378880K->44322K(3774912K), 0.0107151 secs] 3389683K->55125K(4823488K), 0.0107659 secs] [Times: user=0.03 sys=0.00 real=0.01 secs] 
Heap after GC invocations=461 (full 35):
 par new generation   total 3774912K, used 44322K [0x0000000680000000, 0x0000000780000000, 0x0000000780000000)
  eden space 3355520K,   0% used [0x0000000680000000, 0x0000000680000000, 0x000000074cce0000)
  from space 419392K,  10% used [0x0000000766670000, 0x00000007691b8800, 0x0000000780000000)
  to   space 419392K,   0% used [0x000000074cce0000, 0x000000074cce0000, 0x0000000766670000)
 concurrent mark-sweep generation total 1048576K, used 10803K [0x0000000780000000, 0x00000007c0000000, 0x00000007c0000000)
 Metaspace       used 2786K, capacity 4496K, committed 4864K, reserved 1056768K
  class space    used 293K, capacity 388K, committed 512K, reserved 1048576K
}
{Heap before GC invocations=461 (full 35):
 par new generation   total 3774912K, used 3399842K [0x0000000680000000, 0x0000000780000000, 0x0000000780000000)
  eden space 3355520K, 100% used [0x0000000680000000, 0x000000074cce0000, 0x000000074cce0000)
  from space 419392K,  10% used [0x0000000766670000, 0x00000007691b8800, 0x0000000780000000)
  to   space 419392K,   0% used [0x000000074cce0000, 0x000000074cce0000, 0x0000000766670000)
 concurrent mark-sweep generation total 1048576K, used 10803K [0x0000000780000000, 0x00000007c0000000, 0x00000007c0000000)
 Metaspace       used 2786K, capacity 4496K, committed 4864K, reserved 1056768K
  class space    used 293K, capacity 388K, committed 512K, reserved 1048576K
226.493: #496: [GC (Allocation Failure) 226.493: #496: [ParNew: 3399842K->30529K(3774912K), 0.0105280 secs] 3410645K->41333K(4823488K), 0.0105629 secs] [Times: user=0.03 sys=0.00 real=0.01 secs] 
Heap after GC invocations=462 (full 35):
 par new generation   total 3774912K, used 30529K [0x0000000680000000, 0x0000000780000000, 0x0000000780000000)
  eden space 3355520K,   0% used [0x0000000680000000, 0x0000000680000000, 0x000000074cce0000)
  from space 419392K,   7% used [0x000000074cce0000, 0x000000074eab0700, 0x0000000766670000)
  to   space 419392K,   0% used [0x0000000766670000, 0x0000000766670000, 0x0000000780000000)
 concurrent mark-sweep generation total 1048576K, used 10803K [0x0000000780000000, 0x00000007c0000000, 0x00000007c0000000)
 Metaspace       used 2786K, capacity 4496K, committed 4864K, reserved 1056768K
  class space    used 293K, capacity 388K, committed 512K, reserved 1048576K
}
{Heap before GC invocations=462 (full 35):
 par new generation   total 3774912K, used 3386329K [0x0000000680000000, 0x0000000780000000, 0x0000000780000000)
  eden space 3355520K, 100% used [0x0000000680000000, 0x000000074cce0000, 0x000000074cce0000)
  from space 419392K,   7% used [0x000000074cce0000, 0x000000074eaf6418, 0x0000000766670000)
  to   space 419392K,   0% used [0x0000000766670000, 0x0000000766670000, 0x0000000780000000)
 concurrent mark-sweep generation total 1048576K, used 10803K [0x0000000780000000, 0x00000007c0000000, 0x00000007c0000000)
 Metaspace       used 2786K, capacity 4496K, committed 4864K, reserved 1056768K
  class space    used 293K, capacity 388K, committed 512K, reserved 1048576K
227.058: #497: [GC (GCLocker Initiated GC) 227.058: #497: [ParNew: 3386329K->31774K(3774912K), 0.0109018 secs] 3397132K->42577K(4823488K), 0.0109679 secs] [Times: user=0.03 sys=0.00 real=0.01 secs] 
Heap after GC invocations=463 (full 35):
 par new generation   total 3774912K, used 31774K [0x0000000680000000, 0x0000000780000000, 0x0000000780000000)
  eden space 3355520K,   0% used [0x0000000680000000, 0x0000000680000000, 0x000000074cce0000)
  from space 419392K,   7% used [0x0000000766670000, 0x0000000768577820, 0x0000000780000000)
  to   space 419392K,   0% used [0x000000074cce0000, 0x000000074cce0000, 0x0000000766670000)
 concurrent mark-sweep generation total 1048576K, used 10803K [0x0000000780000000, 0x00000007c0000000, 0x00000007c0000000)
 Metaspace       used 2786K, capacity 4496K, committed 4864K, reserved 1056768K
  class space    used 293K, capacity 388K, committed 512K, reserved 1048576K
}
SYSTEM_GC BEFORE
{Heap before GC invocations=463 (full 35):
 par new generation   total 3774912K, used 3162112K [0x0000000680000000, 0x0000000780000000, 0x0000000780000000)
  eden space 3355520K,  93% used [0x0000000680000000, 0x000000073f0f8840, 0x000000074cce0000)
  from space 419392K,   7% used [0x0000000766670000, 0x0000000768577820, 0x0000000780000000)
  to   space 419392K,   0% used [0x000000074cce0000, 0x000000074cce0000, 0x0000000766670000)
 concurrent mark-sweep generation total 1048576K, used 10803K [0x0000000780000000, 0x00000007c0000000, 0x00000007c0000000)
 Metaspace       used 2786K, capacity 4496K, committed 4864K, reserved 1056768K
  class space    used 293K, capacity 388K, committed 512K, reserved 1048576K
227.620: #498: [GC (System.gc()) 227.620: #498: [ParNew: 3162112K->28165K(3774912K), 0.0132557 secs] 3172915K->38968K(4823488K), 0.0132953 secs] [Times: user=0.02 sys=0.00 real=0.01 secs] 
Heap after GC invocations=464 (full 35):
 par new generation   total 3774912K, used 28165K [0x0000000680000000, 0x0000000780000000, 0x0000000780000000)
  eden space 3355520K,   0% used [0x0000000680000000, 0x0000000680000000, 0x000000074cce0000)
  from space 419392K,   6% used [0x000000074cce0000, 0x000000074e861500, 0x0000000766670000)
  to   space 419392K,   0% used [0x0000000766670000, 0x0000000766670000, 0x0000000780000000)
 concurrent mark-sweep generation total 1048576K, used 10803K [0x0000000780000000, 0x00000007c0000000, 0x00000007c0000000)
 Metaspace       used 2786K, capacity 4496K, committed 4864K, reserved 1056768K
  class space    used 293K, capacity 388K, committed 512K, reserved 1048576K
}
227.634: #499: [GC (CMS Initial Mark) [1 CMS-initial-mark: 10803K(1048576K)] 38968K(4823488K), 0.0014305 secs] [Times: user=0.01 sys=0.00 real=0.00 secs] 
227.635: #499: [CMS-concurrent-mark-start]
227.659: #499: [CMS-concurrent-mark: 0.024/0.024 secs] [Times: user=0.05 sys=0.00 real=0.03 secs] 
227.659: #499: [CMS-concurrent-preclean-start]
227.661: #499: [CMS-concurrent-preclean: 0.002/0.002 secs] [Times: user=0.00 sys=0.00 real=0.00 secs] 
227.661: #499: [CMS-concurrent-abortable-preclean-start]
228.216: #499: [CMS-concurrent-abortable-preclean: 0.151/0.554 secs] [Times: user=1.79 sys=0.13 real=0.56 secs] 
228.217: #499: [GC (CMS Final Remark) [YG occupancy: 3110594 K (3774912 K)]228.217: #499: [Rescan (parallel) , 0.9432155 secs]229.160: #499: [weak refs processing, 0.0000162 secs]229.160: #499: [class unloading, 0.0004047 secs]229.161: #499: [scrub symbol table, 0.0006124 secs]229.161: #499: [scrub string table, 0.0002326 secs][1 CMS-remark: 10803K(1048576K)] 3121398K(4823488K), 0.9446186 secs] [Times: user=3.29 sys=0.01 real=0.94 secs] 
229.162: #499: [CMS-concurrent-sweep-start]
229.168: #499: [CMS-concurrent-sweep: 0.006/0.006 secs] [Times: user=0.01 sys=0.00 real=0.01 secs] 
229.168: #499: [CMS-concurrent-reset-start]
229.171: #499: [CMS-concurrent-reset: 0.003/0.003 secs] [Times: user=0.01 sys=0.00 real=0.00 secs] 
SYSTEM_GC AFTER
{Heap before GC invocations=464 (full 36):
 par new generation   total 3774912K, used 3175736K [0x0000000680000000, 0x0000000780000000, 0x0000000780000000)
  eden space 3355520K,  93% used [0x0000000680000000, 0x00000007401ccb00, 0x000000074cce0000)
  from space 419392K,   6% used [0x000000074cce0000, 0x000000074e861500, 0x0000000766670000)
  to   space 419392K,   0% used [0x0000000766670000, 0x0000000766670000, 0x0000000780000000)
 concurrent mark-sweep generation total 1048576K, used 10803K [0x0000000780000000, 0x00000007c0000000, 0x00000007c0000000)
 Metaspace       used 2786K, capacity 4496K, committed 4864K, reserved 1056768K
  class space    used 293K, capacity 388K, committed 512K, reserved 1048576K
229.172: #500: [GC (GCLocker Initiated GC) 229.172: #500: [ParNew: 3175736K->29698K(3774912K), 0.0099550 secs] 3186539K->40502K(4823488K), 0.0099989 secs] [Times: user=0.03 sys=0.00 real=0.01 secs] 
Heap after GC invocations=465 (full 36):
 par new generation   total 3774912K, used 29698K [0x0000000680000000, 0x0000000780000000, 0x0000000780000000)
  eden space 3355520K,   0% used [0x0000000680000000, 0x0000000680000000, 0x000000074cce0000)
  from space 419392K,   7% used [0x0000000766670000, 0x0000000768370ac0, 0x0000000780000000)
  to   space 419392K,   0% used [0x000000074cce0000, 0x000000074cce0000, 0x0000000766670000)
 concurrent mark-sweep generation total 1048576K, used 10803K [0x0000000780000000, 0x00000007c0000000, 0x00000007c0000000)
 Metaspace       used 2786K, capacity 4496K, committed 4864K, reserved 1056768K
  class space    used 293K, capacity 388K, committed 512K, reserved 1048576K
}
{Heap before GC invocations=465 (full 36):
 par new generation   total 3774912K, used 3385218K [0x0000000680000000, 0x0000000780000000, 0x0000000780000000)
  eden space 3355520K, 100% used [0x0000000680000000, 0x000000074cce0000, 0x000000074cce0000)
  from space 419392K,   7% used [0x0000000766670000, 0x0000000768370ac0, 0x0000000780000000)
  to   space 419392K,   0% used [0x000000074cce0000, 0x000000074cce0000, 0x0000000766670000)
 concurrent mark-sweep generation total 1048576K, used 10803K [0x0000000780000000, 0x00000007c0000000, 0x00000007c0000000)
 Metaspace       used 2786K, capacity 4496K, committed 4864K, reserved 1056768K
  class space    used 293K, capacity 388K, committed 512K, reserved 1048576K
229.719: #501: [GC (Allocation Failure) 229.719: #501: [ParNew: 3385218K->30322K(3774912K), 0.0105040 secs] 3396022K->41126K(4823488K), 0.0105381 secs] [Times: user=0.03 sys=0.00 real=0.01 secs] 
Heap after GC invocations=466 (full 36):
 par new generation   total 3774912K, used 30322K [0x0000000680000000, 0x0000000780000000, 0x0000000780000000)
  eden space 3355520K,   0% used [0x0000000680000000, 0x0000000680000000, 0x000000074cce0000)
  from space 419392K,   7% used [0x000000074cce0000, 0x000000074ea7cae0, 0x0000000766670000)
  to   space 419392K,   0% used [0x0000000766670000, 0x0000000766670000, 0x0000000780000000)
 concurrent mark-sweep generation total 1048576K, used 10803K [0x0000000780000000, 0x00000007c0000000, 0x00000007c0000000)
 Metaspace       used 2786K, capacity 4496K, committed 4864K, reserved 1056768K
  class space    used 293K, capacity 388K, committed 512K, reserved 1048576K
}
{Heap before GC invocations=466 (full 36):
 par new generation   total 3774912K, used 3387233K [0x0000000680000000, 0x0000000780000000, 0x0000000780000000)
  eden space 3355520K, 100% used [0x0000000680000000, 0x000000074cce0000, 0x000000074cce0000)
  from space 419392K,   7% used [0x000000074cce0000, 0x000000074ebd8720, 0x0000000766670000)
  to   space 419392K,   0% used [0x0000000766670000, 0x0000000766670000, 0x0000000780000000)
 concurrent mark-sweep generation total 1048576K, used 10803K [0x0000000780000000, 0x00000007c0000000, 0x00000007c0000000)
 Metaspace       used 2786K, capacity 4496K, committed 4864K, reserved 1056768K
  class space    used 293K, capacity 388K, committed 512K, reserved 1048576K
230.288: #502: [GC (Allocation Failure) 230.288: #502: [ParNew: 3387233K->31475K(3774912K), 0.0110890 secs] 3398037K->42278K(4823488K), 0.0111334 secs] [Times: user=0.03 sys=0.00 real=0.01 secs] 
Heap after GC invocations=467 (full 36):
 par new generation   total 3774912K, used 31475K [0x0000000680000000, 0x0000000780000000, 0x0000000780000000)
  eden space 3355520K,   0% used [0x0000000680000000, 0x0000000680000000, 0x000000074cce0000)
  from space 419392K,   7% used [0x0000000766670000, 0x000000076852ce00, 0x0000000780000000)
  to   space 419392K,   0% used [0x000000074cce0000, 0x000000074cce0000, 0x0000000766670000)
 concurrent mark-sweep generation total 1048576K, used 10803K [0x0000000780000000, 0x00000007c0000000, 0x00000007c0000000)
 Metaspace       used 2786K, capacity 4496K, committed 4864K, reserved 1056768K
  class space    used 293K, capacity 388K, committed 512K, reserved 1048576K
}
{Heap before GC invocations=467 (full 36):
 par new generation   total 3774912K, used 129567K [0x0000000680000000, 0x0000000780000000, 0x0000000780000000)
  eden space 3355520K,   2% used [0x0000000680000000, 0x0000000685fcb0d8, 0x000000074cce0000)
  from space 419392K,   7% used [0x0000000766670000, 0x000000076852ce00, 0x0000000780000000)
  to   space 419392K,   0% used [0x000000074cce0000, 0x000000074cce0000, 0x0000000766670000)
 concurrent mark-sweep generation total 1048576K, used 10803K [0x0000000780000000, 0x00000007c0000000, 0x00000007c0000000)
 Metaspace       used 2786K, capacity 4496K, committed 4864K, reserved 1056768K
  class space    used 293K, capacity 388K, committed 512K, reserved 1048576K
230.309: #503: [GC (GCLocker Initiated GC) 230.309: #503: [ParNew: 129567K->23955K(3774912K), 0.0066949 secs] 140371K->34759K(4823488K), 0.0067271 secs] [Times: user=0.02 sys=0.00 real=0.01 secs] 
Heap after GC invocations=468 (full 36):
 par new generation   total 3774912K, used 23955K [0x0000000680000000, 0x0000000780000000, 0x0000000780000000)
  eden space 3355520K,   0% used [0x0000000680000000, 0x0000000680000000, 0x000000074cce0000)
  from space 419392K,   5% used [0x000000074cce0000, 0x000000074e444fc0, 0x0000000766670000)
  to   space 419392K,   0% used [0x0000000766670000, 0x0000000766670000, 0x0000000780000000)
 concurrent mark-sweep generation total 1048576K, used 10803K [0x0000000780000000, 0x00000007c0000000, 0x00000007c0000000)
 Metaspace       used 2786K, capacity 4496K, committed 4864K, reserved 1056768K
  class space    used 293K, capacity 388K, committed 512K, reserved 1048576K
}
{Heap before GC invocations=468 (full 36):
 par new generation   total 3774912K, used 3381339K [0x0000000680000000, 0x0000000780000000, 0x0000000780000000)
  eden space 3355520K, 100% used [0x0000000680000000, 0x000000074cce0000, 0x000000074cce0000)
  from space 419392K,   6% used [0x000000074cce0000, 0x000000074e616f30, 0x0000000766670000)
  to   space 419392K,   0% used [0x0000000766670000, 0x0000000766670000, 0x0000000780000000)
 concurrent mark-sweep generation total 1048576K, used 10803K [0x0000000780000000, 0x00000007c0000000, 0x00000007c0000000)
 Metaspace       used 2786K, capacity 4496K, committed 4864K, reserved 1056768K
  class space    used 293K, capacity 388K, committed 512K, reserved 1048576K
230.897: #504: [GC (GCLocker Initiated GC) 230.897: #504: [ParNew: 3381339K->45208K(3774912K), 0.0105855 secs] 3392143K->56012K(4823488K), 0.0106341 secs] [Times: user=0.02 sys=0.00 real=0.01 secs] 
Heap after GC invocations=469 (full 36):
 par new generation   total 3774912K, used 45208K [0x0000000680000000, 0x0000000780000000, 0x0000000780000000)
  eden space 3355520K,   0% used [0x0000000680000000, 0x0000000680000000, 0x000000074cce0000)
  from space 419392K,  10% used [0x0000000766670000, 0x0000000769296320, 0x0000000780000000)
  to   space 419392K,   0% used [0x000000074cce0000, 0x000000074cce0000, 0x0000000766670000)
 concurrent mark-sweep generation total 1048576K, used 10803K [0x0000000780000000, 0x00000007c0000000, 0x00000007c0000000)
 Metaspace       used 2786K, capacity 4496K, committed 4864K, reserved 1056768K
  class space    used 293K, capacity 388K, committed 512K, reserved 1048576K
}
{Heap before GC invocations=469 (full 36):
 par new generation   total 3774912K, used 3400728K [0x0000000680000000, 0x0000000780000000, 0x0000000780000000)
  eden space 3355520K, 100% used [0x0000000680000000, 0x000000074cce0000, 0x000000074cce0000)
  from space 419392K,  10% used [0x0000000766670000, 0x0000000769296320, 0x0000000780000000)
  to   space 419392K,   0% used [0x000000074cce0000, 0x000000074cce0000, 0x0000000766670000)
 concurrent mark-sweep generation total 1048576K, used 10803K [0x0000000780000000, 0x00000007c0000000, 0x00000007c0000000)
 Metaspace       used 2786K, capacity 4496K, committed 4864K, reserved 1056768K
  class space    used 293K, capacity 388K, committed 512K, reserved 1048576K
231.476: #505: [GC (Allocation Failure) 231.476: #505: [ParNew: 3400728K->32836K(3774912K), 0.0105987 secs] 3411532K->43639K(4823488K), 0.0106372 secs] [Times: user=0.03 sys=0.00 real=0.02 secs] 
Heap after GC invocations=470 (full 36):
 par new generation   total 3774912K, used 32836K [0x0000000680000000, 0x0000000780000000, 0x0000000780000000)
  eden space 3355520K,   0% used [0x0000000680000000, 0x0000000680000000, 0x000000074cce0000)
  from space 419392K,   7% used [0x000000074cce0000, 0x000000074ecf1160, 0x0000000766670000)
  to   space 419392K,   0% used [0x0000000766670000, 0x0000000766670000, 0x0000000780000000)
 concurrent mark-sweep generation total 1048576K, used 10803K [0x0000000780000000, 0x00000007c0000000, 0x00000007c0000000)
 Metaspace       used 2786K, capacity 4496K, committed 4864K, reserved 1056768K
  class space    used 293K, capacity 388K, committed 512K, reserved 1048576K
}
{Heap before GC invocations=470 (full 36):
 par new generation   total 3774912K, used 3389725K [0x0000000680000000, 0x0000000780000000, 0x0000000780000000)
  eden space 3355520K, 100% used [0x0000000680000000, 0x000000074cce0000, 0x000000074cce0000)
  from space 419392K,   8% used [0x000000074cce0000, 0x000000074ee476b0, 0x0000000766670000)
  to   space 419392K,   0% used [0x0000000766670000, 0x0000000766670000, 0x0000000780000000)
 concurrent mark-sweep generation total 1048576K, used 10803K [0x0000000780000000, 0x00000007c0000000, 0x00000007c0000000)
 Metaspace       used 2786K, capacity 4496K, committed 4864K, reserved 1056768K
  class space    used 293K, capacity 388K, committed 512K, reserved 1048576K
232.099: #506: [GC (Allocation Failure) 232.099: #506: [ParNew: 3389725K->28679K(3774912K), 0.0100221 secs] 3400529K->39482K(4823488K), 0.0100607 secs] [Times: user=0.03 sys=0.00 real=0.01 secs] 
Heap after GC invocations=471 (full 36):
 par new generation   total 3774912K, used 28679K [0x0000000680000000, 0x0000000780000000, 0x0000000780000000)
  eden space 3355520K,   0% used [0x0000000680000000, 0x0000000680000000, 0x000000074cce0000)
  from space 419392K,   6% used [0x0000000766670000, 0x0000000768271c08, 0x0000000780000000)
  to   space 419392K,   0% used [0x000000074cce0000, 0x000000074cce0000, 0x0000000766670000)
 concurrent mark-sweep generation total 1048576K, used 10803K [0x0000000780000000, 0x00000007c0000000, 0x00000007c0000000)
 Metaspace       used 2786K, capacity 4496K, committed 4864K, reserved 1056768K
  class space    used 293K, capacity 388K, committed 512K, reserved 1048576K
}
{Heap before GC invocations=471 (full 36):
 par new generation   total 3774912K, used 45081K [0x0000000680000000, 0x0000000780000000, 0x0000000780000000)
  eden space 3355520K,   0% used [0x0000000680000000, 0x0000000681004b78, 0x000000074cce0000)
  from space 419392K,   6% used [0x0000000766670000, 0x0000000768271c08, 0x0000000780000000)
  to   space 419392K,   0% used [0x000000074cce0000, 0x000000074cce0000, 0x0000000766670000)
 concurrent mark-sweep generation total 1048576K, used 10803K [0x0000000780000000, 0x00000007c0000000, 0x00000007c0000000)
 Metaspace       used 2786K, capacity 4496K, committed 4864K, reserved 1056768K
  class space    used 293K, capacity 388K, committed 512K, reserved 1048576K
232.109: #507: [GC (GCLocker Initiated GC) 232.109: #507: [ParNew: 45081K->28785K(3774912K), 0.0080078 secs] 55885K->39589K(4823488K), 0.0080493 secs] [Times: user=0.03 sys=0.00 real=0.01 secs] 
Heap after GC invocations=472 (full 36):
 par new generation   total 3774912K, used 28785K [0x0000000680000000, 0x0000000780000000, 0x0000000780000000)
  eden space 3355520K,   0% used [0x0000000680000000, 0x0000000680000000, 0x000000074cce0000)
  from space 419392K,   6% used [0x000000074cce0000, 0x000000074e8fc7c0, 0x0000000766670000)
  to   space 419392K,   0% used [0x0000000766670000, 0x0000000766670000, 0x0000000780000000)
 concurrent mark-sweep generation total 1048576K, used 10803K [0x0000000780000000, 0x00000007c0000000, 0x00000007c0000000)
 Metaspace       used 2786K, capacity 4496K, committed 4864K, reserved 1056768K
  class space    used 293K, capacity 388K, committed 512K, reserved 1048576K
}
{Heap before GC invocations=472 (full 36):
 par new generation   total 3774912K, used 3384305K [0x0000000680000000, 0x0000000780000000, 0x0000000780000000)
  eden space 3355520K, 100% used [0x0000000680000000, 0x000000074cce0000, 0x000000074cce0000)
  from space 419392K,   6% used [0x000000074cce0000, 0x000000074e8fc7c0, 0x0000000766670000)
  to   space 419392K,   0% used [0x0000000766670000, 0x0000000766670000, 0x0000000780000000)
 concurrent mark-sweep generation total 1048576K, used 10803K [0x0000000780000000, 0x00000007c0000000, 0x00000007c0000000)
 Metaspace       used 2786K, capacity 4496K, committed 4864K, reserved 1056768K
  class space    used 293K, capacity 388K, committed 512K, reserved 1048576K
232.694: #508: [GC (Allocation Failure) 232.694: #508: [ParNew: 3384305K->48383K(3774912K), 0.0114969 secs] 3395109K->59187K(4823488K), 0.0115382 secs] [Times: user=0.02 sys=0.00 real=0.01 secs] 
Heap after GC invocations=473 (full 36):
 par new generation   total 3774912K, used 48383K [0x0000000680000000, 0x0000000780000000, 0x0000000780000000)
  eden space 3355520K,   0% used [0x0000000680000000, 0x0000000680000000, 0x000000074cce0000)
  from space 419392K,  11% used [0x0000000766670000, 0x00000007695aff00, 0x0000000780000000)
  to   space 419392K,   0% used [0x000000074cce0000, 0x000000074cce0000, 0x0000000766670000)
 concurrent mark-sweep generation total 1048576K, used 10803K [0x0000000780000000, 0x00000007c0000000, 0x00000007c0000000)
 Metaspace       used 2786K, capacity 4496K, committed 4864K, reserved 1056768K
  class space    used 293K, capacity 388K, committed 512K, reserved 1048576K
}
{Heap before GC invocations=473 (full 36):
 par new generation   total 3774912K, used 3404972K [0x0000000680000000, 0x0000000780000000, 0x0000000780000000)
  eden space 3355520K, 100% used [0x0000000680000000, 0x000000074cce0000, 0x000000074cce0000)
  from space 419392K,  11% used [0x0000000766670000, 0x00000007696bb1a0, 0x0000000780000000)
  to   space 419392K,   0% used [0x000000074cce0000, 0x000000074cce0000, 0x0000000766670000)
 concurrent mark-sweep generation total 1048576K, used 10803K [0x0000000780000000, 0x00000007c0000000, 0x00000007c0000000)
 Metaspace       used 2786K, capacity 4496K, committed 4864K, reserved 1056768K
  class space    used 293K, capacity 388K, committed 512K, reserved 1048576K
233.281: #509: [GC (Allocation Failure) 233.281: #509: [ParNew: 3404972K->32332K(3774912K), 0.0103913 secs] 3415775K->43136K(4823488K), 0.0104319 secs] [Times: user=0.02 sys=0.00 real=0.01 secs] 
Heap after GC invocations=474 (full 36):
 par new generation   total 3774912K, used 32332K [0x0000000680000000, 0x0000000780000000, 0x0000000780000000)
  eden space 3355520K,   0% used [0x0000000680000000, 0x0000000680000000, 0x000000074cce0000)
  from space 419392K,   7% used [0x000000074cce0000, 0x000000074ec73240, 0x0000000766670000)
  to   space 419392K,   0% used [0x0000000766670000, 0x0000000766670000, 0x0000000780000000)
 concurrent mark-sweep generation total 1048576K, used 10803K [0x0000000780000000, 0x00000007c0000000, 0x00000007c0000000)
 Metaspace       used 2786K, capacity 4496K, committed 4864K, reserved 1056768K
  class space    used 293K, capacity 388K, committed 512K, reserved 1048576K
}
{Heap before GC invocations=474 (full 36):
 par new generation   total 3774912K, used 113749K [0x0000000680000000, 0x0000000780000000, 0x0000000780000000)
  eden space 3355520K,   2% used [0x0000000680000000, 0x0000000684f823a0, 0x000000074cce0000)
  from space 419392K,   7% used [0x000000074cce0000, 0x000000074ec73240, 0x0000000766670000)
  to   space 419392K,   0% used [0x0000000766670000, 0x0000000766670000, 0x0000000780000000)
 concurrent mark-sweep generation total 1048576K, used 10803K [0x0000000780000000, 0x00000007c0000000, 0x00000007c0000000)
 Metaspace       used 2786K, capacity 4496K, committed 4864K, reserved 1056768K
  class space    used 293K, capacity 388K, committed 512K, reserved 1048576K
233.302: #510: [GC (GCLocker Initiated GC) 233.302: #510: [ParNew: 113749K->24785K(3774912K), 0.0073467 secs] 124552K->35589K(4823488K), 0.0073811 secs] [Times: user=0.03 sys=0.00 real=0.01 secs] 
Heap after GC invocations=475 (full 36):
 par new generation   total 3774912K, used 24785K [0x0000000680000000, 0x0000000780000000, 0x0000000780000000)
  eden space 3355520K,   0% used [0x0000000680000000, 0x0000000680000000, 0x000000074cce0000)
  from space 419392K,   5% used [0x0000000766670000, 0x0000000767ea47a0, 0x0000000780000000)
  to   space 419392K,   0% used [0x000000074cce0000, 0x000000074cce0000, 0x0000000766670000)
 concurrent mark-sweep generation total 1048576K, used 10803K [0x0000000780000000, 0x00000007c0000000, 0x00000007c0000000)
 Metaspace       used 2786K, capacity 4496K, committed 4864K, reserved 1056768K
  class space    used 293K, capacity 388K, committed 512K, reserved 1048576K
}
{Heap before GC invocations=475 (full 36):
 par new generation   total 3774912K, used 3380305K [0x0000000680000000, 0x0000000780000000, 0x0000000780000000)
  eden space 3355520K, 100% used [0x0000000680000000, 0x000000074cce0000, 0x000000074cce0000)
  from space 419392K,   5% used [0x0000000766670000, 0x0000000767ea47a0, 0x0000000780000000)
  to   space 419392K,   0% used [0x000000074cce0000, 0x000000074cce0000, 0x0000000766670000)
 concurrent mark-sweep generation total 1048576K, used 10803K [0x0000000780000000, 0x00000007c0000000, 0x00000007c0000000)
 Metaspace       used 2786K, capacity 4496K, committed 4864K, reserved 1056768K
  class space    used 293K, capacity 388K, committed 512K, reserved 1048576K
233.833: #511: [GC (Allocation Failure) 233.833: #511: [ParNew: 3380305K->44794K(3774912K), 0.0104142 secs] 3391109K->55598K(4823488K), 0.0104522 secs] [Times: user=0.02 sys=0.00 real=0.01 secs] 
Heap after GC invocations=476 (full 36):
 par new generation   total 3774912K, used 44794K [0x0000000680000000, 0x0000000780000000, 0x0000000780000000)
  eden space 3355520K,   0% used [0x0000000680000000, 0x0000000680000000, 0x000000074cce0000)
  from space 419392K,  10% used [0x000000074cce0000, 0x000000074f89ea40, 0x0000000766670000)
  to   space 419392K,   0% used [0x0000000766670000, 0x0000000766670000, 0x0000000780000000)
 concurrent mark-sweep generation total 1048576K, used 10803K [0x0000000780000000, 0x00000007c0000000, 0x00000007c0000000)
 Metaspace       used 2786K, capacity 4496K, committed 4864K, reserved 1056768K
  class space    used 293K, capacity 388K, committed 512K, reserved 1048576K
}
SYSTEM_GC BEFORE
{Heap before GC invocations=476 (full 36):
 par new generation   total 3774912K, used 2084170K [0x0000000680000000, 0x0000000780000000, 0x0000000780000000)
  eden space 3355520K,  60% used [0x0000000680000000, 0x00000006fc794128, 0x000000074cce0000)
  from space 419392K,  10% used [0x000000074cce0000, 0x000000074f89ea40, 0x0000000766670000)
  to   space 419392K,   0% used [0x0000000766670000, 0x0000000766670000, 0x0000000780000000)
 concurrent mark-sweep generation total 1048576K, used 10803K [0x0000000780000000, 0x00000007c0000000, 0x00000007c0000000)
 Metaspace       used 2786K, capacity 4496K, committed 4864K, reserved 1056768K
  class space    used 293K, capacity 388K, committed 512K, reserved 1048576K
234.173: #512: [GC (System.gc()) 234.173: #512: [ParNew: 2084170K->20427K(3774912K), 0.0079450 secs] 2094974K->31230K(4823488K), 0.0079850 secs] [Times: user=0.02 sys=0.00 real=0.01 secs] 
Heap after GC invocations=477 (full 36):
 par new generation   total 3774912K, used 20427K [0x0000000680000000, 0x0000000780000000, 0x0000000780000000)
  eden space 3355520K,   0% used [0x0000000680000000, 0x0000000680000000, 0x000000074cce0000)
  from space 419392K,   4% used [0x0000000766670000, 0x0000000767a62e00, 0x0000000780000000)
  to   space 419392K,   0% used [0x000000074cce0000, 0x000000074cce0000, 0x0000000766670000)
 concurrent mark-sweep generation total 1048576K, used 10803K [0x0000000780000000, 0x00000007c0000000, 0x00000007c0000000)
 Metaspace       used 2786K, capacity 4496K, committed 4864K, reserved 1056768K
  class space    used 293K, capacity 388K, committed 512K, reserved 1048576K
}
234.181: #513: [GC (CMS Initial Mark) [1 CMS-initial-mark: 10803K(1048576K)] 32797K(4823488K), 0.0010286 secs] [Times: user=0.00 sys=0.00 real=0.00 secs] 
234.182: #513: [CMS-concurrent-mark-start]
234.206: #513: [CMS-concurrent-mark: 0.024/0.024 secs] [Times: user=0.08 sys=0.01 real=0.02 secs] 
234.206: #513: [CMS-concurrent-preclean-start]
234.208: #513: [CMS-concurrent-preclean: 0.002/0.002 secs] [Times: user=0.00 sys=0.00 real=0.01 secs] 
234.208: #513: [CMS-concurrent-abortable-preclean-start]
234.616: #513: [CMS-concurrent-abortable-preclean: 0.105/0.409 secs] [Times: user=1.42 sys=0.08 real=0.41 secs] 
234.617: #513: [GC (CMS Final Remark) [YG occupancy: 2510453 K (3774912 K)]234.617: #513: [Rescan (parallel) , 0.7076722 secs]235.325: #513: [weak refs processing, 0.0000123 secs]235.325: #513: [class unloading, 0.0002781 secs]235.325: #513: [scrub symbol table, 0.0004593 secs]235.325: #513: [scrub string table, 0.0001774 secs][1 CMS-remark: 10803K(1048576K)] 2521256K(4823488K), 0.7086869 secs] [Times: user=2.64 sys=0.00 real=0.70 secs] 
235.326: #513: [CMS-concurrent-sweep-start]
235.332: #513: [CMS-concurrent-sweep: 0.007/0.007 secs] [Times: user=0.02 sys=0.01 real=0.01 secs] 
235.332: #513: [CMS-concurrent-reset-start]
SYSTEM_GC AFTER
235.335: #513: [CMS-concurrent-reset: 0.002/0.002 secs] [Times: user=0.00 sys=0.00 real=0.00 secs] 
{Heap before GC invocations=477 (full 37):
 par new generation   total 3774912K, used 2559094K [0x0000000680000000, 0x0000000780000000, 0x0000000780000000)
  eden space 3355520K,  75% used [0x0000000680000000, 0x000000071af2aa00, 0x000000074cce0000)
  from space 419392K,   4% used [0x0000000766670000, 0x0000000767a62e00, 0x0000000780000000)
  to   space 419392K,   0% used [0x000000074cce0000, 0x000000074cce0000, 0x0000000766670000)
 concurrent mark-sweep generation total 1048576K, used 10803K [0x0000000780000000, 0x00000007c0000000, 0x00000007c0000000)
 Metaspace       used 2786K, capacity 4496K, committed 4864K, reserved 1056768K
  class space    used 293K, capacity 388K, committed 512K, reserved 1048576K
235.336: #514: [GC (GCLocker Initiated GC) 235.336: #514: [ParNew: 2559094K->23489K(3774912K), 0.0099141 secs] 2569897K->34293K(4823488K), 0.0099605 secs] [Times: user=0.02 sys=0.00 real=0.01 secs] 
Heap after GC invocations=478 (full 37):
 par new generation   total 3774912K, used 23489K [0x0000000680000000, 0x0000000780000000, 0x0000000780000000)
  eden space 3355520K,   0% used [0x0000000680000000, 0x0000000680000000, 0x000000074cce0000)
  from space 419392K,   5% used [0x000000074cce0000, 0x000000074e3d07d8, 0x0000000766670000)
  to   space 419392K,   0% used [0x0000000766670000, 0x0000000766670000, 0x0000000780000000)
 concurrent mark-sweep generation total 1048576K, used 10803K [0x0000000780000000, 0x00000007c0000000, 0x00000007c0000000)
 Metaspace       used 2786K, capacity 4496K, committed 4864K, reserved 1056768K
  class space    used 293K, capacity 388K, committed 512K, reserved 1048576K
}
{Heap before GC invocations=478 (full 37):
 par new generation   total 3774912K, used 3379009K [0x0000000680000000, 0x0000000780000000, 0x0000000780000000)
  eden space 3355520K, 100% used [0x0000000680000000, 0x000000074cce0000, 0x000000074cce0000)
  from space 419392K,   5% used [0x000000074cce0000, 0x000000074e3d07d8, 0x0000000766670000)
  to   space 419392K,   0% used [0x0000000766670000, 0x0000000766670000, 0x0000000780000000)
 concurrent mark-sweep generation total 1048576K, used 10803K [0x0000000780000000, 0x00000007c0000000, 0x00000007c0000000)
 Metaspace       used 2786K, capacity 4496K, committed 4864K, reserved 1056768K
  class space    used 293K, capacity 388K, committed 512K, reserved 1048576K
235.958: #515: [GC (Allocation Failure) 235.958: #515: [ParNew: 3379009K->32228K(3774912K), 0.0127989 secs] 3389813K->43031K(4823488K), 0.0128487 secs] [Times: user=0.03 sys=0.00 real=0.01 secs] 
Heap after GC invocations=479 (full 37):
 par new generation   total 3774912K, used 32228K [0x0000000680000000, 0x0000000780000000, 0x0000000780000000)
  eden space 3355520K,   0% used [0x0000000680000000, 0x0000000680000000, 0x000000074cce0000)
  from space 419392K,   7% used [0x0000000766670000, 0x00000007685e91f8, 0x0000000780000000)
  to   space 419392K,   0% used [0x000000074cce0000, 0x000000074cce0000, 0x0000000766670000)
 concurrent mark-sweep generation total 1048576K, used 10803K [0x0000000780000000, 0x00000007c0000000, 0x00000007c0000000)
 Metaspace       used 2786K, capacity 4496K, committed 4864K, reserved 1056768K
  class space    used 293K, capacity 388K, committed 512K, reserved 1048576K
}
{Heap before GC invocations=479 (full 37):
 par new generation   total 3774912K, used 3387748K [0x0000000680000000, 0x0000000780000000, 0x0000000780000000)
  eden space 3355520K, 100% used [0x0000000680000000, 0x000000074cce0000, 0x000000074cce0000)
  from space 419392K,   7% used [0x0000000766670000, 0x00000007685e9228, 0x0000000780000000)
  to   space 419392K,   0% used [0x000000074cce0000, 0x000000074cce0000, 0x0000000766670000)
 concurrent mark-sweep generation total 1048576K, used 10803K [0x0000000780000000, 0x00000007c0000000, 0x00000007c0000000)
 Metaspace       used 2786K, capacity 4496K, committed 4864K, reserved 1056768K
  class space    used 293K, capacity 388K, committed 512K, reserved 1048576K
236.534: #516: [GC (Allocation Failure) 236.534: #516: [ParNew: 3387748K->29824K(3774912K), 0.0105460 secs] 3398552K->40627K(4823488K), 0.0105898 secs] [Times: user=0.02 sys=0.00 real=0.01 secs] 
Heap after GC invocations=480 (full 37):
 par new generation   total 3774912K, used 29824K [0x0000000680000000, 0x0000000780000000, 0x0000000780000000)
  eden space 3355520K,   0% used [0x0000000680000000, 0x0000000680000000, 0x000000074cce0000)
  from space 419392K,   7% used [0x000000074cce0000, 0x000000074ea00160, 0x0000000766670000)
  to   space 419392K,   0% used [0x0000000766670000, 0x0000000766670000, 0x0000000780000000)
 concurrent mark-sweep generation total 1048576K, used 10803K [0x0000000780000000, 0x00000007c0000000, 0x00000007c0000000)
 Metaspace       used 2786K, capacity 4496K, committed 4864K, reserved 1056768K
  class space    used 293K, capacity 388K, committed 512K, reserved 1048576K
}
{Heap before GC invocations=480 (full 37):
 par new generation   total 3774912K, used 127418K [0x0000000680000000, 0x0000000780000000, 0x0000000780000000)
  eden space 3355520K,   2% used [0x0000000680000000, 0x0000000685f4ea30, 0x000000074cce0000)
  from space 419392K,   7% used [0x000000074cce0000, 0x000000074ea00160, 0x0000000766670000)
  to   space 419392K,   0% used [0x0000000766670000, 0x0000000766670000, 0x0000000780000000)
 concurrent mark-sweep generation total 1048576K, used 10803K [0x0000000780000000, 0x00000007c0000000, 0x00000007c0000000)
 Metaspace       used 2786K, capacity 4496K, committed 4864K, reserved 1056768K
  class space    used 293K, capacity 388K, committed 512K, reserved 1048576K
236.555: #517: [GC (GCLocker Initiated GC) 236.555: #517: [ParNew: 127418K->24770K(3774912K), 0.0069812 secs] 138222K->35573K(4823488K), 0.0070202 secs] [Times: user=0.03 sys=0.00 real=0.01 secs] 
Heap after GC invocations=481 (full 37):
 par new generation   total 3774912K, used 24770K [0x0000000680000000, 0x0000000780000000, 0x0000000780000000)
  eden space 3355520K,   0% used [0x0000000680000000, 0x0000000680000000, 0x000000074cce0000)
  from space 419392K,   5% used [0x0000000766670000, 0x0000000767ea0920, 0x0000000780000000)
  to   space 419392K,   0% used [0x000000074cce0000, 0x000000074cce0000, 0x0000000766670000)
 concurrent mark-sweep generation total 1048576K, used 10803K [0x0000000780000000, 0x00000007c0000000, 0x00000007c0000000)
 Metaspace       used 2786K, capacity 4496K, committed 4864K, reserved 1056768K
  class space    used 293K, capacity 388K, committed 512K, reserved 1048576K
}
{Heap before GC invocations=481 (full 37):
 par new generation   total 3774912K, used 3380290K [0x0000000680000000, 0x0000000780000000, 0x0000000780000000)
  eden space 3355520K, 100% used [0x0000000680000000, 0x000000074cce0000, 0x000000074cce0000)
  from space 419392K,   5% used [0x0000000766670000, 0x0000000767ea0920, 0x0000000780000000)
  to   space 419392K,   0% used [0x000000074cce0000, 0x000000074cce0000, 0x0000000766670000)
 concurrent mark-sweep generation total 1048576K, used 10803K [0x0000000780000000, 0x00000007c0000000, 0x00000007c0000000)
 Metaspace       used 2786K, capacity 4496K, committed 4864K, reserved 1056768K
  class space    used 293K, capacity 388K, committed 512K, reserved 1048576K
237.134: #518: [GC (Allocation Failure) 237.134: #518: [ParNew: 3380290K->43459K(3774912K), 0.0099994 secs] 3391093K->54263K(4823488K), 0.0100385 secs] [Times: user=0.02 sys=0.00 real=0.01 secs] 
Heap after GC invocations=482 (full 37):
 par new generation   total 3774912K, used 43459K [0x0000000680000000, 0x0000000780000000, 0x0000000780000000)
  eden space 3355520K,   0% used [0x0000000680000000, 0x0000000680000000, 0x000000074cce0000)
  from space 419392K,  10% used [0x000000074cce0000, 0x000000074f750f80, 0x0000000766670000)
  to   space 419392K,   0% used [0x0000000766670000, 0x0000000766670000, 0x0000000780000000)
 concurrent mark-sweep generation total 1048576K, used 10803K [0x0000000780000000, 0x00000007c0000000, 0x00000007c0000000)
 Metaspace       used 2786K, capacity 4496K, committed 4864K, reserved 1056768K
  class space    used 293K, capacity 388K, committed 512K, reserved 1048576K
}
{Heap before GC invocations=482 (full 37):
 par new generation   total 3774912K, used 3400093K [0x0000000680000000, 0x0000000780000000, 0x0000000780000000)
  eden space 3355520K, 100% used [0x0000000680000000, 0x000000074cce0000, 0x000000074cce0000)
  from space 419392K,  10% used [0x000000074cce0000, 0x000000074f8674d8, 0x0000000766670000)
  to   space 419392K,   0% used [0x0000000766670000, 0x0000000766670000, 0x0000000780000000)
 concurrent mark-sweep generation total 1048576K, used 10803K [0x0000000780000000, 0x00000007c0000000, 0x00000007c0000000)
 Metaspace       used 2786K, capacity 4496K, committed 4864K, reserved 1056768K
  class space    used 293K, capacity 388K, committed 512K, reserved 1048576K
237.754: #519: [GC (Allocation Failure) 237.754: #519: [ParNew: 3400093K->30055K(3774912K), 0.0139837 secs] 3410896K->40858K(4823488K), 0.0140275 secs] [Times: user=0.02 sys=0.00 real=0.02 secs] 
Heap after GC invocations=483 (full 37):
 par new generation   total 3774912K, used 30055K [0x0000000680000000, 0x0000000780000000, 0x0000000780000000)
  eden space 3355520K,   0% used [0x0000000680000000, 0x0000000680000000, 0x000000074cce0000)
  from space 419392K,   7% used [0x0000000766670000, 0x00000007683c9e00, 0x0000000780000000)
  to   space 419392K,   0% used [0x000000074cce0000, 0x000000074cce0000, 0x0000000766670000)
 concurrent mark-sweep generation total 1048576K, used 10803K [0x0000000780000000, 0x00000007c0000000, 0x00000007c0000000)
 Metaspace       used 2786K, capacity 4496K, committed 4864K, reserved 1056768K
  class space    used 293K, capacity 388K, committed 512K, reserved 1048576K
}
{Heap before GC invocations=483 (full 37):
 par new generation   total 3774912K, used 95605K [0x0000000680000000, 0x0000000780000000, 0x0000000780000000)
  eden space 3355520K,   1% used [0x0000000680000000, 0x0000000684003688, 0x000000074cce0000)
  from space 419392K,   7% used [0x0000000766670000, 0x00000007683c9e00, 0x0000000780000000)
  to   space 419392K,   0% used [0x000000074cce0000, 0x000000074cce0000, 0x0000000766670000)
 concurrent mark-sweep generation total 1048576K, used 10803K [0x0000000780000000, 0x00000007c0000000, 0x00000007c0000000)
 Metaspace       used 2786K, capacity 4496K, committed 4864K, reserved 1056768K
  class space    used 293K, capacity 388K, committed 512K, reserved 1048576K
237.779: #520: [GC (GCLocker Initiated GC) 237.779: #520: [ParNew: 95605K->22114K(3774912K), 0.0086206 secs] 106408K->32917K(4823488K), 0.0086629 secs] [Times: user=0.03 sys=0.00 real=0.01 secs] 
Heap after GC invocations=484 (full 37):
 par new generation   total 3774912K, used 22114K [0x0000000680000000, 0x0000000780000000, 0x0000000780000000)
  eden space 3355520K,   0% used [0x0000000680000000, 0x0000000680000000, 0x000000074cce0000)
  from space 419392K,   5% used [0x000000074cce0000, 0x000000074e278940, 0x0000000766670000)
  to   space 419392K,   0% used [0x0000000766670000, 0x0000000766670000, 0x0000000780000000)
 concurrent mark-sweep generation total 1048576K, used 10803K [0x0000000780000000, 0x00000007c0000000, 0x00000007c0000000)
 Metaspace       used 2786K, capacity 4496K, committed 4864K, reserved 1056768K
  class space    used 293K, capacity 388K, committed 512K, reserved 1048576K
}
{Heap before GC invocations=484 (full 37):
 par new generation   total 3774912K, used 3377634K [0x0000000680000000, 0x0000000780000000, 0x0000000780000000)
  eden space 3355520K, 100% used [0x0000000680000000, 0x000000074cce0000, 0x000000074cce0000)
  from space 419392K,   5% used [0x000000074cce0000, 0x000000074e278940, 0x0000000766670000)
  to   space 419392K,   0% used [0x0000000766670000, 0x0000000766670000, 0x0000000780000000)
 concurrent mark-sweep generation total 1048576K, used 10803K [0x0000000780000000, 0x00000007c0000000, 0x00000007c0000000)
 Metaspace       used 2786K, capacity 4496K, committed 4864K, reserved 1056768K
  class space    used 293K, capacity 388K, committed 512K, reserved 1048576K
238.363: #521: [GC (Allocation Failure) 238.363: #521: [ParNew: 3377634K->44489K(3774912K), 0.0137871 secs] 3388437K->55292K(4823488K), 0.0138362 secs] [Times: user=0.03 sys=0.00 real=0.02 secs] 
Heap after GC invocations=485 (full 37):
 par new generation   total 3774912K, used 44489K [0x0000000680000000, 0x0000000780000000, 0x0000000780000000)
  eden space 3355520K,   0% used [0x0000000680000000, 0x0000000680000000, 0x000000074cce0000)
  from space 419392K,  10% used [0x0000000766670000, 0x00000007691e25c0, 0x0000000780000000)
  to   space 419392K,   0% used [0x000000074cce0000, 0x000000074cce0000, 0x0000000766670000)
 concurrent mark-sweep generation total 1048576K, used 10803K [0x0000000780000000, 0x00000007c0000000, 0x00000007c0000000)
 Metaspace       used 2786K, capacity 4496K, committed 4864K, reserved 1056768K
  class space    used 293K, capacity 388K, committed 512K, reserved 1048576K
}
{Heap before GC invocations=485 (full 37):
 par new generation   total 3774912K, used 3400009K [0x0000000680000000, 0x0000000780000000, 0x0000000780000000)
  eden space 3355520K, 100% used [0x0000000680000000, 0x000000074cce0000, 0x000000074cce0000)
  from space 419392K,  10% used [0x0000000766670000, 0x00000007691e25c0, 0x0000000780000000)
  to   space 419392K,   0% used [0x000000074cce0000, 0x000000074cce0000, 0x0000000766670000)
 concurrent mark-sweep generation total 1048576K, used 10803K [0x0000000780000000, 0x00000007c0000000, 0x00000007c0000000)
 Metaspace       used 2786K, capacity 4496K, committed 4864K, reserved 1056768K
  class space    used 293K, capacity 388K, committed 512K, reserved 1048576K
238.999: #522: [GC (Allocation Failure) 238.999: #522: [ParNew: 3400009K->31186K(3774912K), 0.0127644 secs] 3410812K->41990K(4823488K), 0.0128249 secs] [Times: user=0.02 sys=0.00 real=0.01 secs] 
Heap after GC invocations=486 (full 37):
 par new generation   total 3774912K, used 31186K [0x0000000680000000, 0x0000000780000000, 0x0000000780000000)
  eden space 3355520K,   0% used [0x0000000680000000, 0x0000000680000000, 0x000000074cce0000)
  from space 419392K,   7% used [0x000000074cce0000, 0x000000074eb54b20, 0x0000000766670000)
  to   space 419392K,   0% used [0x0000000766670000, 0x0000000766670000, 0x0000000780000000)
 concurrent mark-sweep generation total 1048576K, used 10803K [0x0000000780000000, 0x00000007c0000000, 0x00000007c0000000)
 Metaspace       used 2786K, capacity 4496K, committed 4864K, reserved 1056768K
  class space    used 293K, capacity 388K, committed 512K, reserved 1048576K
}
{Heap before GC invocations=486 (full 37):
 par new generation   total 3774912K, used 3388813K [0x0000000680000000, 0x0000000780000000, 0x0000000780000000)
  eden space 3355520K, 100% used [0x0000000680000000, 0x000000074cce0000, 0x000000074cce0000)
  from space 419392K,   7% used [0x000000074cce0000, 0x000000074ed63428, 0x0000000766670000)
  to   space 419392K,   0% used [0x0000000766670000, 0x0000000766670000, 0x0000000780000000)
 concurrent mark-sweep generation total 1048576K, used 10803K [0x0000000780000000, 0x00000007c0000000, 0x00000007c0000000)
 Metaspace       used 2786K, capacity 4496K, committed 4864K, reserved 1056768K
  class space    used 293K, capacity 388K, committed 512K, reserved 1048576K
239.591: #523: [GC (GCLocker Initiated GC) 239.591: #523: [ParNew: 3388813K->29499K(3774912K), 0.0105045 secs] 3399616K->40302K(4823488K), 0.0105445 secs] [Times: user=0.03 sys=0.00 real=0.01 secs] 
Heap after GC invocations=487 (full 37):
 par new generation   total 3774912K, used 29499K [0x0000000680000000, 0x0000000780000000, 0x0000000780000000)
  eden space 3355520K,   0% used [0x0000000680000000, 0x0000000680000000, 0x000000074cce0000)
  from space 419392K,   7% used [0x0000000766670000, 0x000000076833ed78, 0x0000000780000000)
  to   space 419392K,   0% used [0x000000074cce0000, 0x000000074cce0000, 0x0000000766670000)
 concurrent mark-sweep generation total 1048576K, used 10803K [0x0000000780000000, 0x00000007c0000000, 0x00000007c0000000)
 Metaspace       used 2786K, capacity 4496K, committed 4864K, reserved 1056768K
  class space    used 293K, capacity 388K, committed 512K, reserved 1048576K
}
{Heap before GC invocations=487 (full 37):
 par new generation   total 3774912K, used 3385019K [0x0000000680000000, 0x0000000780000000, 0x0000000780000000)
  eden space 3355520K, 100% used [0x0000000680000000, 0x000000074cce0000, 0x000000074cce0000)
  from space 419392K,   7% used [0x0000000766670000, 0x000000076833ed78, 0x0000000780000000)
  to   space 419392K,   0% used [0x000000074cce0000, 0x000000074cce0000, 0x0000000766670000)
 concurrent mark-sweep generation total 1048576K, used 10803K [0x0000000780000000, 0x00000007c0000000, 0x00000007c0000000)
 Metaspace       used 2786K, capacity 4496K, committed 4864K, reserved 1056768K
  class space    used 293K, capacity 388K, committed 512K, reserved 1048576K
240.228: #524: [GC (Allocation Failure) 240.228: #524: [ParNew: 3385019K->29951K(3774912K), 0.0103828 secs] 3395822K->40755K(4823488K), 0.0104158 secs] [Times: user=0.02 sys=0.00 real=0.01 secs] 
Heap after GC invocations=488 (full 37):
 par new generation   total 3774912K, used 29951K [0x0000000680000000, 0x0000000780000000, 0x0000000780000000)
  eden space 3355520K,   0% used [0x0000000680000000, 0x0000000680000000, 0x000000074cce0000)
  from space 419392K,   7% used [0x000000074cce0000, 0x000000074ea1fe50, 0x0000000766670000)
  to   space 419392K,   0% used [0x0000000766670000, 0x0000000766670000, 0x0000000780000000)
 concurrent mark-sweep generation total 1048576K, used 10803K [0x0000000780000000, 0x00000007c0000000, 0x00000007c0000000)
 Metaspace       used 2786K, capacity 4496K, committed 4864K, reserved 1056768K
  class space    used 293K, capacity 388K, committed 512K, reserved 1048576K
}
SYSTEM_GC BEFORE
240.334: #525: [GC (CMS Initial Mark) [1 CMS-initial-mark: 10803K(1048576K)] 558047K(4823488K), 0.1399776 secs] [Times: user=0.47 sys=0.01 real=0.14 secs] 
240.474: #525: [CMS-concurrent-mark-start]
{Heap before GC invocations=488 (full 38):
 par new generation   total 3774912K, used 563777K [0x0000000680000000, 0x0000000780000000, 0x0000000780000000)
  eden space 3355520K,  15% used [0x0000000680000000, 0x00000006a0950750, 0x000000074cce0000)
  from space 419392K,   7% used [0x000000074cce0000, 0x000000074ea1fe50, 0x0000000766670000)
  to   space 419392K,   0% used [0x0000000766670000, 0x0000000766670000, 0x0000000780000000)
 concurrent mark-sweep generation total 1048576K, used 10803K [0x0000000780000000, 0x00000007c0000000, 0x00000007c0000000)
 Metaspace       used 2786K, capacity 4496K, committed 4864K, reserved 1056768K
  class space    used 293K, capacity 388K, committed 512K, reserved 1048576K
240.479: #526: [GC (GCLocker Initiated GC) 240.479: #526: [ParNew: 563777K->7933K(3774912K), 0.0053314 secs] 574580K->18737K(4823488K), 0.0053720 secs] [Times: user=0.01 sys=0.00 real=0.00 secs] 
Heap after GC invocations=489 (full 38):
 par new generation   total 3774912K, used 7933K [0x0000000680000000, 0x0000000780000000, 0x0000000780000000)
  eden space 3355520K,   0% used [0x0000000680000000, 0x0000000680000000, 0x000000074cce0000)
  from space 419392K,   1% used [0x0000000766670000, 0x0000000766e2f6f0, 0x0000000780000000)
  to   space 419392K,   0% used [0x000000074cce0000, 0x000000074cce0000, 0x0000000766670000)
 concurrent mark-sweep generation total 1048576K, used 10803K [0x0000000780000000, 0x00000007c0000000, 0x00000007c0000000)
 Metaspace       used 2786K, capacity 4496K, committed 4864K, reserved 1056768K
  class space    used 293K, capacity 388K, committed 512K, reserved 1048576K
}
240.504: #525: [CMS-concurrent-mark: 0.024/0.030 secs] [Times: user=0.09 sys=0.01 real=0.03 secs] 
240.505: #525: [CMS-concurrent-preclean-start]
240.512: #525: [CMS-concurrent-preclean: 0.007/0.007 secs] [Times: user=0.02 sys=0.00 real=0.01 secs] 
240.512: #525: [CMS-concurrent-abortable-preclean-start]
240.922: #525: [CMS-concurrent-abortable-preclean: 0.104/0.410 secs] [Times: user=1.35 sys=0.04 real=0.41 secs] 
240.922: #525: [GC (CMS Final Remark) [YG occupancy: 2398694 K (3774912 K)]{Heap before GC invocations=489 (full 38):
 par new generation   total 3774912K, used 2398694K [0x0000000680000000, 0x0000000780000000, 0x0000000780000000)
  eden space 3355520K,  71% used [0x0000000680000000, 0x0000000711eba4e8, 0x000000074cce0000)
  from space 419392K,   1% used [0x0000000766670000, 0x0000000766e2f6f0, 0x0000000780000000)
  to   space 419392K,   0% used [0x000000074cce0000, 0x000000074cce0000, 0x0000000766670000)
 concurrent mark-sweep generation total 1048576K, used 10803K [0x0000000780000000, 0x00000007c0000000, 0x00000007c0000000)
 Metaspace       used 2786K, capacity 4496K, committed 4864K, reserved 1056768K
  class space    used 293K, capacity 388K, committed 512K, reserved 1048576K
240.923: #527: [GC (CMS Final Remark) 240.923: #527: [ParNew: 2398694K->23012K(3774912K), 0.0088127 secs] 2409498K->33816K(4823488K), 0.0088483 secs] [Times: user=0.02 sys=0.00 real=0.01 secs] 
Heap after GC invocations=490 (full 38):
 par new generation   total 3774912K, used 23012K [0x0000000680000000, 0x0000000780000000, 0x0000000780000000)
  eden space 3355520K,   0% used [0x0000000680000000, 0x0000000680000000, 0x000000074cce0000)
  from space 419392K,   5% used [0x000000074cce0000, 0x000000074e3593a0, 0x0000000766670000)
  to   space 419392K,   0% used [0x0000000766670000, 0x0000000766670000, 0x0000000780000000)
 concurrent mark-sweep generation total 1048576K, used 10803K [0x0000000780000000, 0x00000007c0000000, 0x00000007c0000000)
 Metaspace       used 2786K, capacity 4496K, committed 4864K, reserved 1056768K
  class space    used 293K, capacity 388K, committed 512K, reserved 1048576K
}
240.931: #525: [Rescan (parallel) , 0.0017543 secs]240.933: #525: [weak refs processing, 0.0000278 secs]240.933: #525: [class unloading, 0.0003572 secs]240.934: #525: [scrub symbol table, 0.0005111 secs]240.934: #525: [scrub string table, 0.0002108 secs][1 CMS-remark: 10803K(1048576K)] 33816K(4823488K), 0.0119557 secs] [Times: user=0.03 sys=0.00 real=0.01 secs] 
240.935: #525: [CMS-concurrent-sweep-start]
240.941: #525: [CMS-concurrent-sweep: 0.007/0.007 secs] [Times: user=0.02 sys=0.01 real=0.01 secs] 
240.942: #525: [CMS-concurrent-reset-start]
SYSTEM_GC AFTER
240.943: #525: [CMS-concurrent-reset: 0.002/0.002 secs] [Times: user=0.01 sys=0.00 real=0.00 secs] 
{Heap before GC invocations=490 (full 38):
 par new generation   total 3774912K, used 3380283K [0x0000000680000000, 0x0000000780000000, 0x0000000780000000)
  eden space 3355520K, 100% used [0x0000000680000000, 0x000000074cce0000, 0x000000074cce0000)
  from space 419392K,   5% used [0x000000074cce0000, 0x000000074e50ecc0, 0x0000000766670000)
  to   space 419392K,   0% used [0x0000000766670000, 0x0000000766670000, 0x0000000780000000)
 concurrent mark-sweep generation total 1048576K, used 10803K [0x0000000780000000, 0x00000007c0000000, 0x00000007c0000000)
 Metaspace       used 2786K, capacity 4496K, committed 4864K, reserved 1056768K
  class space    used 293K, capacity 388K, committed 512K, reserved 1048576K
241.491: #528: [GC (Allocation Failure) 241.491: #528: [ParNew: 3380283K->30174K(3774912K), 0.0106562 secs] 3391086K->40977K(4823488K), 0.0106952 secs] [Times: user=0.03 sys=0.00 real=0.01 secs] 
Heap after GC invocations=491 (full 38):
 par new generation   total 3774912K, used 30174K [0x0000000680000000, 0x0000000780000000, 0x0000000780000000)
  eden space 3355520K,   0% used [0x0000000680000000, 0x0000000680000000, 0x000000074cce0000)
  from space 419392K,   7% used [0x0000000766670000, 0x00000007683e7958, 0x0000000780000000)
  to   space 419392K,   0% used [0x000000074cce0000, 0x000000074cce0000, 0x0000000766670000)
 concurrent mark-sweep generation total 1048576K, used 10803K [0x0000000780000000, 0x00000007c0000000, 0x00000007c0000000)
 Metaspace       used 2786K, capacity 4496K, committed 4864K, reserved 1056768K
  class space    used 293K, capacity 388K, committed 512K, reserved 1048576K
}
{Heap before GC invocations=491 (full 38):
 par new generation   total 3774912K, used 79140K [0x0000000680000000, 0x0000000780000000, 0x0000000780000000)
  eden space 3355520K,   1% used [0x0000000680000000, 0x0000000682fd17e8, 0x000000074cce0000)
  from space 419392K,   7% used [0x0000000766670000, 0x00000007683e7958, 0x0000000780000000)
  to   space 419392K,   0% used [0x000000074cce0000, 0x000000074cce0000, 0x0000000766670000)
 concurrent mark-sweep generation total 1048576K, used 10803K [0x0000000780000000, 0x00000007c0000000, 0x00000007c0000000)
 Metaspace       used 2786K, capacity 4496K, committed 4864K, reserved 1056768K
  class space    used 293K, capacity 388K, committed 512K, reserved 1048576K
241.507: #529: [GC (GCLocker Initiated GC) 241.507: #529: [ParNew: 79140K->26077K(3774912K), 0.0075453 secs] 89943K->36880K(4823488K), 0.0075795 secs] [Times: user=0.03 sys=0.00 real=0.00 secs] 
Heap after GC invocations=492 (full 38):
 par new generation   total 3774912K, used 26077K [0x0000000680000000, 0x0000000780000000, 0x0000000780000000)
  eden space 3355520K,   0% used [0x0000000680000000, 0x0000000680000000, 0x000000074cce0000)
  from space 419392K,   6% used [0x000000074cce0000, 0x000000074e6574e0, 0x0000000766670000)
  to   space 419392K,   0% used [0x0000000766670000, 0x0000000766670000, 0x0000000780000000)
 concurrent mark-sweep generation total 1048576K, used 10803K [0x0000000780000000, 0x00000007c0000000, 0x00000007c0000000)
 Metaspace       used 2786K, capacity 4496K, committed 4864K, reserved 1056768K
  class space    used 293K, capacity 388K, committed 512K, reserved 1048576K
}
{Heap before GC invocations=492 (full 38):
 par new generation   total 3774912K, used 3381597K [0x0000000680000000, 0x0000000780000000, 0x0000000780000000)
  eden space 3355520K, 100% used [0x0000000680000000, 0x000000074cce0000, 0x000000074cce0000)
  from space 419392K,   6% used [0x000000074cce0000, 0x000000074e657510, 0x0000000766670000)
  to   space 419392K,   0% used [0x0000000766670000, 0x0000000766670000, 0x0000000780000000)
 concurrent mark-sweep generation total 1048576K, used 10803K [0x0000000780000000, 0x00000007c0000000, 0x00000007c0000000)
 Metaspace       used 2786K, capacity 4496K, committed 4864K, reserved 1056768K
  class space    used 293K, capacity 388K, committed 512K, reserved 1048576K
242.066: #530: [GC (Allocation Failure) 242.066: #530: [ParNew: 3381597K->45442K(3774912K), 0.0106337 secs] 3392400K->56246K(4823488K), 0.0106703 secs] [Times: user=0.02 sys=0.00 real=0.01 secs] 
Heap after GC invocations=493 (full 38):
 par new generation   total 3774912K, used 45442K [0x0000000680000000, 0x0000000780000000, 0x0000000780000000)
  eden space 3355520K,   0% used [0x0000000680000000, 0x0000000680000000, 0x000000074cce0000)
  from space 419392K,  10% used [0x0000000766670000, 0x00000007692d0a60, 0x0000000780000000)
  to   space 419392K,   0% used [0x000000074cce0000, 0x000000074cce0000, 0x0000000766670000)
 concurrent mark-sweep generation total 1048576K, used 10803K [0x0000000780000000, 0x00000007c0000000, 0x00000007c0000000)
 Metaspace       used 2786K, capacity 4496K, committed 4864K, reserved 1056768K
  class space    used 293K, capacity 388K, committed 512K, reserved 1048576K
}
{Heap before GC invocations=493 (full 38):
 par new generation   total 3774912K, used 143528K [0x0000000680000000, 0x0000000780000000, 0x0000000780000000)
  eden space 3355520K,   2% used [0x0000000680000000, 0x0000000685fc96a0, 0x000000074cce0000)
  from space 419392K,  10% used [0x0000000766670000, 0x00000007692d0a60, 0x0000000780000000)
  to   space 419392K,   0% used [0x000000074cce0000, 0x000000074cce0000, 0x0000000766670000)
 concurrent mark-sweep generation total 1048576K, used 10803K [0x0000000780000000, 0x00000007c0000000, 0x00000007c0000000)
 Metaspace       used 2786K, capacity 4496K, committed 4864K, reserved 1056768K
  class space    used 293K, capacity 388K, committed 512K, reserved 1048576K
242.089: #531: [GC (GCLocker Initiated GC) 242.089: #531: [ParNew: 143528K->24644K(3774912K), 0.0073951 secs] 154331K->35448K(4823488K), 0.0074307 secs] [Times: user=0.03 sys=0.00 real=0.01 secs] 
Heap after GC invocations=494 (full 38):
 par new generation   total 3774912K, used 24644K [0x0000000680000000, 0x0000000780000000, 0x0000000780000000)
  eden space 3355520K,   0% used [0x0000000680000000, 0x0000000680000000, 0x000000074cce0000)
  from space 419392K,   5% used [0x000000074cce0000, 0x000000074e4f1288, 0x0000000766670000)
  to   space 419392K,   0% used [0x0000000766670000, 0x0000000766670000, 0x0000000780000000)
 concurrent mark-sweep generation total 1048576K, used 10803K [0x0000000780000000, 0x00000007c0000000, 0x00000007c0000000)
 Metaspace       used 2786K, capacity 4496K, committed 4864K, reserved 1056768K
  class space    used 293K, capacity 388K, committed 512K, reserved 1048576K
}
{Heap before GC invocations=494 (full 38):
 par new generation   total 3774912K, used 3380239K [0x0000000680000000, 0x0000000780000000, 0x0000000780000000)
  eden space 3355520K, 100% used [0x0000000680000000, 0x000000074cce0000, 0x000000074cce0000)
  from space 419392K,   5% used [0x000000074cce0000, 0x000000074e503d18, 0x0000000766670000)
  to   space 419392K,   0% used [0x0000000766670000, 0x0000000766670000, 0x0000000780000000)
 concurrent mark-sweep generation total 1048576K, used 10803K [0x0000000780000000, 0x00000007c0000000, 0x00000007c0000000)
 Metaspace       used 2786K, capacity 4496K, committed 4864K, reserved 1056768K
  class space    used 293K, capacity 388K, committed 512K, reserved 1048576K
242.659: #532: [GC (Allocation Failure) 242.659: #532: [ParNew: 3380239K->44997K(3774912K), 0.0106211 secs] 3391042K->55801K(4823488K), 0.0106591 secs] [Times: user=0.03 sys=0.00 real=0.01 secs] 
Heap after GC invocations=495 (full 38):
 par new generation   total 3774912K, used 44997K [0x0000000680000000, 0x0000000780000000, 0x0000000780000000)
  eden space 3355520K,   0% used [0x0000000680000000, 0x0000000680000000, 0x000000074cce0000)
  from space 419392K,  10% used [0x0000000766670000, 0x0000000769261680, 0x0000000780000000)
  to   space 419392K,   0% used [0x000000074cce0000, 0x000000074cce0000, 0x0000000766670000)
 concurrent mark-sweep generation total 1048576K, used 10803K [0x0000000780000000, 0x00000007c0000000, 0x00000007c0000000)
 Metaspace       used 2786K, capacity 4496K, committed 4864K, reserved 1056768K
  class space    used 293K, capacity 388K, committed 512K, reserved 1048576K
}
{Heap before GC invocations=495 (full 38):
 par new generation   total 3774912K, used 159591K [0x0000000680000000, 0x0000000780000000, 0x0000000780000000)
  eden space 3355520K,   3% used [0x0000000680000000, 0x0000000686fe88d8, 0x000000074cce0000)
  from space 419392K,  10% used [0x0000000766670000, 0x0000000769261680, 0x0000000780000000)
  to   space 419392K,   0% used [0x000000074cce0000, 0x000000074cce0000, 0x0000000766670000)
 concurrent mark-sweep generation total 1048576K, used 10803K [0x0000000780000000, 0x00000007c0000000, 0x00000007c0000000)
 Metaspace       used 2786K, capacity 4496K, committed 4864K, reserved 1056768K
  class space    used 293K, capacity 388K, committed 512K, reserved 1048576K
242.681: #533: [GC (GCLocker Initiated GC) 242.681: #533: [ParNew: 159591K->24493K(3774912K), 0.0080259 secs] 170395K->35297K(4823488K), 0.0080741 secs] [Times: user=0.03 sys=0.00 real=0.01 secs] 
Heap after GC invocations=496 (full 38):
 par new generation   total 3774912K, used 24493K [0x0000000680000000, 0x0000000780000000, 0x0000000780000000)
  eden space 3355520K,   0% used [0x0000000680000000, 0x0000000680000000, 0x000000074cce0000)
  from space 419392K,   5% used [0x000000074cce0000, 0x000000074e4cb660, 0x0000000766670000)
  to   space 419392K,   0% used [0x0000000766670000, 0x0000000766670000, 0x0000000780000000)
 concurrent mark-sweep generation total 1048576K, used 10803K [0x0000000780000000, 0x00000007c0000000, 0x00000007c0000000)
 Metaspace       used 2786K, capacity 4496K, committed 4864K, reserved 1056768K
  class space    used 293K, capacity 388K, committed 512K, reserved 1048576K
}
{Heap before GC invocations=496 (full 38):
 par new generation   total 3774912K, used 3381889K [0x0000000680000000, 0x0000000780000000, 0x0000000780000000)
  eden space 3355520K, 100% used [0x0000000680000000, 0x000000074cce0000, 0x000000074cce0000)
  from space 419392K,   6% used [0x000000074cce0000, 0x000000074e6a0640, 0x0000000766670000)
  to   space 419392K,   0% used [0x0000000766670000, 0x0000000766670000, 0x0000000780000000)
 concurrent mark-sweep generation total 1048576K, used 10803K [0x0000000780000000, 0x00000007c0000000, 0x00000007c0000000)
 Metaspace       used 2786K, capacity 4496K, committed 4864K, reserved 1056768K
  class space    used 293K, capacity 388K, committed 512K, reserved 1048576K
243.242: #534: [GC (Allocation Failure) 243.242: #534: [ParNew: 3381889K->45693K(3774912K), 0.0106604 secs] 3392693K->56497K(4823488K), 0.0106994 secs] [Times: user=0.02 sys=0.00 real=0.01 secs] 
Heap after GC invocations=497 (full 38):
 par new generation   total 3774912K, used 45693K [0x0000000680000000, 0x0000000780000000, 0x0000000780000000)
  eden space 3355520K,   0% used [0x0000000680000000, 0x0000000680000000, 0x000000074cce0000)
  from space 419392K,  10% used [0x0000000766670000, 0x000000076930f780, 0x0000000780000000)
  to   space 419392K,   0% used [0x000000074cce0000, 0x000000074cce0000, 0x0000000766670000)
 concurrent mark-sweep generation total 1048576K, used 10803K [0x0000000780000000, 0x00000007c0000000, 0x00000007c0000000)
 Metaspace       used 2786K, capacity 4496K, committed 4864K, reserved 1056768K
  class space    used 293K, capacity 388K, committed 512K, reserved 1048576K
}
{Heap before GC invocations=497 (full 38):
 par new generation   total 3774912K, used 77876K [0x0000000680000000, 0x0000000780000000, 0x0000000780000000)
  eden space 3355520K,   0% used [0x0000000680000000, 0x0000000681f6da30, 0x000000074cce0000)
  from space 419392K,  10% used [0x0000000766670000, 0x000000076930f780, 0x0000000780000000)
  to   space 419392K,   0% used [0x000000074cce0000, 0x000000074cce0000, 0x0000000766670000)
 concurrent mark-sweep generation total 1048576K, used 10803K [0x0000000780000000, 0x00000007c0000000, 0x00000007c0000000)
 Metaspace       used 2786K, capacity 4496K, committed 4864K, reserved 1056768K
  class space    used 293K, capacity 388K, committed 512K, reserved 1048576K
243.253: #535: [GC (GCLocker Initiated GC) 243.253: #535: [ParNew: 77876K->30298K(3774912K), 0.0080766 secs] 88679K->41102K(4823488K), 0.0081112 secs] [Times: user=0.03 sys=0.00 real=0.01 secs] 
Heap after GC invocations=498 (full 38):
 par new generation   total 3774912K, used 30298K [0x0000000680000000, 0x0000000780000000, 0x0000000780000000)
  eden space 3355520K,   0% used [0x0000000680000000, 0x0000000680000000, 0x000000074cce0000)
  from space 419392K,   7% used [0x000000074cce0000, 0x000000074ea76b80, 0x0000000766670000)
  to   space 419392K,   0% used [0x0000000766670000, 0x0000000766670000, 0x0000000780000000)
 concurrent mark-sweep generation total 1048576K, used 10803K [0x0000000780000000, 0x00000007c0000000, 0x00000007c0000000)
 Metaspace       used 2786K, capacity 4496K, committed 4864K, reserved 1056768K
  class space    used 293K, capacity 388K, committed 512K, reserved 1048576K
}
{Heap before GC invocations=498 (full 38):
 par new generation   total 3774912K, used 3385818K [0x0000000680000000, 0x0000000780000000, 0x0000000780000000)
  eden space 3355520K, 100% used [0x0000000680000000, 0x000000074cce0000, 0x000000074cce0000)
  from space 419392K,   7% used [0x000000074cce0000, 0x000000074ea76b80, 0x0000000766670000)
  to   space 419392K,   0% used [0x0000000766670000, 0x0000000766670000, 0x0000000780000000)
 concurrent mark-sweep generation total 1048576K, used 10803K [0x0000000780000000, 0x00000007c0000000, 0x00000007c0000000)
 Metaspace       used 2786K, capacity 4496K, committed 4864K, reserved 1056768K
  class space    used 293K, capacity 388K, committed 512K, reserved 1048576K
243.882: #536: [GC (Allocation Failure) 243.882: #536: [ParNew: 3385818K->51852K(3774912K), 0.0120945 secs] 3396622K->62656K(4823488K), 0.0121360 secs] [Times: user=0.02 sys=0.00 real=0.01 secs] 
Heap after GC invocations=499 (full 38):
 par new generation   total 3774912K, used 51852K [0x0000000680000000, 0x0000000780000000, 0x0000000780000000)
  eden space 3355520K,   0% used [0x0000000680000000, 0x0000000680000000, 0x000000074cce0000)
  from space 419392K,  12% used [0x0000000766670000, 0x00000007699133a0, 0x0000000780000000)
  to   space 419392K,   0% used [0x000000074cce0000, 0x000000074cce0000, 0x0000000766670000)
 concurrent mark-sweep generation total 1048576K, used 10803K [0x0000000780000000, 0x00000007c0000000, 0x00000007c0000000)
 Metaspace       used 2786K, capacity 4496K, committed 4864K, reserved 1056768K
  class space    used 293K, capacity 388K, committed 512K, reserved 1048576K
}
{Heap before GC invocations=499 (full 38):
 par new generation   total 3774912K, used 3407372K [0x0000000680000000, 0x0000000780000000, 0x0000000780000000)
  eden space 3355520K, 100% used [0x0000000680000000, 0x000000074cce0000, 0x000000074cce0000)
  from space 419392K,  12% used [0x0000000766670000, 0x00000007699133a0, 0x0000000780000000)
  to   space 419392K,   0% used [0x000000074cce0000, 0x000000074cce0000, 0x0000000766670000)
 concurrent mark-sweep generation total 1048576K, used 10803K [0x0000000780000000, 0x00000007c0000000, 0x00000007c0000000)
 Metaspace       used 2786K, capacity 4496K, committed 4864K, reserved 1056768K
  class space    used 293K, capacity 388K, committed 512K, reserved 1048576K
244.549: #537: [GC (Allocation Failure) 244.549: #537: [ParNew: 3407372K->32176K(3774912K), 0.0166292 secs] 3418176K->42980K(4823488K), 0.0166725 secs] [Times: user=0.03 sys=0.00 real=0.01 secs] 
Heap after GC invocations=500 (full 38):
 par new generation   total 3774912K, used 32176K [0x0000000680000000, 0x0000000780000000, 0x0000000780000000)
  eden space 3355520K,   0% used [0x0000000680000000, 0x0000000680000000, 0x000000074cce0000)
  from space 419392K,   7% used [0x000000074cce0000, 0x000000074ec4c2c0, 0x0000000766670000)
  to   space 419392K,   0% used [0x0000000766670000, 0x0000000766670000, 0x0000000780000000)
 concurrent mark-sweep generation total 1048576K, used 10803K [0x0000000780000000, 0x00000007c0000000, 0x00000007c0000000)
 Metaspace       used 2786K, capacity 4496K, committed 4864K, reserved 1056768K
  class space    used 293K, capacity 388K, committed 512K, reserved 1048576K
}
{Heap before GC invocations=500 (full 38):
 par new generation   total 3774912K, used 3389194K [0x0000000680000000, 0x0000000780000000, 0x0000000780000000)
  eden space 3355520K, 100% used [0x0000000680000000, 0x000000074cce0000, 0x000000074cce0000)
  from space 419392K,   8% used [0x000000074cce0000, 0x000000074edc2b38, 0x0000000766670000)
  to   space 419392K,   0% used [0x0000000766670000, 0x0000000766670000, 0x0000000780000000)
 concurrent mark-sweep generation total 1048576K, used 10803K [0x0000000780000000, 0x00000007c0000000, 0x00000007c0000000)
 Metaspace       used 2786K, capacity 4496K, committed 4864K, reserved 1056768K
  class space    used 293K, capacity 388K, committed 512K, reserved 1048576K
245.206: #538: [GC (GCLocker Initiated GC) 245.206: #538: [ParNew: 3389194K->31404K(3774912K), 0.0112595 secs] 3399998K->42207K(4823488K), 0.0112983 secs] [Times: user=0.03 sys=0.00 real=0.01 secs] 
Heap after GC invocations=501 (full 38):
 par new generation   total 3774912K, used 31404K [0x0000000680000000, 0x0000000780000000, 0x0000000780000000)
  eden space 3355520K,   0% used [0x0000000680000000, 0x0000000680000000, 0x000000074cce0000)
  from space 419392K,   7% used [0x0000000766670000, 0x000000076851b080, 0x0000000780000000)
  to   space 419392K,   0% used [0x000000074cce0000, 0x000000074cce0000, 0x0000000766670000)
 concurrent mark-sweep generation total 1048576K, used 10803K [0x0000000780000000, 0x00000007c0000000, 0x00000007c0000000)
 Metaspace       used 2786K, capacity 4496K, committed 4864K, reserved 1056768K
  class space    used 293K, capacity 388K, committed 512K, reserved 1048576K
}
{Heap before GC invocations=501 (full 38):
 par new generation   total 3774912K, used 3386924K [0x0000000680000000, 0x0000000780000000, 0x0000000780000000)
  eden space 3355520K, 100% used [0x0000000680000000, 0x000000074cce0000, 0x000000074cce0000)
  from space 419392K,   7% used [0x0000000766670000, 0x000000076851b080, 0x0000000780000000)
  to   space 419392K,   0% used [0x000000074cce0000, 0x000000074cce0000, 0x0000000766670000)
 concurrent mark-sweep generation total 1048576K, used 10803K [0x0000000780000000, 0x00000007c0000000, 0x00000007c0000000)
 Metaspace       used 2786K, capacity 4496K, committed 4864K, reserved 1056768K
  class space    used 293K, capacity 388K, committed 512K, reserved 1048576K
245.792: #539: [GC (Allocation Failure) 245.792: #539: [ParNew: 3386924K->30885K(3774912K), 0.0108621 secs] 3397727K->41689K(4823488K), 0.0109094 secs] [Times: user=0.02 sys=0.00 real=0.01 secs] 
Heap after GC invocations=502 (full 38):
 par new generation   total 3774912K, used 30885K [0x0000000680000000, 0x0000000780000000, 0x0000000780000000)
  eden space 3355520K,   0% used [0x0000000680000000, 0x0000000680000000, 0x000000074cce0000)
  from space 419392K,   7% used [0x000000074cce0000, 0x000000074eb09798, 0x0000000766670000)
  to   space 419392K,   0% used [0x0000000766670000, 0x0000000766670000, 0x0000000780000000)
 concurrent mark-sweep generation total 1048576K, used 10803K [0x0000000780000000, 0x00000007c0000000, 0x00000007c0000000)
 Metaspace       used 2786K, capacity 4496K, committed 4864K, reserved 1056768K
  class space    used 293K, capacity 388K, committed 512K, reserved 1048576K
}
SYSTEM_GC BEFORE
{Heap before GC invocations=502 (full 38):
 par new generation   total 3774912K, used 829701K [0x0000000680000000, 0x0000000780000000, 0x0000000780000000)
  eden space 3355520K,  23% used [0x0000000680000000, 0x00000006b0c17dd8, 0x000000074cce0000)
  from space 419392K,   7% used [0x000000074cce0000, 0x000000074eb09798, 0x0000000766670000)
  to   space 419392K,   0% used [0x0000000766670000, 0x0000000766670000, 0x0000000780000000)
 concurrent mark-sweep generation total 1048576K, used 10803K [0x0000000780000000, 0x00000007c0000000, 0x00000007c0000000)
 Metaspace       used 2786K, capacity 4496K, committed 4864K, reserved 1056768K
  class space    used 293K, capacity 388K, committed 512K, reserved 1048576K
245.944: #540: [GC (System.gc()) 245.944: #540: [ParNew: 829701K->9129K(3774912K), 0.0057520 secs] 840504K->19932K(4823488K), 0.0057932 secs] [Times: user=0.02 sys=0.00 real=0.01 secs] 
Heap after GC invocations=503 (full 38):
 par new generation   total 3774912K, used 9129K [0x0000000680000000, 0x0000000780000000, 0x0000000780000000)
  eden space 3355520K,   0% used [0x0000000680000000, 0x0000000680000000, 0x000000074cce0000)
  from space 419392K,   2% used [0x0000000766670000, 0x0000000766f5a5b0, 0x0000000780000000)
  to   space 419392K,   0% used [0x000000074cce0000, 0x000000074cce0000, 0x0000000766670000)
 concurrent mark-sweep generation total 1048576K, used 10803K [0x0000000780000000, 0x00000007c0000000, 0x00000007c0000000)
 Metaspace       used 2786K, capacity 4496K, committed 4864K, reserved 1056768K
  class space    used 293K, capacity 388K, committed 512K, reserved 1048576K
}
245.950: #541: [GC (CMS Initial Mark) [1 CMS-initial-mark: 10803K(1048576K)] 36314K(4823488K), 0.0008379 secs] [Times: user=0.00 sys=0.00 real=0.00 secs] 
245.951: #541: [CMS-concurrent-mark-start]
245.975: #541: [CMS-concurrent-mark: 0.024/0.024 secs] [Times: user=0.08 sys=0.01 real=0.02 secs] 
245.975: #541: [CMS-concurrent-preclean-start]
245.977: #541: [CMS-concurrent-preclean: 0.002/0.002 secs] [Times: user=0.01 sys=0.00 real=0.01 secs] 
245.977: #541: [CMS-concurrent-abortable-preclean-start]
246.407: #541: [CMS-concurrent-abortable-preclean: 0.124/0.430 secs] [Times: user=1.52 sys=0.06 real=0.43 secs] 
246.407: #541: [GC (CMS Final Remark) [YG occupancy: 2699709 K (3774912 K)]246.407: #541: [Rescan (parallel) , 0.7803449 secs]247.188: #541: [weak refs processing, 0.0000158 secs]247.188: #541: [class unloading, 0.0005151 secs]247.188: #541: [scrub symbol table, 0.0006301 secs]247.189: #541: [scrub string table, 0.0002342 secs][1 CMS-remark: 10803K(1048576K)] 2710512K(4823488K), 0.7818808 secs] [Times: user=2.84 sys=0.01 real=0.78 secs] 
247.189: #541: [CMS-concurrent-sweep-start]
{Heap before GC invocations=503 (full 39):
 par new generation   total 3774912K, used 2699709K [0x0000000680000000, 0x0000000780000000, 0x0000000780000000)
  eden space 3355520K,  80% used [0x0000000680000000, 0x0000000724384e80, 0x000000074cce0000)
  from space 419392K,   2% used [0x0000000766670000, 0x0000000766f5a5b0, 0x0000000780000000)
  to   space 419392K,   0% used [0x000000074cce0000, 0x000000074cce0000, 0x0000000766670000)
 concurrent mark-sweep generation total 1048576K, used 10803K [0x0000000780000000, 0x00000007c0000000, 0x00000007c0000000)
 Metaspace       used 2786K, capacity 4496K, committed 4864K, reserved 1056768K
  class space    used 293K, capacity 388K, committed 512K, reserved 1048576K
247.190: #542: [GC (GCLocker Initiated GC) 247.190: #542: [ParNew: 2699709K->24777K(3774912K), 0.0145589 secs] 2710512K->35580K(4823488K), 0.0146166 secs] [Times: user=0.02 sys=0.00 real=0.01 secs] 
Heap after GC invocations=504 (full 39):
 par new generation   total 3774912K, used 24777K [0x0000000680000000, 0x0000000780000000, 0x0000000780000000)
  eden space 3355520K,   0% used [0x0000000680000000, 0x0000000680000000, 0x000000074cce0000)
  from space 419392K,   5% used [0x000000074cce0000, 0x000000074e512498, 0x0000000766670000)
  to   space 419392K,   0% used [0x0000000766670000, 0x0000000766670000, 0x0000000780000000)
 concurrent mark-sweep generation total 1048576K, used 10803K [0x0000000780000000, 0x00000007c0000000, 0x00000007c0000000)
 Metaspace       used 2786K, capacity 4496K, committed 4864K, reserved 1056768K
  class space    used 293K, capacity 388K, committed 512K, reserved 1048576K
}
247.211: #541: [CMS-concurrent-sweep: 0.007/0.022 secs] [Times: user=0.04 sys=0.00 real=0.02 secs] 
247.211: #541: [CMS-concurrent-reset-start]
SYSTEM_GC AFTER
247.212: #541: [CMS-concurrent-reset: 0.001/0.001 secs] [Times: user=0.00 sys=0.00 real=0.00 secs] 
{Heap before GC invocations=504 (full 39):
 par new generation   total 3774912K, used 3380305K [0x0000000680000000, 0x0000000780000000, 0x0000000780000000)
  eden space 3355520K, 100% used [0x0000000680000000, 0x000000074cce0000, 0x000000074cce0000)
  from space 419392K,   5% used [0x000000074cce0000, 0x000000074e5144a8, 0x0000000766670000)
  to   space 419392K,   0% used [0x0000000766670000, 0x0000000766670000, 0x0000000780000000)
 concurrent mark-sweep generation total 1048576K, used 10803K [0x0000000780000000, 0x00000007c0000000, 0x00000007c0000000)
 Metaspace       used 2786K, capacity 4496K, committed 4864K, reserved 1056768K
  class space    used 293K, capacity 388K, committed 512K, reserved 1048576K
247.760: #543: [GC (GCLocker Initiated GC) 247.760: #543: [ParNew: 3380305K->31283K(3774912K), 0.0104812 secs] 3391108K->42087K(4823488K), 0.0105160 secs] [Times: user=0.02 sys=0.00 real=0.01 secs] 
Heap after GC invocations=505 (full 39):
 par new generation   total 3774912K, used 31283K [0x0000000680000000, 0x0000000780000000, 0x0000000780000000)
  eden space 3355520K,   0% used [0x0000000680000000, 0x0000000680000000, 0x000000074cce0000)
  from space 419392K,   7% used [0x0000000766670000, 0x00000007684fce78, 0x0000000780000000)
  to   space 419392K,   0% used [0x000000074cce0000, 0x000000074cce0000, 0x0000000766670000)
 concurrent mark-sweep generation total 1048576K, used 10803K [0x0000000780000000, 0x00000007c0000000, 0x00000007c0000000)
 Metaspace       used 2786K, capacity 4496K, committed 4864K, reserved 1056768K
  class space    used 293K, capacity 388K, committed 512K, reserved 1048576K
}
{Heap before GC invocations=505 (full 39):
 par new generation   total 3774912K, used 3387294K [0x0000000680000000, 0x0000000780000000, 0x0000000780000000)
  eden space 3355520K, 100% used [0x0000000680000000, 0x000000074cce0000, 0x000000074cce0000)
  from space 419392K,   7% used [0x0000000766670000, 0x0000000768577b48, 0x0000000780000000)
  to   space 419392K,   0% used [0x000000074cce0000, 0x000000074cce0000, 0x0000000766670000)
 concurrent mark-sweep generation total 1048576K, used 10803K [0x0000000780000000, 0x00000007c0000000, 0x00000007c0000000)
 Metaspace       used 2786K, capacity 4496K, committed 4864K, reserved 1056768K
  class space    used 293K, capacity 388K, committed 512K, reserved 1048576K
248.308: #544: [GC (GCLocker Initiated GC) 248.308: #544: [ParNew: 3387294K->30171K(3774912K), 0.0105021 secs] 3398098K->40975K(4823488K), 0.0105492 secs] [Times: user=0.03 sys=0.00 real=0.01 secs] 
Heap after GC invocations=506 (full 39):
 par new generation   total 3774912K, used 30171K [0x0000000680000000, 0x0000000780000000, 0x0000000780000000)
  eden space 3355520K,   0% used [0x0000000680000000, 0x0000000680000000, 0x000000074cce0000)
  from space 419392K,   7% used [0x000000074cce0000, 0x000000074ea56ea0, 0x0000000766670000)
  to   space 419392K,   0% used [0x0000000766670000, 0x0000000766670000, 0x0000000780000000)
 concurrent mark-sweep generation total 1048576K, used 10803K [0x0000000780000000, 0x00000007c0000000, 0x00000007c0000000)
 Metaspace       used 2786K, capacity 4496K, committed 4864K, reserved 1056768K
  class space    used 293K, capacity 388K, committed 512K, reserved 1048576K
}
{Heap before GC invocations=506 (full 39):
 par new generation   total 3774912K, used 3385691K [0x0000000680000000, 0x0000000780000000, 0x0000000780000000)
  eden space 3355520K, 100% used [0x0000000680000000, 0x000000074cce0000, 0x000000074cce0000)
  from space 419392K,   7% used [0x000000074cce0000, 0x000000074ea56ea0, 0x0000000766670000)
  to   space 419392K,   0% used [0x0000000766670000, 0x0000000766670000, 0x0000000780000000)
 concurrent mark-sweep generation total 1048576K, used 10803K [0x0000000780000000, 0x00000007c0000000, 0x00000007c0000000)
 Metaspace       used 2786K, capacity 4496K, committed 4864K, reserved 1056768K
  class space    used 293K, capacity 388K, committed 512K, reserved 1048576K
248.870: #545: [GC (Allocation Failure) 248.870: #545: [ParNew: 3385691K->30104K(3774912K), 0.0101919 secs] 3396495K->40907K(4823488K), 0.0102260 secs] [Times: user=0.03 sys=0.00 real=0.01 secs] 
Heap after GC invocations=507 (full 39):
 par new generation   total 3774912K, used 30104K [0x0000000680000000, 0x0000000780000000, 0x0000000780000000)
  eden space 3355520K,   0% used [0x0000000680000000, 0x0000000680000000, 0x000000074cce0000)
  from space 419392K,   7% used [0x0000000766670000, 0x00000007683d6188, 0x0000000780000000)
  to   space 419392K,   0% used [0x000000074cce0000, 0x000000074cce0000, 0x0000000766670000)
 concurrent mark-sweep generation total 1048576K, used 10803K [0x0000000780000000, 0x00000007c0000000, 0x00000007c0000000)
 Metaspace       used 2786K, capacity 4496K, committed 4864K, reserved 1056768K
  class space    used 293K, capacity 388K, committed 512K, reserved 1048576K
}
{Heap before GC invocations=507 (full 39):
 par new generation   total 3774912K, used 3385624K [0x0000000680000000, 0x0000000780000000, 0x0000000780000000)
  eden space 3355520K, 100% used [0x0000000680000000, 0x000000074cce0000, 0x000000074cce0000)
  from space 419392K,   7% used [0x0000000766670000, 0x00000007683d6188, 0x0000000780000000)
  to   space 419392K,   0% used [0x000000074cce0000, 0x000000074cce0000, 0x0000000766670000)
 concurrent mark-sweep generation total 1048576K, used 10803K [0x0000000780000000, 0x00000007c0000000, 0x00000007c0000000)
 Metaspace       used 2786K, capacity 4496K, committed 4864K, reserved 1056768K
  class space    used 293K, capacity 388K, committed 512K, reserved 1048576K
249.412: #546: [GC (Allocation Failure) 249.412: #546: [ParNew: 3385624K->28961K(3774912K), 0.0104473 secs] 3396427K->39764K(4823488K), 0.0104914 secs] [Times: user=0.02 sys=0.00 real=0.01 secs] 
Heap after GC invocations=508 (full 39):
 par new generation   total 3774912K, used 28961K [0x0000000680000000, 0x0000000780000000, 0x0000000780000000)
  eden space 3355520K,   0% used [0x0000000680000000, 0x0000000680000000, 0x000000074cce0000)
  from space 419392K,   6% used [0x000000074cce0000, 0x000000074e928480, 0x0000000766670000)
  to   space 419392K,   0% used [0x0000000766670000, 0x0000000766670000, 0x0000000780000000)
 concurrent mark-sweep generation total 1048576K, used 10803K [0x0000000780000000, 0x00000007c0000000, 0x00000007c0000000)
 Metaspace       used 2786K, capacity 4496K, committed 4864K, reserved 1056768K
  class space    used 293K, capacity 388K, committed 512K, reserved 1048576K
}
{Heap before GC invocations=508 (full 39):
 par new generation   total 3774912K, used 3384481K [0x0000000680000000, 0x0000000780000000, 0x0000000780000000)
  eden space 3355520K, 100% used [0x0000000680000000, 0x000000074cce0000, 0x000000074cce0000)
  from space 419392K,   6% used [0x000000074cce0000, 0x000000074e928480, 0x0000000766670000)
  to   space 419392K,   0% used [0x0000000766670000, 0x0000000766670000, 0x0000000780000000)
 concurrent mark-sweep generation total 1048576K, used 10803K [0x0000000780000000, 0x00000007c0000000, 0x00000007c0000000)
 Metaspace       used 2786K, capacity 4496K, committed 4864K, reserved 1056768K
  class space    used 293K, capacity 388K, committed 512K, reserved 1048576K
249.971: #547: [GC (Allocation Failure) 249.971: #547: [ParNew: 3384481K->31112K(3774912K), 0.0102125 secs] 3395284K->41916K(4823488K), 0.0102467 secs] [Times: user=0.03 sys=0.00 real=0.01 secs] 
Heap after GC invocations=509 (full 39):
 par new generation   total 3774912K, used 31112K [0x0000000680000000, 0x0000000780000000, 0x0000000780000000)
  eden space 3355520K,   0% used [0x0000000680000000, 0x0000000680000000, 0x000000074cce0000)
  from space 419392K,   7% used [0x0000000766670000, 0x00000007684d2310, 0x0000000780000000)
  to   space 419392K,   0% used [0x000000074cce0000, 0x000000074cce0000, 0x0000000766670000)
 concurrent mark-sweep generation total 1048576K, used 10803K [0x0000000780000000, 0x00000007c0000000, 0x00000007c0000000)
 Metaspace       used 2786K, capacity 4496K, committed 4864K, reserved 1056768K
  class space    used 293K, capacity 388K, committed 512K, reserved 1048576K
}
{Heap before GC invocations=509 (full 39):
 par new generation   total 3774912K, used 3386632K [0x0000000680000000, 0x0000000780000000, 0x0000000780000000)
  eden space 3355520K, 100% used [0x0000000680000000, 0x000000074cce0000, 0x000000074cce0000)
  from space 419392K,   7% used [0x0000000766670000, 0x00000007684d2328, 0x0000000780000000)
  to   space 419392K,   0% used [0x000000074cce0000, 0x000000074cce0000, 0x0000000766670000)
 concurrent mark-sweep generation total 1048576K, used 10803K [0x0000000780000000, 0x00000007c0000000, 0x00000007c0000000)
 Metaspace       used 2786K, capacity 4496K, committed 4864K, reserved 1056768K
  class space    used 293K, capacity 388K, committed 512K, reserved 1048576K
250.520: #548: [GC (Allocation Failure) 250.520: #548: [ParNew: 3386632K->29729K(3774912K), 0.0111119 secs] 3397436K->40532K(4823488K), 0.0111731 secs] [Times: user=0.02 sys=0.00 real=0.01 secs] 
Heap after GC invocations=510 (full 39):
 par new generation   total 3774912K, used 29729K [0x0000000680000000, 0x0000000780000000, 0x0000000780000000)
  eden space 3355520K,   0% used [0x0000000680000000, 0x0000000680000000, 0x000000074cce0000)
  from space 419392K,   7% used [0x000000074cce0000, 0x000000074e9e8470, 0x0000000766670000)
  to   space 419392K,   0% used [0x0000000766670000, 0x0000000766670000, 0x0000000780000000)
 concurrent mark-sweep generation total 1048576K, used 10803K [0x0000000780000000, 0x00000007c0000000, 0x00000007c0000000)
 Metaspace       used 2786K, capacity 4496K, committed 4864K, reserved 1056768K
  class space    used 293K, capacity 388K, committed 512K, reserved 1048576K
}
{Heap before GC invocations=510 (full 39):
 par new generation   total 3774912K, used 143952K [0x0000000680000000, 0x0000000780000000, 0x0000000780000000)
  eden space 3355520K,   3% used [0x0000000680000000, 0x0000000686f8bc88, 0x000000074cce0000)
  from space 419392K,   7% used [0x000000074cce0000, 0x000000074e9e8470, 0x0000000766670000)
  to   space 419392K,   0% used [0x0000000766670000, 0x0000000766670000, 0x0000000780000000)
 concurrent mark-sweep generation total 1048576K, used 10803K [0x0000000780000000, 0x00000007c0000000, 0x00000007c0000000)
 Metaspace       used 2786K, capacity 4496K, committed 4864K, reserved 1056768K
  class space    used 293K, capacity 388K, committed 512K, reserved 1048576K
250.542: #549: [GC (GCLocker Initiated GC) 250.542: #549: [ParNew: 143952K->24485K(3774912K), 0.0066934 secs] 154755K->35289K(4823488K), 0.0067262 secs] [Times: user=0.03 sys=0.00 real=0.01 secs] 
Heap after GC invocations=511 (full 39):
 par new generation   total 3774912K, used 24485K [0x0000000680000000, 0x0000000780000000, 0x0000000780000000)
  eden space 3355520K,   0% used [0x0000000680000000, 0x0000000680000000, 0x000000074cce0000)
  from space 419392K,   5% used [0x0000000766670000, 0x0000000767e597c0, 0x0000000780000000)
  to   space 419392K,   0% used [0x000000074cce0000, 0x000000074cce0000, 0x0000000766670000)
 concurrent mark-sweep generation total 1048576K, used 10803K [0x0000000780000000, 0x00000007c0000000, 0x00000007c0000000)
 Metaspace       used 2786K, capacity 4496K, committed 4864K, reserved 1056768K
  class space    used 293K, capacity 388K, committed 512K, reserved 1048576K
}
{Heap before GC invocations=511 (full 39):
 par new generation   total 3774912K, used 3381884K [0x0000000680000000, 0x0000000780000000, 0x0000000780000000)
  eden space 3355520K, 100% used [0x0000000680000000, 0x000000074cce0000, 0x000000074cce0000)
  from space 419392K,   6% used [0x0000000766670000, 0x000000076802f158, 0x0000000780000000)
  to   space 419392K,   0% used [0x000000074cce0000, 0x000000074cce0000, 0x0000000766670000)
 concurrent mark-sweep generation total 1048576K, used 10803K [0x0000000780000000, 0x00000007c0000000, 0x00000007c0000000)
 Metaspace       used 2786K, capacity 4496K, committed 4864K, reserved 1056768K
  class space    used 293K, capacity 388K, committed 512K, reserved 1048576K
251.122: #550: [GC (GCLocker Initiated GC) 251.122: #550: [ParNew: 3381884K->44212K(3774912K), 0.0110753 secs] 3392687K->55016K(4823488K), 0.0111106 secs] [Times: user=0.02 sys=0.00 real=0.01 secs] 
Heap after GC invocations=512 (full 39):
 par new generation   total 3774912K, used 44212K [0x0000000680000000, 0x0000000780000000, 0x0000000780000000)
  eden space 3355520K,   0% used [0x0000000680000000, 0x0000000680000000, 0x000000074cce0000)
  from space 419392K,  10% used [0x000000074cce0000, 0x000000074f80d380, 0x0000000766670000)
  to   space 419392K,   0% used [0x0000000766670000, 0x0000000766670000, 0x0000000780000000)
 concurrent mark-sweep generation total 1048576K, used 10803K [0x0000000780000000, 0x00000007c0000000, 0x00000007c0000000)
 Metaspace       used 2786K, capacity 4496K, committed 4864K, reserved 1056768K
  class space    used 293K, capacity 388K, committed 512K, reserved 1048576K
}
{Heap before GC invocations=512 (full 39):
 par new generation   total 3774912K, used 3399736K [0x0000000680000000, 0x0000000780000000, 0x0000000780000000)
  eden space 3355520K, 100% used [0x0000000680000000, 0x000000074cce0000, 0x000000074cce0000)
  from space 419392K,  10% used [0x000000074cce0000, 0x000000074f80e390, 0x0000000766670000)
  to   space 419392K,   0% used [0x0000000766670000, 0x0000000766670000, 0x0000000780000000)
 concurrent mark-sweep generation total 1048576K, used 10803K [0x0000000780000000, 0x00000007c0000000, 0x00000007c0000000)
 Metaspace       used 2786K, capacity 4496K, committed 4864K, reserved 1056768K
  class space    used 293K, capacity 388K, committed 512K, reserved 1048576K
251.700: #551: [GC (Allocation Failure) 251.701: #551: [ParNew: 3399736K->32147K(3774912K), 0.0105468 secs] 3410540K->42951K(4823488K), 0.0105860 secs] [Times: user=0.02 sys=0.00 real=0.01 secs] 
Heap after GC invocations=513 (full 39):
 par new generation   total 3774912K, used 32147K [0x0000000680000000, 0x0000000780000000, 0x0000000780000000)
  eden space 3355520K,   0% used [0x0000000680000000, 0x0000000680000000, 0x000000074cce0000)
  from space 419392K,   7% used [0x0000000766670000, 0x00000007685d4e60, 0x0000000780000000)
  to   space 419392K,   0% used [0x000000074cce0000, 0x000000074cce0000, 0x0000000766670000)
 concurrent mark-sweep generation total 1048576K, used 10803K [0x0000000780000000, 0x00000007c0000000, 0x00000007c0000000)
 Metaspace       used 2786K, capacity 4496K, committed 4864K, reserved 1056768K
  class space    used 293K, capacity 388K, committed 512K, reserved 1048576K
}
{Heap before GC invocations=513 (full 39):
 par new generation   total 3774912K, used 146223K [0x0000000680000000, 0x0000000780000000, 0x0000000780000000)
  eden space 3355520K,   3% used [0x0000000680000000, 0x0000000686f67168, 0x000000074cce0000)
  from space 419392K,   7% used [0x0000000766670000, 0x00000007685d4e60, 0x0000000780000000)
  to   space 419392K,   0% used [0x000000074cce0000, 0x000000074cce0000, 0x0000000766670000)
 concurrent mark-sweep generation total 1048576K, used 10803K [0x0000000780000000, 0x00000007c0000000, 0x00000007c0000000)
 Metaspace       used 2786K, capacity 4496K, committed 4864K, reserved 1056768K
  class space    used 293K, capacity 388K, committed 512K, reserved 1048576K
251.722: #552: [GC (GCLocker Initiated GC) 251.722: #552: [ParNew: 146223K->24852K(3774912K), 0.0071160 secs] 157027K->35655K(4823488K), 0.0071780 secs] [Times: user=0.02 sys=0.00 real=0.01 secs] 
Heap after GC invocations=514 (full 39):
 par new generation   total 3774912K, used 24852K [0x0000000680000000, 0x0000000780000000, 0x0000000780000000)
  eden space 3355520K,   0% used [0x0000000680000000, 0x0000000680000000, 0x000000074cce0000)
  from space 419392K,   5% used [0x000000074cce0000, 0x000000074e525168, 0x0000000766670000)
  to   space 419392K,   0% used [0x0000000766670000, 0x0000000766670000, 0x0000000780000000)
 concurrent mark-sweep generation total 1048576K, used 10803K [0x0000000780000000, 0x00000007c0000000, 0x00000007c0000000)
 Metaspace       used 2786K, capacity 4496K, committed 4864K, reserved 1056768K
  class space    used 293K, capacity 388K, committed 512K, reserved 1048576K
}
SYSTEM_GC BEFORE
252.213: #553: [GC (CMS Initial Mark) [1 CMS-initial-mark: 10803K(1048576K)] 2961583K(4823488K), 0.7685705 secs] [Times: user=2.90 sys=0.00 real=0.77 secs] 
252.981: #553: [CMS-concurrent-mark-start]
{Heap before GC invocations=514 (full 40):
 par new generation   total 3774912K, used 2950780K [0x0000000680000000, 0x0000000780000000, 0x0000000780000000)
  eden space 3355520K,  87% used [0x0000000680000000, 0x0000000732959ec8, 0x000000074cce0000)
  from space 419392K,   5% used [0x000000074cce0000, 0x000000074e525168, 0x0000000766670000)
  to   space 419392K,   0% used [0x0000000766670000, 0x0000000766670000, 0x0000000780000000)
 concurrent mark-sweep generation total 1048576K, used 10803K [0x0000000780000000, 0x00000007c0000000, 0x00000007c0000000)
 Metaspace       used 2786K, capacity 4496K, committed 4864K, reserved 1056768K
  class space    used 293K, capacity 388K, committed 512K, reserved 1048576K
252.982: #554: [GC (GCLocker Initiated GC) 252.982: #554: [ParNew: 2950780K->41303K(3774912K), 0.0101129 secs] 2961583K->52106K(4823488K), 0.0101475 secs] [Times: user=0.02 sys=0.00 real=0.01 secs] 
Heap after GC invocations=515 (full 40):
 par new generation   total 3774912K, used 41303K [0x0000000680000000, 0x0000000780000000, 0x0000000780000000)
  eden space 3355520K,   0% used [0x0000000680000000, 0x0000000680000000, 0x000000074cce0000)
  from space 419392K,   9% used [0x0000000766670000, 0x0000000768ec5e20, 0x0000000780000000)
  to   space 419392K,   0% used [0x000000074cce0000, 0x000000074cce0000, 0x0000000766670000)
 concurrent mark-sweep generation total 1048576K, used 10803K [0x0000000780000000, 0x00000007c0000000, 0x00000007c0000000)
 Metaspace       used 2786K, capacity 4496K, committed 4864K, reserved 1056768K
  class space    used 293K, capacity 388K, committed 512K, reserved 1048576K
}
253.025: #553: [CMS-concurrent-mark: 0.034/0.044 secs] [Times: user=0.11 sys=0.02 real=0.04 secs] 
253.025: #553: [CMS-concurrent-preclean-start]
253.027: #553: [CMS-concurrent-preclean: 0.002/0.002 secs] [Times: user=0.01 sys=0.00 real=0.01 secs] 
253.027: #553: [CMS-concurrent-abortable-preclean-start]
253.484: #553: [CMS-concurrent-abortable-preclean: 0.153/0.456 secs] [Times: user=1.45 sys=0.10 real=0.45 secs] 
253.484: #553: [GC (CMS Final Remark) [YG occupancy: 2638499 K (3774912 K)]253.484: #553: [Rescan (parallel) , 0.8834623 secs]254.368: #553: [weak refs processing, 0.0000153 secs]254.368: #553: [class unloading, 0.0003431 secs]254.368: #553: [scrub symbol table, 0.0004272 secs]254.369: #553: [scrub string table, 0.0001726 secs][1 CMS-remark: 10803K(1048576K)] 2649303K(4823488K), 0.8845344 secs] [Times: user=2.79 sys=0.00 real=0.89 secs] 
254.369: #553: [CMS-concurrent-sweep-start]
254.375: #553: [CMS-concurrent-sweep: 0.007/0.007 secs] [Times: user=0.02 sys=0.00 real=0.00 secs] 
254.376: #553: [CMS-concurrent-reset-start]
254.378: #553: [CMS-concurrent-reset: 0.002/0.002 secs] [Times: user=0.01 sys=0.00 real=0.01 secs] 
SYSTEM_GC AFTER
{Heap before GC invocations=515 (full 40):
 par new generation   total 3774912K, used 2719806K [0x0000000680000000, 0x0000000780000000, 0x0000000780000000)
  eden space 3355520K,  79% used [0x0000000680000000, 0x00000007237b9a48, 0x000000074cce0000)
  from space 419392K,   9% used [0x0000000766670000, 0x0000000768ec5e20, 0x0000000780000000)
  to   space 419392K,   0% used [0x000000074cce0000, 0x000000074cce0000, 0x0000000766670000)
 concurrent mark-sweep generation total 1048576K, used 10803K [0x0000000780000000, 0x00000007c0000000, 0x00000007c0000000)
 Metaspace       used 2786K, capacity 4496K, committed 4864K, reserved 1056768K
  class space    used 293K, capacity 388K, committed 512K, reserved 1048576K
254.379: #555: [GC (GCLocker Initiated GC) 254.379: #555: [ParNew: 2719806K->26411K(3774912K), 0.0113114 secs] 2730609K->37214K(4823488K), 0.0113587 secs] [Times: user=0.02 sys=0.00 real=0.01 secs] 
Heap after GC invocations=516 (full 40):
 par new generation   total 3774912K, used 26411K [0x0000000680000000, 0x0000000780000000, 0x0000000780000000)
  eden space 3355520K,   0% used [0x0000000680000000, 0x0000000680000000, 0x000000074cce0000)
  from space 419392K,   6% used [0x000000074cce0000, 0x000000074e6aae20, 0x0000000766670000)
  to   space 419392K,   0% used [0x0000000766670000, 0x0000000766670000, 0x0000000780000000)
 concurrent mark-sweep generation total 1048576K, used 10803K [0x0000000780000000, 0x00000007c0000000, 0x00000007c0000000)
 Metaspace       used 2786K, capacity 4496K, committed 4864K, reserved 1056768K
  class space    used 293K, capacity 388K, committed 512K, reserved 1048576K
}
{Heap before GC invocations=516 (full 40):
 par new generation   total 3774912K, used 3381931K [0x0000000680000000, 0x0000000780000000, 0x0000000780000000)
  eden space 3355520K, 100% used [0x0000000680000000, 0x000000074cce0000, 0x000000074cce0000)
  from space 419392K,   6% used [0x000000074cce0000, 0x000000074e6aae20, 0x0000000766670000)
  to   space 419392K,   0% used [0x0000000766670000, 0x0000000766670000, 0x0000000780000000)
 concurrent mark-sweep generation total 1048576K, used 10803K [0x0000000780000000, 0x00000007c0000000, 0x00000007c0000000)
 Metaspace       used 2786K, capacity 4496K, committed 4864K, reserved 1056768K
  class space    used 293K, capacity 388K, committed 512K, reserved 1048576K
255.012: #556: [GC (Allocation Failure) 255.012: #556: [ParNew: 3381931K->32209K(3774912K), 0.0116218 secs] 3392734K->43013K(4823488K), 0.0116637 secs] [Times: user=0.03 sys=0.00 real=0.01 secs] 
Heap after GC invocations=517 (full 40):
 par new generation   total 3774912K, used 32209K [0x0000000680000000, 0x0000000780000000, 0x0000000780000000)
  eden space 3355520K,   0% used [0x0000000680000000, 0x0000000680000000, 0x000000074cce0000)
  from space 419392K,   7% used [0x0000000766670000, 0x00000007685e4640, 0x0000000780000000)
  to   space 419392K,   0% used [0x000000074cce0000, 0x000000074cce0000, 0x0000000766670000)
 concurrent mark-sweep generation total 1048576K, used 10803K [0x0000000780000000, 0x00000007c0000000, 0x00000007c0000000)
 Metaspace       used 2786K, capacity 4496K, committed 4864K, reserved 1056768K
  class space    used 293K, capacity 388K, committed 512K, reserved 1048576K
}
{Heap before GC invocations=517 (full 40):
 par new generation   total 3774912K, used 3387729K [0x0000000680000000, 0x0000000780000000, 0x0000000780000000)
  eden space 3355520K, 100% used [0x0000000680000000, 0x000000074cce0000, 0x000000074cce0000)
  from space 419392K,   7% used [0x0000000766670000, 0x00000007685e4640, 0x0000000780000000)
  to   space 419392K,   0% used [0x000000074cce0000, 0x000000074cce0000, 0x0000000766670000)
 concurrent mark-sweep generation total 1048576K, used 10803K [0x0000000780000000, 0x00000007c0000000, 0x00000007c0000000)
 Metaspace       used 2786K, capacity 4496K, committed 4864K, reserved 1056768K
  class space    used 293K, capacity 388K, committed 512K, reserved 1048576K
255.694: #557: [GC (Allocation Failure) 255.694: #557: [ParNew: 3387729K->31709K(3774912K), 0.0147248 secs] 3398533K->42512K(4823488K), 0.0147739 secs] [Times: user=0.02 sys=0.00 real=0.02 secs] 
Heap after GC invocations=518 (full 40):
 par new generation   total 3774912K, used 31709K [0x0000000680000000, 0x0000000780000000, 0x0000000780000000)
  eden space 3355520K,   0% used [0x0000000680000000, 0x0000000680000000, 0x000000074cce0000)
  from space 419392K,   7% used [0x000000074cce0000, 0x000000074ebd7448, 0x0000000766670000)
  to   space 419392K,   0% used [0x0000000766670000, 0x0000000766670000, 0x0000000780000000)
 concurrent mark-sweep generation total 1048576K, used 10803K [0x0000000780000000, 0x00000007c0000000, 0x00000007c0000000)
 Metaspace       used 2786K, capacity 4496K, committed 4864K, reserved 1056768K
  class space    used 293K, capacity 388K, committed 512K, reserved 1048576K
}
{Heap before GC invocations=518 (full 40):
 par new generation   total 3774912K, used 3387229K [0x0000000680000000, 0x0000000780000000, 0x0000000780000000)
  eden space 3355520K, 100% used [0x0000000680000000, 0x000000074cce0000, 0x000000074cce0000)
  from space 419392K,   7% used [0x000000074cce0000, 0x000000074ebd7448, 0x0000000766670000)
  to   space 419392K,   0% used [0x0000000766670000, 0x0000000766670000, 0x0000000780000000)
 concurrent mark-sweep generation total 1048576K, used 10803K [0x0000000780000000, 0x00000007c0000000, 0x00000007c0000000)
 Metaspace       used 2786K, capacity 4496K, committed 4864K, reserved 1056768K
  class space    used 293K, capacity 388K, committed 512K, reserved 1048576K
256.412: #558: [GC (Allocation Failure) 256.412: #558: [ParNew: 3387229K->29890K(3774912K), 0.0113512 secs] 3398032K->40693K(4823488K), 0.0114014 secs] [Times: user=0.03 sys=0.00 real=0.01 secs] 
Heap after GC invocations=519 (full 40):
 par new generation   total 3774912K, used 29890K [0x0000000680000000, 0x0000000780000000, 0x0000000780000000)
  eden space 3355520K,   0% used [0x0000000680000000, 0x0000000680000000, 0x000000074cce0000)
  from space 419392K,   7% used [0x0000000766670000, 0x00000007683a0928, 0x0000000780000000)
  to   space 419392K,   0% used [0x000000074cce0000, 0x000000074cce0000, 0x0000000766670000)
 concurrent mark-sweep generation total 1048576K, used 10803K [0x0000000780000000, 0x00000007c0000000, 0x00000007c0000000)
 Metaspace       used 2786K, capacity 4496K, committed 4864K, reserved 1056768K
  class space    used 293K, capacity 388K, committed 512K, reserved 1048576K
}
{Heap before GC invocations=519 (full 40):
 par new generation   total 3774912K, used 3386156K [0x0000000680000000, 0x0000000780000000, 0x0000000780000000)
  eden space 3355520K, 100% used [0x0000000680000000, 0x000000074cce0000, 0x000000074cce0000)
  from space 419392K,   7% used [0x0000000766670000, 0x000000076845b368, 0x0000000780000000)
  to   space 419392K,   0% used [0x000000074cce0000, 0x000000074cce0000, 0x0000000766670000)
 concurrent mark-sweep generation total 1048576K, used 10803K [0x0000000780000000, 0x00000007c0000000, 0x00000007c0000000)
 Metaspace       used 2786K, capacity 4496K, committed 4864K, reserved 1056768K
  class space    used 293K, capacity 388K, committed 512K, reserved 1048576K
257.158: #559: [GC (GCLocker Initiated GC) 257.158: #559: [ParNew: 3386156K->29455K(3774912K), 0.0164307 secs] 3396960K->40258K(4823488K), 0.0164725 secs] [Times: user=0.02 sys=0.00 real=0.01 secs] 
Heap after GC invocations=520 (full 40):
 par new generation   total 3774912K, used 29455K [0x0000000680000000, 0x0000000780000000, 0x0000000780000000)
  eden space 3355520K,   0% used [0x0000000680000000, 0x0000000680000000, 0x000000074cce0000)
  from space 419392K,   7% used [0x000000074cce0000, 0x000000074e9a3de0, 0x0000000766670000)
  to   space 419392K,   0% used [0x0000000766670000, 0x0000000766670000, 0x0000000780000000)
 concurrent mark-sweep generation total 1048576K, used 10803K [0x0000000780000000, 0x00000007c0000000, 0x00000007c0000000)
 Metaspace       used 2786K, capacity 4496K, committed 4864K, reserved 1056768K
  class space    used 293K, capacity 388K, committed 512K, reserved 1048576K
}
{Heap before GC invocations=520 (full 40):
 par new generation   total 3774912K, used 3386738K [0x0000000680000000, 0x0000000780000000, 0x0000000780000000)
  eden space 3355520K, 100% used [0x0000000680000000, 0x000000074cce0000, 0x000000074cce0000)
  from space 419392K,   7% used [0x000000074cce0000, 0x000000074eb5c838, 0x0000000766670000)
  to   space 419392K,   0% used [0x0000000766670000, 0x0000000766670000, 0x0000000780000000)
 concurrent mark-sweep generation total 1048576K, used 10803K [0x0000000780000000, 0x00000007c0000000, 0x00000007c0000000)
 Metaspace       used 2786K, capacity 4496K, committed 4864K, reserved 1056768K
  class space    used 293K, capacity 388K, committed 512K, reserved 1048576K
258.046: #560: [GC (GCLocker Initiated GC) 258.046: #560: [ParNew: 3386738K->31870K(3774912K), 0.0133114 secs] 3397541K->42674K(4823488K), 0.0133508 secs] [Times: user=0.02 sys=0.00 real=0.02 secs] 
Heap after GC invocations=521 (full 40):
 par new generation   total 3774912K, used 31870K [0x0000000680000000, 0x0000000780000000, 0x0000000780000000)
  eden space 3355520K,   0% used [0x0000000680000000, 0x0000000680000000, 0x000000074cce0000)
  from space 419392K,   7% used [0x0000000766670000, 0x000000076858fb40, 0x0000000780000000)
  to   space 419392K,   0% used [0x000000074cce0000, 0x000000074cce0000, 0x0000000766670000)
 concurrent mark-sweep generation total 1048576K, used 10803K [0x0000000780000000, 0x00000007c0000000, 0x00000007c0000000)
 Metaspace       used 2786K, capacity 4496K, committed 4864K, reserved 1056768K
  class space    used 293K, capacity 388K, committed 512K, reserved 1048576K
}
{Heap before GC invocations=521 (full 40):
 par new generation   total 3774912K, used 3389232K [0x0000000680000000, 0x0000000780000000, 0x0000000780000000)
  eden space 3355520K, 100% used [0x0000000680000000, 0x000000074cce0000, 0x000000074cce0000)
  from space 419392K,   8% used [0x0000000766670000, 0x000000076875c338, 0x0000000780000000)
  to   space 419392K,   0% used [0x000000074cce0000, 0x000000074cce0000, 0x0000000766670000)
 concurrent mark-sweep generation total 1048576K, used 10803K [0x0000000780000000, 0x00000007c0000000, 0x00000007c0000000)
 Metaspace       used 2786K, capacity 4496K, committed 4864K, reserved 1056768K
  class space    used 293K, capacity 388K, committed 512K, reserved 1048576K
259.235: #561: [GC (Allocation Failure) 259.235: #561: [ParNew: 3389232K->31616K(3774912K), 0.0152299 secs] 3400036K->42420K(4823488K), 0.0152742 secs] [Times: user=0.03 sys=0.00 real=0.02 secs] 
Heap after GC invocations=522 (full 40):
 par new generation   total 3774912K, used 31616K [0x0000000680000000, 0x0000000780000000, 0x0000000780000000)
  eden space 3355520K,   0% used [0x0000000680000000, 0x0000000680000000, 0x000000074cce0000)
  from space 419392K,   7% used [0x000000074cce0000, 0x000000074ebc0340, 0x0000000766670000)
  to   space 419392K,   0% used [0x0000000766670000, 0x0000000766670000, 0x0000000780000000)
 concurrent mark-sweep generation total 1048576K, used 10803K [0x0000000780000000, 0x00000007c0000000, 0x00000007c0000000)
 Metaspace       used 2786K, capacity 4496K, committed 4864K, reserved 1056768K
  class space    used 293K, capacity 388K, committed 512K, reserved 1048576K
}
{Heap before GC invocations=522 (full 40):
 par new generation   total 3774912K, used 113283K [0x0000000680000000, 0x0000000780000000, 0x0000000780000000)
  eden space 3355520K,   2% used [0x0000000680000000, 0x0000000684fc09a0, 0x000000074cce0000)
  from space 419392K,   7% used [0x000000074cce0000, 0x000000074ebc0340, 0x0000000766670000)
  to   space 419392K,   0% used [0x0000000766670000, 0x0000000766670000, 0x0000000780000000)
 concurrent mark-sweep generation total 1048576K, used 10803K [0x0000000780000000, 0x00000007c0000000, 0x00000007c0000000)
 Metaspace       used 2786K, capacity 4496K, committed 4864K, reserved 1056768K
  class space    used 293K, capacity 388K, committed 512K, reserved 1048576K
259.332: #562: [GC (GCLocker Initiated GC) 259.332: #562: [ParNew: 113283K->11963K(3774912K), 0.0096563 secs] 124086K->22766K(4823488K), 0.0097342 secs] [Times: user=0.02 sys=0.00 real=0.01 secs] 
Heap after GC invocations=523 (full 40):
 par new generation   total 3774912K, used 11963K [0x0000000680000000, 0x0000000780000000, 0x0000000780000000)
  eden space 3355520K,   0% used [0x0000000680000000, 0x0000000680000000, 0x000000074cce0000)
  from space 419392K,   2% used [0x0000000766670000, 0x000000076721ecb0, 0x0000000780000000)
  to   space 419392K,   0% used [0x000000074cce0000, 0x000000074cce0000, 0x0000000766670000)
 concurrent mark-sweep generation total 1048576K, used 10803K [0x0000000780000000, 0x00000007c0000000, 0x00000007c0000000)
 Metaspace       used 2786K, capacity 4496K, committed 4864K, reserved 1056768K
  class space    used 293K, capacity 388K, committed 512K, reserved 1048576K
}
SYSTEM_GC BEFORE
259.419: #563: [GC (CMS Initial Mark) [1 CMS-initial-mark: 10803K(1048576K)] 176233K(4823488K), 0.0395433 secs] [Times: user=0.11 sys=0.00 real=0.04 secs] 
259.459: #563: [CMS-concurrent-mark-start]
259.482: #563: [CMS-concurrent-mark: 0.023/0.023 secs] [Times: user=0.04 sys=0.00 real=0.02 secs] 
259.482: #563: [CMS-concurrent-preclean-start]
259.484: #563: [CMS-concurrent-preclean: 0.002/0.002 secs] [Times: user=0.00 sys=0.00 real=0.00 secs] 
259.484: #563: [CMS-concurrent-abortable-preclean-start]
{Heap before GC invocations=523 (full 41):
 par new generation   total 3774912K, used 214224K [0x0000000680000000, 0x0000000780000000, 0x0000000780000000)
  eden space 3355520K,   6% used [0x0000000680000000, 0x000000068c585640, 0x000000074cce0000)
  from space 419392K,   2% used [0x0000000766670000, 0x000000076721ecb0, 0x0000000780000000)
  to   space 419392K,   0% used [0x000000074cce0000, 0x000000074cce0000, 0x0000000766670000)
 concurrent mark-sweep generation total 1048576K, used 10803K [0x0000000780000000, 0x00000007c0000000, 0x00000007c0000000)
 Metaspace       used 2786K, capacity 4496K, committed 4864K, reserved 1056768K
  class space    used 293K, capacity 388K, committed 512K, reserved 1048576K
259.528: #564: [GC (GCLocker Initiated GC) 259.528: #564: [ParNew: 214224K->11790K(3774912K), 0.0072382 secs] 225028K->22593K(4823488K), 0.0073285 secs] [Times: user=0.01 sys=0.00 real=0.00 secs] 
Heap after GC invocations=524 (full 41):
 par new generation   total 3774912K, used 11790K [0x0000000680000000, 0x0000000780000000, 0x0000000780000000)
  eden space 3355520K,   0% used [0x0000000680000000, 0x0000000680000000, 0x000000074cce0000)
  from space 419392K,   2% used [0x000000074cce0000, 0x000000074d863850, 0x0000000766670000)
  to   space 419392K,   0% used [0x0000000766670000, 0x0000000766670000, 0x0000000780000000)
 concurrent mark-sweep generation total 1048576K, used 10803K [0x0000000780000000, 0x00000007c0000000, 0x00000007c0000000)
 Metaspace       used 2786K, capacity 4496K, committed 4864K, reserved 1056768K
  class space    used 293K, capacity 388K, committed 512K, reserved 1048576K
}
260.194: #563: [CMS-concurrent-abortable-preclean: 0.160/0.710 secs] [Times: user=1.57 sys=0.06 real=0.71 secs] 
260.194: #563: [GC (CMS Final Remark) [YG occupancy: 2675400 K (3774912 K)]{Heap before GC invocations=524 (full 41):
 par new generation   total 3774912K, used 2675400K [0x0000000680000000, 0x0000000780000000, 0x0000000780000000)
  eden space 3355520K,  79% used [0x0000000680000000, 0x000000072292ead8, 0x000000074cce0000)
  from space 419392K,   2% used [0x000000074cce0000, 0x000000074d863850, 0x0000000766670000)
  to   space 419392K,   0% used [0x0000000766670000, 0x0000000766670000, 0x0000000780000000)
 concurrent mark-sweep generation total 1048576K, used 10803K [0x0000000780000000, 0x00000007c0000000, 0x00000007c0000000)
 Metaspace       used 2786K, capacity 4496K, committed 4864K, reserved 1056768K
  class space    used 293K, capacity 388K, committed 512K, reserved 1048576K
260.194: #565: [GC (CMS Final Remark) 260.194: #565: [ParNew: 2675400K->26615K(3774912K), 0.0118437 secs] 2686204K->37418K(4823488K), 0.0118845 secs] [Times: user=0.02 sys=0.00 real=0.01 secs] 
Heap after GC invocations=525 (full 41):
 par new generation   total 3774912K, used 26615K [0x0000000680000000, 0x0000000780000000, 0x0000000780000000)
  eden space 3355520K,   0% used [0x0000000680000000, 0x0000000680000000, 0x000000074cce0000)
  from space 419392K,   6% used [0x0000000766670000, 0x000000076806dd20, 0x0000000780000000)
  to   space 419392K,   0% used [0x000000074cce0000, 0x000000074cce0000, 0x0000000766670000)
 concurrent mark-sweep generation total 1048576K, used 10803K [0x0000000780000000, 0x00000007c0000000, 0x00000007c0000000)
 Metaspace       used 2786K, capacity 4496K, committed 4864K, reserved 1056768K
  class space    used 293K, capacity 388K, committed 512K, reserved 1048576K
}
260.206: #563: [Rescan (parallel) , 0.0032261 secs]260.210: #563: [weak refs processing, 0.0000156 secs]260.210: #563: [class unloading, 0.0003947 secs]260.210: #563: [scrub symbol table, 0.0006318 secs]260.211: #563: [scrub string table, 0.0002169 secs][1 CMS-remark: 10803K(1048576K)] 37418K(4823488K), 0.0166294 secs] [Times: user=0.03 sys=0.00 real=0.02 secs] 
260.211: #563: [CMS-concurrent-sweep-start]
260.219: #563: [CMS-concurrent-sweep: 0.008/0.008 secs] [Times: user=0.01 sys=0.00 real=0.01 secs] 
SYSTEM_GC AFTER
260.219: #563: [CMS-concurrent-reset-start]
260.221: #563: [CMS-concurrent-reset: 0.001/0.001 secs] [Times: user=0.01 sys=0.00 real=0.00 secs] 
{Heap before GC invocations=525 (full 41):
 par new generation   total 3774912K, used 3383000K [0x0000000680000000, 0x0000000780000000, 0x0000000780000000)
  eden space 3355520K, 100% used [0x0000000680000000, 0x000000074cce0000, 0x000000074cce0000)
  from space 419392K,   6% used [0x0000000766670000, 0x00000007681462c8, 0x0000000780000000)
  to   space 419392K,   0% used [0x000000074cce0000, 0x000000074cce0000, 0x0000000766670000)
 concurrent mark-sweep generation total 1048576K, used 10803K [0x0000000780000000, 0x00000007c0000000, 0x00000007c0000000)
 Metaspace       used 2786K, capacity 4496K, committed 4864K, reserved 1056768K
  class space    used 293K, capacity 388K, committed 512K, reserved 1048576K
260.920: #566: [GC (Allocation Failure) 260.920: #566: [ParNew: 3383000K->31274K(3774912K), 0.0125377 secs] 3393804K->42077K(4823488K), 0.0125772 secs] [Times: user=0.02 sys=0.00 real=0.01 secs] 
Heap after GC invocations=526 (full 41):
 par new generation   total 3774912K, used 31274K [0x0000000680000000, 0x0000000780000000, 0x0000000780000000)
  eden space 3355520K,   0% used [0x0000000680000000, 0x0000000680000000, 0x000000074cce0000)
  from space 419392K,   7% used [0x000000074cce0000, 0x000000074eb6a9b0, 0x0000000766670000)
  to   space 419392K,   0% used [0x0000000766670000, 0x0000000766670000, 0x0000000780000000)
 concurrent mark-sweep generation total 1048576K, used 10803K [0x0000000780000000, 0x00000007c0000000, 0x00000007c0000000)
 Metaspace       used 2786K, capacity 4496K, committed 4864K, reserved 1056768K
  class space    used 293K, capacity 388K, committed 512K, reserved 1048576K
}
{Heap before GC invocations=526 (full 41):
 par new generation   total 3774912K, used 96803K [0x0000000680000000, 0x0000000780000000, 0x0000000780000000)
  eden space 3355520K,   1% used [0x0000000680000000, 0x0000000683ffe4f8, 0x000000074cce0000)
  from space 419392K,   7% used [0x000000074cce0000, 0x000000074eb6a9b0, 0x0000000766670000)
  to   space 419392K,   0% used [0x0000000766670000, 0x0000000766670000, 0x0000000780000000)
 concurrent mark-sweep generation total 1048576K, used 10803K [0x0000000780000000, 0x00000007c0000000, 0x00000007c0000000)
 Metaspace       used 2786K, capacity 4496K, committed 4864K, reserved 1056768K
  class space    used 293K, capacity 388K, committed 512K, reserved 1048576K
260.940: #567: [GC (GCLocker Initiated GC) 260.940: #567: [ParNew: 96803K->24570K(3774912K), 0.0075392 secs] 107607K->35373K(4823488K), 0.0075888 secs] [Times: user=0.03 sys=0.00 real=0.01 secs] 
Heap after GC invocations=527 (full 41):
 par new generation   total 3774912K, used 24570K [0x0000000680000000, 0x0000000780000000, 0x0000000780000000)
  eden space 3355520K,   0% used [0x0000000680000000, 0x0000000680000000, 0x000000074cce0000)
  from space 419392K,   5% used [0x0000000766670000, 0x0000000767e6e938, 0x0000000780000000)
  to   space 419392K,   0% used [0x000000074cce0000, 0x000000074cce0000, 0x0000000766670000)
 concurrent mark-sweep generation total 1048576K, used 10803K [0x0000000780000000, 0x00000007c0000000, 0x00000007c0000000)
 Metaspace       used 2786K, capacity 4496K, committed 4864K, reserved 1056768K
  class space    used 293K, capacity 388K, committed 512K, reserved 1048576K
}
{Heap before GC invocations=527 (full 41):
 par new generation   total 3774912K, used 3380090K [0x0000000680000000, 0x0000000780000000, 0x0000000780000000)
  eden space 3355520K, 100% used [0x0000000680000000, 0x000000074cce0000, 0x000000074cce0000)
  from space 419392K,   5% used [0x0000000766670000, 0x0000000767e6e968, 0x0000000780000000)
  to   space 419392K,   0% used [0x000000074cce0000, 0x000000074cce0000, 0x0000000766670000)
 concurrent mark-sweep generation total 1048576K, used 10803K [0x0000000780000000, 0x00000007c0000000, 0x00000007c0000000)
 Metaspace       used 2786K, capacity 4496K, committed 4864K, reserved 1056768K
  class space    used 293K, capacity 388K, committed 512K, reserved 1048576K
261.625: #568: [GC (GCLocker Initiated GC) 261.625: #568: [ParNew: 3380090K->46795K(3774912K), 0.0120494 secs] 3390893K->57598K(4823488K), 0.0120924 secs] [Times: user=0.03 sys=0.00 real=0.02 secs] 
Heap after GC invocations=528 (full 41):
 par new generation   total 3774912K, used 46795K [0x0000000680000000, 0x0000000780000000, 0x0000000780000000)
  eden space 3355520K,   0% used [0x0000000680000000, 0x0000000680000000, 0x000000074cce0000)
  from space 419392K,  11% used [0x000000074cce0000, 0x000000074fa92d20, 0x0000000766670000)
  to   space 419392K,   0% used [0x0000000766670000, 0x0000000766670000, 0x0000000780000000)
 concurrent mark-sweep generation total 1048576K, used 10803K [0x0000000780000000, 0x00000007c0000000, 0x00000007c0000000)
 Metaspace       used 2786K, capacity 4496K, committed 4864K, reserved 1056768K
  class space    used 293K, capacity 388K, committed 512K, reserved 1048576K
}
{Heap before GC invocations=528 (full 41):
 par new generation   total 3774912K, used 3402315K [0x0000000680000000, 0x0000000780000000, 0x0000000780000000)
  eden space 3355520K, 100% used [0x0000000680000000, 0x000000074cce0000, 0x000000074cce0000)
  from space 419392K,  11% used [0x000000074cce0000, 0x000000074fa92d20, 0x0000000766670000)
  to   space 419392K,   0% used [0x0000000766670000, 0x0000000766670000, 0x0000000780000000)
 concurrent mark-sweep generation total 1048576K, used 10803K [0x0000000780000000, 0x00000007c0000000, 0x00000007c0000000)
 Metaspace       used 2786K, capacity 4496K, committed 4864K, reserved 1056768K
  class space    used 293K, capacity 388K, committed 512K, reserved 1048576K
262.338: #569: [GC (Allocation Failure) 262.338: #569: [ParNew: 3402315K->32945K(3774912K), 0.0110140 secs] 3413118K->43748K(4823488K), 0.0110587 secs] [Times: user=0.02 sys=0.00 real=0.01 secs] 
Heap after GC invocations=529 (full 41):
 par new generation   total 3774912K, used 32945K [0x0000000680000000, 0x0000000780000000, 0x0000000780000000)
  eden space 3355520K,   0% used [0x0000000680000000, 0x0000000680000000, 0x000000074cce0000)
  from space 419392K,   7% used [0x0000000766670000, 0x000000076869c480, 0x0000000780000000)
  to   space 419392K,   0% used [0x000000074cce0000, 0x000000074cce0000, 0x0000000766670000)
 concurrent mark-sweep generation total 1048576K, used 10803K [0x0000000780000000, 0x00000007c0000000, 0x00000007c0000000)
 Metaspace       used 2786K, capacity 4496K, committed 4864K, reserved 1056768K
  class space    used 293K, capacity 388K, committed 512K, reserved 1048576K
}
{Heap before GC invocations=529 (full 41):
 par new generation   total 3774912K, used 3388465K [0x0000000680000000, 0x0000000780000000, 0x0000000780000000)
  eden space 3355520K, 100% used [0x0000000680000000, 0x000000074cce0000, 0x000000074cce0000)
  from space 419392K,   7% used [0x0000000766670000, 0x000000076869c480, 0x0000000780000000)
  to   space 419392K,   0% used [0x000000074cce0000, 0x000000074cce0000, 0x0000000766670000)
 concurrent mark-sweep generation total 1048576K, used 10803K [0x0000000780000000, 0x00000007c0000000, 0x00000007c0000000)
 Metaspace       used 2786K, capacity 4496K, committed 4864K, reserved 1056768K
  class space    used 293K, capacity 388K, committed 512K, reserved 1048576K
263.079: #570: [GC (Allocation Failure) 263.079: #570: [ParNew: 3388465K->30285K(3774912K), 0.0113882 secs] 3399268K->41089K(4823488K), 0.0114312 secs] [Times: user=0.03 sys=0.00 real=0.01 secs] 
Heap after GC invocations=530 (full 41):
 par new generation   total 3774912K, used 30285K [0x0000000680000000, 0x0000000780000000, 0x0000000780000000)
  eden space 3355520K,   0% used [0x0000000680000000, 0x0000000680000000, 0x000000074cce0000)
  from space 419392K,   7% used [0x000000074cce0000, 0x000000074ea736d0, 0x0000000766670000)
  to   space 419392K,   0% used [0x0000000766670000, 0x0000000766670000, 0x0000000780000000)
 concurrent mark-sweep generation total 1048576K, used 10803K [0x0000000780000000, 0x00000007c0000000, 0x00000007c0000000)
 Metaspace       used 2786K, capacity 4496K, committed 4864K, reserved 1056768K
  class space    used 293K, capacity 388K, committed 512K, reserved 1048576K
}
{Heap before GC invocations=530 (full 41):
 par new generation   total 3774912K, used 3387138K [0x0000000680000000, 0x0000000780000000, 0x0000000780000000)
  eden space 3355520K, 100% used [0x0000000680000000, 0x000000074cce0000, 0x000000074cce0000)
  from space 419392K,   7% used [0x000000074cce0000, 0x000000074ebc0970, 0x0000000766670000)
  to   space 419392K,   0% used [0x0000000766670000, 0x0000000766670000, 0x0000000780000000)
 concurrent mark-sweep generation total 1048576K, used 10803K [0x0000000780000000, 0x00000007c0000000, 0x00000007c0000000)
 Metaspace       used 2786K, capacity 4496K, committed 4864K, reserved 1056768K
  class space    used 293K, capacity 388K, committed 512K, reserved 1048576K
263.844: #571: [GC (GCLocker Initiated GC) 263.844: #571: [ParNew: 3387138K->30726K(3774912K), 0.0135303 secs] 3397941K->41530K(4823488K), 0.0135739 secs] [Times: user=0.02 sys=0.00 real=0.02 secs] 
Heap after GC invocations=531 (full 41):
 par new generation   total 3774912K, used 30726K [0x0000000680000000, 0x0000000780000000, 0x0000000780000000)
  eden space 3355520K,   0% used [0x0000000680000000, 0x0000000680000000, 0x000000074cce0000)
  from space 419392K,   7% used [0x0000000766670000, 0x0000000768471b40, 0x0000000780000000)
  to   space 419392K,   0% used [0x000000074cce0000, 0x000000074cce0000, 0x0000000766670000)
 concurrent mark-sweep generation total 1048576K, used 10803K [0x0000000780000000, 0x00000007c0000000, 0x00000007c0000000)
 Metaspace       used 2786K, capacity 4496K, committed 4864K, reserved 1056768K
  class space    used 293K, capacity 388K, committed 512K, reserved 1048576K
}
{Heap before GC invocations=531 (full 41):
 par new generation   total 3774912K, used 3386246K [0x0000000680000000, 0x0000000780000000, 0x0000000780000000)
  eden space 3355520K, 100% used [0x0000000680000000, 0x000000074cce0000, 0x000000074cce0000)
  from space 419392K,   7% used [0x0000000766670000, 0x0000000768471b58, 0x0000000780000000)
  to   space 419392K,   0% used [0x000000074cce0000, 0x000000074cce0000, 0x0000000766670000)
 concurrent mark-sweep generation total 1048576K, used 10803K [0x0000000780000000, 0x00000007c0000000, 0x00000007c0000000)
 Metaspace       used 2786K, capacity 4496K, committed 4864K, reserved 1056768K
  class space    used 293K, capacity 388K, committed 512K, reserved 1048576K
264.611: #572: [GC (Allocation Failure) 264.611: #572: [ParNew: 3386246K->31531K(3774912K), 0.0128306 secs] 3397050K->42335K(4823488K), 0.0128737 secs] [Times: user=0.03 sys=0.00 real=0.01 secs] 
Heap after GC invocations=532 (full 41):
 par new generation   total 3774912K, used 31531K [0x0000000680000000, 0x0000000780000000, 0x0000000780000000)
  eden space 3355520K,   0% used [0x0000000680000000, 0x0000000680000000, 0x000000074cce0000)
  from space 419392K,   7% used [0x000000074cce0000, 0x000000074ebaae90, 0x0000000766670000)
  to   space 419392K,   0% used [0x0000000766670000, 0x0000000766670000, 0x0000000780000000)
 concurrent mark-sweep generation total 1048576K, used 10803K [0x0000000780000000, 0x00000007c0000000, 0x00000007c0000000)
 Metaspace       used 2786K, capacity 4496K, committed 4864K, reserved 1056768K
  class space    used 293K, capacity 388K, committed 512K, reserved 1048576K
}
{Heap before GC invocations=532 (full 41):
 par new generation   total 3774912K, used 113274K [0x0000000680000000, 0x0000000780000000, 0x0000000780000000)
  eden space 3355520K,   2% used [0x0000000680000000, 0x0000000684fd3cd8, 0x000000074cce0000)
  from space 419392K,   7% used [0x000000074cce0000, 0x000000074ebaae90, 0x0000000766670000)
  to   space 419392K,   0% used [0x0000000766670000, 0x0000000766670000, 0x0000000780000000)
 concurrent mark-sweep generation total 1048576K, used 10803K [0x0000000780000000, 0x00000007c0000000, 0x00000007c0000000)
 Metaspace       used 2786K, capacity 4496K, committed 4864K, reserved 1056768K
  class space    used 293K, capacity 388K, committed 512K, reserved 1048576K
264.634: #573: [GC (GCLocker Initiated GC) 264.634: #573: [ParNew: 113274K->25820K(3774912K), 0.0083686 secs] 124078K->36623K(4823488K), 0.0084078 secs] [Times: user=0.03 sys=0.00 real=0.01 secs] 
Heap after GC invocations=533 (full 41):
 par new generation   total 3774912K, used 25820K [0x0000000680000000, 0x0000000780000000, 0x0000000780000000)
  eden space 3355520K,   0% used [0x0000000680000000, 0x0000000680000000, 0x000000074cce0000)
  from space 419392K,   6% used [0x0000000766670000, 0x0000000767fa71f0, 0x0000000780000000)
  to   space 419392K,   0% used [0x000000074cce0000, 0x000000074cce0000, 0x0000000766670000)
 concurrent mark-sweep generation total 1048576K, used 10803K [0x0000000780000000, 0x00000007c0000000, 0x00000007c0000000)
 Metaspace       used 2786K, capacity 4496K, committed 4864K, reserved 1056768K
  class space    used 293K, capacity 388K, committed 512K, reserved 1048576K
}
SYSTEM_GC BEFORE
{Heap before GC invocations=533 (full 41):
 par new generation   total 3774912K, used 3064634K [0x0000000680000000, 0x0000000780000000, 0x0000000780000000)
  eden space 3355520K,  90% used [0x0000000680000000, 0x0000000739797720, 0x000000074cce0000)
  from space 419392K,   6% used [0x0000000766670000, 0x0000000767fa71f0, 0x0000000780000000)
  to   space 419392K,   0% used [0x000000074cce0000, 0x000000074cce0000, 0x0000000766670000)
 concurrent mark-sweep generation total 1048576K, used 10803K [0x0000000780000000, 0x00000007c0000000, 0x00000007c0000000)
 Metaspace       used 2787K, capacity 4496K, committed 4864K, reserved 1056768K
  class space    used 293K, capacity 388K, committed 512K, reserved 1048576K
265.220: #574: [GC (System.gc()) 265.220: #574: [ParNew: 3064634K->44776K(3774912K), 0.0101483 secs] 3075437K->55579K(4823488K), 0.0101813 secs] [Times: user=0.02 sys=0.00 real=0.01 secs] 
Heap after GC invocations=534 (full 41):
 par new generation   total 3774912K, used 44776K [0x0000000680000000, 0x0000000780000000, 0x0000000780000000)
  eden space 3355520K,   0% used [0x0000000680000000, 0x0000000680000000, 0x000000074cce0000)
  from space 419392K,  10% used [0x000000074cce0000, 0x000000074f89a200, 0x0000000766670000)
  to   space 419392K,   0% used [0x0000000766670000, 0x0000000766670000, 0x0000000780000000)
 concurrent mark-sweep generation total 1048576K, used 10803K [0x0000000780000000, 0x00000007c0000000, 0x00000007c0000000)
 Metaspace       used 2787K, capacity 4496K, committed 4864K, reserved 1056768K
  class space    used 293K, capacity 388K, committed 512K, reserved 1048576K
}
265.230: #575: [GC (CMS Initial Mark) [1 CMS-initial-mark: 10803K(1048576K)] 73632K(4823488K), 0.0010067 secs] [Times: user=0.00 sys=0.00 real=0.00 secs] 
265.231: #575: [CMS-concurrent-mark-start]
265.256: #575: [CMS-concurrent-mark: 0.024/0.024 secs] [Times: user=0.08 sys=0.00 real=0.02 secs] 
265.256: #575: [CMS-concurrent-preclean-start]
265.258: #575: [CMS-concurrent-preclean: 0.002/0.002 secs] [Times: user=0.01 sys=0.01 real=0.01 secs] 
265.258: #575: [CMS-concurrent-abortable-preclean-start]
265.682: #575: [CMS-concurrent-abortable-preclean: 0.117/0.425 secs] [Times: user=1.43 sys=0.11 real=0.42 secs] 
265.683: #575: [GC (CMS Final Remark) [YG occupancy: 2598821 K (3774912 K)]265.683: #575: [Rescan (parallel) , 0.7157611 secs]266.399: #575: [weak refs processing, 0.0000163 secs]266.399: #575: [class unloading, 0.0003334 secs]266.399: #575: [scrub symbol table, 0.0005122 secs]266.400: #575: [scrub string table, 0.0001651 secs][1 CMS-remark: 10803K(1048576K)] 2609625K(4823488K), 0.7169093 secs] [Times: user=2.70 sys=0.01 real=0.72 secs] 
266.400: #575: [CMS-concurrent-sweep-start]
266.406: #575: [CMS-concurrent-sweep: 0.006/0.006 secs] [Times: user=0.02 sys=0.00 real=0.00 secs] 
266.406: #575: [CMS-concurrent-reset-start]
SYSTEM_GC AFTER
266.408: #575: [CMS-concurrent-reset: 0.002/0.002 secs] [Times: user=0.00 sys=0.00 real=0.01 secs] 
{Heap before GC invocations=534 (full 42):
 par new generation   total 3774912K, used 2663928K [0x0000000680000000, 0x0000000780000000, 0x0000000780000000)
  eden space 3355520K,  78% used [0x0000000680000000, 0x000000071fdc3eb0, 0x000000074cce0000)
  from space 419392K,  10% used [0x000000074cce0000, 0x000000074f89a200, 0x0000000766670000)
  to   space 419392K,   0% used [0x0000000766670000, 0x0000000766670000, 0x0000000780000000)
 concurrent mark-sweep generation total 1048576K, used 10803K [0x0000000780000000, 0x00000007c0000000, 0x00000007c0000000)
 Metaspace       used 2787K, capacity 4496K, committed 4864K, reserved 1056768K
  class space    used 293K, capacity 388K, committed 512K, reserved 1048576K
266.411: #576: [GC (GCLocker Initiated GC) 266.411: #576: [ParNew: 2663928K->24753K(3774912K), 0.0087653 secs] 2674731K->35557K(4823488K), 0.0088073 secs] [Times: user=0.03 sys=0.00 real=0.01 secs] 
Heap after GC invocations=535 (full 42):
 par new generation   total 3774912K, used 24753K [0x0000000680000000, 0x0000000780000000, 0x0000000780000000)
  eden space 3355520K,   0% used [0x0000000680000000, 0x0000000680000000, 0x000000074cce0000)
  from space 419392K,   5% used [0x0000000766670000, 0x0000000767e9c6e0, 0x0000000780000000)
  to   space 419392K,   0% used [0x000000074cce0000, 0x000000074cce0000, 0x0000000766670000)
 concurrent mark-sweep generation total 1048576K, used 10803K [0x0000000780000000, 0x00000007c0000000, 0x00000007c0000000)
 Metaspace       used 2787K, capacity 4496K, committed 4864K, reserved 1056768K
  class space    used 293K, capacity 388K, committed 512K, reserved 1048576K
}
{Heap before GC invocations=535 (full 42):
 par new generation   total 3774912K, used 3380273K [0x0000000680000000, 0x0000000780000000, 0x0000000780000000)
  eden space 3355520K, 100% used [0x0000000680000000, 0x000000074cce0000, 0x000000074cce0000)
  from space 419392K,   5% used [0x0000000766670000, 0x0000000767e9c6e0, 0x0000000780000000)
  to   space 419392K,   0% used [0x000000074cce0000, 0x000000074cce0000, 0x0000000766670000)
 concurrent mark-sweep generation total 1048576K, used 10803K [0x0000000780000000, 0x00000007c0000000, 0x00000007c0000000)
 Metaspace       used 2787K, capacity 4496K, committed 4864K, reserved 1056768K
  class space    used 293K, capacity 388K, committed 512K, reserved 1048576K
266.969: #577: [GC (Allocation Failure) 266.969: #577: [ParNew: 3380273K->30735K(3774912K), 0.0107586 secs] 3391077K->41539K(4823488K), 0.0108071 secs] [Times: user=0.03 sys=0.00 real=0.01 secs] 
Heap after GC invocations=536 (full 42):
 par new generation   total 3774912K, used 30735K [0x0000000680000000, 0x0000000780000000, 0x0000000780000000)
  eden space 3355520K,   0% used [0x0000000680000000, 0x0000000680000000, 0x000000074cce0000)
  from space 419392K,   7% used [0x000000074cce0000, 0x000000074eae3ef0, 0x0000000766670000)
  to   space 419392K,   0% used [0x0000000766670000, 0x0000000766670000, 0x0000000780000000)
 concurrent mark-sweep generation total 1048576K, used 10803K [0x0000000780000000, 0x00000007c0000000, 0x00000007c0000000)
 Metaspace       used 2787K, capacity 4496K, committed 4864K, reserved 1056768K
  class space    used 293K, capacity 388K, committed 512K, reserved 1048576K
}
{Heap before GC invocations=536 (full 42):
 par new generation   total 3774912K, used 3386256K [0x0000000680000000, 0x0000000780000000, 0x0000000780000000)
  eden space 3355520K, 100% used [0x0000000680000000, 0x000000074cce0000, 0x000000074cce0000)
  from space 419392K,   7% used [0x000000074cce0000, 0x000000074eae4088, 0x0000000766670000)
  to   space 419392K,   0% used [0x0000000766670000, 0x0000000766670000, 0x0000000780000000)
 concurrent mark-sweep generation total 1048576K, used 10803K [0x0000000780000000, 0x00000007c0000000, 0x00000007c0000000)
 Metaspace       used 2787K, capacity 4496K, committed 4864K, reserved 1056768K
  class space    used 293K, capacity 388K, committed 512K, reserved 1048576K
267.520: #578: [GC (Allocation Failure) 267.520: #578: [ParNew: 3386256K->31123K(3774912K), 0.0104429 secs] 3397059K->41927K(4823488K), 0.0104833 secs] [Times: user=0.03 sys=0.00 real=0.01 secs] 
Heap after GC invocations=537 (full 42):
 par new generation   total 3774912K, used 31123K [0x0000000680000000, 0x0000000780000000, 0x0000000780000000)
  eden space 3355520K,   0% used [0x0000000680000000, 0x0000000680000000, 0x000000074cce0000)
  from space 419392K,   7% used [0x0000000766670000, 0x00000007684d4e60, 0x0000000780000000)
  to   space 419392K,   0% used [0x000000074cce0000, 0x000000074cce0000, 0x0000000766670000)
 concurrent mark-sweep generation total 1048576K, used 10803K [0x0000000780000000, 0x00000007c0000000, 0x00000007c0000000)
 Metaspace       used 2787K, capacity 4496K, committed 4864K, reserved 1056768K
  class space    used 293K, capacity 388K, committed 512K, reserved 1048576K
}
{Heap before GC invocations=537 (full 42):
 par new generation   total 3774912K, used 193394K [0x0000000680000000, 0x0000000780000000, 0x0000000780000000)
  eden space 3355520K,   4% used [0x0000000680000000, 0x0000000689e77b38, 0x000000074cce0000)
  from space 419392K,   7% used [0x0000000766670000, 0x00000007684d4e60, 0x0000000780000000)
  to   space 419392K,   0% used [0x000000074cce0000, 0x000000074cce0000, 0x0000000766670000)
 concurrent mark-sweep generation total 1048576K, used 10803K [0x0000000780000000, 0x00000007c0000000, 0x00000007c0000000)
 Metaspace       used 2787K, capacity 4496K, committed 4864K, reserved 1056768K
  class space    used 293K, capacity 388K, committed 512K, reserved 1048576K
267.551: #579: [GC (GCLocker Initiated GC) 267.551: #579: [ParNew: 193394K->21646K(3774912K), 0.0082718 secs] 204197K->32449K(4823488K), 0.0083065 secs] [Times: user=0.03 sys=0.00 real=0.01 secs] 
Heap after GC invocations=538 (full 42):
 par new generation   total 3774912K, used 21646K [0x0000000680000000, 0x0000000780000000, 0x0000000780000000)
  eden space 3355520K,   0% used [0x0000000680000000, 0x0000000680000000, 0x000000074cce0000)
  from space 419392K,   5% used [0x000000074cce0000, 0x000000074e2038f0, 0x0000000766670000)
  to   space 419392K,   0% used [0x0000000766670000, 0x0000000766670000, 0x0000000780000000)
 concurrent mark-sweep generation total 1048576K, used 10803K [0x0000000780000000, 0x00000007c0000000, 0x00000007c0000000)
 Metaspace       used 2787K, capacity 4496K, committed 4864K, reserved 1056768K
  class space    used 293K, capacity 388K, committed 512K, reserved 1048576K
}
{Heap before GC invocations=538 (full 42):
 par new generation   total 3774912K, used 3378953K [0x0000000680000000, 0x0000000780000000, 0x0000000780000000)
  eden space 3355520K, 100% used [0x0000000680000000, 0x000000074cce0000, 0x000000074cce0000)
  from space 419392K,   5% used [0x000000074cce0000, 0x000000074e3c2520, 0x0000000766670000)
  to   space 419392K,   0% used [0x0000000766670000, 0x0000000766670000, 0x0000000780000000)
 concurrent mark-sweep generation total 1048576K, used 10803K [0x0000000780000000, 0x00000007c0000000, 0x00000007c0000000)
 Metaspace       used 2787K, capacity 4496K, committed 4864K, reserved 1056768K
  class space    used 293K, capacity 388K, committed 512K, reserved 1048576K
268.201: #580: [GC (Allocation Failure) 268.201: #580: [ParNew: 3378953K->40242K(3774912K), 0.0131906 secs] 3389756K->51045K(4823488K), 0.0132344 secs] [Times: user=0.02 sys=0.00 real=0.01 secs] 
Heap after GC invocations=539 (full 42):
 par new generation   total 3774912K, used 40242K [0x0000000680000000, 0x0000000780000000, 0x0000000780000000)
  eden space 3355520K,   0% used [0x0000000680000000, 0x0000000680000000, 0x000000074cce0000)
  from space 419392K,   9% used [0x0000000766670000, 0x0000000768dbc8e8, 0x0000000780000000)
  to   space 419392K,   0% used [0x000000074cce0000, 0x000000074cce0000, 0x0000000766670000)
 concurrent mark-sweep generation total 1048576K, used 10803K [0x0000000780000000, 0x00000007c0000000, 0x00000007c0000000)
 Metaspace       used 2787K, capacity 4496K, committed 4864K, reserved 1056768K
  class space    used 293K, capacity 388K, committed 512K, reserved 1048576K
}
{Heap before GC invocations=539 (full 42):
 par new generation   total 3774912K, used 138082K [0x0000000680000000, 0x0000000780000000, 0x0000000780000000)
  eden space 3355520K,   2% used [0x0000000680000000, 0x0000000685f8c188, 0x000000074cce0000)
  from space 419392K,   9% used [0x0000000766670000, 0x0000000768dbc8e8, 0x0000000780000000)
  to   space 419392K,   0% used [0x000000074cce0000, 0x000000074cce0000, 0x0000000766670000)
 concurrent mark-sweep generation total 1048576K, used 10803K [0x0000000780000000, 0x00000007c0000000, 0x00000007c0000000)
 Metaspace       used 2787K, capacity 4496K, committed 4864K, reserved 1056768K
  class space    used 293K, capacity 388K, committed 512K, reserved 1048576K
268.225: #581: [GC (GCLocker Initiated GC) 268.225: #581: [ParNew: 138082K->26429K(3774912K), 0.0074101 secs] 148886K->37232K(4823488K), 0.0074808 secs] [Times: user=0.02 sys=0.00 real=0.01 secs] 
Heap after GC invocations=540 (full 42):
 par new generation   total 3774912K, used 26429K [0x0000000680000000, 0x0000000780000000, 0x0000000780000000)
  eden space 3355520K,   0% used [0x0000000680000000, 0x0000000680000000, 0x000000074cce0000)
  from space 419392K,   6% used [0x000000074cce0000, 0x000000074e6af558, 0x0000000766670000)
  to   space 419392K,   0% used [0x0000000766670000, 0x0000000766670000, 0x0000000780000000)
 concurrent mark-sweep generation total 1048576K, used 10803K [0x0000000780000000, 0x00000007c0000000, 0x00000007c0000000)
 Metaspace       used 2787K, capacity 4496K, committed 4864K, reserved 1056768K
  class space    used 293K, capacity 388K, committed 512K, reserved 1048576K
}
{Heap before GC invocations=540 (full 42):
 par new generation   total 3774912K, used 3382178K [0x0000000680000000, 0x0000000780000000, 0x0000000780000000)
  eden space 3355520K, 100% used [0x0000000680000000, 0x000000074cce0000, 0x000000074cce0000)
  from space 419392K,   6% used [0x000000074cce0000, 0x000000074e6e8a50, 0x0000000766670000)
  to   space 419392K,   0% used [0x0000000766670000, 0x0000000766670000, 0x0000000780000000)
 concurrent mark-sweep generation total 1048576K, used 10803K [0x0000000780000000, 0x00000007c0000000, 0x00000007c0000000)
 Metaspace       used 2787K, capacity 4496K, committed 4864K, reserved 1056768K
  class space    used 293K, capacity 388K, committed 512K, reserved 1048576K
268.955: #582: [GC (GCLocker Initiated GC) 268.955: #582: [ParNew: 3382178K->46324K(3774912K), 0.0117776 secs] 3392982K->57128K(4823488K), 0.0118223 secs] [Times: user=0.02 sys=0.01 real=0.02 secs] 
Heap after GC invocations=541 (full 42):
 par new generation   total 3774912K, used 46324K [0x0000000680000000, 0x0000000780000000, 0x0000000780000000)
  eden space 3355520K,   0% used [0x0000000680000000, 0x0000000680000000, 0x000000074cce0000)
  from space 419392K,  11% used [0x0000000766670000, 0x00000007693ad2e0, 0x0000000780000000)
  to   space 419392K,   0% used [0x000000074cce0000, 0x000000074cce0000, 0x0000000766670000)
 concurrent mark-sweep generation total 1048576K, used 10803K [0x0000000780000000, 0x00000007c0000000, 0x00000007c0000000)
 Metaspace       used 2787K, capacity 4496K, committed 4864K, reserved 1056768K
  class space    used 293K, capacity 388K, committed 512K, reserved 1048576K
}
{Heap before GC invocations=541 (full 42):
 par new generation   total 3774912K, used 3401844K [0x0000000680000000, 0x0000000780000000, 0x0000000780000000)
  eden space 3355520K, 100% used [0x0000000680000000, 0x000000074cce0000, 0x000000074cce0000)
  from space 419392K,  11% used [0x0000000766670000, 0x00000007693ad2e0, 0x0000000780000000)
  to   space 419392K,   0% used [0x000000074cce0000, 0x000000074cce0000, 0x0000000766670000)
 concurrent mark-sweep generation total 1048576K, used 10803K [0x0000000780000000, 0x00000007c0000000, 0x00000007c0000000)
 Metaspace       used 2787K, capacity 4496K, committed 4864K, reserved 1056768K
  class space    used 293K, capacity 388K, committed 512K, reserved 1048576K
269.529: #583: [GC (Allocation Failure) 269.529: #583: [ParNew: 3401844K->32569K(3774912K), 0.0105934 secs] 3412648K->43373K(4823488K), 0.0106421 secs] [Times: user=0.03 sys=0.00 real=0.01 secs] 
Heap after GC invocations=542 (full 42):
 par new generation   total 3774912K, used 32569K [0x0000000680000000, 0x0000000780000000, 0x0000000780000000)
  eden space 3355520K,   0% used [0x0000000680000000, 0x0000000680000000, 0x000000074cce0000)
  from space 419392K,   7% used [0x000000074cce0000, 0x000000074ecae7e0, 0x0000000766670000)
  to   space 419392K,   0% used [0x0000000766670000, 0x0000000766670000, 0x0000000780000000)
 concurrent mark-sweep generation total 1048576K, used 10803K [0x0000000780000000, 0x00000007c0000000, 0x00000007c0000000)
 Metaspace       used 2787K, capacity 4496K, committed 4864K, reserved 1056768K
  class space    used 293K, capacity 388K, committed 512K, reserved 1048576K
}
{Heap before GC invocations=542 (full 42):
 par new generation   total 3774912K, used 3388358K [0x0000000680000000, 0x0000000780000000, 0x0000000780000000)
  eden space 3355520K, 100% used [0x0000000680000000, 0x000000074cce0000, 0x000000074cce0000)
  from space 419392K,   7% used [0x000000074cce0000, 0x000000074ecf19b8, 0x0000000766670000)
  to   space 419392K,   0% used [0x0000000766670000, 0x0000000766670000, 0x0000000780000000)
 concurrent mark-sweep generation total 1048576K, used 10803K [0x0000000780000000, 0x00000007c0000000, 0x00000007c0000000)
 Metaspace       used 2787K, capacity 4496K, committed 4864K, reserved 1056768K
  class space    used 293K, capacity 388K, committed 512K, reserved 1048576K
270.129: #584: [GC (Allocation Failure) 270.129: #584: [ParNew: 3388358K->30451K(3774912K), 0.0110300 secs] 3399161K->41255K(4823488K), 0.0110703 secs] [Times: user=0.02 sys=0.00 real=0.01 secs] 
Heap after GC invocations=543 (full 42):
 par new generation   total 3774912K, used 30451K [0x0000000680000000, 0x0000000780000000, 0x0000000780000000)
  eden space 3355520K,   0% used [0x0000000680000000, 0x0000000680000000, 0x000000074cce0000)
  from space 419392K,   7% used [0x0000000766670000, 0x000000076842cde8, 0x0000000780000000)
  to   space 419392K,   0% used [0x000000074cce0000, 0x000000074cce0000, 0x0000000766670000)
 concurrent mark-sweep generation total 1048576K, used 10803K [0x0000000780000000, 0x00000007c0000000, 0x00000007c0000000)
 Metaspace       used 2787K, capacity 4496K, committed 4864K, reserved 1056768K
  class space    used 293K, capacity 388K, committed 512K, reserved 1048576K
}
{Heap before GC invocations=543 (full 42):
 par new generation   total 3774912K, used 128290K [0x0000000680000000, 0x0000000780000000, 0x0000000780000000)
  eden space 3355520K,   2% used [0x0000000680000000, 0x0000000685f8bda0, 0x000000074cce0000)
  from space 419392K,   7% used [0x0000000766670000, 0x000000076842cde8, 0x0000000780000000)
  to   space 419392K,   0% used [0x000000074cce0000, 0x000000074cce0000, 0x0000000766670000)
 concurrent mark-sweep generation total 1048576K, used 10803K [0x0000000780000000, 0x00000007c0000000, 0x00000007c0000000)
 Metaspace       used 2787K, capacity 4496K, committed 4864K, reserved 1056768K
  class space    used 293K, capacity 388K, committed 512K, reserved 1048576K
270.154: #585: [GC (GCLocker Initiated GC) 270.154: #585: [ParNew: 128290K->27421K(3774912K), 0.0154768 secs] 139094K->38225K(4823488K), 0.0155663 secs] [Times: user=0.03 sys=0.00 real=0.02 secs] 
Heap after GC invocations=544 (full 42):
 par new generation   total 3774912K, used 27421K [0x0000000680000000, 0x0000000780000000, 0x0000000780000000)
  eden space 3355520K,   0% used [0x0000000680000000, 0x0000000680000000, 0x000000074cce0000)
  from space 419392K,   6% used [0x000000074cce0000, 0x000000074e7a7700, 0x0000000766670000)
  to   space 419392K,   0% used [0x0000000766670000, 0x0000000766670000, 0x0000000780000000)
 concurrent mark-sweep generation total 1048576K, used 10803K [0x0000000780000000, 0x00000007c0000000, 0x00000007c0000000)
 Metaspace       used 2787K, capacity 4496K, committed 4864K, reserved 1056768K
  class space    used 293K, capacity 388K, committed 512K, reserved 1048576K
}
{Heap before GC invocations=544 (full 42):
 par new generation   total 3774912K, used 3382941K [0x0000000680000000, 0x0000000780000000, 0x0000000780000000)
  eden space 3355520K, 100% used [0x0000000680000000, 0x000000074cce0000, 0x000000074cce0000)
  from space 419392K,   6% used [0x000000074cce0000, 0x000000074e7a7700, 0x0000000766670000)
  to   space 419392K,   0% used [0x0000000766670000, 0x0000000766670000, 0x0000000780000000)
 concurrent mark-sweep generation total 1048576K, used 10803K [0x0000000780000000, 0x00000007c0000000, 0x00000007c0000000)
 Metaspace       used 2787K, capacity 4496K, committed 4864K, reserved 1056768K
  class space    used 293K, capacity 388K, committed 512K, reserved 1048576K
270.934: #586: [GC (Allocation Failure) 270.934: #586: [ParNew: 3382941K->46647K(3774912K), 0.0128042 secs] 3393745K->57451K(4823488K), 0.0128425 secs] [Times: user=0.03 sys=0.00 real=0.01 secs] 
Heap after GC invocations=545 (full 42):
 par new generation   total 3774912K, used 46647K [0x0000000680000000, 0x0000000780000000, 0x0000000780000000)
  eden space 3355520K,   0% used [0x0000000680000000, 0x0000000680000000, 0x000000074cce0000)
  from space 419392K,  11% used [0x0000000766670000, 0x00000007693fdfa0, 0x0000000780000000)
  to   space 419392K,   0% used [0x000000074cce0000, 0x000000074cce0000, 0x0000000766670000)
 concurrent mark-sweep generation total 1048576K, used 10803K [0x0000000780000000, 0x00000007c0000000, 0x00000007c0000000)
 Metaspace       used 2787K, capacity 4496K, committed 4864K, reserved 1056768K
  class space    used 293K, capacity 388K, committed 512K, reserved 1048576K
}
SYSTEM_GC BEFORE
{Heap before GC invocations=545 (full 42):
 par new generation   total 3774912K, used 1925793K [0x0000000680000000, 0x0000000780000000, 0x0000000780000000)
  eden space 3355520K,  56% used [0x0000000680000000, 0x00000006f2b1a740, 0x000000074cce0000)
  from space 419392K,  11% used [0x0000000766670000, 0x00000007693fdfa0, 0x0000000780000000)
  to   space 419392K,   0% used [0x000000074cce0000, 0x000000074cce0000, 0x0000000766670000)
 concurrent mark-sweep generation total 1048576K, used 10803K [0x0000000780000000, 0x00000007c0000000, 0x00000007c0000000)
 Metaspace       used 2787K, capacity 4496K, committed 4864K, reserved 1056768K
  class space    used 293K, capacity 388K, committed 512K, reserved 1048576K
271.408: #587: [GC (System.gc()) 271.408: #587: [ParNew: 1925793K->21121K(3774912K), 0.0102436 secs] 1936597K->31925K(4823488K), 0.0103059 secs] [Times: user=0.03 sys=0.00 real=0.01 secs] 
Heap after GC invocations=546 (full 42):
 par new generation   total 3774912K, used 21121K [0x0000000680000000, 0x0000000780000000, 0x0000000780000000)
  eden space 3355520K,   0% used [0x0000000680000000, 0x0000000680000000, 0x000000074cce0000)
  from space 419392K,   5% used [0x000000074cce0000, 0x000000074e180758, 0x0000000766670000)
  to   space 419392K,   0% used [0x0000000766670000, 0x0000000766670000, 0x0000000780000000)
 concurrent mark-sweep generation total 1048576K, used 10803K [0x0000000780000000, 0x00000007c0000000, 0x00000007c0000000)
 Metaspace       used 2787K, capacity 4496K, committed 4864K, reserved 1056768K
  class space    used 293K, capacity 388K, committed 512K, reserved 1048576K
}
271.419: #588: [GC (CMS Initial Mark) [1 CMS-initial-mark: 10803K(1048576K)] 31925K(4823488K), 0.0012413 secs] [Times: user=0.00 sys=0.00 real=0.00 secs] 
271.421: #588: [CMS-concurrent-mark-start]
271.445: #588: [CMS-concurrent-mark: 0.025/0.025 secs] [Times: user=0.05 sys=0.00 real=0.03 secs] 
271.451: #588: [CMS-concurrent-preclean-start]
271.454: #588: [CMS-concurrent-preclean: 0.003/0.003 secs] [Times: user=0.01 sys=0.01 real=0.00 secs] 
271.454: #588: [CMS-concurrent-abortable-preclean-start]
272.047: #588: [CMS-concurrent-abortable-preclean: 0.183/0.593 secs] [Times: user=1.22 sys=0.07 real=0.60 secs] 
272.048: #588: [GC (CMS Final Remark) [YG occupancy: 2185504 K (3774912 K)]{Heap before GC invocations=546 (full 43):
 par new generation   total 3774912K, used 2185504K [0x0000000680000000, 0x0000000780000000, 0x0000000780000000)
  eden space 3355520K,  64% used [0x0000000680000000, 0x00000007041a7900, 0x000000074cce0000)
  from space 419392K,   5% used [0x000000074cce0000, 0x000000074e180758, 0x0000000766670000)
  to   space 419392K,   0% used [0x0000000766670000, 0x0000000766670000, 0x0000000780000000)
 concurrent mark-sweep generation total 1048576K, used 10803K [0x0000000780000000, 0x00000007c0000000, 0x00000007c0000000)
 Metaspace       used 2787K, capacity 4496K, committed 4864K, reserved 1056768K
  class space    used 293K, capacity 388K, committed 512K, reserved 1048576K
272.048: #589: [GC (CMS Final Remark) 272.048: #589: [ParNew: 2185504K->21538K(3774912K), 0.0112677 secs] 2196307K->32341K(4823488K), 0.0113064 secs] [Times: user=0.02 sys=0.00 real=0.01 secs] 
Heap after GC invocations=547 (full 43):
 par new generation   total 3774912K, used 21538K [0x0000000680000000, 0x0000000780000000, 0x0000000780000000)
  eden space 3355520K,   0% used [0x0000000680000000, 0x0000000680000000, 0x000000074cce0000)
  from space 419392K,   5% used [0x0000000766670000, 0x0000000767b78970, 0x0000000780000000)
  to   space 419392K,   0% used [0x000000074cce0000, 0x000000074cce0000, 0x0000000766670000)
 concurrent mark-sweep generation total 1048576K, used 10803K [0x0000000780000000, 0x00000007c0000000, 0x00000007c0000000)
 Metaspace       used 2787K, capacity 4496K, committed 4864K, reserved 1056768K
  class space    used 293K, capacity 388K, committed 512K, reserved 1048576K
}
272.059: #588: [Rescan (parallel) , 0.0031929 secs]272.062: #588: [weak refs processing, 0.0000263 secs]272.063: #588: [class unloading, 0.0004221 secs]272.063: #588: [scrub symbol table, 0.0006027 secs]272.064: #588: [scrub string table, 0.0001965 secs][1 CMS-remark: 10803K(1048576K)] 32341K(4823488K), 0.0159986 secs] [Times: user=0.03 sys=0.00 real=0.01 secs] 
272.064: #588: [CMS-concurrent-sweep-start]
272.071: #588: [CMS-concurrent-sweep: 0.006/0.006 secs] [Times: user=0.01 sys=0.01 real=0.01 secs] 
SYSTEM_GC AFTER
272.072: #588: [CMS-concurrent-reset-start]
272.073: #588: [CMS-concurrent-reset: 0.001/0.001 secs] [Times: user=0.00 sys=0.00 real=0.00 secs] 
{Heap before GC invocations=547 (full 43):
 par new generation   total 3774912K, used 3377058K [0x0000000680000000, 0x0000000780000000, 0x0000000780000000)
  eden space 3355520K, 100% used [0x0000000680000000, 0x000000074cce0000, 0x000000074cce0000)
  from space 419392K,   5% used [0x0000000766670000, 0x0000000767b78970, 0x0000000780000000)
  to   space 419392K,   0% used [0x000000074cce0000, 0x000000074cce0000, 0x0000000766670000)
 concurrent mark-sweep generation total 1048576K, used 10803K [0x0000000780000000, 0x00000007c0000000, 0x00000007c0000000)
 Metaspace       used 2787K, capacity 4496K, committed 4864K, reserved 1056768K
  class space    used 293K, capacity 388K, committed 512K, reserved 1048576K
273.070: #590: [GC (Allocation Failure) 273.070: #590: [ParNew: 3377058K->30010K(3774912K), 0.0202453 secs] 3387861K->40814K(4823488K), 0.0202901 secs] [Times: user=0.02 sys=0.00 real=0.02 secs] 
Heap after GC invocations=548 (full 43):
 par new generation   total 3774912K, used 30010K [0x0000000680000000, 0x0000000780000000, 0x0000000780000000)
  eden space 3355520K,   0% used [0x0000000680000000, 0x0000000680000000, 0x000000074cce0000)
  from space 419392K,   7% used [0x000000074cce0000, 0x000000074ea2eb68, 0x0000000766670000)
  to   space 419392K,   0% used [0x0000000766670000, 0x0000000766670000, 0x0000000780000000)
 concurrent mark-sweep generation total 1048576K, used 10803K [0x0000000780000000, 0x00000007c0000000, 0x00000007c0000000)
 Metaspace       used 2787K, capacity 4496K, committed 4864K, reserved 1056768K
  class space    used 293K, capacity 388K, committed 512K, reserved 1048576K
}
{Heap before GC invocations=548 (full 43):
 par new generation   total 3774912K, used 3387118K [0x0000000680000000, 0x0000000780000000, 0x0000000780000000)
  eden space 3355520K, 100% used [0x0000000680000000, 0x000000074cce0000, 0x000000074cce0000)
  from space 419392K,   7% used [0x000000074cce0000, 0x000000074ebbba80, 0x0000000766670000)
  to   space 419392K,   0% used [0x0000000766670000, 0x0000000766670000, 0x0000000780000000)
 concurrent mark-sweep generation total 1048576K, used 10803K [0x0000000780000000, 0x00000007c0000000, 0x00000007c0000000)
 Metaspace       used 2787K, capacity 4496K, committed 4864K, reserved 1056768K
  class space    used 293K, capacity 388K, committed 512K, reserved 1048576K
273.815: #591: [GC (Allocation Failure) 273.815: #591: [ParNew: 3387118K->29595K(3774912K), 0.0119377 secs] 3397922K->40399K(4823488K), 0.0119942 secs] [Times: user=0.03 sys=0.00 real=0.02 secs] 
Heap after GC invocations=549 (full 43):
 par new generation   total 3774912K, used 29595K [0x0000000680000000, 0x0000000780000000, 0x0000000780000000)
  eden space 3355520K,   0% used [0x0000000680000000, 0x0000000680000000, 0x000000074cce0000)
  from space 419392K,   7% used [0x0000000766670000, 0x0000000768356f70, 0x0000000780000000)
  to   space 419392K,   0% used [0x000000074cce0000, 0x000000074cce0000, 0x0000000766670000)
 concurrent mark-sweep generation total 1048576K, used 10803K [0x0000000780000000, 0x00000007c0000000, 0x00000007c0000000)
 Metaspace       used 2787K, capacity 4496K, committed 4864K, reserved 1056768K
  class space    used 293K, capacity 388K, committed 512K, reserved 1048576K
}
{Heap before GC invocations=549 (full 43):
 par new generation   total 3774912K, used 45772K [0x0000000680000000, 0x0000000780000000, 0x0000000780000000)
  eden space 3355520K,   0% used [0x0000000680000000, 0x0000000680fcc130, 0x000000074cce0000)
  from space 419392K,   7% used [0x0000000766670000, 0x0000000768356f70, 0x0000000780000000)
  to   space 419392K,   0% used [0x000000074cce0000, 0x000000074cce0000, 0x0000000766670000)
 concurrent mark-sweep generation total 1048576K, used 10803K [0x0000000780000000, 0x00000007c0000000, 0x00000007c0000000)
 Metaspace       used 2787K, capacity 4496K, committed 4864K, reserved 1056768K
  class space    used 293K, capacity 388K, committed 512K, reserved 1048576K
273.828: #592: [GC (GCLocker Initiated GC) 273.828: #592: [ParNew: 45772K->31015K(3774912K), 0.0076992 secs] 56575K->41819K(4823488K), 0.0077470 secs] [Times: user=0.03 sys=0.00 real=0.00 secs] 
Heap after GC invocations=550 (full 43):
 par new generation   total 3774912K, used 31015K [0x0000000680000000, 0x0000000780000000, 0x0000000780000000)
  eden space 3355520K,   0% used [0x0000000680000000, 0x0000000680000000, 0x000000074cce0000)
  from space 419392K,   7% used [0x000000074cce0000, 0x000000074eb29fe0, 0x0000000766670000)
  to   space 419392K,   0% used [0x0000000766670000, 0x0000000766670000, 0x0000000780000000)
 concurrent mark-sweep generation total 1048576K, used 10803K [0x0000000780000000, 0x00000007c0000000, 0x00000007c0000000)
 Metaspace       used 2787K, capacity 4496K, committed 4864K, reserved 1056768K
  class space    used 293K, capacity 388K, committed 512K, reserved 1048576K
}
{Heap before GC invocations=550 (full 43):
 par new generation   total 3774912K, used 3387444K [0x0000000680000000, 0x0000000780000000, 0x0000000780000000)
  eden space 3355520K, 100% used [0x0000000680000000, 0x000000074cce0000, 0x000000074cce0000)
  from space 419392K,   7% used [0x000000074cce0000, 0x000000074ec0d3d0, 0x0000000766670000)
  to   space 419392K,   0% used [0x0000000766670000, 0x0000000766670000, 0x0000000780000000)
 concurrent mark-sweep generation total 1048576K, used 10803K [0x0000000780000000, 0x00000007c0000000, 0x00000007c0000000)
 Metaspace       used 2787K, capacity 4496K, committed 4864K, reserved 1056768K
  class space    used 293K, capacity 388K, committed 512K, reserved 1048576K
274.516: #593: [GC (GCLocker Initiated GC) 274.516: #593: [ParNew: 3387444K->49178K(3774912K), 0.0117356 secs] 3398248K->59981K(4823488K), 0.0117904 secs] [Times: user=0.03 sys=0.00 real=0.02 secs] 
Heap after GC invocations=551 (full 43):
 par new generation   total 3774912K, used 49178K [0x0000000680000000, 0x0000000780000000, 0x0000000780000000)
  eden space 3355520K,   0% used [0x0000000680000000, 0x0000000680000000, 0x000000074cce0000)
  from space 419392K,  11% used [0x0000000766670000, 0x00000007696769c0, 0x0000000780000000)
  to   space 419392K,   0% used [0x000000074cce0000, 0x000000074cce0000, 0x0000000766670000)
 concurrent mark-sweep generation total 1048576K, used 10803K [0x0000000780000000, 0x00000007c0000000, 0x00000007c0000000)
 Metaspace       used 2787K, capacity 4496K, committed 4864K, reserved 1056768K
  class space    used 293K, capacity 388K, committed 512K, reserved 1048576K
}
{Heap before GC invocations=551 (full 43):
 par new generation   total 3774912K, used 3406034K [0x0000000680000000, 0x0000000780000000, 0x0000000780000000)
  eden space 3355520K, 100% used [0x0000000680000000, 0x000000074cce0000, 0x000000074cce0000)
  from space 419392K,  12% used [0x0000000766670000, 0x00000007697c48c0, 0x0000000780000000)
  to   space 419392K,   0% used [0x000000074cce0000, 0x000000074cce0000, 0x0000000766670000)
 concurrent mark-sweep generation total 1048576K, used 10803K [0x0000000780000000, 0x00000007c0000000, 0x00000007c0000000)
 Metaspace       used 2787K, capacity 4496K, committed 4864K, reserved 1056768K
  class space    used 293K, capacity 388K, committed 512K, reserved 1048576K
275.118: #594: [GC (Allocation Failure) 275.118: #594: [ParNew: 3406034K->32258K(3774912K), 0.0104952 secs] 3416837K->43061K(4823488K), 0.0105341 secs] [Times: user=0.02 sys=0.00 real=0.01 secs] 
Heap after GC invocations=552 (full 43):
 par new generation   total 3774912K, used 32258K [0x0000000680000000, 0x0000000780000000, 0x0000000780000000)
  eden space 3355520K,   0% used [0x0000000680000000, 0x0000000680000000, 0x000000074cce0000)
  from space 419392K,   7% used [0x000000074cce0000, 0x000000074ec60820, 0x0000000766670000)
  to   space 419392K,   0% used [0x0000000766670000, 0x0000000766670000, 0x0000000780000000)
 concurrent mark-sweep generation total 1048576K, used 10803K [0x0000000780000000, 0x00000007c0000000, 0x00000007c0000000)
 Metaspace       used 2787K, capacity 4496K, committed 4864K, reserved 1056768K
  class space    used 293K, capacity 388K, committed 512K, reserved 1048576K
}
{Heap before GC invocations=552 (full 43):
 par new generation   total 3774912K, used 64996K [0x0000000680000000, 0x0000000780000000, 0x0000000780000000)
  eden space 3355520K,   0% used [0x0000000680000000, 0x0000000681ff8b10, 0x000000074cce0000)
  from space 419392K,   7% used [0x000000074cce0000, 0x000000074ec60820, 0x0000000766670000)
  to   space 419392K,   0% used [0x0000000766670000, 0x0000000766670000, 0x0000000780000000)
 concurrent mark-sweep generation total 1048576K, used 10803K [0x0000000780000000, 0x00000007c0000000, 0x00000007c0000000)
 Metaspace       used 2787K, capacity 4496K, committed 4864K, reserved 1056768K
  class space    used 293K, capacity 388K, committed 512K, reserved 1048576K
275.129: #595: [GC (GCLocker Initiated GC) 275.129: #595: [ParNew: 64996K->29954K(3774912K), 0.0087703 secs] 75800K->40757K(4823488K), 0.0088241 secs] [Times: user=0.03 sys=0.00 real=0.01 secs] 
Heap after GC invocations=553 (full 43):
 par new generation   total 3774912K, used 29954K [0x0000000680000000, 0x0000000780000000, 0x0000000780000000)
  eden space 3355520K,   0% used [0x0000000680000000, 0x0000000680000000, 0x000000074cce0000)
  from space 419392K,   7% used [0x0000000766670000, 0x00000007683b0990, 0x0000000780000000)
  to   space 419392K,   0% used [0x000000074cce0000, 0x000000074cce0000, 0x0000000766670000)
 concurrent mark-sweep generation total 1048576K, used 10803K [0x0000000780000000, 0x00000007c0000000, 0x00000007c0000000)
 Metaspace       used 2787K, capacity 4496K, committed 4864K, reserved 1056768K
  class space    used 293K, capacity 388K, committed 512K, reserved 1048576K
}
{Heap before GC invocations=553 (full 43):
 par new generation   total 3774912K, used 3385474K [0x0000000680000000, 0x0000000780000000, 0x0000000780000000)
  eden space 3355520K, 100% used [0x0000000680000000, 0x000000074cce0000, 0x000000074cce0000)
  from space 419392K,   7% used [0x0000000766670000, 0x00000007683b0990, 0x0000000780000000)
  to   space 419392K,   0% used [0x000000074cce0000, 0x000000074cce0000, 0x0000000766670000)
 concurrent mark-sweep generation total 1048576K, used 10803K [0x0000000780000000, 0x00000007c0000000, 0x00000007c0000000)
 Metaspace       used 2787K, capacity 4496K, committed 4864K, reserved 1056768K
  class space    used 293K, capacity 388K, committed 512K, reserved 1048576K
275.681: #596: [GC (Allocation Failure) 275.681: #596: [ParNew: 3385474K->48756K(3774912K), 0.0104744 secs] 3396277K->59559K(4823488K), 0.0105088 secs] [Times: user=0.02 sys=0.00 real=0.01 secs] 
Heap after GC invocations=554 (full 43):
 par new generation   total 3774912K, used 48756K [0x0000000680000000, 0x0000000780000000, 0x0000000780000000)
  eden space 3355520K,   0% used [0x0000000680000000, 0x0000000680000000, 0x000000074cce0000)
  from space 419392K,  11% used [0x000000074cce0000, 0x000000074fc7d080, 0x0000000766670000)
  to   space 419392K,   0% used [0x0000000766670000, 0x0000000766670000, 0x0000000780000000)
 concurrent mark-sweep generation total 1048576K, used 10803K [0x0000000780000000, 0x00000007c0000000, 0x00000007c0000000)
 Metaspace       used 2787K, capacity 4496K, committed 4864K, reserved 1056768K
  class space    used 293K, capacity 388K, committed 512K, reserved 1048576K
}
{Heap before GC invocations=554 (full 43):
 par new generation   total 3774912K, used 3404276K [0x0000000680000000, 0x0000000780000000, 0x0000000780000000)
  eden space 3355520K, 100% used [0x0000000680000000, 0x000000074cce0000, 0x000000074cce0000)
  from space 419392K,  11% used [0x000000074cce0000, 0x000000074fc7d080, 0x0000000766670000)
  to   space 419392K,   0% used [0x0000000766670000, 0x0000000766670000, 0x0000000780000000)
 concurrent mark-sweep generation total 1048576K, used 10803K [0x0000000780000000, 0x00000007c0000000, 0x00000007c0000000)
 Metaspace       used 2787K, capacity 4496K, committed 4864K, reserved 1056768K
  class space    used 293K, capacity 388K, committed 512K, reserved 1048576K
276.219: #597: [GC (Allocation Failure) 276.219: #597: [ParNew: 3404276K->32294K(3774912K), 0.0102198 secs] 3415079K->43097K(4823488K), 0.0102546 secs] [Times: user=0.03 sys=0.00 real=0.01 secs] 
Heap after GC invocations=555 (full 43):
 par new generation   total 3774912K, used 32294K [0x0000000680000000, 0x0000000780000000, 0x0000000780000000)
  eden space 3355520K,   0% used [0x0000000680000000, 0x0000000680000000, 0x000000074cce0000)
  from space 419392K,   7% used [0x0000000766670000, 0x00000007685f9840, 0x0000000780000000)
  to   space 419392K,   0% used [0x000000074cce0000, 0x000000074cce0000, 0x0000000766670000)
 concurrent mark-sweep generation total 1048576K, used 10803K [0x0000000780000000, 0x00000007c0000000, 0x00000007c0000000)
 Metaspace       used 2787K, capacity 4496K, committed 4864K, reserved 1056768K
  class space    used 293K, capacity 388K, committed 512K, reserved 1048576K
}
{Heap before GC invocations=555 (full 43):
 par new generation   total 3774912K, used 3387814K [0x0000000680000000, 0x0000000780000000, 0x0000000780000000)
  eden space 3355520K, 100% used [0x0000000680000000, 0x000000074cce0000, 0x000000074cce0000)
  from space 419392K,   7% used [0x0000000766670000, 0x00000007685f9840, 0x0000000780000000)
  to   space 419392K,   0% used [0x000000074cce0000, 0x000000074cce0000, 0x0000000766670000)
 concurrent mark-sweep generation total 1048576K, used 10803K [0x0000000780000000, 0x00000007c0000000, 0x00000007c0000000)
 Metaspace       used 2787K, capacity 4496K, committed 4864K, reserved 1056768K
  class space    used 293K, capacity 388K, committed 512K, reserved 1048576K
276.978: #598: [GC (Allocation Failure) 276.978: #598: [ParNew: 3387814K->30549K(3774912K), 0.0118049 secs] 3398617K->41353K(4823488K), 0.0118692 secs] [Times: user=0.03 sys=0.00 real=0.01 secs] 
Heap after GC invocations=556 (full 43):
 par new generation   total 3774912K, used 30549K [0x0000000680000000, 0x0000000780000000, 0x0000000780000000)
  eden space 3355520K,   0% used [0x0000000680000000, 0x0000000680000000, 0x000000074cce0000)
  from space 419392K,   7% used [0x000000074cce0000, 0x000000074eab5650, 0x0000000766670000)
  to   space 419392K,   0% used [0x0000000766670000, 0x0000000766670000, 0x0000000780000000)
 concurrent mark-sweep generation total 1048576K, used 10803K [0x0000000780000000, 0x00000007c0000000, 0x00000007c0000000)
 Metaspace       used 2787K, capacity 4496K, committed 4864K, reserved 1056768K
  class space    used 293K, capacity 388K, committed 512K, reserved 1048576K
}
SYSTEM_GC BEFORE
277.073: #599: [GC (CMS Initial Mark) [1 CMS-initial-mark: 10803K(1048576K)] 422108K(4823488K), 0.1028161 secs] [Times: user=0.33 sys=0.00 real=0.10 secs] 
277.176: #599: [CMS-concurrent-mark-start]
{Heap before GC invocations=556 (full 44):
 par new generation   total 3774912K, used 411304K [0x0000000680000000, 0x0000000780000000, 0x0000000780000000)
  eden space 3355520K,  11% used [0x0000000680000000, 0x00000006973d4d98, 0x000000074cce0000)
  from space 419392K,   7% used [0x000000074cce0000, 0x000000074eab5650, 0x0000000766670000)
  to   space 419392K,   0% used [0x0000000766670000, 0x0000000766670000, 0x0000000780000000)
 concurrent mark-sweep generation total 1048576K, used 10803K [0x0000000780000000, 0x00000007c0000000, 0x00000007c0000000)
 Metaspace       used 2787K, capacity 4496K, committed 4864K, reserved 1056768K
  class space    used 293K, capacity 388K, committed 512K, reserved 1048576K
277.176: #600: [GC (GCLocker Initiated GC) 277.177: #600: [ParNew: 411304K->13829K(3774912K), 0.0056753 secs] 422108K->24633K(4823488K), 0.0057076 secs] [Times: user=0.02 sys=0.00 real=0.01 secs] 
Heap after GC invocations=557 (full 44):
 par new generation   total 3774912K, used 13829K [0x0000000680000000, 0x0000000780000000, 0x0000000780000000)
  eden space 3355520K,   0% used [0x0000000680000000, 0x0000000680000000, 0x000000074cce0000)
  from space 419392K,   3% used [0x0000000766670000, 0x00000007673f1760, 0x0000000780000000)
  to   space 419392K,   0% used [0x000000074cce0000, 0x000000074cce0000, 0x0000000766670000)
 concurrent mark-sweep generation total 1048576K, used 10803K [0x0000000780000000, 0x00000007c0000000, 0x00000007c0000000)
 Metaspace       used 2787K, capacity 4496K, committed 4864K, reserved 1056768K
  class space    used 293K, capacity 388K, committed 512K, reserved 1048576K
}
277.206: #599: [CMS-concurrent-mark: 0.023/0.029 secs] [Times: user=0.10 sys=0.02 real=0.03 secs] 
277.206: #599: [CMS-concurrent-preclean-start]
277.208: #599: [CMS-concurrent-preclean: 0.002/0.002 secs] [Times: user=0.00 sys=0.00 real=0.01 secs] 
277.208: #599: [CMS-concurrent-abortable-preclean-start]
277.621: #599: [CMS-concurrent-abortable-preclean: 0.110/0.413 secs] [Times: user=1.41 sys=0.07 real=0.41 secs] 
277.624: #599: [GC (CMS Final Remark) [YG occupancy: 2501970 K (3774912 K)]{Heap before GC invocations=557 (full 44):
 par new generation   total 3774912K, used 2501970K [0x0000000680000000, 0x0000000780000000, 0x0000000780000000)
  eden space 3355520K,  74% used [0x0000000680000000, 0x0000000717dd3358, 0x000000074cce0000)
  from space 419392K,   3% used [0x0000000766670000, 0x00000007673f1760, 0x0000000780000000)
  to   space 419392K,   0% used [0x000000074cce0000, 0x000000074cce0000, 0x0000000766670000)
 concurrent mark-sweep generation total 1048576K, used 10803K [0x0000000780000000, 0x00000007c0000000, 0x00000007c0000000)
 Metaspace       used 2787K, capacity 4496K, committed 4864K, reserved 1056768K
  class space    used 293K, capacity 388K, committed 512K, reserved 1048576K
277.624: #601: [GC (CMS Final Remark) 277.624: #601: [ParNew: 2501970K->28822K(3774912K), 0.0096601 secs] 2512774K->39625K(4823488K), 0.0096959 secs] [Times: user=0.02 sys=0.00 real=0.01 secs] 
Heap after GC invocations=558 (full 44):
 par new generation   total 3774912K, used 28822K [0x0000000680000000, 0x0000000780000000, 0x0000000780000000)
  eden space 3355520K,   0% used [0x0000000680000000, 0x0000000680000000, 0x000000074cce0000)
  from space 419392K,   6% used [0x000000074cce0000, 0x000000074e905820, 0x0000000766670000)
  to   space 419392K,   0% used [0x0000000766670000, 0x0000000766670000, 0x0000000780000000)
 concurrent mark-sweep generation total 1048576K, used 10803K [0x0000000780000000, 0x00000007c0000000, 0x00000007c0000000)
 Metaspace       used 2787K, capacity 4496K, committed 4864K, reserved 1056768K
  class space    used 293K, capacity 388K, committed 512K, reserved 1048576K
}
277.634: #599: [Rescan (parallel) , 0.0017935 secs]277.636: #599: [weak refs processing, 0.0000111 secs]277.636: #599: [class unloading, 0.0002625 secs]277.636: #599: [scrub symbol table, 0.0003804 secs]277.637: #599: [scrub string table, 0.0001473 secs][1 CMS-remark: 10803K(1048576K)] 39625K(4823488K), 0.0125138 secs] [Times: user=0.03 sys=0.00 real=0.01 secs] 
277.637: #599: [CMS-concurrent-sweep-start]
277.648: #599: [CMS-concurrent-sweep: 0.011/0.011 secs] [Times: user=0.02 sys=0.01 real=0.02 secs] 
277.648: #599: [CMS-concurrent-reset-start]
SYSTEM_GC AFTER
277.651: #599: [CMS-concurrent-reset: 0.003/0.003 secs] [Times: user=0.01 sys=0.00 real=0.00 secs] 
{Heap before GC invocations=558 (full 44):
 par new generation   total 3774912K, used 3384342K [0x0000000680000000, 0x0000000780000000, 0x0000000780000000)
  eden space 3355520K, 100% used [0x0000000680000000, 0x000000074cce0000, 0x000000074cce0000)
  from space 419392K,   6% used [0x000000074cce0000, 0x000000074e905820, 0x0000000766670000)
  to   space 419392K,   0% used [0x0000000766670000, 0x0000000766670000, 0x0000000780000000)
 concurrent mark-sweep generation total 1048576K, used 10803K [0x0000000780000000, 0x00000007c0000000, 0x00000007c0000000)
 Metaspace       used 2787K, capacity 4496K, committed 4864K, reserved 1056768K
  class space    used 293K, capacity 388K, committed 512K, reserved 1048576K
278.235: #602: [GC (Allocation Failure) 278.235: #602: [ParNew: 3384342K->28966K(3774912K), 0.0100466 secs] 3395145K->39770K(4823488K), 0.0100860 secs] [Times: user=0.02 sys=0.00 real=0.01 secs] 
Heap after GC invocations=559 (full 44):
 par new generation   total 3774912K, used 28966K [0x0000000680000000, 0x0000000780000000, 0x0000000780000000)
  eden space 3355520K,   0% used [0x0000000680000000, 0x0000000680000000, 0x000000074cce0000)
  from space 419392K,   6% used [0x0000000766670000, 0x00000007682b9b20, 0x0000000780000000)
  to   space 419392K,   0% used [0x000000074cce0000, 0x000000074cce0000, 0x0000000766670000)
 concurrent mark-sweep generation total 1048576K, used 10803K [0x0000000780000000, 0x00000007c0000000, 0x00000007c0000000)
 Metaspace       used 2787K, capacity 4496K, committed 4864K, reserved 1056768K
  class space    used 293K, capacity 388K, committed 512K, reserved 1048576K
}
{Heap before GC invocations=559 (full 44):
 par new generation   total 3774912K, used 3384486K [0x0000000680000000, 0x0000000780000000, 0x0000000780000000)
  eden space 3355520K, 100% used [0x0000000680000000, 0x000000074cce0000, 0x000000074cce0000)
  from space 419392K,   6% used [0x0000000766670000, 0x00000007682b9b20, 0x0000000780000000)
  to   space 419392K,   0% used [0x000000074cce0000, 0x000000074cce0000, 0x0000000766670000)
 concurrent mark-sweep generation total 1048576K, used 10803K [0x0000000780000000, 0x00000007c0000000, 0x00000007c0000000)
 Metaspace       used 2787K, capacity 4496K, committed 4864K, reserved 1056768K
  class space    used 293K, capacity 388K, committed 512K, reserved 1048576K
278.779: #603: [GC (Allocation Failure) 278.779: #603: [ParNew: 3384486K->29212K(3774912K), 0.0103361 secs] 3395290K->40016K(4823488K), 0.0103780 secs] [Times: user=0.03 sys=0.00 real=0.01 secs] 
Heap after GC invocations=560 (full 44):
 par new generation   total 3774912K, used 29212K [0x0000000680000000, 0x0000000780000000, 0x0000000780000000)
  eden space 3355520K,   0% used [0x0000000680000000, 0x0000000680000000, 0x000000074cce0000)
  from space 419392K,   6% used [0x000000074cce0000, 0x000000074e9672c0, 0x0000000766670000)
  to   space 419392K,   0% used [0x0000000766670000, 0x0000000766670000, 0x0000000780000000)
 concurrent mark-sweep generation total 1048576K, used 10803K [0x0000000780000000, 0x00000007c0000000, 0x00000007c0000000)
 Metaspace       used 2787K, capacity 4496K, committed 4864K, reserved 1056768K
  class space    used 293K, capacity 388K, committed 512K, reserved 1048576K
}
{Heap before GC invocations=560 (full 44):
 par new generation   total 3774912K, used 3384732K [0x0000000680000000, 0x0000000780000000, 0x0000000780000000)
  eden space 3355520K, 100% used [0x0000000680000000, 0x000000074cce0000, 0x000000074cce0000)
  from space 419392K,   6% used [0x000000074cce0000, 0x000000074e9672c0, 0x0000000766670000)
  to   space 419392K,   0% used [0x0000000766670000, 0x0000000766670000, 0x0000000780000000)
 concurrent mark-sweep generation total 1048576K, used 10803K [0x0000000780000000, 0x00000007c0000000, 0x00000007c0000000)
 Metaspace       used 2787K, capacity 4496K, committed 4864K, reserved 1056768K
  class space    used 293K, capacity 388K, committed 512K, reserved 1048576K
279.339: #604: [GC (Allocation Failure) 279.339: #604: [ParNew: 3384732K->29931K(3774912K), 0.0104435 secs] 3395536K->40734K(4823488K), 0.0104818 secs] [Times: user=0.02 sys=0.00 real=0.01 secs] 
Heap after GC invocations=561 (full 44):
 par new generation   total 3774912K, used 29931K [0x0000000680000000, 0x0000000780000000, 0x0000000780000000)
  eden space 3355520K,   0% used [0x0000000680000000, 0x0000000680000000, 0x000000074cce0000)
  from space 419392K,   7% used [0x0000000766670000, 0x00000007683aac60, 0x0000000780000000)
  to   space 419392K,   0% used [0x000000074cce0000, 0x000000074cce0000, 0x0000000766670000)
 concurrent mark-sweep generation total 1048576K, used 10803K [0x0000000780000000, 0x00000007c0000000, 0x00000007c0000000)
 Metaspace       used 2787K, capacity 4496K, committed 4864K, reserved 1056768K
  class space    used 293K, capacity 388K, committed 512K, reserved 1048576K
}
{Heap before GC invocations=561 (full 44):
 par new generation   total 3774912K, used 3385451K [0x0000000680000000, 0x0000000780000000, 0x0000000780000000)
  eden space 3355520K, 100% used [0x0000000680000000, 0x000000074cce0000, 0x000000074cce0000)
  from space 419392K,   7% used [0x0000000766670000, 0x00000007683aac60, 0x0000000780000000)
  to   space 419392K,   0% used [0x000000074cce0000, 0x000000074cce0000, 0x0000000766670000)
 concurrent mark-sweep generation total 1048576K, used 10803K [0x0000000780000000, 0x00000007c0000000, 0x00000007c0000000)
 Metaspace       used 2787K, capacity 4496K, committed 4864K, reserved 1056768K
  class space    used 293K, capacity 388K, committed 512K, reserved 1048576K
280.041: #605: [GC (Allocation Failure) 280.042: #605: [ParNew: 3385451K->30923K(3774912K), 0.0122315 secs] 3396254K->41727K(4823488K), 0.0122950 secs] [Times: user=0.02 sys=0.00 real=0.01 secs] 
Heap after GC invocations=562 (full 44):
 par new generation   total 3774912K, used 30923K [0x0000000680000000, 0x0000000780000000, 0x0000000780000000)
  eden space 3355520K,   0% used [0x0000000680000000, 0x0000000680000000, 0x000000074cce0000)
  from space 419392K,   7% used [0x000000074cce0000, 0x000000074eb12f80, 0x0000000766670000)
  to   space 419392K,   0% used [0x0000000766670000, 0x0000000766670000, 0x0000000780000000)
 concurrent mark-sweep generation total 1048576K, used 10803K [0x0000000780000000, 0x00000007c0000000, 0x00000007c0000000)
 Metaspace       used 2787K, capacity 4496K, committed 4864K, reserved 1056768K
  class space    used 293K, capacity 388K, committed 512K, reserved 1048576K
}
{Heap before GC invocations=562 (full 44):
 par new generation   total 3774912K, used 3386445K [0x0000000680000000, 0x0000000780000000, 0x0000000780000000)
  eden space 3355520K, 100% used [0x0000000680000000, 0x000000074cce0000, 0x000000074cce0000)
  from space 419392K,   7% used [0x000000074cce0000, 0x000000074eb13700, 0x0000000766670000)
  to   space 419392K,   0% used [0x0000000766670000, 0x0000000766670000, 0x0000000780000000)
 concurrent mark-sweep generation total 1048576K, used 10803K [0x0000000780000000, 0x00000007c0000000, 0x00000007c0000000)
 Metaspace       used 2787K, capacity 4496K, committed 4864K, reserved 1056768K
  class space    used 293K, capacity 388K, committed 512K, reserved 1048576K
280.652: #606: [GC (Allocation Failure) 280.652: #606: [ParNew: 3386445K->29246K(3774912K), 0.0153897 secs] 3397249K->40050K(4823488K), 0.0154473 secs] [Times: user=0.03 sys=0.00 real=0.01 secs] 
Heap after GC invocations=563 (full 44):
 par new generation   total 3774912K, used 29246K [0x0000000680000000, 0x0000000780000000, 0x0000000780000000)
  eden space 3355520K,   0% used [0x0000000680000000, 0x0000000680000000, 0x000000074cce0000)
  from space 419392K,   6% used [0x0000000766670000, 0x00000007682ffa18, 0x0000000780000000)
  to   space 419392K,   0% used [0x000000074cce0000, 0x000000074cce0000, 0x0000000766670000)
 concurrent mark-sweep generation total 1048576K, used 10803K [0x0000000780000000, 0x00000007c0000000, 0x00000007c0000000)
 Metaspace       used 2787K, capacity 4496K, committed 4864K, reserved 1056768K
  class space    used 293K, capacity 388K, committed 512K, reserved 1048576K
}
{Heap before GC invocations=563 (full 44):
 par new generation   total 3774912K, used 159617K [0x0000000680000000, 0x0000000780000000, 0x0000000780000000)
  eden space 3355520K,   3% used [0x0000000680000000, 0x0000000687f50bf8, 0x000000074cce0000)
  from space 419392K,   6% used [0x0000000766670000, 0x00000007682ffa18, 0x0000000780000000)
  to   space 419392K,   0% used [0x000000074cce0000, 0x000000074cce0000, 0x0000000766670000)
 concurrent mark-sweep generation total 1048576K, used 10803K [0x0000000780000000, 0x00000007c0000000, 0x00000007c0000000)
 Metaspace       used 2787K, capacity 4496K, committed 4864K, reserved 1056768K
  class space    used 293K, capacity 388K, committed 512K, reserved 1048576K
280.695: #607: [GC (GCLocker Initiated GC) 280.695: #607: [ParNew: 159617K->19827K(3774912K), 0.0076346 secs] 170421K->30631K(4823488K), 0.0076784 secs] [Times: user=0.02 sys=0.00 real=0.01 secs] 
Heap after GC invocations=564 (full 44):
 par new generation   total 3774912K, used 19827K [0x0000000680000000, 0x0000000780000000, 0x0000000780000000)
  eden space 3355520K,   0% used [0x0000000680000000, 0x0000000680000000, 0x000000074cce0000)
  from space 419392K,   4% used [0x000000074cce0000, 0x000000074e03cfc0, 0x0000000766670000)
  to   space 419392K,   0% used [0x0000000766670000, 0x0000000766670000, 0x0000000780000000)
 concurrent mark-sweep generation total 1048576K, used 10803K [0x0000000780000000, 0x00000007c0000000, 0x00000007c0000000)
 Metaspace       used 2787K, capacity 4496K, committed 4864K, reserved 1056768K
  class space    used 293K, capacity 388K, committed 512K, reserved 1048576K
}
{Heap before GC invocations=564 (full 44):
 par new generation   total 3774912K, used 3375347K [0x0000000680000000, 0x0000000780000000, 0x0000000780000000)
  eden space 3355520K, 100% used [0x0000000680000000, 0x000000074cce0000, 0x000000074cce0000)
  from space 419392K,   4% used [0x000000074cce0000, 0x000000074e03cfe0, 0x0000000766670000)
  to   space 419392K,   0% used [0x0000000766670000, 0x0000000766670000, 0x0000000780000000)
 concurrent mark-sweep generation total 1048576K, used 10803K [0x0000000780000000, 0x00000007c0000000, 0x00000007c0000000)
 Metaspace       used 2787K, capacity 4496K, committed 4864K, reserved 1056768K
  class space    used 293K, capacity 388K, committed 512K, reserved 1048576K
281.300: #608: [GC (Allocation Failure) 281.300: #608: [ParNew: 3375347K->41208K(3774912K), 0.0124210 secs] 3386151K->52012K(4823488K), 0.0124647 secs] [Times: user=0.03 sys=0.00 real=0.01 secs] 
Heap after GC invocations=565 (full 44):
 par new generation   total 3774912K, used 41208K [0x0000000680000000, 0x0000000780000000, 0x0000000780000000)
  eden space 3355520K,   0% used [0x0000000680000000, 0x0000000680000000, 0x000000074cce0000)
  from space 419392K,   9% used [0x0000000766670000, 0x0000000768eae3a0, 0x0000000780000000)
  to   space 419392K,   0% used [0x000000074cce0000, 0x000000074cce0000, 0x0000000766670000)
 concurrent mark-sweep generation total 1048576K, used 10803K [0x0000000780000000, 0x00000007c0000000, 0x00000007c0000000)
 Metaspace       used 2787K, capacity 4496K, committed 4864K, reserved 1056768K
  class space    used 293K, capacity 388K, committed 512K, reserved 1048576K
}
{Heap before GC invocations=565 (full 44):
 par new generation   total 3774912K, used 90242K [0x0000000680000000, 0x0000000780000000, 0x0000000780000000)
  eden space 3355520K,   1% used [0x0000000680000000, 0x0000000682fe2688, 0x000000074cce0000)
  from space 419392K,   9% used [0x0000000766670000, 0x0000000768eae3a0, 0x0000000780000000)
  to   space 419392K,   0% used [0x000000074cce0000, 0x000000074cce0000, 0x0000000766670000)
 concurrent mark-sweep generation total 1048576K, used 10803K [0x0000000780000000, 0x00000007c0000000, 0x00000007c0000000)
 Metaspace       used 2787K, capacity 4496K, committed 4864K, reserved 1056768K
  class space    used 293K, capacity 388K, committed 512K, reserved 1048576K
281.315: #609: [GC (GCLocker Initiated GC) 281.315: #609: [ParNew: 90242K->28081K(3774912K), 0.0091996 secs] 101046K->38884K(4823488K), 0.0092382 secs] [Times: user=0.03 sys=0.00 real=0.01 secs] 
Heap after GC invocations=566 (full 44):
 par new generation   total 3774912K, used 28081K [0x0000000680000000, 0x0000000780000000, 0x0000000780000000)
  eden space 3355520K,   0% used [0x0000000680000000, 0x0000000680000000, 0x000000074cce0000)
  from space 419392K,   6% used [0x000000074cce0000, 0x000000074e84c580, 0x0000000766670000)
  to   space 419392K,   0% used [0x0000000766670000, 0x0000000766670000, 0x0000000780000000)
 concurrent mark-sweep generation total 1048576K, used 10803K [0x0000000780000000, 0x00000007c0000000, 0x00000007c0000000)
 Metaspace       used 2787K, capacity 4496K, committed 4864K, reserved 1056768K
  class space    used 293K, capacity 388K, committed 512K, reserved 1048576K
}
{Heap before GC invocations=566 (full 44):
 par new generation   total 3774912K, used 3383601K [0x0000000680000000, 0x0000000780000000, 0x0000000780000000)
  eden space 3355520K, 100% used [0x0000000680000000, 0x000000074cce0000, 0x000000074cce0000)
  from space 419392K,   6% used [0x000000074cce0000, 0x000000074e84c580, 0x0000000766670000)
  to   space 419392K,   0% used [0x0000000766670000, 0x0000000766670000, 0x0000000780000000)
 concurrent mark-sweep generation total 1048576K, used 10803K [0x0000000780000000, 0x00000007c0000000, 0x00000007c0000000)
 Metaspace       used 2787K, capacity 4496K, committed 4864K, reserved 1056768K
  class space    used 293K, capacity 388K, committed 512K, reserved 1048576K
281.902: #610: [GC (Allocation Failure) 281.902: #610: [ParNew: 3383601K->47398K(3774912K), 0.0109990 secs] 3394404K->58202K(4823488K), 0.0110451 secs] [Times: user=0.03 sys=0.00 real=0.01 secs] 
Heap after GC invocations=567 (full 44):
 par new generation   total 3774912K, used 47398K [0x0000000680000000, 0x0000000780000000, 0x0000000780000000)
  eden space 3355520K,   0% used [0x0000000680000000, 0x0000000680000000, 0x000000074cce0000)
  from space 419392K,  11% used [0x0000000766670000, 0x00000007694b9ac0, 0x0000000780000000)
  to   space 419392K,   0% used [0x000000074cce0000, 0x000000074cce0000, 0x0000000766670000)
 concurrent mark-sweep generation total 1048576K, used 10803K [0x0000000780000000, 0x00000007c0000000, 0x00000007c0000000)
 Metaspace       used 2787K, capacity 4496K, committed 4864K, reserved 1056768K
  class space    used 293K, capacity 388K, committed 512K, reserved 1048576K
}
{Heap before GC invocations=567 (full 44):
 par new generation   total 3774912K, used 3403394K [0x0000000680000000, 0x0000000780000000, 0x0000000780000000)
  eden space 3355520K, 100% used [0x0000000680000000, 0x000000074cce0000, 0x000000074cce0000)
  from space 419392K,  11% used [0x0000000766670000, 0x0000000769530988, 0x0000000780000000)
  to   space 419392K,   0% used [0x000000074cce0000, 0x000000074cce0000, 0x0000000766670000)
 concurrent mark-sweep generation total 1048576K, used 10803K [0x0000000780000000, 0x00000007c0000000, 0x00000007c0000000)
 Metaspace       used 2787K, capacity 4496K, committed 4864K, reserved 1056768K
  class space    used 293K, capacity 388K, committed 512K, reserved 1048576K
282.493: #611: [GC (GCLocker Initiated GC) 282.493: #611: [ParNew: 3403394K->33190K(3774912K), 0.0127619 secs] 3414197K->43994K(4823488K), 0.0128464 secs] [Times: user=0.02 sys=0.00 real=0.01 secs] 
Heap after GC invocations=568 (full 44):
 par new generation   total 3774912K, used 33190K [0x0000000680000000, 0x0000000780000000, 0x0000000780000000)
  eden space 3355520K,   0% used [0x0000000680000000, 0x0000000680000000, 0x000000074cce0000)
  from space 419392K,   7% used [0x000000074cce0000, 0x000000074ed49aa0, 0x0000000766670000)
  to   space 419392K,   0% used [0x0000000766670000, 0x0000000766670000, 0x0000000780000000)
 concurrent mark-sweep generation total 1048576K, used 10803K [0x0000000780000000, 0x00000007c0000000, 0x00000007c0000000)
 Metaspace       used 2787K, capacity 4496K, committed 4864K, reserved 1056768K
  class space    used 293K, capacity 388K, committed 512K, reserved 1048576K
}
SYSTEM_GC BEFORE
{Heap before GC invocations=568 (full 44):
 par new generation   total 3774912K, used 804425K [0x0000000680000000, 0x0000000780000000, 0x0000000780000000)
  eden space 3355520K,  22% used [0x0000000680000000, 0x00000006af128bd8, 0x000000074cce0000)
  from space 419392K,   7% used [0x000000074cce0000, 0x000000074ed49aa0, 0x0000000766670000)
  to   space 419392K,   0% used [0x0000000766670000, 0x0000000766670000, 0x0000000780000000)
 concurrent mark-sweep generation total 1048576K, used 10803K [0x0000000780000000, 0x00000007c0000000, 0x00000007c0000000)
 Metaspace       used 2787K, capacity 4496K, committed 4864K, reserved 1056768K
  class space    used 293K, capacity 388K, committed 512K, reserved 1048576K
282.649: #612: [GC (GCLocker Initiated GC) 282.649: #612: [ParNew: 804425K->8926K(3774912K), 0.0056812 secs] 815229K->19730K(4823488K), 0.0057215 secs] [Times: user=0.01 sys=0.00 real=0.00 secs] 
Heap after GC invocations=569 (full 44):
 par new generation   total 3774912K, used 8926K [0x0000000680000000, 0x0000000780000000, 0x0000000780000000)
  eden space 3355520K,   0% used [0x0000000680000000, 0x0000000680000000, 0x000000074cce0000)
  from space 419392K,   2% used [0x0000000766670000, 0x0000000766f27bf8, 0x0000000780000000)
  to   space 419392K,   0% used [0x000000074cce0000, 0x000000074cce0000, 0x0000000766670000)
 concurrent mark-sweep generation total 1048576K, used 10803K [0x0000000780000000, 0x00000007c0000000, 0x00000007c0000000)
 Metaspace       used 2787K, capacity 4496K, committed 4864K, reserved 1056768K
  class space    used 293K, capacity 388K, committed 512K, reserved 1048576K
}
282.655: #613: [GC (CMS Initial Mark) [1 CMS-initial-mark: 10803K(1048576K)] 37952K(4823488K), 0.0008786 secs] [Times: user=0.00 sys=0.00 real=0.00 secs] 
282.656: #613: [CMS-concurrent-mark-start]
282.680: #613: [CMS-concurrent-mark: 0.024/0.024 secs] [Times: user=0.08 sys=0.01 real=0.03 secs] 
282.680: #613: [CMS-concurrent-preclean-start]
282.683: #613: [CMS-concurrent-preclean: 0.002/0.002 secs] [Times: user=0.00 sys=0.00 real=0.00 secs] 
282.683: #613: [CMS-concurrent-abortable-preclean-start]
283.091: #613: [CMS-concurrent-abortable-preclean: 0.102/0.408 secs] [Times: user=1.48 sys=0.07 real=0.41 secs] 
283.091: #613: [GC (CMS Final Remark) [YG occupancy: 2622219 K (3774912 K)]{Heap before GC invocations=569 (full 45):
 par new generation   total 3774912K, used 2622219K [0x0000000680000000, 0x0000000780000000, 0x0000000780000000)
  eden space 3355520K,  77% used [0x0000000680000000, 0x000000071f80b308, 0x000000074cce0000)
  from space 419392K,   2% used [0x0000000766670000, 0x0000000766f27bf8, 0x0000000780000000)
  to   space 419392K,   0% used [0x000000074cce0000, 0x000000074cce0000, 0x0000000766670000)
 concurrent mark-sweep generation total 1048576K, used 10803K [0x0000000780000000, 0x00000007c0000000, 0x00000007c0000000)
 Metaspace       used 2787K, capacity 4496K, committed 4864K, reserved 1056768K
  class space    used 293K, capacity 388K, committed 512K, reserved 1048576K
283.091: #614: [GC (CMS Final Remark) 283.091: #614: [ParNew: 2622219K->25231K(3774912K), 0.0090459 secs] 2633023K->36035K(4823488K), 0.0090755 secs] [Times: user=0.02 sys=0.00 real=0.01 secs] 
Heap after GC invocations=570 (full 45):
 par new generation   total 3774912K, used 25231K [0x0000000680000000, 0x0000000780000000, 0x0000000780000000)
  eden space 3355520K,   0% used [0x0000000680000000, 0x0000000680000000, 0x000000074cce0000)
  from space 419392K,   6% used [0x000000074cce0000, 0x000000074e583e38, 0x0000000766670000)
  to   space 419392K,   0% used [0x0000000766670000, 0x0000000766670000, 0x0000000780000000)
 concurrent mark-sweep generation total 1048576K, used 10803K [0x0000000780000000, 0x00000007c0000000, 0x00000007c0000000)
 Metaspace       used 2787K, capacity 4496K, committed 4864K, reserved 1056768K
  class space    used 293K, capacity 388K, committed 512K, reserved 1048576K
}
283.101: #613: [Rescan (parallel) , 0.0018585 secs]283.102: #613: [weak refs processing, 0.0000127 secs]283.103: #613: [class unloading, 0.0002614 secs]283.103: #613: [scrub symbol table, 0.0003821 secs]283.103: #613: [scrub string table, 0.0001490 secs][1 CMS-remark: 10803K(1048576K)] 36035K(4823488K), 0.0119557 secs] [Times: user=0.03 sys=0.00 real=0.01 secs] 
283.103: #613: [CMS-concurrent-sweep-start]
283.110: #613: [CMS-concurrent-sweep: 0.006/0.006 secs] [Times: user=0.02 sys=0.00 real=0.01 secs] 
283.110: #613: [CMS-concurrent-reset-start]
SYSTEM_GC AFTER
283.112: #613: [CMS-concurrent-reset: 0.002/0.002 secs] [Times: user=0.00 sys=0.00 real=0.00 secs] 
{Heap before GC invocations=570 (full 45):
 par new generation   total 3774912K, used 3381125K [0x0000000680000000, 0x0000000780000000, 0x0000000780000000)
  eden space 3355520K, 100% used [0x0000000680000000, 0x000000074cce0000, 0x000000074cce0000)
  from space 419392K,   6% used [0x000000074cce0000, 0x000000074e5e1498, 0x0000000766670000)
  to   space 419392K,   0% used [0x0000000766670000, 0x0000000766670000, 0x0000000780000000)
 concurrent mark-sweep generation total 1048576K, used 10803K [0x0000000780000000, 0x00000007c0000000, 0x00000007c0000000)
 Metaspace       used 2787K, capacity 4496K, committed 4864K, reserved 1056768K
  class space    used 293K, capacity 388K, committed 512K, reserved 1048576K
283.653: #615: [GC (Allocation Failure) 283.653: #615: [ParNew: 3381125K->28740K(3774912K), 0.0100428 secs] 3391928K->39544K(4823488K), 0.0100885 secs] [Times: user=0.02 sys=0.00 real=0.01 secs] 
Heap after GC invocations=571 (full 45):
 par new generation   total 3774912K, used 28740K [0x0000000680000000, 0x0000000780000000, 0x0000000780000000)
  eden space 3355520K,   0% used [0x0000000680000000, 0x0000000680000000, 0x000000074cce0000)
  from space 419392K,   6% used [0x0000000766670000, 0x0000000768281280, 0x0000000780000000)
  to   space 419392K,   0% used [0x000000074cce0000, 0x000000074cce0000, 0x0000000766670000)
 concurrent mark-sweep generation total 1048576K, used 10803K [0x0000000780000000, 0x00000007c0000000, 0x00000007c0000000)
 Metaspace       used 2787K, capacity 4496K, committed 4864K, reserved 1056768K
  class space    used 293K, capacity 388K, committed 512K, reserved 1048576K
}
{Heap before GC invocations=571 (full 45):
 par new generation   total 3774912K, used 143360K [0x0000000680000000, 0x0000000780000000, 0x0000000780000000)
  eden space 3355520K,   3% used [0x0000000680000000, 0x0000000686feefd0, 0x000000074cce0000)
  from space 419392K,   6% used [0x0000000766670000, 0x0000000768281280, 0x0000000780000000)
  to   space 419392K,   0% used [0x000000074cce0000, 0x000000074cce0000, 0x0000000766670000)
 concurrent mark-sweep generation total 1048576K, used 10803K [0x0000000780000000, 0x00000007c0000000, 0x00000007c0000000)
 Metaspace       used 2787K, capacity 4496K, committed 4864K, reserved 1056768K
  class space    used 293K, capacity 388K, committed 512K, reserved 1048576K
283.674: #616: [GC (GCLocker Initiated GC) 283.674: #616: [ParNew: 143360K->21976K(3774912K), 0.0069032 secs] 154164K->32779K(4823488K), 0.0069417 secs] [Times: user=0.02 sys=0.00 real=0.01 secs] 
Heap after GC invocations=572 (full 45):
 par new generation   total 3774912K, used 21976K [0x0000000680000000, 0x0000000780000000, 0x0000000780000000)
  eden space 3355520K,   0% used [0x0000000680000000, 0x0000000680000000, 0x000000074cce0000)
  from space 419392K,   5% used [0x000000074cce0000, 0x000000074e256140, 0x0000000766670000)
  to   space 419392K,   0% used [0x0000000766670000, 0x0000000766670000, 0x0000000780000000)
 concurrent mark-sweep generation total 1048576K, used 10803K [0x0000000780000000, 0x00000007c0000000, 0x00000007c0000000)
 Metaspace       used 2787K, capacity 4496K, committed 4864K, reserved 1056768K
  class space    used 293K, capacity 388K, committed 512K, reserved 1048576K
}
{Heap before GC invocations=572 (full 45):
 par new generation   total 3774912K, used 3377496K [0x0000000680000000, 0x0000000780000000, 0x0000000780000000)
  eden space 3355520K, 100% used [0x0000000680000000, 0x000000074cce0000, 0x000000074cce0000)
  from space 419392K,   5% used [0x000000074cce0000, 0x000000074e256140, 0x0000000766670000)
  to   space 419392K,   0% used [0x0000000766670000, 0x0000000766670000, 0x0000000780000000)
 concurrent mark-sweep generation total 1048576K, used 10803K [0x0000000780000000, 0x00000007c0000000, 0x00000007c0000000)
 Metaspace       used 2787K, capacity 4496K, committed 4864K, reserved 1056768K
  class space    used 293K, capacity 388K, committed 512K, reserved 1048576K
284.225: #617: [GC (Allocation Failure) 284.226: #617: [ParNew: 3377496K->42195K(3774912K), 0.0101846 secs] 3388299K->52999K(4823488K), 0.0102243 secs] [Times: user=0.03 sys=0.00 real=0.01 secs] 
Heap after GC invocations=573 (full 45):
 par new generation   total 3774912K, used 42195K [0x0000000680000000, 0x0000000780000000, 0x0000000780000000)
  eden space 3355520K,   0% used [0x0000000680000000, 0x0000000680000000, 0x000000074cce0000)
  from space 419392K,  10% used [0x0000000766670000, 0x0000000768fa4f00, 0x0000000780000000)
  to   space 419392K,   0% used [0x000000074cce0000, 0x000000074cce0000, 0x0000000766670000)
 concurrent mark-sweep generation total 1048576K, used 10803K [0x0000000780000000, 0x00000007c0000000, 0x00000007c0000000)
 Metaspace       used 2787K, capacity 4496K, committed 4864K, reserved 1056768K
  class space    used 293K, capacity 388K, committed 512K, reserved 1048576K
}
{Heap before GC invocations=573 (full 45):
 par new generation   total 3774912K, used 3397715K [0x0000000680000000, 0x0000000780000000, 0x0000000780000000)
  eden space 3355520K, 100% used [0x0000000680000000, 0x000000074cce0000, 0x000000074cce0000)
  from space 419392K,  10% used [0x0000000766670000, 0x0000000768fa4f00, 0x0000000780000000)
  to   space 419392K,   0% used [0x000000074cce0000, 0x000000074cce0000, 0x0000000766670000)
 concurrent mark-sweep generation total 1048576K, used 10803K [0x0000000780000000, 0x00000007c0000000, 0x00000007c0000000)
 Metaspace       used 2787K, capacity 4496K, committed 4864K, reserved 1056768K
  class space    used 293K, capacity 388K, committed 512K, reserved 1048576K
284.781: #618: [GC (Allocation Failure) 284.781: #618: [ParNew: 3397715K->31044K(3774912K), 0.0103192 secs] 3408519K->41847K(4823488K), 0.0103581 secs] [Times: user=0.02 sys=0.00 real=0.01 secs] 
Heap after GC invocations=574 (full 45):
 par new generation   total 3774912K, used 31044K [0x0000000680000000, 0x0000000780000000, 0x0000000780000000)
  eden space 3355520K,   0% used [0x0000000680000000, 0x0000000680000000, 0x000000074cce0000)
  from space 419392K,   7% used [0x000000074cce0000, 0x000000074eb310c0, 0x0000000766670000)
  to   space 419392K,   0% used [0x0000000766670000, 0x0000000766670000, 0x0000000780000000)
 concurrent mark-sweep generation total 1048576K, used 10803K [0x0000000780000000, 0x00000007c0000000, 0x00000007c0000000)
 Metaspace       used 2787K, capacity 4496K, committed 4864K, reserved 1056768K
  class space    used 293K, capacity 388K, committed 512K, reserved 1048576K
}
{Heap before GC invocations=574 (full 45):
 par new generation   total 3774912K, used 3387343K [0x0000000680000000, 0x0000000780000000, 0x0000000780000000)
  eden space 3355520K, 100% used [0x0000000680000000, 0x000000074cce0000, 0x000000074cce0000)
  from space 419392K,   7% used [0x000000074cce0000, 0x000000074ebf3c28, 0x0000000766670000)
  to   space 419392K,   0% used [0x0000000766670000, 0x0000000766670000, 0x0000000780000000)
 concurrent mark-sweep generation total 1048576K, used 10803K [0x0000000780000000, 0x00000007c0000000, 0x00000007c0000000)
 Metaspace       used 2787K, capacity 4496K, committed 4864K, reserved 1056768K
  class space    used 293K, capacity 388K, committed 512K, reserved 1048576K
285.334: #619: [GC (Allocation Failure) 285.334: #619: [ParNew: 3387343K->29339K(3774912K), 0.0105485 secs] 3398146K->40143K(4823488K), 0.0105941 secs] [Times: user=0.02 sys=0.00 real=0.01 secs] 
Heap after GC invocations=575 (full 45):
 par new generation   total 3774912K, used 29339K [0x0000000680000000, 0x0000000780000000, 0x0000000780000000)
  eden space 3355520K,   0% used [0x0000000680000000, 0x0000000680000000, 0x000000074cce0000)
  from space 419392K,   6% used [0x0000000766670000, 0x0000000768316ec8, 0x0000000780000000)
  to   space 419392K,   0% used [0x000000074cce0000, 0x000000074cce0000, 0x0000000766670000)
 concurrent mark-sweep generation total 1048576K, used 10803K [0x0000000780000000, 0x00000007c0000000, 0x00000007c0000000)
 Metaspace       used 2787K, capacity 4496K, committed 4864K, reserved 1056768K
  class space    used 293K, capacity 388K, committed 512K, reserved 1048576K
}
{Heap before GC invocations=575 (full 45):
 par new generation   total 3774912K, used 127481K [0x0000000680000000, 0x0000000780000000, 0x0000000780000000)
  eden space 3355520K,   2% used [0x0000000680000000, 0x0000000685fd7918, 0x000000074cce0000)
  from space 419392K,   6% used [0x0000000766670000, 0x0000000768316ec8, 0x0000000780000000)
  to   space 419392K,   0% used [0x000000074cce0000, 0x000000074cce0000, 0x0000000766670000)
 concurrent mark-sweep generation total 1048576K, used 10803K [0x0000000780000000, 0x00000007c0000000, 0x00000007c0000000)
 Metaspace       used 2787K, capacity 4496K, committed 4864K, reserved 1056768K
  class space    used 293K, capacity 388K, committed 512K, reserved 1048576K
285.356: #620: [GC (GCLocker Initiated GC) 285.356: #620: [ParNew: 127481K->23472K(3774912K), 0.0080719 secs] 138285K->34276K(4823488K), 0.0081131 secs] [Times: user=0.03 sys=0.00 real=0.01 secs] 
Heap after GC invocations=576 (full 45):
 par new generation   total 3774912K, used 23472K [0x0000000680000000, 0x0000000780000000, 0x0000000780000000)
  eden space 3355520K,   0% used [0x0000000680000000, 0x0000000680000000, 0x000000074cce0000)
  from space 419392K,   5% used [0x000000074cce0000, 0x000000074e3cc280, 0x0000000766670000)
  to   space 419392K,   0% used [0x0000000766670000, 0x0000000766670000, 0x0000000780000000)
 concurrent mark-sweep generation total 1048576K, used 10803K [0x0000000780000000, 0x00000007c0000000, 0x00000007c0000000)
 Metaspace       used 2787K, capacity 4496K, committed 4864K, reserved 1056768K
  class space    used 293K, capacity 388K, committed 512K, reserved 1048576K
}
{Heap before GC invocations=576 (full 45):
 par new generation   total 3774912K, used 3378992K [0x0000000680000000, 0x0000000780000000, 0x0000000780000000)
  eden space 3355520K, 100% used [0x0000000680000000, 0x000000074cce0000, 0x000000074cce0000)
  from space 419392K,   5% used [0x000000074cce0000, 0x000000074e3cc280, 0x0000000766670000)
  to   space 419392K,   0% used [0x0000000766670000, 0x0000000766670000, 0x0000000780000000)
 concurrent mark-sweep generation total 1048576K, used 10803K [0x0000000780000000, 0x00000007c0000000, 0x00000007c0000000)
 Metaspace       used 2787K, capacity 4496K, committed 4864K, reserved 1056768K
  class space    used 293K, capacity 388K, committed 512K, reserved 1048576K
285.917: #621: [GC (Allocation Failure) 285.917: #621: [ParNew: 3378992K->44294K(3774912K), 0.0107845 secs] 3389796K->55097K(4823488K), 0.0108284 secs] [Times: user=0.02 sys=0.00 real=0.01 secs] 
Heap after GC invocations=577 (full 45):
 par new generation   total 3774912K, used 44294K [0x0000000680000000, 0x0000000780000000, 0x0000000780000000)
  eden space 3355520K,   0% used [0x0000000680000000, 0x0000000680000000, 0x000000074cce0000)
  from space 419392K,  10% used [0x0000000766670000, 0x00000007691b19a0, 0x0000000780000000)
  to   space 419392K,   0% used [0x000000074cce0000, 0x000000074cce0000, 0x0000000766670000)
 concurrent mark-sweep generation total 1048576K, used 10803K [0x0000000780000000, 0x00000007c0000000, 0x00000007c0000000)
 Metaspace       used 2787K, capacity 4496K, committed 4864K, reserved 1056768K
  class space    used 293K, capacity 388K, committed 512K, reserved 1048576K
}
{Heap before GC invocations=577 (full 45):
 par new generation   total 3774912K, used 3401857K [0x0000000680000000, 0x0000000780000000, 0x0000000780000000)
  eden space 3355520K, 100% used [0x0000000680000000, 0x000000074cce0000, 0x000000074cce0000)
  from space 419392K,  11% used [0x0000000766670000, 0x00000007693b0458, 0x0000000780000000)
  to   space 419392K,   0% used [0x000000074cce0000, 0x000000074cce0000, 0x0000000766670000)
 concurrent mark-sweep generation total 1048576K, used 10803K [0x0000000780000000, 0x00000007c0000000, 0x00000007c0000000)
 Metaspace       used 2787K, capacity 4496K, committed 4864K, reserved 1056768K
  class space    used 293K, capacity 388K, committed 512K, reserved 1048576K
286.481: #622: [GC (Allocation Failure) 286.481: #622: [ParNew: 3401857K->30447K(3774912K), 0.0116301 secs] 3412660K->41250K(4823488K), 0.0116853 secs] [Times: user=0.02 sys=0.00 real=0.01 secs] 
Heap after GC invocations=578 (full 45):
 par new generation   total 3774912K, used 30447K [0x0000000680000000, 0x0000000780000000, 0x0000000780000000)
  eden space 3355520K,   0% used [0x0000000680000000, 0x0000000680000000, 0x000000074cce0000)
  from space 419392K,   7% used [0x000000074cce0000, 0x000000074ea9bca0, 0x0000000766670000)
  to   space 419392K,   0% used [0x0000000766670000, 0x0000000766670000, 0x0000000780000000)
 concurrent mark-sweep generation total 1048576K, used 10803K [0x0000000780000000, 0x00000007c0000000, 0x00000007c0000000)
 Metaspace       used 2787K, capacity 4496K, committed 4864K, reserved 1056768K
  class space    used 293K, capacity 388K, committed 512K, reserved 1048576K
}
{Heap before GC invocations=578 (full 45):
 par new generation   total 3774912K, used 145380K [0x0000000680000000, 0x0000000780000000, 0x0000000780000000)
  eden space 3355520K,   3% used [0x0000000680000000, 0x000000068703d6f0, 0x000000074cce0000)
  from space 419392K,   7% used [0x000000074cce0000, 0x000000074ea9bca0, 0x0000000766670000)
  to   space 419392K,   0% used [0x0000000766670000, 0x0000000766670000, 0x0000000780000000)
 concurrent mark-sweep generation total 1048576K, used 10803K [0x0000000780000000, 0x00000007c0000000, 0x00000007c0000000)
 Metaspace       used 2787K, capacity 4496K, committed 4864K, reserved 1056768K
  class space    used 293K, capacity 388K, committed 512K, reserved 1048576K
286.503: #623: [GC (GCLocker Initiated GC) 286.503: #623: [ParNew: 145380K->23574K(3774912K), 0.0069948 secs] 156184K->34378K(4823488K), 0.0070337 secs] [Times: user=0.03 sys=0.00 real=0.01 secs] 
Heap after GC invocations=579 (full 45):
 par new generation   total 3774912K, used 23574K [0x0000000680000000, 0x0000000780000000, 0x0000000780000000)
  eden space 3355520K,   0% used [0x0000000680000000, 0x0000000680000000, 0x000000074cce0000)
  from space 419392K,   5% used [0x0000000766670000, 0x0000000767d75a90, 0x0000000780000000)
  to   space 419392K,   0% used [0x000000074cce0000, 0x000000074cce0000, 0x0000000766670000)
 concurrent mark-sweep generation total 1048576K, used 10803K [0x0000000780000000, 0x00000007c0000000, 0x00000007c0000000)
 Metaspace       used 2787K, capacity 4496K, committed 4864K, reserved 1056768K
  class space    used 293K, capacity 388K, committed 512K, reserved 1048576K
}
{Heap before GC invocations=579 (full 45):
 par new generation   total 3774912K, used 3381457K [0x0000000680000000, 0x0000000780000000, 0x0000000780000000)
  eden space 3355520K, 100% used [0x0000000680000000, 0x000000074cce0000, 0x000000074cce0000)
  from space 419392K,   6% used [0x0000000766670000, 0x0000000767fc4590, 0x0000000780000000)
  to   space 419392K,   0% used [0x000000074cce0000, 0x000000074cce0000, 0x0000000766670000)
 concurrent mark-sweep generation total 1048576K, used 10803K [0x0000000780000000, 0x00000007c0000000, 0x00000007c0000000)
 Metaspace       used 2787K, capacity 4496K, committed 4864K, reserved 1056768K
  class space    used 293K, capacity 388K, committed 512K, reserved 1048576K
287.063: #624: [GC (GCLocker Initiated GC) 287.063: #624: [ParNew: 3381457K->43746K(3774912K), 0.0117146 secs] 3392260K->54549K(4823488K), 0.0117527 secs] [Times: user=0.02 sys=0.00 real=0.01 secs] 
Heap after GC invocations=580 (full 45):
 par new generation   total 3774912K, used 43746K [0x0000000680000000, 0x0000000780000000, 0x0000000780000000)
  eden space 3355520K,   0% used [0x0000000680000000, 0x0000000680000000, 0x000000074cce0000)
  from space 419392K,  10% used [0x000000074cce0000, 0x000000074f798900, 0x0000000766670000)
  to   space 419392K,   0% used [0x0000000766670000, 0x0000000766670000, 0x0000000780000000)
 concurrent mark-sweep generation total 1048576K, used 10803K [0x0000000780000000, 0x00000007c0000000, 0x00000007c0000000)
 Metaspace       used 2787K, capacity 4496K, committed 4864K, reserved 1056768K
  class space    used 293K, capacity 388K, committed 512K, reserved 1048576K
}
{Heap before GC invocations=580 (full 45):
 par new generation   total 3774912K, used 3399266K [0x0000000680000000, 0x0000000780000000, 0x0000000780000000)
  eden space 3355520K, 100% used [0x0000000680000000, 0x000000074cce0000, 0x000000074cce0000)
  from space 419392K,  10% used [0x000000074cce0000, 0x000000074f798900, 0x0000000766670000)
  to   space 419392K,   0% used [0x0000000766670000, 0x0000000766670000, 0x0000000780000000)
 concurrent mark-sweep generation total 1048576K, used 10803K [0x0000000780000000, 0x00000007c0000000, 0x00000007c0000000)
 Metaspace       used 2787K, capacity 4496K, committed 4864K, reserved 1056768K
  class space    used 293K, capacity 388K, committed 512K, reserved 1048576K
287.638: #625: [GC (Allocation Failure) 287.638: #625: [ParNew: 3399266K->30388K(3774912K), 0.0112183 secs] 3410069K->41191K(4823488K), 0.0112618 secs] [Times: user=0.02 sys=0.00 real=0.01 secs] 
Heap after GC invocations=581 (full 45):
 par new generation   total 3774912K, used 30388K [0x0000000680000000, 0x0000000780000000, 0x0000000780000000)
  eden space 3355520K,   0% used [0x0000000680000000, 0x0000000680000000, 0x000000074cce0000)
  from space 419392K,   7% used [0x0000000766670000, 0x000000076841d140, 0x0000000780000000)
  to   space 419392K,   0% used [0x000000074cce0000, 0x000000074cce0000, 0x0000000766670000)
 concurrent mark-sweep generation total 1048576K, used 10803K [0x0000000780000000, 0x00000007c0000000, 0x00000007c0000000)
 Metaspace       used 2787K, capacity 4496K, committed 4864K, reserved 1056768K
  class space    used 293K, capacity 388K, committed 512K, reserved 1048576K
}
SYSTEM_GC BEFORE
{Heap before GC invocations=581 (full 45):
 par new generation   total 3774912K, used 2808755K [0x0000000680000000, 0x0000000780000000, 0x0000000780000000)
  eden space 3355520K,  82% used [0x0000000680000000, 0x000000072993fb58, 0x000000074cce0000)
  from space 419392K,   7% used [0x0000000766670000, 0x000000076841d140, 0x0000000780000000)
  to   space 419392K,   0% used [0x000000074cce0000, 0x000000074cce0000, 0x0000000766670000)
 concurrent mark-sweep generation total 1048576K, used 10803K [0x0000000780000000, 0x00000007c0000000, 0x00000007c0000000)
 Metaspace       used 2787K, capacity 4496K, committed 4864K, reserved 1056768K
  class space    used 293K, capacity 388K, committed 512K, reserved 1048576K
288.113: #626: [GC (System.gc()) 288.113: #626: [ParNew: 2808755K->27037K(3774912K), 0.0096283 secs] 2819558K->37841K(4823488K), 0.0096682 secs] [Times: user=0.02 sys=0.00 real=0.01 secs] 
Heap after GC invocations=582 (full 45):
 par new generation   total 3774912K, used 27037K [0x0000000680000000, 0x0000000780000000, 0x0000000780000000)
  eden space 3355520K,   0% used [0x0000000680000000, 0x0000000680000000, 0x000000074cce0000)
  from space 419392K,   6% used [0x000000074cce0000, 0x000000074e7476f8, 0x0000000766670000)
  to   space 419392K,   0% used [0x0000000766670000, 0x0000000766670000, 0x0000000780000000)
 concurrent mark-sweep generation total 1048576K, used 10803K [0x0000000780000000, 0x00000007c0000000, 0x00000007c0000000)
 Metaspace       used 2787K, capacity 4496K, committed 4864K, reserved 1056768K
  class space    used 293K, capacity 388K, committed 512K, reserved 1048576K
}
288.123: #627: [GC (CMS Initial Mark) [1 CMS-initial-mark: 10803K(1048576K)] 70371K(4823488K), 0.0011539 secs] [Times: user=0.00 sys=0.00 real=0.00 secs] 
288.124: #627: [CMS-concurrent-mark-start]
288.148: #627: [CMS-concurrent-mark: 0.025/0.025 secs] [Times: user=0.08 sys=0.01 real=0.03 secs] 
288.149: #627: [CMS-concurrent-preclean-start]
288.151: #627: [CMS-concurrent-preclean: 0.002/0.002 secs] [Times: user=0.01 sys=0.00 real=0.00 secs] 
288.151: #627: [CMS-concurrent-abortable-preclean-start]
288.585: #627: [CMS-concurrent-abortable-preclean: 0.129/0.434 secs] [Times: user=1.49 sys=0.11 real=0.43 secs] 
288.585: #627: [GC (CMS Final Remark) [YG occupancy: 2609243 K (3774912 K)]288.585: #627: [Rescan (parallel) , 0.7510366 secs]289.336: #627: [weak refs processing, 0.0000192 secs]289.336: #627: [class unloading, 0.0002952 secs]289.337: #627: [scrub symbol table, 0.0003855 secs]289.337: #627: [scrub string table, 0.0001493 secs][1 CMS-remark: 10803K(1048576K)] 2620047K(4823488K), 0.7519633 secs] [Times: user=2.76 sys=0.01 real=0.75 secs] 
289.337: #627: [CMS-concurrent-sweep-start]
289.344: #627: [CMS-concurrent-sweep: 0.007/0.007 secs] [Times: user=0.02 sys=0.00 real=0.01 secs] 
289.344: #627: [CMS-concurrent-reset-start]
SYSTEM_GC AFTER
289.346: #627: [CMS-concurrent-reset: 0.002/0.002 secs] [Times: user=0.00 sys=0.00 real=0.00 secs] 
{Heap before GC invocations=582 (full 46):
 par new generation   total 3774912K, used 2673972K [0x0000000680000000, 0x0000000780000000, 0x0000000780000000)
  eden space 3355520K,  78% used [0x0000000680000000, 0x00000007218e5990, 0x000000074cce0000)
  from space 419392K,   6% used [0x000000074cce0000, 0x000000074e7476f8, 0x0000000766670000)
  to   space 419392K,   0% used [0x0000000766670000, 0x0000000766670000, 0x0000000780000000)
 concurrent mark-sweep generation total 1048576K, used 10803K [0x0000000780000000, 0x00000007c0000000, 0x00000007c0000000)
 Metaspace       used 2787K, capacity 4496K, committed 4864K, reserved 1056768K
  class space    used 293K, capacity 388K, committed 512K, reserved 1048576K
289.348: #628: [GC (GCLocker Initiated GC) 289.348: #628: [ParNew: 2673972K->24516K(3774912K), 0.0090093 secs] 2684775K->35320K(4823488K), 0.0090446 secs] [Times: user=0.03 sys=0.00 real=0.00 secs] 
Heap after GC invocations=583 (full 46):
 par new generation   total 3774912K, used 24516K [0x0000000680000000, 0x0000000780000000, 0x0000000780000000)
  eden space 3355520K,   0% used [0x0000000680000000, 0x0000000680000000, 0x000000074cce0000)
  from space 419392K,   5% used [0x0000000766670000, 0x0000000767e613a8, 0x0000000780000000)
  to   space 419392K,   0% used [0x000000074cce0000, 0x000000074cce0000, 0x0000000766670000)
 concurrent mark-sweep generation total 1048576K, used 10803K [0x0000000780000000, 0x00000007c0000000, 0x00000007c0000000)
 Metaspace       used 2787K, capacity 4496K, committed 4864K, reserved 1056768K
  class space    used 293K, capacity 388K, committed 512K, reserved 1048576K
}
{Heap before GC invocations=583 (full 46):
 par new generation   total 3774912K, used 3380036K [0x0000000680000000, 0x0000000780000000, 0x0000000780000000)
  eden space 3355520K, 100% used [0x0000000680000000, 0x000000074cce0000, 0x000000074cce0000)
  from space 419392K,   5% used [0x0000000766670000, 0x0000000767e613a8, 0x0000000780000000)
  to   space 419392K,   0% used [0x000000074cce0000, 0x000000074cce0000, 0x0000000766670000)
 concurrent mark-sweep generation total 1048576K, used 10803K [0x0000000780000000, 0x00000007c0000000, 0x00000007c0000000)
 Metaspace       used 2787K, capacity 4496K, committed 4864K, reserved 1056768K
  class space    used 293K, capacity 388K, committed 512K, reserved 1048576K
289.943: #629: [GC (Allocation Failure) 289.943: #629: [ParNew: 3380036K->31287K(3774912K), 0.0106456 secs] 3390840K->42091K(4823488K), 0.0106899 secs] [Times: user=0.02 sys=0.00 real=0.01 secs] 
Heap after GC invocations=584 (full 46):
 par new generation   total 3774912K, used 31287K [0x0000000680000000, 0x0000000780000000, 0x0000000780000000)
  eden space 3355520K,   0% used [0x0000000680000000, 0x0000000680000000, 0x000000074cce0000)
  from space 419392K,   7% used [0x000000074cce0000, 0x000000074eb6ded0, 0x0000000766670000)
  to   space 419392K,   0% used [0x0000000766670000, 0x0000000766670000, 0x0000000780000000)
 concurrent mark-sweep generation total 1048576K, used 10803K [0x0000000780000000, 0x00000007c0000000, 0x00000007c0000000)
 Metaspace       used 2787K, capacity 4496K, committed 4864K, reserved 1056768K
  class space    used 293K, capacity 388K, committed 512K, reserved 1048576K
}
{Heap before GC invocations=584 (full 46):
 par new generation   total 3774912K, used 3388410K [0x0000000680000000, 0x0000000780000000, 0x0000000780000000)
  eden space 3355520K, 100% used [0x0000000680000000, 0x000000074cce0000, 0x000000074cce0000)
  from space 419392K,   7% used [0x000000074cce0000, 0x000000074ecfe8d0, 0x0000000766670000)
  to   space 419392K,   0% used [0x0000000766670000, 0x0000000766670000, 0x0000000780000000)
 concurrent mark-sweep generation total 1048576K, used 10803K [0x0000000780000000, 0x00000007c0000000, 0x00000007c0000000)
 Metaspace       used 2787K, capacity 4496K, committed 4864K, reserved 1056768K
  class space    used 293K, capacity 388K, committed 512K, reserved 1048576K
290.554: #630: [GC (GCLocker Initiated GC) 290.554: #630: [ParNew: 3388410K->30543K(3774912K), 0.0125106 secs] 3399213K->41347K(4823488K), 0.0125570 secs] [Times: user=0.02 sys=0.00 real=0.01 secs] 
Heap after GC invocations=585 (full 46):
 par new generation   total 3774912K, used 30543K [0x0000000680000000, 0x0000000780000000, 0x0000000780000000)
  eden space 3355520K,   0% used [0x0000000680000000, 0x0000000680000000, 0x000000074cce0000)
  from space 419392K,   7% used [0x0000000766670000, 0x0000000768443f10, 0x0000000780000000)
  to   space 419392K,   0% used [0x000000074cce0000, 0x000000074cce0000, 0x0000000766670000)
 concurrent mark-sweep generation total 1048576K, used 10803K [0x0000000780000000, 0x00000007c0000000, 0x00000007c0000000)
 Metaspace       used 2787K, capacity 4496K, committed 4864K, reserved 1056768K
  class space    used 293K, capacity 388K, committed 512K, reserved 1048576K
}
{Heap before GC invocations=585 (full 46):
 par new generation   total 3774912K, used 3386063K [0x0000000680000000, 0x0000000780000000, 0x0000000780000000)
  eden space 3355520K, 100% used [0x0000000680000000, 0x000000074cce0000, 0x000000074cce0000)
  from space 419392K,   7% used [0x0000000766670000, 0x0000000768443f10, 0x0000000780000000)
  to   space 419392K,   0% used [0x000000074cce0000, 0x000000074cce0000, 0x0000000766670000)
 concurrent mark-sweep generation total 1048576K, used 10803K [0x0000000780000000, 0x00000007c0000000, 0x00000007c0000000)
 Metaspace       used 2787K, capacity 4496K, committed 4864K, reserved 1056768K
  class space    used 293K, capacity 388K, committed 512K, reserved 1048576K
291.148: #631: [GC (Allocation Failure) 291.148: #631: [ParNew: 3386063K->31018K(3774912K), 0.0106185 secs] 3396867K->41822K(4823488K), 0.0106502 secs] [Times: user=0.03 sys=0.00 real=0.01 secs] 
Heap after GC invocations=586 (full 46):
 par new generation   total 3774912K, used 31018K [0x0000000680000000, 0x0000000780000000, 0x0000000780000000)
  eden space 3355520K,   0% used [0x0000000680000000, 0x0000000680000000, 0x000000074cce0000)
  from space 419392K,   7% used [0x000000074cce0000, 0x000000074eb2aa90, 0x0000000766670000)
  to   space 419392K,   0% used [0x0000000766670000, 0x0000000766670000, 0x0000000780000000)
 concurrent mark-sweep generation total 1048576K, used 10803K [0x0000000780000000, 0x00000007c0000000, 0x00000007c0000000)
 Metaspace       used 2787K, capacity 4496K, committed 4864K, reserved 1056768K
  class space    used 293K, capacity 388K, committed 512K, reserved 1048576K
}
{Heap before GC invocations=586 (full 46):
 par new generation   total 3774912K, used 3386538K [0x0000000680000000, 0x0000000780000000, 0x0000000780000000)
  eden space 3355520K, 100% used [0x0000000680000000, 0x000000074cce0000, 0x000000074cce0000)
  from space 419392K,   7% used [0x000000074cce0000, 0x000000074eb2aa90, 0x0000000766670000)
  to   space 419392K,   0% used [0x0000000766670000, 0x0000000766670000, 0x0000000780000000)
 concurrent mark-sweep generation total 1048576K, used 10803K [0x0000000780000000, 0x00000007c0000000, 0x00000007c0000000)
 Metaspace       used 2787K, capacity 4496K, committed 4864K, reserved 1056768K
  class space    used 293K, capacity 388K, committed 512K, reserved 1048576K
291.805: #632: [GC (Allocation Failure) 291.805: #632: [ParNew: 3386538K->29650K(3774912K), 0.0119863 secs] 3397342K->40454K(4823488K), 0.0120196 secs] [Times: user=0.02 sys=0.00 real=0.01 secs] 
Heap after GC invocations=587 (full 46):
 par new generation   total 3774912K, used 29650K [0x0000000680000000, 0x0000000780000000, 0x0000000780000000)
  eden space 3355520K,   0% used [0x0000000680000000, 0x0000000680000000, 0x000000074cce0000)
  from space 419392K,   7% used [0x0000000766670000, 0x0000000768364b50, 0x0000000780000000)
  to   space 419392K,   0% used [0x000000074cce0000, 0x000000074cce0000, 0x0000000766670000)
 concurrent mark-sweep generation total 1048576K, used 10803K [0x0000000780000000, 0x00000007c0000000, 0x00000007c0000000)
 Metaspace       used 2787K, capacity 4496K, committed 4864K, reserved 1056768K
  class space    used 293K, capacity 388K, committed 512K, reserved 1048576K
}
{Heap before GC invocations=587 (full 46):
 par new generation   total 3774912K, used 3385170K [0x0000000680000000, 0x0000000780000000, 0x0000000780000000)
  eden space 3355520K, 100% used [0x0000000680000000, 0x000000074cce0000, 0x000000074cce0000)
  from space 419392K,   7% used [0x0000000766670000, 0x0000000768364b50, 0x0000000780000000)
  to   space 419392K,   0% used [0x000000074cce0000, 0x000000074cce0000, 0x0000000766670000)
 concurrent mark-sweep generation total 1048576K, used 10803K [0x0000000780000000, 0x00000007c0000000, 0x00000007c0000000)
 Metaspace       used 2787K, capacity 4496K, committed 4864K, reserved 1056768K
  class space    used 293K, capacity 388K, committed 512K, reserved 1048576K
292.432: #633: [GC (Allocation Failure) 292.432: #633: [ParNew: 3385170K->31445K(3774912K), 0.0119334 secs] 3395974K->42248K(4823488K), 0.0119953 secs] [Times: user=0.03 sys=0.00 real=0.01 secs] 
Heap after GC invocations=588 (full 46):
 par new generation   total 3774912K, used 31445K [0x0000000680000000, 0x0000000780000000, 0x0000000780000000)
  eden space 3355520K,   0% used [0x0000000680000000, 0x0000000680000000, 0x000000074cce0000)
  from space 419392K,   7% used [0x000000074cce0000, 0x000000074eb95518, 0x0000000766670000)
  to   space 419392K,   0% used [0x0000000766670000, 0x0000000766670000, 0x0000000780000000)
 concurrent mark-sweep generation total 1048576K, used 10803K [0x0000000780000000, 0x00000007c0000000, 0x00000007c0000000)
 Metaspace       used 2787K, capacity 4496K, committed 4864K, reserved 1056768K
  class space    used 293K, capacity 388K, committed 512K, reserved 1048576K
}
{Heap before GC invocations=588 (full 46):
 par new generation   total 3774912K, used 3386965K [0x0000000680000000, 0x0000000780000000, 0x0000000780000000)
  eden space 3355520K, 100% used [0x0000000680000000, 0x000000074cce0000, 0x000000074cce0000)
  from space 419392K,   7% used [0x000000074cce0000, 0x000000074eb95518, 0x0000000766670000)
  to   space 419392K,   0% used [0x0000000766670000, 0x0000000766670000, 0x0000000780000000)
 concurrent mark-sweep generation total 1048576K, used 10803K [0x0000000780000000, 0x00000007c0000000, 0x00000007c0000000)
 Metaspace       used 2787K, capacity 4496K, committed 4864K, reserved 1056768K
  class space    used 293K, capacity 388K, committed 512K, reserved 1048576K
293.065: #634: [GC (Allocation Failure) 293.066: #634: [ParNew: 3386965K->30281K(3774912K), 0.0103624 secs] 3397768K->41084K(4823488K), 0.0103953 secs] [Times: user=0.02 sys=0.00 real=0.01 secs] 
Heap after GC invocations=589 (full 46):
 par new generation   total 3774912K, used 30281K [0x0000000680000000, 0x0000000780000000, 0x0000000780000000)
  eden space 3355520K,   0% used [0x0000000680000000, 0x0000000680000000, 0x000000074cce0000)
  from space 419392K,   7% used [0x0000000766670000, 0x00000007684025c8, 0x0000000780000000)
  to   space 419392K,   0% used [0x000000074cce0000, 0x000000074cce0000, 0x0000000766670000)
 concurrent mark-sweep generation total 1048576K, used 10803K [0x0000000780000000, 0x00000007c0000000, 0x00000007c0000000)
 Metaspace       used 2787K, capacity 4496K, committed 4864K, reserved 1056768K
  class space    used 293K, capacity 388K, committed 512K, reserved 1048576K
}
{Heap before GC invocations=589 (full 46):
 par new generation   total 3774912K, used 3386744K [0x0000000680000000, 0x0000000780000000, 0x0000000780000000)
  eden space 3355520K, 100% used [0x0000000680000000, 0x000000074cce0000, 0x000000074cce0000)
  from space 419392K,   7% used [0x0000000766670000, 0x00000007684ee118, 0x0000000780000000)
  to   space 419392K,   0% used [0x000000074cce0000, 0x000000074cce0000, 0x0000000766670000)
 concurrent mark-sweep generation total 1048576K, used 10803K [0x0000000780000000, 0x00000007c0000000, 0x00000007c0000000)
 Metaspace       used 2787K, capacity 4496K, committed 4864K, reserved 1056768K
  class space    used 293K, capacity 388K, committed 512K, reserved 1048576K
293.683: #635: [GC (Allocation Failure) 293.683: #635: [ParNew: 3386744K->30321K(3774912K), 0.0105580 secs] 3397547K->41125K(4823488K), 0.0105986 secs] [Times: user=0.02 sys=0.00 real=0.01 secs] 
Heap after GC invocations=590 (full 46):
 par new generation   total 3774912K, used 30321K [0x0000000680000000, 0x0000000780000000, 0x0000000780000000)
  eden space 3355520K,   0% used [0x0000000680000000, 0x0000000680000000, 0x000000074cce0000)
  from space 419392K,   7% used [0x000000074cce0000, 0x000000074ea7c6a0, 0x0000000766670000)
  to   space 419392K,   0% used [0x0000000766670000, 0x0000000766670000, 0x0000000780000000)
 concurrent mark-sweep generation total 1048576K, used 10803K [0x0000000780000000, 0x00000007c0000000, 0x00000007c0000000)
 Metaspace       used 2787K, capacity 4496K, committed 4864K, reserved 1056768K
  class space    used 293K, capacity 388K, committed 512K, reserved 1048576K
}
{Heap before GC invocations=590 (full 46):
 par new generation   total 3774912K, used 144756K [0x0000000680000000, 0x0000000780000000, 0x0000000780000000)
  eden space 3355520K,   3% used [0x0000000680000000, 0x0000000686fc0c00, 0x000000074cce0000)
  from space 419392K,   7% used [0x000000074cce0000, 0x000000074ea7c6a0, 0x0000000766670000)
  to   space 419392K,   0% used [0x0000000766670000, 0x0000000766670000, 0x0000000780000000)
 concurrent mark-sweep generation total 1048576K, used 10803K [0x0000000780000000, 0x00000007c0000000, 0x00000007c0000000)
 Metaspace       used 2787K, capacity 4496K, committed 4864K, reserved 1056768K
  class space    used 293K, capacity 388K, committed 512K, reserved 1048576K
293.705: #636: [GC (GCLocker Initiated GC) 293.705: #636: [ParNew: 144756K->23629K(3774912K), 0.0074396 secs] 155560K->34432K(4823488K), 0.0074950 secs] [Times: user=0.02 sys=0.00 real=0.01 secs] 
Heap after GC invocations=591 (full 46):
 par new generation   total 3774912K, used 23629K [0x0000000680000000, 0x0000000780000000, 0x0000000780000000)
  eden space 3355520K,   0% used [0x0000000680000000, 0x0000000680000000, 0x000000074cce0000)
  from space 419392K,   5% used [0x0000000766670000, 0x0000000767d834e0, 0x0000000780000000)
  to   space 419392K,   0% used [0x000000074cce0000, 0x000000074cce0000, 0x0000000766670000)
 concurrent mark-sweep generation total 1048576K, used 10803K [0x0000000780000000, 0x00000007c0000000, 0x00000007c0000000)
 Metaspace       used 2787K, capacity 4496K, committed 4864K, reserved 1056768K
  class space    used 293K, capacity 388K, committed 512K, reserved 1048576K
}
{Heap before GC invocations=591 (full 46):
 par new generation   total 3774912K, used 3380083K [0x0000000680000000, 0x0000000780000000, 0x0000000780000000)
  eden space 3355520K, 100% used [0x0000000680000000, 0x000000074cce0000, 0x000000074cce0000)
  from space 419392K,   5% used [0x0000000766670000, 0x0000000767e6ccb0, 0x0000000780000000)
  to   space 419392K,   0% used [0x000000074cce0000, 0x000000074cce0000, 0x0000000766670000)
 concurrent mark-sweep generation total 1048576K, used 10803K [0x0000000780000000, 0x00000007c0000000, 0x00000007c0000000)
 Metaspace       used 2787K, capacity 4496K, committed 4864K, reserved 1056768K
  class space    used 293K, capacity 388K, committed 512K, reserved 1048576K
294.266: #637: [GC (Allocation Failure) 294.266: #637: [ParNew: 3380083K->44595K(3774912K), 0.0105073 secs] 3390886K->55399K(4823488K), 0.0105468 secs] [Times: user=0.03 sys=0.00 real=0.01 secs] 
Heap after GC invocations=592 (full 46):
 par new generation   total 3774912K, used 44595K [0x0000000680000000, 0x0000000780000000, 0x0000000780000000)
  eden space 3355520K,   0% used [0x0000000680000000, 0x0000000680000000, 0x000000074cce0000)
  from space 419392K,  10% used [0x000000074cce0000, 0x000000074f86cf00, 0x0000000766670000)
  to   space 419392K,   0% used [0x0000000766670000, 0x0000000766670000, 0x0000000780000000)
 concurrent mark-sweep generation total 1048576K, used 10803K [0x0000000780000000, 0x00000007c0000000, 0x00000007c0000000)
 Metaspace       used 2787K, capacity 4496K, committed 4864K, reserved 1056768K
  class space    used 293K, capacity 388K, committed 512K, reserved 1048576K
}
{Heap before GC invocations=592 (full 46):
 par new generation   total 3774912K, used 77627K [0x0000000680000000, 0x0000000780000000, 0x0000000780000000)
  eden space 3355520K,   0% used [0x0000000680000000, 0x0000000682042078, 0x000000074cce0000)
  from space 419392K,  10% used [0x000000074cce0000, 0x000000074f86cf00, 0x0000000766670000)
  to   space 419392K,   0% used [0x0000000766670000, 0x0000000766670000, 0x0000000780000000)
 concurrent mark-sweep generation total 1048576K, used 10803K [0x0000000780000000, 0x00000007c0000000, 0x00000007c0000000)
 Metaspace       used 2787K, capacity 4496K, committed 4864K, reserved 1056768K
  class space    used 293K, capacity 388K, committed 512K, reserved 1048576K
294.278: #638: [GC (GCLocker Initiated GC) 294.278: #638: [ParNew: 77627K->30982K(3774912K), 0.0079745 secs] 88431K->41786K(4823488K), 0.0080216 secs] [Times: user=0.03 sys=0.00 real=0.00 secs] 
Heap after GC invocations=593 (full 46):
 par new generation   total 3774912K, used 30982K [0x0000000680000000, 0x0000000780000000, 0x0000000780000000)
  eden space 3355520K,   0% used [0x0000000680000000, 0x0000000680000000, 0x000000074cce0000)
  from space 419392K,   7% used [0x0000000766670000, 0x00000007684b1aa0, 0x0000000780000000)
  to   space 419392K,   0% used [0x000000074cce0000, 0x000000074cce0000, 0x0000000766670000)
 concurrent mark-sweep generation total 1048576K, used 10803K [0x0000000780000000, 0x00000007c0000000, 0x00000007c0000000)
 Metaspace       used 2787K, capacity 4496K, committed 4864K, reserved 1056768K
  class space    used 293K, capacity 388K, committed 512K, reserved 1048576K
}
SYSTEM_GC BEFORE
{Heap before GC invocations=593 (full 46):
 par new generation   total 3774912K, used 335738K [0x0000000680000000, 0x0000000780000000, 0x0000000780000000)
  eden space 3355520K,   9% used [0x0000000680000000, 0x000000069299d0a8, 0x000000074cce0000)
  from space 419392K,   7% used [0x0000000766670000, 0x00000007684b1aa0, 0x0000000780000000)
  to   space 419392K,   0% used [0x000000074cce0000, 0x000000074cce0000, 0x0000000766670000)
 concurrent mark-sweep generation total 1048576K, used 10803K [0x0000000780000000, 0x00000007c0000000, 0x00000007c0000000)
 Metaspace       used 2787K, capacity 4496K, committed 4864K, reserved 1056768K
  class space    used 293K, capacity 388K, committed 512K, reserved 1048576K
294.346: #639: [GC (System.gc()) 294.346: #639: [ParNew: 335738K->31856K(3774912K), 0.0057077 secs] 346542K->42660K(4823488K), 0.0057481 secs] [Times: user=0.02 sys=0.00 real=0.01 secs] 
Heap after GC invocations=594 (full 46):
 par new generation   total 3774912K, used 31856K [0x0000000680000000, 0x0000000780000000, 0x0000000780000000)
  eden space 3355520K,   0% used [0x0000000680000000, 0x0000000680000000, 0x000000074cce0000)
  from space 419392K,   7% used [0x000000074cce0000, 0x000000074ebfc290, 0x0000000766670000)
  to   space 419392K,   0% used [0x0000000766670000, 0x0000000766670000, 0x0000000780000000)
 concurrent mark-sweep generation total 1048576K, used 10803K [0x0000000780000000, 0x00000007c0000000, 0x00000007c0000000)
 Metaspace       used 2787K, capacity 4496K, committed 4864K, reserved 1056768K
  class space    used 293K, capacity 388K, committed 512K, reserved 1048576K
}
294.352: #640: [GC (CMS Initial Mark) [1 CMS-initial-mark: 10803K(1048576K)] 59258K(4823488K), 0.0008985 secs] [Times: user=0.00 sys=0.00 real=0.00 secs] 
294.353: #640: [CMS-concurrent-mark-start]
294.377: #640: [CMS-concurrent-mark: 0.024/0.024 secs] [Times: user=0.07 sys=0.02 real=0.02 secs] 
294.377: #640: [CMS-concurrent-preclean-start]
294.379: #640: [CMS-concurrent-preclean: 0.002/0.002 secs] [Times: user=0.01 sys=0.00 real=0.01 secs] 
294.379: #640: [CMS-concurrent-abortable-preclean-start]
294.797: #640: [CMS-concurrent-abortable-preclean: 0.114/0.418 secs] [Times: user=1.47 sys=0.07 real=0.41 secs] 
294.798: #640: [GC (CMS Final Remark) [YG occupancy: 2604533 K (3774912 K)]294.798: #640: [Rescan (parallel) , 0.7202288 secs]295.518: #640: [weak refs processing, 0.0000125 secs]295.518: #640: [class unloading, 0.0002675 secs]295.518: #640: [scrub symbol table, 0.0003932 secs]295.519: #640: [scrub string table, 0.0001500 secs][1 CMS-remark: 10803K(1048576K)] 2615336K(4823488K), 0.7211303 secs] [Times: user=2.73 sys=0.01 real=0.72 secs] 
295.519: #640: [CMS-concurrent-sweep-start]
{Heap before GC invocations=594 (full 47):
 par new generation   total 3774912K, used 2604533K [0x0000000680000000, 0x0000000780000000, 0x0000000780000000)
  eden space 3355520K,  76% used [0x0000000680000000, 0x000000071d061198, 0x000000074cce0000)
  from space 419392K,   7% used [0x000000074cce0000, 0x000000074ebfc290, 0x0000000766670000)
  to   space 419392K,   0% used [0x0000000766670000, 0x0000000766670000, 0x0000000780000000)
 concurrent mark-sweep generation total 1048576K, used 10803K [0x0000000780000000, 0x00000007c0000000, 0x00000007c0000000)
 Metaspace       used 2787K, capacity 4496K, committed 4864K, reserved 1056768K
  class space    used 293K, capacity 388K, committed 512K, reserved 1048576K
295.519: #641: [GC (GCLocker Initiated GC) 295.519: #641: [ParNew: 2604533K->29073K(3774912K), 0.0091556 secs] 2615336K->39877K(4823488K), 0.0091977 secs] [Times: user=0.03 sys=0.00 real=0.01 secs] 
Heap after GC invocations=595 (full 47):
 par new generation   total 3774912K, used 29073K [0x0000000680000000, 0x0000000780000000, 0x0000000780000000)
  eden space 3355520K,   0% used [0x0000000680000000, 0x0000000680000000, 0x000000074cce0000)
  from space 419392K,   6% used [0x0000000766670000, 0x00000007682d46c0, 0x0000000780000000)
  to   space 419392K,   0% used [0x000000074cce0000, 0x000000074cce0000, 0x0000000766670000)
 concurrent mark-sweep generation total 1048576K, used 10803K [0x0000000780000000, 0x00000007c0000000, 0x00000007c0000000)
 Metaspace       used 2787K, capacity 4496K, committed 4864K, reserved 1056768K
  class space    used 293K, capacity 388K, committed 512K, reserved 1048576K
}
295.536: #640: [CMS-concurrent-sweep: 0.007/0.017 secs] [Times: user=0.04 sys=0.00 real=0.01 secs] 
295.536: #640: [CMS-concurrent-reset-start]
SYSTEM_GC AFTER
295.537: #640: [CMS-concurrent-reset: 0.001/0.001 secs] [Times: user=0.01 sys=0.00 real=0.00 secs] 
{Heap before GC invocations=595 (full 47):
 par new generation   total 3774912K, used 3385391K [0x0000000680000000, 0x0000000780000000, 0x0000000780000000)
  eden space 3355520K, 100% used [0x0000000680000000, 0x000000074cce0000, 0x000000074cce0000)
  from space 419392K,   7% used [0x0000000766670000, 0x000000076839bca0, 0x0000000780000000)
  to   space 419392K,   0% used [0x000000074cce0000, 0x000000074cce0000, 0x0000000766670000)
 concurrent mark-sweep generation total 1048576K, used 10803K [0x0000000780000000, 0x00000007c0000000, 0x00000007c0000000)
 Metaspace       used 2787K, capacity 4496K, committed 4864K, reserved 1056768K
  class space    used 293K, capacity 388K, committed 512K, reserved 1048576K
296.083: #642: [GC (GCLocker Initiated GC) 296.083: #642: [ParNew: 3385391K->29590K(3774912K), 0.0103103 secs] 3396194K->40393K(4823488K), 0.0103587 secs] [Times: user=0.02 sys=0.00 real=0.01 secs] 
Heap after GC invocations=596 (full 47):
 par new generation   total 3774912K, used 29590K [0x0000000680000000, 0x0000000780000000, 0x0000000780000000)
  eden space 3355520K,   0% used [0x0000000680000000, 0x0000000680000000, 0x000000074cce0000)
  from space 419392K,   7% used [0x000000074cce0000, 0x000000074e9c59b8, 0x0000000766670000)
  to   space 419392K,   0% used [0x0000000766670000, 0x0000000766670000, 0x0000000780000000)
 concurrent mark-sweep generation total 1048576K, used 10803K [0x0000000780000000, 0x00000007c0000000, 0x00000007c0000000)
 Metaspace       used 2787K, capacity 4496K, committed 4864K, reserved 1056768K
  class space    used 293K, capacity 388K, committed 512K, reserved 1048576K
}
{Heap before GC invocations=596 (full 47):
 par new generation   total 3774912K, used 3386198K [0x0000000680000000, 0x0000000780000000, 0x0000000780000000)
  eden space 3355520K, 100% used [0x0000000680000000, 0x000000074cce0000, 0x000000074cce0000)
  from space 419392K,   7% used [0x000000074cce0000, 0x000000074ead5920, 0x0000000766670000)
  to   space 419392K,   0% used [0x0000000766670000, 0x0000000766670000, 0x0000000780000000)
 concurrent mark-sweep generation total 1048576K, used 10803K [0x0000000780000000, 0x00000007c0000000, 0x00000007c0000000)
 Metaspace       used 2787K, capacity 4496K, committed 4864K, reserved 1056768K
  class space    used 293K, capacity 388K, committed 512K, reserved 1048576K
296.662: #643: [GC (GCLocker Initiated GC) 296.662: #643: [ParNew: 3386198K->30562K(3774912K), 0.0112034 secs] 3397001K->41366K(4823488K), 0.0112489 secs] [Times: user=0.03 sys=0.00 real=0.01 secs] 
Heap after GC invocations=597 (full 47):
 par new generation   total 3774912K, used 30562K [0x0000000680000000, 0x0000000780000000, 0x0000000780000000)
  eden space 3355520K,   0% used [0x0000000680000000, 0x0000000680000000, 0x000000074cce0000)
  from space 419392K,   7% used [0x0000000766670000, 0x0000000768448b30, 0x0000000780000000)
  to   space 419392K,   0% used [0x000000074cce0000, 0x000000074cce0000, 0x0000000766670000)
 concurrent mark-sweep generation total 1048576K, used 10803K [0x0000000780000000, 0x00000007c0000000, 0x00000007c0000000)
 Metaspace       used 2787K, capacity 4496K, committed 4864K, reserved 1056768K
  class space    used 293K, capacity 388K, committed 512K, reserved 1048576K
}
{Heap before GC invocations=597 (full 47):
 par new generation   total 3774912K, used 3387779K [0x0000000680000000, 0x0000000780000000, 0x0000000780000000)
  eden space 3355520K, 100% used [0x0000000680000000, 0x000000074cce0000, 0x000000074cce0000)
  from space 419392K,   7% used [0x0000000766670000, 0x00000007685f0f30, 0x0000000780000000)
  to   space 419392K,   0% used [0x000000074cce0000, 0x000000074cce0000, 0x0000000766670000)
 concurrent mark-sweep generation total 1048576K, used 10803K [0x0000000780000000, 0x00000007c0000000, 0x00000007c0000000)
 Metaspace       used 2787K, capacity 4496K, committed 4864K, reserved 1056768K
  class space    used 293K, capacity 388K, committed 512K, reserved 1048576K
297.237: #644: [GC (Allocation Failure) 297.237: #644: [ParNew: 3387779K->31610K(3774912K), 0.0113630 secs] 3398583K->42413K(4823488K), 0.0114023 secs] [Times: user=0.03 sys=0.00 real=0.02 secs] 
Heap after GC invocations=598 (full 47):
 par new generation   total 3774912K, used 31610K [0x0000000680000000, 0x0000000780000000, 0x0000000780000000)
  eden space 3355520K,   0% used [0x0000000680000000, 0x0000000680000000, 0x000000074cce0000)
  from space 419392K,   7% used [0x000000074cce0000, 0x000000074ebbe800, 0x0000000766670000)
  to   space 419392K,   0% used [0x0000000766670000, 0x0000000766670000, 0x0000000780000000)
 concurrent mark-sweep generation total 1048576K, used 10803K [0x0000000780000000, 0x00000007c0000000, 0x00000007c0000000)
 Metaspace       used 2787K, capacity 4496K, committed 4864K, reserved 1056768K
  class space    used 293K, capacity 388K, committed 512K, reserved 1048576K
}
{Heap before GC invocations=598 (full 47):
 par new generation   total 3774912K, used 47929K [0x0000000680000000, 0x0000000780000000, 0x0000000780000000)
  eden space 3355520K,   0% used [0x0000000680000000, 0x0000000680feffb8, 0x000000074cce0000)
  from space 419392K,   7% used [0x000000074cce0000, 0x000000074ebbe800, 0x0000000766670000)
  to   space 419392K,   0% used [0x0000000766670000, 0x0000000766670000, 0x0000000780000000)
 concurrent mark-sweep generation total 1048576K, used 10803K [0x0000000780000000, 0x00000007c0000000, 0x00000007c0000000)
 Metaspace       used 2787K, capacity 4496K, committed 4864K, reserved 1056768K
  class space    used 293K, capacity 388K, committed 512K, reserved 1048576K
297.249: #645: [GC (GCLocker Initiated GC) 297.249: #645: [ParNew: 47929K->32769K(3774912K), 0.0081309 secs] 58733K->43572K(4823488K), 0.0081611 secs] [Times: user=0.03 sys=0.00 real=0.00 secs] 
Heap after GC invocations=599 (full 47):
 par new generation   total 3774912K, used 32769K [0x0000000680000000, 0x0000000780000000, 0x0000000780000000)
  eden space 3355520K,   0% used [0x0000000680000000, 0x0000000680000000, 0x000000074cce0000)
  from space 419392K,   7% used [0x0000000766670000, 0x0000000768670508, 0x0000000780000000)
  to   space 419392K,   0% used [0x000000074cce0000, 0x000000074cce0000, 0x0000000766670000)
 concurrent mark-sweep generation total 1048576K, used 10803K [0x0000000780000000, 0x00000007c0000000, 0x00000007c0000000)
 Metaspace       used 2787K, capacity 4496K, committed 4864K, reserved 1056768K
  class space    used 293K, capacity 388K, committed 512K, reserved 1048576K
}
{Heap before GC invocations=599 (full 47):
 par new generation   total 3774912K, used 3388289K [0x0000000680000000, 0x0000000780000000, 0x0000000780000000)
  eden space 3355520K, 100% used [0x0000000680000000, 0x000000074cce0000, 0x000000074cce0000)
  from space 419392K,   7% used [0x0000000766670000, 0x0000000768670508, 0x0000000780000000)
  to   space 419392K,   0% used [0x000000074cce0000, 0x000000074cce0000, 0x0000000766670000)
 concurrent mark-sweep generation total 1048576K, used 10803K [0x0000000780000000, 0x00000007c0000000, 0x00000007c0000000)
 Metaspace       used 2787K, capacity 4496K, committed 4864K, reserved 1056768K
  class space    used 293K, capacity 388K, committed 512K, reserved 1048576K
297.912: #646: [GC (Allocation Failure) 297.912: #646: [ParNew: 3388289K->51296K(3774912K), 0.0115787 secs] 3399092K->62099K(4823488K), 0.0116270 secs] [Times: user=0.03 sys=0.00 real=0.01 secs] 
Heap after GC invocations=600 (full 47):
 par new generation   total 3774912K, used 51296K [0x0000000680000000, 0x0000000780000000, 0x0000000780000000)
  eden space 3355520K,   0% used [0x0000000680000000, 0x0000000680000000, 0x000000074cce0000)
  from space 419392K,  12% used [0x000000074cce0000, 0x000000074fef8100, 0x0000000766670000)
  to   space 419392K,   0% used [0x0000000766670000, 0x0000000766670000, 0x0000000780000000)
 concurrent mark-sweep generation total 1048576K, used 10803K [0x0000000780000000, 0x00000007c0000000, 0x00000007c0000000)
 Metaspace       used 2787K, capacity 4496K, committed 4864K, reserved 1056768K
  class space    used 293K, capacity 388K, committed 512K, reserved 1048576K
}
{Heap before GC invocations=600 (full 47):
 par new generation   total 3774912K, used 3407055K [0x0000000680000000, 0x0000000780000000, 0x0000000780000000)
  eden space 3355520K, 100% used [0x0000000680000000, 0x000000074cce0000, 0x000000074cce0000)
  from space 419392K,  12% used [0x000000074cce0000, 0x000000074ff33ff8, 0x0000000766670000)
  to   space 419392K,   0% used [0x0000000766670000, 0x0000000766670000, 0x0000000780000000)
 concurrent mark-sweep generation total 1048576K, used 10803K [0x0000000780000000, 0x00000007c0000000, 0x00000007c0000000)
 Metaspace       used 2787K, capacity 4496K, committed 4864K, reserved 1056768K
  class space    used 293K, capacity 388K, committed 512K, reserved 1048576K
298.544: #647: [GC (GCLocker Initiated GC) 298.544: #647: [ParNew: 3407055K->32952K(3774912K), 0.0108444 secs] 3417859K->43755K(4823488K), 0.0108892 secs] [Times: user=0.02 sys=0.00 real=0.01 secs] 
Heap after GC invocations=601 (full 47):
 par new generation   total 3774912K, used 32952K [0x0000000680000000, 0x0000000780000000, 0x0000000780000000)
  eden space 3355520K,   0% used [0x0000000680000000, 0x0000000680000000, 0x000000074cce0000)
  from space 419392K,   7% used [0x0000000766670000, 0x000000076869e000, 0x0000000780000000)
  to   space 419392K,   0% used [0x000000074cce0000, 0x000000074cce0000, 0x0000000766670000)
 concurrent mark-sweep generation total 1048576K, used 10803K [0x0000000780000000, 0x00000007c0000000, 0x00000007c0000000)
 Metaspace       used 2787K, capacity 4496K, committed 4864K, reserved 1056768K
  class space    used 293K, capacity 388K, committed 512K, reserved 1048576K
}
{Heap before GC invocations=601 (full 47):
 par new generation   total 3774912K, used 3388472K [0x0000000680000000, 0x0000000780000000, 0x0000000780000000)
  eden space 3355520K, 100% used [0x0000000680000000, 0x000000074cce0000, 0x000000074cce0000)
  from space 419392K,   7% used [0x0000000766670000, 0x000000076869e000, 0x0000000780000000)
  to   space 419392K,   0% used [0x000000074cce0000, 0x000000074cce0000, 0x0000000766670000)
 concurrent mark-sweep generation total 1048576K, used 10803K [0x0000000780000000, 0x00000007c0000000, 0x00000007c0000000)
 Metaspace       used 2787K, capacity 4496K, committed 4864K, reserved 1056768K
  class space    used 293K, capacity 388K, committed 512K, reserved 1048576K
299.127: #648: [GC (Allocation Failure) 299.127: #648: [ParNew: 3388472K->30410K(3774912K), 0.0117073 secs] 3399275K->41214K(4823488K), 0.0117508 secs] [Times: user=0.02 sys=0.00 real=0.02 secs] 
Heap after GC invocations=602 (full 47):
 par new generation   total 3774912K, used 30410K [0x0000000680000000, 0x0000000780000000, 0x0000000780000000)
  eden space 3355520K,   0% used [0x0000000680000000, 0x0000000680000000, 0x000000074cce0000)
  from space 419392K,   7% used [0x000000074cce0000, 0x000000074ea92b00, 0x0000000766670000)
  to   space 419392K,   0% used [0x0000000766670000, 0x0000000766670000, 0x0000000780000000)
 concurrent mark-sweep generation total 1048576K, used 10803K [0x0000000780000000, 0x00000007c0000000, 0x00000007c0000000)
 Metaspace       used 2787K, capacity 4496K, committed 4864K, reserved 1056768K
  class space    used 293K, capacity 388K, committed 512K, reserved 1048576K
}
{Heap before GC invocations=602 (full 47):
 par new generation   total 3774912K, used 3387615K [0x0000000680000000, 0x0000000780000000, 0x0000000780000000)
  eden space 3355520K, 100% used [0x0000000680000000, 0x000000074cce0000, 0x000000074cce0000)
  from space 419392K,   7% used [0x000000074cce0000, 0x000000074ec37e58, 0x0000000766670000)
  to   space 419392K,   0% used [0x0000000766670000, 0x0000000766670000, 0x0000000780000000)
 concurrent mark-sweep generation total 1048576K, used 10803K [0x0000000780000000, 0x00000007c0000000, 0x00000007c0000000)
 Metaspace       used 2787K, capacity 4496K, committed 4864K, reserved 1056768K
  class space    used 293K, capacity 388K, committed 512K, reserved 1048576K
299.733: #649: [GC (Allocation Failure) 299.734: #649: [ParNew: 3387615K->31045K(3774912K), 0.0116892 secs] 3398419K->41848K(4823488K), 0.0117362 secs] [Times: user=0.03 sys=0.00 real=0.01 secs] 
Heap after GC invocations=603 (full 47):
 par new generation   total 3774912K, used 31045K [0x0000000680000000, 0x0000000780000000, 0x0000000780000000)
  eden space 3355520K,   0% used [0x0000000680000000, 0x0000000680000000, 0x000000074cce0000)
  from space 419392K,   7% used [0x0000000766670000, 0x00000007684c1590, 0x0000000780000000)
  to   space 419392K,   0% used [0x000000074cce0000, 0x000000074cce0000, 0x0000000766670000)
 concurrent mark-sweep generation total 1048576K, used 10803K [0x0000000780000000, 0x00000007c0000000, 0x00000007c0000000)
 Metaspace       used 2787K, capacity 4496K, committed 4864K, reserved 1056768K
  class space    used 293K, capacity 388K, committed 512K, reserved 1048576K
}
{Heap before GC invocations=603 (full 47):
 par new generation   total 3774912K, used 128887K [0x0000000680000000, 0x0000000780000000, 0x0000000780000000)
  eden space 3355520K,   2% used [0x0000000680000000, 0x0000000685f8c748, 0x000000074cce0000)
  from space 419392K,   7% used [0x0000000766670000, 0x00000007684c1590, 0x0000000780000000)
  to   space 419392K,   0% used [0x000000074cce0000, 0x000000074cce0000, 0x0000000766670000)
 concurrent mark-sweep generation total 1048576K, used 10803K [0x0000000780000000, 0x00000007c0000000, 0x00000007c0000000)
 Metaspace       used 2787K, capacity 4496K, committed 4864K, reserved 1056768K
  class space    used 293K, capacity 388K, committed 512K, reserved 1048576K
299.757: #650: [GC (GCLocker Initiated GC) 299.757: #650: [ParNew: 128887K->25538K(3774912K), 0.0076937 secs] 139690K->36342K(4823488K), 0.0077550 secs] [Times: user=0.03 sys=0.01 real=0.01 secs] 
Heap after GC invocations=604 (full 47):
 par new generation   total 3774912K, used 25538K [0x0000000680000000, 0x0000000780000000, 0x0000000780000000)
  eden space 3355520K,   0% used [0x0000000680000000, 0x0000000680000000, 0x000000074cce0000)
  from space 419392K,   6% used [0x000000074cce0000, 0x000000074e5d0a40, 0x0000000766670000)
  to   space 419392K,   0% used [0x0000000766670000, 0x0000000766670000, 0x0000000780000000)
 concurrent mark-sweep generation total 1048576K, used 10803K [0x0000000780000000, 0x00000007c0000000, 0x00000007c0000000)
 Metaspace       used 2787K, capacity 4496K, committed 4864K, reserved 1056768K
  class space    used 293K, capacity 388K, committed 512K, reserved 1048576K
}
Done.
Heap
 par new generation   total 3774912K, used 2956021K [0x0000000680000000, 0x0000000780000000, 0x0000000780000000)
  eden space 3355520K,  87% used [0x0000000680000000, 0x0000000732dcccb0, 0x000000074cce0000)
  from space 419392K,   6% used [0x000000074cce0000, 0x000000074e5d0a40, 0x0000000766670000)
  to   space 419392K,   0% used [0x0000000766670000, 0x0000000766670000, 0x0000000780000000)
 concurrent mark-sweep generation total 1048576K, used 10803K [0x0000000780000000, 0x00000007c0000000, 0x00000007c0000000)
 Metaspace       used 2794K, capacity 4496K, committed 4864K, reserved 1056768K
  class space    used 294K, capacity 388K, committed 512K, reserved 1048576K
